﻿
> gerenciamento-acesso@0.0.0 build
> ng build

[33m>[39m Building...
node.exe : 

runtime stack:
runtime.throw({0x7ff6571e1d23?, 0x0?})
	runtime/panic.go:1094 +0x4d fp=0xd55d7ff5c0 sp=0xd55d7ff590 pc=0x7ff656bc71ad
runtime.newArenaMayUnlock()
	runtime/mheap.go:3023 +0xa5 fp=0xd55d7ff600 sp=0xd55d7ff5c0 pc=0x7ff656b816e5
runtime.newMarkBits(0x200000008?)
	runtime/mheap.go:2943 +0x125 fp=0xd55d7ff648 sp=0xd55d7ff600 pc=0x7ff656b813a5
runtime.newAllocBits(...)
	runtime/mheap.go:2978
runtime.(*mheap).initSpan(0x7ff6576078a0, 0x20b51d80328, 0x0, 0x3a, 0xc00320e000, 0x1)
	runtime/mheap.go:1488 +0x185 fp=0xd55d7ff680 sp=0xd55d7ff648 pc=0x7ff656b7ee85
runtime.(*mheap).allocSpan(0x7ff6576078a0, 0x1, 0x0, 0x3a)
	runtime/mheap.go:1393 +0x445 fp=0xd55d7ff728 sp=0xd55d7ff680 pc=0x7ff656b7eb05
runtime.(*mheap).alloc.func1()
	runtime/mheap.go:1017 +0x5c fp=0xd55d7ff770 sp=0xd55d7ff728 pc=0x7ff656b7e31c
runtime.systemstack(0xc005458e00)
	runtime/asm_amd64.s:513 +0x49 fp=0xd55d7ff780 sp=0xd55d7ff770 pc=0x7ff656bcd269

goroutine 1436 gp=0xc003ae9500 m=155 mp=0xc003e42008 [running]:
runtime.systemstack_switch()
	runtime/asm_amd64.s:478 +0x8 fp=0xc006a5c9c0 sp=0xc006a5c9b0 pc=0x7ff656bcd208
runtime.(*mheap).alloc(0x0?, 0xeba?, 0x7?)
	runtime/mheap.go:1011 +0x5b fp=0xc006a5ca08 sp=0xc006a5c9c0 pc=0x7ff656b7e27b
runtime.(*mcentral).grow(0x2000?)
	runtime/mcentral.go:253 +0x36 fp=0xc006a5ca38 sp=0xc006a5ca08 pc=0x7ff656b69c96
runtime.(*mcentral).cacheSpan(0x7ff65761a8b8)
	runtime/mcentral.go:171 +0x42e fp=0xc006a5cab0 sp=0xc006a5ca38 pc=0x7ff656b69b2e
runtime.(*mcache).refill(0x20b0ba21368, 0x3a?)
	runtime/mcache.go:184 +0x153 fp=0xc006a5caf0 sp=0xc006a5cab0 pc=0x7ff656b69153
runtime.(*mcache).nextFree(0x20b0ba21368, 0x3a)
	runtime/malloc.go:968 +0x7e fp=0xc006a5cb28 sp=0xc006a5caf0 pc=0x7ff656b6575e
runtime.mallocgcSmallScanHeader(0x18?, 0x7ff657184da0)
	runtime/malloc.go:1476 +0x18e fp=0xc006a5cb80 sp=0xc006a5cb28 pc=0x7ff656b663ae
runtime.mallocgc(0x280, 0x7ff657184da0, 0x1)
	runtime/malloc.go:1068 +0xac fp=0xc006a5cbb0 sp=0xc006a5cb80 pc=0x7ff656bc504c
runtime.makeslice(0x7ff6572b8130?, 0xc002f54480?, 0x5?)
	runtime/slice.go:116 +0x49 fp=0xc006a5cbd8 sp=0xc006a5cbb0 pc=0x7ff656bc8c29
github.com/evanw/esbuild/internal/resolver.parseImportsExportsMap.func1({{0x7ff6572b48c0?, 0xc0007fe840?}, 
{0x51d04768?}})
	github.com/evanw/esbuild/internal/resolver/package_json.go:673 +0x14c fp=0xc006a5cfc0 sp=0xc006a5cbd8 
pc=0x7ff656f3f4ac
github.com/evanw/esbuild/internal/resolver.parseImportsExportsMap.func1({{0x7ff6572b48c0?, 0xc0007fe900?}, {0x148?}})
	github.com/evanw/esbuild/internal/resolver/package_json.go:742 +0xd1a fp=0xc006a5d3a8 sp=0xc006a5cfc0 
pc=0x7ff656f4007a
github.com/evanw/esbuild/internal/resolver.parseImportsExportsMap({{{0xc00668d140, 0x55}, {0xc0023e9a00, 0x1e}}, {0x0, 
0x0}, {0xc0000ec000, 0x1fb4}, {{0xc00668d140, 0x55}, ...}, ...}, ...)
	github.com/evanw/esbuild/internal/resolver/package_json.go:806 +0x207 fp=0xc006a5d548 sp=0xc006a5d3a8 
pc=0x7ff656f3f1a7
github.com/evanw/esbuild/internal/resolver.resolverQuery.parsePackageJSON({0xc004211b08?, 0xc0042979f0?, 0x0?, 0x9e?}, 
{0xc004e80cd0, 0x48})
	github.com/evanw/esbuild/internal/resolver/package_json.go:472 +0x1afa fp=0xc006a5d918 sp=0xc006a5d548 
pc=0x7ff656f3ddba
github.com/evanw/esbuild/internal/resolver.resolverQuery.dirInfoUncached({0xc004211b08?, 0xc0042979f0?, 0x0?, 0x48?}, 
{0xc004e80cd0, 0x48})
	github.com/evanw/esbuild/internal/resolver/resolver.go:1619 +0xf6f fp=0xc006a5dbf8 sp=0xc006a5d918 pc=0x7ff656f5926f
github.com/evanw/esbuild/internal/resolver.resolverQuery.dirInfoCached({0xc004211b08?, 0xc0042979f0?, 0x0?, 0x9e?}, 
{0xc004e80cd0, 0x48})
	github.com/evanw/esbuild/internal/resolver/resolver.go:1174 +0xee fp=0xc006a5dd00 sp=0xc006a5dbf8 pc=0x7ff656f5420e
github.com/evanw/esbuild/internal/resolver.resolverQuery.dirInfoUncached({0xc004211b08?, 0xc0042979f0?, 0x0?, 0x4d?}, 
{0xc004e80c80, 0x4d})
	github.com/evanw/esbuild/internal/resolver/resolver.go:1538 +0xe5 fp=0xc006a5dfe0 sp=0xc006a5dd00 pc=0x7ff656f583e5
github.com/evanw/esbuild/internal/resolver.resolverQuery.dirInfoCached({0xc004211b08?, 0xc0042979f0?, 0x0?, 0x2f?}, 
{0xc004e80c80, 0x4d})
	github.com/evanw/esbuild/internal/resolver/resolver.go:1174 +0xee fp=0xc006a5e0e8 sp=0xc006a5dfe0 pc=0x7ff656f5420e
github.com/evanw/esbuild/internal/resolver.resolverQuery.dirInfoUncached({0xc004211b08?, 0xc0042979f0?, 0x0?, 0x51?}, 
{0xc005f739e0, 0x51})
	github.com/evanw/esbuild/internal/resolver/resolver.go:1538 +0xe5 fp=0xc006a5e3c8 sp=0xc006a5e0e8 pc=0x7ff656f583e5
github.com/evanw/esbuild/internal/resolver.resolverQuery.dirInfoCached({0xc004211b08?, 0xc0042979f0?, 0x0?, 0x0?}, 
{0xc005f739e0, 0x51})
	github.com/evanw/esbuild/internal/resolver/resolver.go:1174 +0xee fp=0xc006a5e4d0 sp=0xc006a5e3c8 pc=0x7ff656f5420e
github.com/evanw/esbuild/internal/resolver.resolverQuery.dirInfoUncached({0xc004211b08?, 0xc0042979f0?, 0x0?, 0x5a?}, 
{0xc005f73980, 0x5a})
	github.com/evanw/esbuild/internal/resolver/resolver.go:1538 +0xe5 fp=0xc006a5e7b0 sp=0xc006a5e4d0 pc=0x7ff656f583e5
github.com/evanw/esbuild/internal/resolver.resolverQuery.dirInfoCached({0xc004211b08?, 0xc0042979f0?, 0x0?, 0x78?}, 
{0xc005f73980, 0x5a})
	github.com/evanw/esbuild/internal/resolver/resolver.go:1174 +0xee fp=0xc006a5e8b8 sp=0xc006a5e7b0 pc=0x7ff656f5420e
github.com/evanw/esbuild/internal/resolver.resolverQuery.dirInfoUncached({0xc004211b08?, 0xc0042979f0?, 0x0?, 0x65?}, 
{0xc005e88e70, 0x65})
	github.com/evanw/esbuild/internal/resolver/resolver.go:1538 +0xe5 fp=0xc006a5eb98 sp=0xc006a5e8b8 pc=0x7ff656f583e5
github.com/evanw/esbuild/internal/resolver.resolverQuery.dirInfoCached({0xc004211b08?, 0xc0042979f0?, 0x0?, 0xf0?}, 
{0xc005e88e70, 0x65})
	github.com/evanw/esbuild/internal/resolver/resolver.go:1174 +0xee fp=0xc006a5eca0 sp=0xc006a5eb98 pc=0x7ff656f5420e
github.com/evanw/esbuild/internal/resolver.resolverQuery.finalizeResolve({0xc004211b08?, 0xc0042979f0?, 0x0?, 0x0?}, 
0xc005e8a5a0)
	github.com/evanw/esbuild/internal/resolver/resolver.go:842 +0x6f1 fp=0xc006a5ee50 sp=0xc006a5eca0 pc=0x7ff656f510d1
github.com/evanw/esbuild/internal/resolver.(*Resolver).Resolve(0xc004211b08, {0xc004eebd40, 0x36}, {0xc0056d8d20, 
0x6d}, 0x1)
	github.com/evanw/esbuild/internal/resolver/resolver.go:572 +0x1a1a fp=0xc006a5f220 sp=0xc006a5ee50 pc=0x7ff656f4ca9a
github.com/evanw/esbuild/internal/bundler.RunOnResolvePlugins({_, _, _}, _, {0xc005489380, 0xc0051595f0, 0xc005159608, 
0xc005159620, 0x3, 0xc005489350}, ...)
	github.com/evanw/esbuild/internal/bundler/bundler.go:1154 +0x36a fp=0xc006a5f690 sp=0xc006a5f220 pc=0x7ff656f80e0a
github.com/evanw/esbuild/pkg/api.loadPlugins.func2({0xc0056d8d20, 0x6d}, {{0xc005425db0, 0x10}, {0x0, 0x0}, {0x0, 
0x0}, {0xc004eebd40, 0x36}, ...})
	github.com/evanw/esbuild/pkg/api/api_impl.go:2114 +0x4be fp=0xc006a5fd18 sp=0xc006a5f690 pc=0x7ff65703809e
main.(*serviceType).convertPlugins.func2.1(0xac, 0xc005059320)
	github.com/evanw/esbuild/cmd/esbuild/service.go:944 +0x665 fp=0xc006a5ff50 sp=0xc006a5fd18 pc=0x7ff65707a885
main.(*serviceType).handleIncomingPacket.func4()
	github.com/evanw/esbuild/cmd/esbuild/service.go:262 +0xa4 fp=0xc006a5ffe0 sp=0xc006a5ff50 pc=0x7ff6570740a4
runtime.goexit({})
	runtime/asm_amd64.s:1693 +0x1 fp=0xc006a5ffe8 sp=0xc006a5ffe0 pc=0x7ff656bcf221
created by main.(*serviceType).handleIncomingPacket in goroutine 1
	github.com/evanw/esbuild/cmd/esbuild/service.go:257 +0x156e

goroutine 1 gp=0xc0000021c0 m=nil [runnable]:
runtime.cgocall(0x7ff656bd0a40, 0xc003da6358)
	runtime/cgocall.go:167 +0x3e fp=0xc000b2da58 sp=0xc000b2d9f0 pc=0x7ff656bc467e
runtime.syscall_syscalln(0xa?, 0x0?, {0xc000b2daa0?, 0x500000000001f?, 0x20b51d428a0?})
	runtime/syscall_windows.go:521 +0x4e fp=0xc000b2da78 sp=0xc000b2da58 pc=0x7ff656bb0bee
syscall.Syscall6(0xc000b2db18?, 0x7ff656b9d5ff?, 0xc000b2daf8?, 0x7ff656b9d640?, 0xc0065584b0?, 0xc0000021c0?, 
0x7ff657071a11?, 0xc000b2dcd0?)
	runtime/syscall_windows.go:463 +0x38 fp=0xc000b2dae0 sp=0xc000b2da78 pc=0x7ff656bcb038
syscall.readFile(0x704, {0xc0001f2000?, 0x4000, 0x7ff656b77a45?}, 0x7ff657646960?, 0x6a28fa2?)
	syscall/zsyscall_windows.go:1030 +0x8b fp=0xc000b2db50 sp=0xc000b2dae0 pc=0x7ff656c0b6eb
syscall.ReadFile(...)
	syscall/syscall_windows.go:482
internal/poll.(*FD).Read.func1(0x7ff657646960?)
	internal/poll/fd_windows.go:522 +0x4d fp=0xc000b2db90 sp=0xc000b2db50 pc=0x7ff656c2a1cd
internal/poll.execIO(0xc000118020, 0x7ff657207348)
	internal/poll/fd_windows.go:233 +0xa7 fp=0xc000b2dc00 sp=0xc000b2db90 pc=0x7ff656c26047
internal/poll.(*FD).Read(0xc000118008, {0xc0001f2000, 0x4000, 0x4000})
	internal/poll/fd_windows.go:521 +0x288 fp=0xc000b2dca0 sp=0xc000b2dc00 pc=0x7ff656c26c28
os.(*File).read(...)
	os/file_posix.go:29
os.(*File).Read(0xc000074030, {0xc0001f2000?, 0x0?, 0x137?})
	os/file.go:144 +0x4f fp=0xc000b2dce0 sp=0xc000b2dca0 pc=0x7ff656c2c14f
main.runService(0x1)
	github.com/evanw/esbuild/cmd/esbuild/service.go:134 +0x37c fp=0xc000b2de08 sp=0xc000b2dce0 pc=0x7ff65706f4dc
main.main()
	github.com/evanw/esbuild/cmd/esbuild/main.go:252 +0xb75 fp=0xc000b2df50 sp=0xc000b2de08 pc=0x7ff65706dcd5
runtime.main()
	runtime/proc.go:285 +0x27d fp=0xc000b2dfe0 sp=0xc000b2df50 pc=0x7ff656b9365d
runtime.goexit({})
	runtime/asm_amd64.s:1693 +0x1 fp=0xc000b2dfe8 sp=0xc000b2dfe0 pc=0x7ff656bcf221

goroutine 2 gp=0xc0000028c0 m=nil [force gc (idle)]:
runtime.gopark(0x0?, 0x0?, 0x0?, 0x0?, 0x0?)
	runtime/proc.go:460 +0xce fp=0xc00006dfa8 sp=0xc00006df88 pc=0x7ff656bc72ce
runtime.goparkunlock(...)
	runtime/proc.go:466
runtime.forcegchelper()
	runtime/proc.go:373 +0xb8 fp=0xc00006dfe0 sp=0xc00006dfa8 pc=0x7ff656b93978
runtime.goexit({})
	runtime/asm_amd64.s:1693 +0x1 fp=0xc00006dfe8 sp=0xc00006dfe0 pc=0x7ff656bcf221
created by runtime.init.7 in goroutine 1
	runtime/proc.go:361 +0x1a

goroutine 3 gp=0xc000002c40 m=nil [runnable]:
runtime.goschedIfBusy()
	runtime/proc.go:412 +0x28 fp=0xc00006ff80 sp=0xc00006ff68 pc=0x7ff656b93a28
runtime.bgsweep(0xc000032080)
	runtime/mgcsweep.go:303 +0x150 fp=0xc00006ffc8 sp=0xc00006ff80 pc=0x7ff656b7ad10
runtime.gcenable.gowrap1()
	runtime/mgc.go:212 +0x25 fp=0xc00006ffe0 sp=0xc00006ffc8 pc=0x7ff656b6eca5
runtime.goexit({})
	runtime/asm_amd64.s:1693 +0x1 fp=0xc00006ffe8 sp=0xc00006ffe0 pc=0x7ff656bcf221
created by runtime.gcenable in goroutine 1
	runtime/mgc.go:212 +0x66

goroutine 4 gp=0xc000002e00 m=nil [GC scavenge wait]:
runtime.gopark(0x6dc270?, 0xd2d329?, 0x0?, 0x0?, 0x0?)
	runtime/proc.go:460 +0xce fp=0xc000085f78 sp=0xc000085f58 pc=0x7ff656bc72ce
runtime.goparkunlock(...)
	runtime/proc.go:466
runtime.(*scavengerState).park(0x7ff6575fd340)
	runtime/mgcscavenge.go:425 +0x49 fp=0xc000085fa8 sp=0xc000085f78 pc=0x7ff656b78729
runtime.bgscavenge(0xc000032080)
	runtime/mgcscavenge.go:658 +0x59 fp=0xc000085fc8 sp=0xc000085fa8 pc=0x7ff656b78cd9
runtime.gcenable.gowrap2()
	runtime/mgc.go:213 +0x25 fp=0xc000085fe0 sp=0xc000085fc8 pc=0x7ff656b6ec45
runtime.goexit({})
	runtime/asm_amd64.s:1693 +0x1 fp=0xc000085fe8 sp=0xc000085fe0 pc=0x7ff656bcf221
created by runtime.gcenable in goroutine 1
	runtime/mgc.go:213 +0xa5

goroutine 5 gp=0xc000003180 m=nil [finalizer wait]:
runtime.gopark(0x0?, 0x0?, 0x0?, 0x0?, 0x0?)
	runtime/proc.go:460 +0xce fp=0xc000087e20 sp=0xc000087e00 pc=0x7ff656bc72ce
runtime.runFinalizers()
	runtime/mfinal.go:210 +0x107 fp=0xc000087fe0 sp=0xc000087e20 pc=0x7ff656b6dbe7
runtime.goexit({})
	runtime/asm_amd64.s:1693 +0x1 fp=0xc000087fe8 sp=0xc000087fe0 pc=0x7ff656bcf221
created by runtime.createfing in goroutine 1
	runtime/mfinal.go:172 +0x3d

goroutine 6 gp=0xc000003340 m=nil [cleanup wait]:
runtime.gopark(0x0?, 0x0?, 0x0?, 0x0?, 0x0?)
	runtime/proc.go:460 +0xce fp=0xc000081f68 sp=0xc000081f48 pc=0x7ff656bc72ce
runtime.goparkunlock(...)
	runtime/proc.go:466
runtime.(*cleanupQueue).dequeue(0x7ff6575fd620)
	runtime/mcleanup.go:439 +0xc5 fp=0xc000081fa0 sp=0xc000081f68 pc=0x7ff656b6afc5
runtime.runCleanups()
	runtime/mcleanup.go:635 +0x45 fp=0xc000081fe0 sp=0xc000081fa0 pc=0x7ff656b6b685
runtime.goexit({})
	runtime/asm_amd64.s:1693 +0x1 fp=0xc000081fe8 sp=0xc000081fe0 pc=0x7ff656bcf221
created by runtime.(*cleanupQueue).createGs in goroutine 1
	runtime/mcleanup.go:589 +0xa5

goroutine 18 gp=0xc0001f6000 m=nil [chan receive]:
runtime.gopark(0xf4?, 0x0?, 0x0?, 0x0?, 0x0?)
	runtime/proc.go:460 +0xce fp=0xc0001fdee8 sp=0xc0001fdec8 pc=0x7ff656bc72ce
runtime.chanrecv(0xc0001f0000, 0xc0001fdfb0, 0x1)
	runtime/chan.go:667 +0x473 fp=0xc0001fdf60 sp=0xc0001fdee8 pc=0x7ff656b5e593
runtime.chanrecv2(0xc000074038?, 0xc000007200?)
	runtime/chan.go:514 +0x12 fp=0xc0001fdf88 sp=0xc0001fdf60 pc=0x7ff656b5e112
main.runService.func1()
	github.com/evanw/esbuild/cmd/esbuild/service.go:98 +0x45 fp=0xc0001fdfe0 sp=0xc0001fdf88 pc=0x7ff65706f985
runtime.goexit({})
	runtime/asm_amd64.s:1693 +0x1 fp=0xc0001fdfe8 sp=0xc0001fdfe0 pc=0x7ff656bcf221
created by main.runService in goroutine 1
	github.com/evanw/esbuild/cmd/esbuild/service.go:97 +0x1db

goroutine 19 gp=0xc0001f61c0 m=nil [sleep]:
runtime.gopark(0x695aa72540c?, 0xc000c00568?, 0xd0?, 0x64?, 0x7ff656bc7b0f?)
	runtime/proc.go:460 +0xce fp=0xc0001fff48 sp=0xc0001fff28 pc=0x7ff656bc72ce
time.Sleep(0x3b9aca00)
	runtime/time.go:363 +0x167 fp=0xc0001fffa0 sp=0xc0001fff48 pc=0x7ff656bcb367
main.runService.func3()
	github.com/evanw/esbuild/cmd/esbuild/service.go:124 +0x48 fp=0xc0001fffe0 sp=0xc0001fffa0 pc=0x7ff65706f868
runtime.goexit({})
	runtime/asm_amd64.s:1693 +0x1 fp=0xc0001fffe8 sp=0xc0001fffe0 pc=0x7ff656bcf221
created by main.runService in goroutine 1
	github.com/evanw/esbuild/cmd/esbuild/service.go:122 +0x30c

goroutine 21 gp=0xc0001f6540 m=nil [chan receive]:
runtime.gopark(0x73?, 0x114000000000073?, 0x68?, 0xa5?, 0x20b0ba20ed0?)
	runtime/proc.go:460 +0xce fp=0xc0000e44f8 sp=0xc0000e44d8 pc=0x7ff656bc72ce
runtime.chanrecv(0xc0000d4380, 0xc0000e48f0, 0x1)
	runtime/chan.go:667 +0x473 fp=0xc0000e4570 sp=0xc0000e44f8 pc=0x7ff656b5e593
runtime.chanrecv1(0xc0055f0280?, 0x73?)
	runtime/chan.go:509 +0x12 fp=0xc0000e4598 sp=0xc0000e4570 pc=0x7ff656b5e0f2
github.com/evanw/esbuild/internal/bundler.(*scanner).scanAllDependencies(0xc0004ae908)
	github.com/evanw/esbuild/internal/bundler/bundler.go:2182 +0x255 fp=0xc0000e4a68 sp=0xc0000e4598 pc=0x7ff656f8b2b5
github.com/evanw/esbuild/internal/bundler.ScanBundle(_, {_, _, _, _, _, _}, {_, _}, 0xc0000901e0, ...)
	github.com/evanw/esbuild/internal/bundler/bundler.go:1505 +0xbdc fp=0xc0000e5060 sp=0xc0000e4a68 pc=0x7ff656f83a7c
github.com/evanw/esbuild/pkg/api.rebuildImpl({0xc0000901e0, {0x0, 0x0, 0x0}, {0x0, 0x0, 0x0}, {0x0, 0x1, 0x0, ...}, 
...}, ...)
	github.com/evanw/esbuild/pkg/api/api_impl.go:1493 +0x2c6 fp=0xc0000e5b70 sp=0xc0000e5060 pc=0x7ff657031e66
github.com/evanw/esbuild/pkg/api.(*internalContext).rebuild(_)
	github.com/evanw/esbuild/pkg/api/api_impl.go:1007 +0x27d fp=0xc0000e6c30 sp=0xc0000e5b70 pc=0x7ff65702cc7d
github.com/evanw/esbuild/pkg/api.(*internalContext).Rebuild(...)
	github.com/evanw/esbuild/pkg/api/api_impl.go:1068
github.com/evanw/esbuild/pkg/api.Build({0x0, 0x0, 0x0, 0xc0000a00c0, 0x0, 0x0, {0x0, 0x0}, 0x1, 0x0, ...})
	github.com/evanw/esbuild/pkg/api/api.go:396 +0x9b fp=0xc0000e74c8 sp=0xc0000e6c30 pc=0x7ff6570247fb
main.(*serviceType).handleBuildRequest(0xc000181890, 0x1, 0xc000181c80)
	github.com/evanw/esbuild/cmd/esbuild/service.go:782 +0xa18 fp=0xc0000e7f60 sp=0xc0000e74c8 pc=0x7ff6570751b8
main.(*serviceType).handleIncomingPacket.func2()
	github.com/evanw/esbuild/cmd/esbuild/service.go:235 +0x57 fp=0xc0000e7fe0 sp=0xc0000e7f60 pc=0x7ff657074477
runtime.goexit({})
	runtime/asm_amd64.s:1693 +0x1 fp=0xc0000e7fe8 sp=0xc0000e7fe0 pc=0x7ff656bcf221
created by main.(*serviceType).handleIncomingPacket in goroutine 1
	github.com/evanw/esbuild/cmd/esbuild/service.go:233 +0x1aa

goroutine 36 gp=0xc00008e700 m=nil [GC worker (idle)]:
runtime.gopark(0x695c193aaf0?, 0x0?, 0x0?, 0x0?, 0x0?)
	runtime/proc.go:460 +0xce fp=0xc0004bff38 sp=0xc0004bff18 pc=0x7ff656bc72ce
runtime.gcBgMarkWorker(0xc0000d43f0)
	runtime/mgc.go:1463 +0xeb fp=0xc0004bffc8 sp=0xc0004bff38 pc=0x7ff656b712eb
runtime.gcBgMarkStartWorkers.gowrap1()
	runtime/mgc.go:1373 +0x25 fp=0xc0004bffe0 sp=0xc0004bffc8 pc=0x7ff656b711c5
runtime.goexit({})
	runtime/asm_amd64.s:1693 +0x1 fp=0xc0004bffe8 sp=0xc0004bffe0 pc=0x7ff656bcf221
created by runtime.gcBgMarkStartWorkers in goroutine 35
	runtime/mgc.go:1373 +0x105

goroutine 37 gp=0xc00008e8c0 m=nil [GC worker (idle)]:
runtime.gopark(0x7ff657646960?, 0x1?, 0x28?, 0xef?, 0x0?)
	runtime/proc.go:460 +0xce fp=0xc0004c1f38 sp=0xc0004c1f18 pc=0x7ff656bc72ce
runtime.gcBgMarkWorker(0xc0000d43f0)
	runtime/mgc.go:1463 +0xeb fp=0xc0004c1fc8 sp=0xc0004c1f38 pc=0x7ff656b712eb
runtime.gcBgMarkStartWorkers.gowrap1()
	runtime/mgc.go:1373 +0x25 fp=0xc0004c1fe0 sp=0xc0004c1fc8 pc=0x7ff656b711c5
runtime.goexit({})
	runtime/asm_amd64.s:1693 +0x1 fp=0xc0004c1fe8 sp=0xc0004c1fe0 pc=0x7ff656bcf221
created by runtime.gcBgMarkStartWorkers in goroutine 35
	runtime/mgc.go:1373 +0x105

goroutine 38 gp=0xc00008ea80 m=nil [GC worker (idle)]:
runtime.gopark(0x695c1877014?, 0x1?, 0x0?, 0x0?, 0x0?)
	runtime/proc.go:460 +0xce fp=0xc0004bbf38 sp=0xc0004bbf18 pc=0x7ff656bc72ce
runtime.gcBgMarkWorker(0xc0000d43f0)
	runtime/mgc.go:1463 +0xeb fp=0xc0004bbfc8 sp=0xc0004bbf38 pc=0x7ff656b712eb
runtime.gcBgMarkStartWorkers.gowrap1()
	runtime/mgc.go:1373 +0x25 fp=0xc0004bbfe0 sp=0xc0004bbfc8 pc=0x7ff656b711c5
runtime.goexit({})
	runtime/asm_amd64.s:1693 +0x1 fp=0xc0004bbfe8 sp=0xc0004bbfe0 pc=0x7ff656bcf221
created by runtime.gcBgMarkStartWorkers in goroutine 35
	runtime/mgc.go:1373 +0x105

goroutine 39 gp=0xc00008ec40 m=nil [GC worker (idle)]:
runtime.gopark(0x7ff657646960?, 0x1?, 0xc0?, 0x74?, 0x0?)
	runtime/proc.go:460 +0xce fp=0xc0004bdf38 sp=0xc0004bdf18 pc=0x7ff656bc72ce
runtime.gcBgMarkWorker(0xc0000d43f0)
	runtime/mgc.go:1463 +0xeb fp=0xc0004bdfc8 sp=0xc0004bdf38 pc=0x7ff656b712eb
runtime.gcBgMarkStartWorkers.gowrap1()
	runtime/mgc.go:1373 +0x25 fp=0xc0004bdfe0 sp=0xc0004bdfc8 pc=0x7ff656b711c5
runtime.goexit({})
	runtime/asm_amd64.s:1693 +0x1 fp=0xc0004bdfe8 sp=0xc0004bdfe0 pc=0x7ff656bcf221
created by runtime.gcBgMarkStartWorkers in goroutine 35
	runtime/mgc.go:1373 +0x105

goroutine 40 gp=0xc00008ee00 m=nil [GC worker (idle)]:
runtime.gopark(0x695c193aaf0?, 0x1?, 0x14?, 0xb5?, 0x0?)
	runtime/proc.go:460 +0xce fp=0xc00058ff38 sp=0xc00058ff18 pc=0x7ff656bc72ce
runtime.gcBgMarkWorker(0xc0000d43f0)
	runtime/mgc.go:1463 +0xeb fp=0xc00058ffc8 sp=0xc00058ff38 pc=0x7ff656b712eb
runtime.gcBgMarkStartWorkers.gowrap1()
	runtime/mgc.go:1373 +0x25 fp=0xc00058ffe0 sp=0xc00058ffc8 pc=0x7ff656b711c5
runtime.goexit({})
	runtime/asm_amd64.s:1693 +0x1 fp=0xc00058ffe8 sp=0xc00058ffe0 pc=0x7ff656bcf221
created by runtime.gcBgMarkStartWorkers in goroutine 35
	runtime/mgc.go:1373 +0x105

goroutine 41 gp=0xc00008efc0 m=nil [GC worker (idle)]:
runtime.gopark(0x695c193aaf0?, 0x3?, 0x0?, 0x0?, 0x0?)
	runtime/proc.go:460 +0xce fp=0xc000591f38 sp=0xc000591f18 pc=0x7ff656bc72ce
runtime.gcBgMarkWorker(0xc0000d43f0)
	runtime/mgc.go:1463 +0xeb fp=0xc000591fc8 sp=0xc000591f38 pc=0x7ff656b712eb
runtime.gcBgMarkStartWorkers.gowrap1()
	runtime/mgc.go:1373 +0x25 fp=0xc000591fe0 sp=0xc000591fc8 pc=0x7ff656b711c5
runtime.goexit({})
	runtime/asm_amd64.s:1693 +0x1 fp=0xc000591fe8 sp=0xc000591fe0 pc=0x7ff656bcf221
created by runtime.gcBgMarkStartWorkers in goroutine 35
	runtime/mgc.go:1373 +0x105

goroutine 42 gp=0xc00008f180 m=nil [GC worker (idle)]:
runtime.gopark(0x695c193aaf0?, 0x1?, 0x30?, 0x5a?, 0x0?)
	runtime/proc.go:460 +0xce fp=0xc00058bf38 sp=0xc00058bf18 pc=0x7ff656bc72ce
runtime.gcBgMarkWorker(0xc0000d43f0)
	runtime/mgc.go:1463 +0xeb fp=0xc00058bfc8 sp=0xc00058bf38 pc=0x7ff656b712eb
runtime.gcBgMarkStartWorkers.gowrap1()
	runtime/mgc.go:1373 +0x25 fp=0xc00058bfe0 sp=0xc00058bfc8 pc=0x7ff656b711c5
runtime.goexit({})
	runtime/asm_amd64.s:1693 +0x1 fp=0xc00058bfe8 sp=0xc00058bfe0 pc=0x7ff656bcf221
created by runtime.gcBgMarkStartWorkers in goroutine 35
	runtime/mgc.go:1373 +0x105

goroutine 43 gp=0xc00008f340 m=nil [GC worker (idle)]:
runtime.gopark(0x695c193aaf0?, 0x3?, 0x34?, 0xb5?, 0x0?)
	runtime/proc.go:460 +0xce fp=0xc00058df38 sp=0xc00058df18 pc=0x7ff656bc72ce
runtime.gcBgMarkWorker(0xc0000d43f0)
	runtime/mgc.go:1463 +0xeb fp=0xc00058dfc8 sp=0xc00058df38 pc=0x7ff656b712eb
runtime.gcBgMarkStartWorkers.gowrap1()
	runtime/mgc.go:1373 +0x25 fp=0xc00058dfe0 sp=0xc00058dfc8 pc=0x7ff656b711c5
runtime.goexit({})
	runtime/asm_amd64.s:1693 +0x1 fp=0xc00058dfe8 sp=0xc00058dfe0 pc=0x7ff656bcf221
created by runtime.gcBgMarkStartWorkers in goroutine 35
	runtime/mgc.go:1373 +0x105

goroutine 66 gp=0xc000604000 m=nil [GC worker (idle)]:
runtime.gopark(0x695c193aaf0?, 0x3?, 0x30?, 0xf4?, 0x0?)
	runtime/proc.go:460 +0xce fp=0xc00060bf38 sp=0xc00060bf18 pc=0x7ff656bc72ce
runtime.gcBgMarkWorker(0xc0000d43f0)
	runtime/mgc.go:1463 +0xeb fp=0xc00060bfc8 sp=0xc00060bf38 pc=0x7ff656b712eb
runtime.gcBgMarkStartWorkers.gowrap1()
	runtime/mgc.go:1373 +0x25 fp=0xc00060bfe0 sp=0xc00060bfc8 pc=0x7ff656b711c5
runtime.goexit({})
	runtime/asm_amd64.s:1693 +0x1 fp=0xc00060bfe8 sp=0xc00060bfe0 pc=0x7ff656bcf221
created by runtime.gcBgMarkStartWorkers in goroutine 35
	runtime/mgc.go:1373 +0x105

goroutine 67 gp=0xc0006041c0 m=nil [GC worker (idle)]:
runtime.gopark(0x7ff657646960?, 0x1?, 0x4?, 0x2a?, 0x0?)
	runtime/proc.go:460 +0xce fp=0xc00060df38 sp=0xc00060df18 pc=0x7ff656bc72ce
runtime.gcBgMarkWorker(0xc0000d43f0)
	runtime/mgc.go:1463 +0xeb fp=0xc00060dfc8 sp=0xc00060df38 pc=0x7ff656b712eb
runtime.gcBgMarkStartWorkers.gowrap1()
	runtime/mgc.go:1373 +0x25 fp=0xc00060dfe0 sp=0xc00060dfc8 pc=0x7ff656b711c5
runtime.goexit({})
	runtime/asm_amd64.s:1693 +0x1 fp=0xc00060dfe8 sp=0xc00060dfe0 pc=0x7ff656bcf221
created by runtime.gcBgMarkStartWorkers in goroutine 35
	runtime/mgc.go:1373 +0x105

goroutine 68 gp=0xc000604380 m=nil [GC worker (idle)]:
runtime.gopark(0x695c193aaf0?, 0x3?, 0x9c?, 0x1f?, 0x0?)
	runtime/proc.go:460 +0xce fp=0xc000607f38 sp=0xc000607f18 pc=0x7ff656bc72ce
runtime.gcBgMarkWorker(0xc0000d43f0)
	runtime/mgc.go:1463 +0xeb fp=0xc000607fc8 sp=0xc000607f38 pc=0x7ff656b712eb
runtime.gcBgMarkStartWorkers.gowrap1()
	runtime/mgc.go:1373 +0x25 fp=0xc000607fe0 sp=0xc000607fc8 pc=0x7ff656b711c5
runtime.goexit({})
	runtime/asm_amd64.s:1693 +0x1 fp=0xc000607fe8 sp=0xc000607fe0 pc=0x7ff656bcf221
created by runtime.gcBgMarkStartWorkers in goroutine 35
	runtime/mgc.go:1373 +0x105

goroutine 69 gp=0xc000604540 m=nil [GC worker (idle)]:
runtime.gopark(0x695c193aaf0?, 0x1?, 0x0?, 0x0?, 0x0?)
	runtime/proc.go:460 +0xce fp=0xc000609f38 sp=0xc000609f18 pc=0x7ff656bc72ce
runtime.gcBgMarkWorker(0xc0000d43f0)
	runtime/mgc.go:1463 +0xeb fp=0xc000609fc8 sp=0xc000609f38 pc=0x7ff656b712eb
runtime.gcBgMarkStartWorkers.gowrap1()
	runtime/mgc.go:1373 +0x25 fp=0xc000609fe0 sp=0xc000609fc8 pc=0x7ff656b711c5
runtime.goexit({})
	runtime/asm_amd64.s:1693 +0x1 fp=0xc000609fe8 sp=0xc000609fe0 pc=0x7ff656bcf221
created by runtime.gcBgMarkStartWorkers in goroutine 35
	runtime/mgc.go:1373 +0x105

goroutine 1403 gp=0xc000604700 m=nil [chan receive]:
runtime.gopark(0xc0013c2840?, 0x2000000000070?, 0x39?, 0x62?, 0x20b0ba23390?)
	runtime/proc.go:460 +0xce fp=0xc005795478 sp=0xc005795458 pc=0x7ff656bc72ce
runtime.chanrecv(0xc005049500, 0xc005795550, 0x1)
	runtime/chan.go:667 +0x473 fp=0xc0057954f0 sp=0xc005795478 pc=0x7ff656b5e593
runtime.chanrecv1(0x7ff65714d260?, 0xc005058240?)
	runtime/chan.go:509 +0x12 fp=0xc005795518 sp=0xc0057954f0 pc=0x7ff656b5e0f2
main.(*serviceType).sendRequest(0xc000181890, {0x7ff65714d260, 0xc005058240})
	github.com/evanw/esbuild/cmd/esbuild/service.go:192 +0x12b fp=0xc005795588 sp=0xc005795518 pc=0x7ff65706fb6b
main.(*serviceType).convertPlugins.func2.4({{0xc004ec4540, 0x6c}, {0x7ff6571cd3af, 0x4}, {0x0, 0x0}, {0x0, 0x0}, 0x0})
	github.com/evanw/esbuild/cmd/esbuild/service.go:1088 +0x836 fp=0xc005795808 sp=0xc005795588 pc=0x7ff657078356
github.com/evanw/esbuild/pkg/api.(*pluginImpl).onLoad.func1({{0x0, 0x0}, {{0xc004ec4540, 0x6c}, {0x7ff6571cd3af, 0x4}, 
{0x0, 0x0}, {{0x0, 0x0}}, ...}})
	github.com/evanw/esbuild/pkg/api/api_impl.go:2014 +0x190 fp=0xc005795a70 sp=0xc005795808 pc=0x7ff657036ad0
github.com/evanw/esbuild/internal/bundler.runOnLoadPlugins({0xc000090240?, 0x0?, 0x0?}, {0x7ff6572bce40?, 
0xc0000a6360}, 0xc0000901e0, {0xc0000beb60, 0xc0000aa390, 0xc0000aa3a8, 0xc0000a6340, ...}, ...)
	github.com/evanw/esbuild/internal/bundler/bundler.go:1203 +0xcd5 fp=0xc005795e10 sp=0xc005795a70 pc=0x7ff656f82835
github.com/evanw/esbuild/internal/bundler.parseFile({{0x7ff6572bce40, 0xc0000a6360}, {0xc0000beb60, 0xc0000aa390, 
0xc0000aa3a8, 0xc0000a6340, 0x6, 0xc0000a0450}, 0xc0004ae488, 0xc0000901e0, ...})
	github.com/evanw/esbuild/internal/bundler/bundler.go:163 +0x2b5 fp=0xc005797608 sp=0xc005795e10 pc=0x7ff656f777f5
github.com/evanw/esbuild/internal/bundler.(*scanner).maybeParseFile.gowrap1()
	github.com/evanw/esbuild/internal/bundler/bundler.go:1630 +0x2fa fp=0xc005797fe0 sp=0xc005797608 pc=0x7ff656f85a5a
runtime.goexit({})
	runtime/asm_amd64.s:1693 +0x1 fp=0xc005797fe8 sp=0xc005797fe0 pc=0x7ff656bcf221
created by github.com/evanw/esbuild/internal/bundler.(*scanner).maybeParseFile in goroutine 21
	github.com/evanw/esbuild/internal/bundler/bundler.go:1630 +0xd85

goroutine 1159 gp=0xc000003c00 m=nil [runnable]:
runtime.cgocall(0x7ff656bd0a40, 0xc003280358)
	runtime/cgocall.go:167 +0x3e fp=0xc00691e758 sp=0xc00691e6f0 pc=0x7ff656bc467e
runtime.syscall_syscalln(0x0?, 0x80?, {0xc00691e7a0?, 0x0?, 0x0?})
	runtime/syscall_windows.go:521 +0x4e fp=0xc00691e778 sp=0xc00691e758 pc=0x7ff656bb0bee
syscall.Syscall(0x80?, 0xc00545afc0?, 0xffffffffffffffff?, 0x0?, 0x0?)
	runtime/syscall_windows.go:457 +0x29 fp=0xc00691e7c8 sp=0xc00691e778 pc=0x7ff656bcafe9
syscall.GetFileAttributesEx(0xc0055f0580?, 0x0, 0x0?)
	syscall/zsyscall_windows.go:750 +0x65 fp=0xc00691e818 sp=0xc00691e7c8 pc=0x7ff656c0aee5
os.stat({0x7ff6571cda4d, 0x5}, {0xc0055f0580, 0x80}, 0x0)
	os/stat_windows.go:37 +0x1c6 fp=0xc00691eb78 sp=0xc00691e818 pc=0x7ff656c2f3c6
os.lstatNolog({0xc0055f0580?, 0x7ff6571cce0e?})
	os/stat_windows.go:141 +0x4c fp=0xc00691ebb0 sp=0xc00691eb78 pc=0x7ff656c3000c
os.Lstat({0xc0055f0580, 0x80})
	os/stat.go:26 +0x2c fp=0xc00691ebd0 sp=0xc00691ebb0 pc=0x7ff656c2f16c
github.com/evanw/esbuild/internal/fs.(*realFS).kind(0xc0000da140, {0xc001568420?, 0xc00691ecf0?}, {0xc001820210?, 
0x7ff65714de40?})
	github.com/evanw/esbuild/internal/fs/fs_real.go:415 +0xd6 fp=0xc00691ec70 sp=0xc00691ebd0 pc=0x7ff656c9c7b6
github.com/evanw/esbuild/internal/fs.(*zipFS).kind(0x26?, {0xc001568420?, 0x59?}, {0xc001820210?, 0xc0055f055a?})
	github.com/evanw/esbuild/internal/fs/fs_zip.go:330 +0x28 fp=0xc00691eca8 sp=0xc00691ec70 pc=0x7ff656c9fa08
github.com/evanw/esbuild/internal/fs.(*Entry).Kind(0xc000911ac0, {0x7ff6572bce40?, 0xc0000a6360?})
	github.com/evanw/esbuild/internal/fs/fs.go:37 +0xc3 fp=0xc00691ed00 sp=0xc00691eca8 pc=0x7ff656c97f83
github.com/evanw/esbuild/internal/resolver.resolverQuery.loadAsFile.func1({0xc0055f055a, 0x26})
	github.com/evanw/esbuild/internal/resolver/resolver.go:1759 +0x267 fp=0xc00691edf0 sp=0xc00691ed00 pc=0x7ff656f5ae67
github.com/evanw/esbuild/internal/resolver.resolverQuery.loadAsFile({0xc0004ae488?, 0xc0053ff630?, 0x0?, 0x15?}, 
{0xc0055f0500, 0x80}, {0xc0000f77c0, 0x5, 0xf?})
	github.com/evanw/esbuild/internal/resolver/resolver.go:1817 +0x8bc fp=0xc00691f060 sp=0xc00691edf0 pc=0x7ff656f5a5dc
github.com/evanw/esbuild/internal/resolver.resolverQuery.loadAsFileOrDirectory({0xc0004ae488?, 0xc0053ff630?, 0x0?, 
0x0?}, {0xc0055f0500, 0x80})
	github.com/evanw/esbuild/internal/resolver/resolver.go:1930 +0x173 fp=0xc00691f208 sp=0xc00691f060 pc=0x7ff656f5c1f3
github.com/evanw/esbuild/internal/resolver.resolverQuery.resolveWithoutSymlinks({0xc0004ae488?, 0xc0053ff630?, 0x0?, 
0x0?}, {0xc00504ef60, 0x59}, 0xc000720180, {0xc003995800, 0x28})
	github.com/evanw/esbuild/internal/resolver/resolver.go:1041 +0xe48 fp=0xc00691f5d0 sp=0xc00691f208 pc=0x7ff656f52fa8
github.com/evanw/esbuild/internal/resolver.(*Resolver).Resolve(0xc0004ae488, {0xc00504ef60, 0x59}, {0xc003995800, 
0x28}, 0x1)
	github.com/evanw/esbuild/internal/resolver/resolver.go:548 +0x16f9 fp=0xc00691f9a0 sp=0xc00691f5d0 pc=0x7ff656f4c779
github.com/evanw/esbuild/internal/bundler.RunOnResolvePlugins({_, _, _}, _, {0xc0000beb60, 0xc0000aa390, 0xc0000aa3a8, 
0xc0000a6340, 0x6, 0xc0000a0450}, ...)
	github.com/evanw/esbuild/internal/bundler/bundler.go:1154 +0x36a fp=0xc00691fe10 sp=0xc00691f9a0 pc=0x7ff656f80e0a
github.com/evanw/esbuild/internal/bundler.parseFile({{0x7ff6572bce40, 0xc0000a6360}, {0xc0000beb60, 0xc0000aa390, 
0xc0000aa3a8, 0xc0000a6340, 0x6, 0xc0000a0450}, 0xc0004ae488, 0xc0000901e0, ...})
	github.com/evanw/esbuild/internal/bundler/bundler.go:554 +0x3610 fp=0xc006921608 sp=0xc00691fe10 pc=0x7ff656f7ab50
github.com/evanw/esbuild/internal/bundler.(*scanner).maybeParseFile.gowrap1()
	github.com/evanw/esbuild/internal/bundler/bundler.go:1630 +0x2fa fp=0xc006921fe0 sp=0xc006921608 pc=0x7ff656f85a5a
runtime.goexit({})
	runtime/asm_amd64.s:1693 +0x1 fp=0xc006921fe8 sp=0xc006921fe0 pc=0x7ff656bcf221
created by github.com/evanw/esbuild/internal/bundler.(*scanner).maybeParseFile in goroutine 21
	github.com/evanw/esbuild/internal/bundler/bundler.go:1630 +0xd85

goroutine 1398 gp=0xc0001f6e00 m=nil [chan receive]:
runtime.gopark(0x49?, 0xc001964ea0?, 0x49?, 0xa3?, 0xc0042214c8?)
	runtime/proc.go:460 +0xce fp=0xc004221478 sp=0xc004221458 pc=0x7ff656bc72ce
runtime.chanrecv(0xc004e9d6c0, 0xc004221550, 0x1)
	runtime/chan.go:667 +0x473 fp=0xc0042214f0 sp=0xc004221478 pc=0x7ff656b5e593
runtime.chanrecv1(0x7ff65714d260?, 0xc00486ea20?)
	runtime/chan.go:509 +0x12 fp=0xc004221518 sp=0xc0042214f0 pc=0x7ff656b5e0f2
main.(*serviceType).sendRequest(0xc000181890, {0x7ff65714d260, 0xc00486ea20})
	github.com/evanw/esbuild/cmd/esbuild/service.go:192 +0x12b fp=0xc004221588 sp=0xc004221518 pc=0x7ff65706fb6b
main.(*serviceType).convertPlugins.func2.4({{0xc00487d7a0, 0x63}, {0x7ff6571cd3af, 0x4}, {0x0, 0x0}, {0x0, 0x0}, 0x0})
	github.com/evanw/esbuild/cmd/esbuild/service.go:1088 +0x836 fp=0xc004221808 sp=0xc004221588 pc=0x7ff657078356
github.com/evanw/esbuild/pkg/api.(*pluginImpl).onLoad.func1({{0x0, 0x0}, {{0xc00487d7a0, 0x63}, {0x7ff6571cd3af, 0x4}, 
{0x0, 0x0}, {{0x0, 0x0}}, ...}})
	github.com/evanw/esbuild/pkg/api/api_impl.go:2014 +0x190 fp=0xc004221a70 sp=0xc004221808 pc=0x7ff657036ad0
github.com/evanw/esbuild/internal/bundler.runOnLoadPlugins({0xc000090240?, 0x0?, 0x0?}, {0x7ff6572bce40?, 
0xc0000a6360}, 0xc0000901e0, {0xc0000beb60, 0xc0000aa390, 0xc0000aa3a8, 0xc0000a6340, ...}, ...)
	github.com/evanw/esbuild/internal/bundler/bundler.go:1203 +0xcd5 fp=0xc004221e10 sp=0xc004221a70 pc=0x7ff656f82835
github.com/evanw/esbuild/internal/bundler.parseFile({{0x7ff6572bce40, 0xc0000a6360}, {0xc0000beb60, 0xc0000aa390, 
0xc0000aa3a8, 0xc0000a6340, 0x6, 0xc0000a0450}, 0xc0004ae488, 0xc0000901e0, ...})
	github.com/evanw/esbuild/internal/bundler/bundler.go:163 +0x2b5 fp=0xc004223608 sp=0xc004221e10 pc=0x7ff656f777f5
github.com/evanw/esbuild/internal/bundler.(*scanner).maybeParseFile.gowrap1()
	github.com/evanw/esbuild/internal/bundler/bundler.go:1630 +0x2fa fp=0xc004223fe0 sp=0xc004223608 pc=0x7ff656f85a5a
runtime.goexit({})
	runtime/asm_amd64.s:1693 +0x1 fp=0xc004223fe8 sp=0xc004223fe0 pc=0x7ff656bcf221
created by github.com/evanw/esbuild/internal/bundler.(*scanner).maybeParseFile in goroutine 21
	github.com/evanw/esbuild/internal/bundler/bundler.go:1630 +0xd85

goroutine 961 gp=0xc0001f7180 m=nil [sync.Mutex.Lock]:
runtime.gopark(0x20b515d0920?, 0xc002d53e40?, 0xc0?, 0x75?, 0x7ff656f6628f?)
	runtime/proc.go:460 +0xce fp=0xc0016d74e0 sp=0xc0016d74c0 pc=0x7ff656bc72ce
runtime.goparkunlock(...)
	runtime/proc.go:466
runtime.semacquire1(0xc0004ae8d4, 0x0, 0x3, 0x2, 0x16)
	runtime/sema.go:192 +0x22f fp=0xc0016d7548 sp=0xc0016d74e0 pc=0x7ff656ba74ef
internal/sync.runtime_SemacquireMutex(0xc0004ae488?, 0x0?, 0x0?)
	runtime/sema.go:95 +0x25 fp=0xc0016d7580 sp=0xc0016d7548 pc=0x7ff656bc8405
internal/sync.(*Mutex).lockSlow(0xc0004ae8d0)
	internal/sync/mutex.go:149 +0x15d fp=0xc0016d75d0 sp=0xc0016d7580 pc=0x7ff656be59fd
internal/sync.(*Mutex).Lock(...)
	internal/sync/mutex.go:70
sync.(*Mutex).Lock(...)
	sync/mutex.go:46
github.com/evanw/esbuild/internal/resolver.(*Resolver).Resolve(0xc0004ae488, {0xc004b9f4a0, 0x53}, {0xc002d53e40, 
0x18}, 0x1)
	github.com/evanw/esbuild/internal/resolver/resolver.go:512 +0xfa5 fp=0xc0016d79a0 sp=0xc0016d75d0 pc=0x7ff656f4c025
github.com/evanw/esbuild/internal/bundler.RunOnResolvePlugins({_, _, _}, _, {0xc0000beb60, 0xc0000aa390, 0xc0000aa3a8, 
0xc0000a6340, 0x6, 0xc0000a0450}, ...)
	github.com/evanw/esbuild/internal/bundler/bundler.go:1154 +0x36a fp=0xc0016d7e10 sp=0xc0016d79a0 pc=0x7ff656f80e0a
github.com/evanw/esbuild/internal/bundler.parseFile({{0x7ff6572bce40, 0xc0000a6360}, {0xc0000beb60, 0xc0000aa390, 
0xc0000aa3a8, 0xc0000a6340, 0x6, 0xc0000a0450}, 0xc0004ae488, 0xc0000901e0, ...})
	github.com/evanw/esbuild/internal/bundler/bundler.go:554 +0x3610 fp=0xc0016d9608 sp=0xc0016d7e10 pc=0x7ff656f7ab50
github.com/evanw/esbuild/internal/bundler.(*scanner).maybeParseFile.gowrap1()
	github.com/evanw/esbuild/internal/bundler/bundler.go:1630 +0x2fa fp=0xc0016d9fe0 sp=0xc0016d9608 pc=0x7ff656f85a5a
runtime.goexit({})
	runtime/asm_amd64.s:1693 +0x1 fp=0xc0016d9fe8 sp=0xc0016d9fe0 pc=0x7ff656bcf221
created by github.com/evanw/esbuild/internal/bundler.(*scanner).maybeParseFile in goroutine 21
	github.com/evanw/esbuild/internal/bundler/bundler.go:1630 +0xd85

goroutine 1174 gp=0xc00046a700 m=nil [chan receive]:
runtime.gopark(0x46?, 0xc0003d2c00?, 0x46?, 0x9?, 0xc00420d4c8?)
	runtime/proc.go:460 +0xce fp=0xc00420d478 sp=0xc00420d458 pc=0x7ff656bc72ce
runtime.chanrecv(0xc000373dc0, 0xc00420d550, 0x1)
	runtime/chan.go:667 +0x473 fp=0xc00420d4f0 sp=0xc00420d478 pc=0x7ff656b5e593
runtime.chanrecv1(0x7ff65714d260?, 0xc003ecdad0?)
	runtime/chan.go:509 +0x12 fp=0xc00420d518 sp=0xc00420d4f0 pc=0x7ff656b5e0f2
main.(*serviceType).sendRequest(0xc000181890, {0x7ff65714d260, 0xc003ecdad0})
	github.com/evanw/esbuild/cmd/esbuild/service.go:192 +0x12b fp=0xc00420d588 sp=0xc00420d518 pc=0x7ff65706fb6b
main.(*serviceType).convertPlugins.func2.4({{0xc0036f1d00, 0x75}, {0x7ff6571cd3af, 0x4}, {0x0, 0x0}, {0x0, 0x0}, 0x0})
	github.com/evanw/esbuild/cmd/esbuild/service.go:1088 +0x836 fp=0xc00420d808 sp=0xc00420d588 pc=0x7ff657078356
github.com/evanw/esbuild/pkg/api.(*pluginImpl).onLoad.func1({{0x0, 0x0}, {{0xc0036f1d00, 0x75}, {0x7ff6571cd3af, 0x4}, 
{0x0, 0x0}, {{0x0, 0x0}}, ...}})
	github.com/evanw/esbuild/pkg/api/api_impl.go:2014 +0x190 fp=0xc00420da70 sp=0xc00420d808 pc=0x7ff657036ad0
github.com/evanw/esbuild/internal/bundler.runOnLoadPlugins({0xc000090240?, 0xc0000a62a0?, 0xc0032a9a8d?}, 
{0x7ff6572bce40?, 0xc0000a6360}, 0xc0000901e0, {0xc0000beb60, 0xc0000aa390, 0xc0000aa3a8, 0xc0000a6340, ...}, ...)
	github.com/evanw/esbuild/internal/bundler/bundler.go:1203 +0xcd5 fp=0xc00420de10 sp=0xc00420da70 pc=0x7ff656f82835
github.com/evanw/esbuild/internal/bundler.parseFile({{0x7ff6572bce40, 0xc0000a6360}, {0xc0000beb60, 0xc0000aa390, 
0xc0000aa3a8, 0xc0000a6340, 0x6, 0xc0000a0450}, 0xc0004ae488, 0xc0000901e0, ...})
	github.com/evanw/esbuild/internal/bundler/bundler.go:163 +0x2b5 fp=0xc00420f608 sp=0xc00420de10 pc=0x7ff656f777f5
github.com/evanw/esbuild/internal/bundler.(*scanner).maybeParseFile.gowrap1()
	github.com/evanw/esbuild/internal/bundler/bundler.go:1630 +0x2fa fp=0xc00420ffe0 sp=0xc00420f608 pc=0x7ff656f85a5a
runtime.goexit({})
	runtime/asm_amd64.s:1693 +0x1 fp=0xc00420ffe8 sp=0xc00420ffe0 pc=0x7ff656bcf221
created by github.com/evanw/esbuild/internal/bundler.(*scanner).maybeParseFile in goroutine 21
	github.com/evanw/esbuild/internal/bundler/bundler.go:1630 +0xd85

goroutine 1068 gp=0xc00046b6c0 m=nil [chan send]:
runtime.gopark(0xc00457a410?, 0x7?, 0x98?, 0xdf?, 0xc0000ca080?)
	runtime/proc.go:460 +0xce fp=0xc0031edf08 sp=0xc0031edee8 pc=0x7ff656bc72ce
runtime.chansend(0xc000136000, 0x7ff6572b1690, 0x1, 0x0?)
	runtime/chan.go:283 +0x3cb fp=0xc0031edf78 sp=0xc0031edf08 pc=0x7ff656b5d58b
runtime.chansend1(0xc0000ca080?, 0xc004d9f6d0?)
	runtime/chan.go:161 +0x17 fp=0xc0031edfa8 sp=0xc0031edf78 pc=0x7ff656b5d1b7
github.com/evanw/esbuild/internal/fs.BeforeFileOpen(...)
	github.com/evanw/esbuild/internal/fs/fs.go:245
github.com/evanw/esbuild/internal/fs.(*realFS).kind(0xc0000da080, {0xc004d9f720?, 0x7?}, {0xc002d56370?, 
0xc0031ee0d8?})
	github.com/evanw/esbuild/internal/fs/fs_real.go:413 +0xb3 fp=0xc0031ee048 sp=0xc0031edfa8 pc=0x7ff656c9c793
github.com/evanw/esbuild/internal/fs.(*zipFS).kind(0xc005ff7020?, {0xc004d9f720?, 0x7?}, {0xc002d56370?, 0x43?})
	github.com/evanw/esbuild/internal/fs/fs_zip.go:330 +0x28 fp=0xc0031ee080 sp=0xc0031ee048 pc=0x7ff656c9fa08
github.com/evanw/esbuild/internal/fs.(*Entry).Symlink(0xc003b6fd40, {0x7ff6572bce40?, 0xc0000a6120?})
	github.com/evanw/esbuild/internal/fs/fs.go:47 +0xc3 fp=0xc0031ee0e8 sp=0xc0031ee080 pc=0x7ff656c98143
github.com/evanw/esbuild/internal/resolver.resolverQuery.dirInfoUncached({0xc002b12908?, 0xc004d37540?, 0x0?, 0x4b?}, 
{0xc004d9f6d0, 0x4b})
	github.com/evanw/esbuild/internal/resolver/resolver.go:1601 +0x9ae fp=0xc0031ee3c8 sp=0xc0031ee0e8 pc=0x7ff656f58cae
github.com/evanw/esbuild/internal/resolver.resolverQuery.dirInfoCached({0xc002b12908?, 0xc004d37540?, 0x0?, 0x0?}, 
{0xc004d9f6d0, 0x4b})
	github.com/evanw/esbuild/internal/resolver/resolver.go:1174 +0xee fp=0xc0031ee4d0 sp=0xc0031ee3c8 pc=0x7ff656f5420e
github.com/evanw/esbuild/internal/resolver.resolverQuery.dirInfoUncached({0xc002b12908?, 0xc004d37540?, 0x0?, 0x51?}, 
{0xc00668cb40, 0x51})
	github.com/evanw/esbuild/internal/resolver/resolver.go:1538 +0xe5 fp=0xc0031ee7b0 sp=0xc0031ee4d0 pc=0x7ff656f583e5
github.com/evanw/esbuild/internal/resolver.resolverQuery.dirInfoCached({0xc002b12908?, 0xc004d37540?, 0x0?, 0x78?}, 
{0xc00668cb40, 0x51})
	github.com/evanw/esbuild/internal/resolver/resolver.go:1174 +0xee fp=0xc0031ee8b8 sp=0xc0031ee7b0 pc=0x7ff656f5420e
github.com/evanw/esbuild/internal/resolver.resolverQuery.dirInfoUncached({0xc002b12908?, 0xc004d37540?, 0x0?, 0x56?}, 
{0xc00668cae0, 0x56})
	github.com/evanw/esbuild/internal/resolver/resolver.go:1538 +0xe5 fp=0xc0031eeb98 sp=0xc0031ee8b8 pc=0x7ff656f583e5
github.com/evanw/esbuild/internal/resolver.resolverQuery.dirInfoCached({0xc002b12908?, 0xc004d37540?, 0x0?, 0x40?}, 
{0xc00668cae0, 0x56})
	github.com/evanw/esbuild/internal/resolver/resolver.go:1174 +0xee fp=0xc0031eeca0 sp=0xc0031eeb98 pc=0x7ff656f5420e
github.com/evanw/esbuild/internal/resolver.resolverQuery.finalizeResolve({0xc002b12908?, 0xc004d37540?, 0x0?, 0x0?}, 
0xc00536c120)
	github.com/evanw/esbuild/internal/resolver/resolver.go:842 +0x6f1 fp=0xc0031eee50 sp=0xc0031eeca0 pc=0x7ff656f510d1
github.com/evanw/esbuild/internal/resolver.(*Resolver).Resolve(0xc002b12908, {0xc004b1be40, 0x36}, {0xc005049f10, 
0x63}, 0x1)
	github.com/evanw/esbuild/internal/resolver/resolver.go:572 +0x1a1a fp=0xc0031ef220 sp=0xc0031eee50 pc=0x7ff656f4ca9a
github.com/evanw/esbuild/internal/bundler.RunOnResolvePlugins({_, _, _}, _, {0xc0045e8fc0, 0xc0049e93f8, 0xc0049e9410, 
0xc0049e9428, 0x3, 0xc0045e8f90}, ...)
	github.com/evanw/esbuild/internal/bundler/bundler.go:1154 +0x36a fp=0xc0031ef690 sp=0xc0031ef220 pc=0x7ff656f80e0a
github.com/evanw/esbuild/pkg/api.loadPlugins.func2({0xc005049f10, 0x63}, {{0xc002aae340, 0x10}, {0x0, 0x0}, {0x0, 
0x0}, {0xc004b1be40, 0x36}, ...})
	github.com/evanw/esbuild/pkg/api/api_impl.go:2114 +0x4be fp=0xc0031efd18 sp=0xc0031ef690 pc=0x7ff65703809e
main.(*serviceType).convertPlugins.func2.1(0x14d, 0xc0043884b0)
	github.com/evanw/esbuild/cmd/esbuild/service.go:944 +0x665 fp=0xc0031eff50 sp=0xc0031efd18 pc=0x7ff65707a885
main.(*serviceType).handleIncomingPacket.func4()
	github.com/evanw/esbuild/cmd/esbuild/service.go:262 +0xa4 fp=0xc0031effe0 sp=0xc0031eff50 pc=0x7ff6570740a4
runtime.goexit({})
	runtime/asm_amd64.s:1693 +0x1 fp=0xc0031effe8 sp=0xc0031effe0 pc=0x7ff656bcf221
created by main.(*serviceType).handleIncomingPacket in goroutine 1
	github.com/evanw/esbuild/cmd/esbuild/service.go:257 +0x156e

goroutine 895 gp=0xc00046b880 m=nil [sync.Mutex.Lock]:
runtime.gopark(0x7ff656ba7280?, 0xc0058bb160?, 0xc0?, 0x75?, 0x7ff656f6628f?)
	runtime/proc.go:460 +0xce fp=0xc005fd74e0 sp=0xc005fd74c0 pc=0x7ff656bc72ce
runtime.goparkunlock(...)
	runtime/proc.go:466
runtime.semacquire1(0xc0004ae8d4, 0x0, 0x3, 0x2, 0x16)
	runtime/sema.go:192 +0x22f fp=0xc005fd7548 sp=0xc005fd74e0 pc=0x7ff656ba74ef
internal/sync.runtime_SemacquireMutex(0xc0004ae488?, 0x40?, 0x0?)
	runtime/sema.go:95 +0x25 fp=0xc005fd7580 sp=0xc005fd7548 pc=0x7ff656bc8405
internal/sync.(*Mutex).lockSlow(0xc0004ae8d0)
	internal/sync/mutex.go:149 +0x15d fp=0xc005fd75d0 sp=0xc005fd7580 pc=0x7ff656be59fd
internal/sync.(*Mutex).Lock(...)
	internal/sync/mutex.go:70
sync.(*Mutex).Lock(...)
	sync/mutex.go:46
github.com/evanw/esbuild/internal/resolver.(*Resolver).Resolve(0xc0004ae488, {0xc001d74d20, 0x5e}, {0xc0058bb160, 
0xd}, 0x1)
	github.com/evanw/esbuild/internal/resolver/resolver.go:512 +0xfa5 fp=0xc005fd79a0 sp=0xc005fd75d0 pc=0x7ff656f4c025
github.com/evanw/esbuild/internal/bundler.RunOnResolvePlugins({_, _, _}, _, {0xc0000beb60, 0xc0000aa390, 0xc0000aa3a8, 
0xc0000a6340, 0x6, 0xc0000a0450}, ...)
	github.com/evanw/esbuild/internal/bundler/bundler.go:1154 +0x36a fp=0xc005fd7e10 sp=0xc005fd79a0 pc=0x7ff656f80e0a
github.com/evanw/esbuild/internal/bundler.parseFile({{0x7ff6572bce40, 0xc0000a6360}, {0xc0000beb60, 0xc0000aa390, 
0xc0000aa3a8, 0xc0000a6340, 0x6, 0xc0000a0450}, 0xc0004ae488, 0xc0000901e0, ...})
	github.com/evanw/esbuild/internal/bundler/bundler.go:554 +0x3610 fp=0xc005fd9608 sp=0xc005fd7e10 pc=0x7ff656f7ab50
github.com/evanw/esbuild/internal/bundler.(*scanner).maybeParseFile.gowrap1()
	github.com/evanw/esbuild/internal/bundler/bundler.go:1630 +0x2fa fp=0xc005fd9fe0 sp=0xc005fd9608 pc=0x7ff656f85a5a
runtime.goexit({})
	runtime/asm_amd64.s:1693 +0x1 fp=0xc005fd9fe8 sp=0xc005fd9fe0 pc=0x7ff656bcf221
created by github.com/evanw/esbuild/internal/bundler.(*scanner).maybeParseFile in goroutine 21
	github.com/evanw/esbuild/internal/bundler/bundler.go:1630 +0xd85

goroutine 1125 gp=0xc000307500 m=nil [chan receive]:
runtime.gopark(0x1f?, 0xc001964ea0?, 0x1f?, 0x6f?, 0xc0030274c8?)
	runtime/proc.go:460 +0xce fp=0xc003027478 sp=0xc003027458 pc=0x7ff656bc72ce
runtime.chanrecv(0xc00400c930, 0xc003027550, 0x1)
	runtime/chan.go:667 +0x473 fp=0xc0030274f0 sp=0xc003027478 pc=0x7ff656b5e593
runtime.chanrecv1(0x7ff65714d260?, 0xc0028d5410?)
	runtime/chan.go:509 +0x12 fp=0xc003027518 sp=0xc0030274f0 pc=0x7ff656b5e0f2
main.(*serviceType).sendRequest(0xc000181890, {0x7ff65714d260, 0xc0028d5410})
	github.com/evanw/esbuild/cmd/esbuild/service.go:192 +0x12b fp=0xc003027588 sp=0xc003027518 pc=0x7ff65706fb6b
main.(*serviceType).convertPlugins.func2.4({{0xc0028b3260, 0x63}, {0x7ff6571cd3af, 0x4}, {0x0, 0x0}, {0x0, 0x0}, 0x0})
	github.com/evanw/esbuild/cmd/esbuild/service.go:1088 +0x836 fp=0xc003027808 sp=0xc003027588 pc=0x7ff657078356
github.com/evanw/esbuild/pkg/api.(*pluginImpl).onLoad.func1({{0x0, 0x0}, {{0xc0028b3260, 0x63}, {0x7ff6571cd3af, 0x4}, 
{0x0, 0x0}, {{0x0, 0x0}}, ...}})
	github.com/evanw/esbuild/pkg/api/api_impl.go:2014 +0x190 fp=0xc003027a70 sp=0xc003027808 pc=0x7ff657036ad0
github.com/evanw/esbuild/internal/bundler.runOnLoadPlugins({0xc000090240?, 0x22203a746f672074?, 0x65756c6176202b20?}, 
{0x7ff6572bce40?, 0xc0000a6360}, 0xc0000901e0, {0xc0000beb60, 0xc0000aa390, 0xc0000aa3a8, 0xc0000a6340, ...}, ...)
	github.com/evanw/esbuild/internal/bundler/bundler.go:1203 +0xcd5 fp=0xc003027e10 sp=0xc003027a70 pc=0x7ff656f82835
github.com/evanw/esbuild/internal/bundler.parseFile({{0x7ff6572bce40, 0xc0000a6360}, {0xc0000beb60, 0xc0000aa390, 
0xc0000aa3a8, 0xc0000a6340, 0x6, 0xc0000a0450}, 0xc0004ae488, 0xc0000901e0, ...})
	github.com/evanw/esbuild/internal/bundler/bundler.go:163 +0x2b5 fp=0xc003029608 sp=0xc003027e10 pc=0x7ff656f777f5
github.com/evanw/esbuild/internal/bundler.(*scanner).maybeParseFile.gowrap1()
	github.com/evanw/esbuild/internal/bundler/bundler.go:1630 +0x2fa fp=0xc003029fe0 sp=0xc003029608 pc=0x7ff656f85a5a
runtime.goexit({})
	runtime/asm_amd64.s:1693 +0x1 fp=0xc003029fe8 sp=0xc003029fe0 pc=0x7ff656bcf221
created by github.com/evanw/esbuild/internal/bundler.(*scanner).maybeParseFile in goroutine 21
	github.com/evanw/esbuild/internal/bundler/bundler.go:1630 +0xd85

goroutine 1234 gp=0xc000307a40 m=nil [chan receive]:
runtime.gopark(0xc001964b40?, 0x2000000000070?, 0x7c?, 0xfb?, 0x20b0ba20108?)
	runtime/proc.go:460 +0xce fp=0xc0053a7478 sp=0xc0053a7458 pc=0x7ff656bc72ce
runtime.chanrecv(0xc0050496c0, 0xc0053a7550, 0x1)
	runtime/chan.go:667 +0x473 fp=0xc0053a74f0 sp=0xc0053a7478 pc=0x7ff656b5e593
runtime.chanrecv1(0x7ff65714d260?, 0xc00421ac60?)
	runtime/chan.go:509 +0x12 fp=0xc0053a7518 sp=0xc0053a74f0 pc=0x7ff656b5e0f2
main.(*serviceType).sendRequest(0xc000181890, {0x7ff65714d260, 0xc00421ac60})
	github.com/evanw/esbuild/cmd/esbuild/service.go:192 +0x12b fp=0xc0053a7588 sp=0xc0053a7518 pc=0x7ff65706fb6b
main.(*serviceType).convertPlugins.func2.4({{0xc000033d00, 0x7e}, {0x7ff6571cd3af, 0x4}, {0x0, 0x0}, {0x0, 0x0}, 0x0})
	github.com/evanw/esbuild/cmd/esbuild/service.go:1088 +0x836 fp=0xc0053a7808 sp=0xc0053a7588 pc=0x7ff657078356
github.com/evanw/esbuild/pkg/api.(*pluginImpl).onLoad.func1({{0x0, 0x0}, {{0xc000033d00, 0x7e}, {0x7ff6571cd3af, 0x4}, 
{0x0, 0x0}, {{0x0, 0x0}}, ...}})
	github.com/evanw/esbuild/pkg/api/api_impl.go:2014 +0x190 fp=0xc0053a7a70 sp=0xc0053a7808 pc=0x7ff657036ad0
github.com/evanw/esbuild/internal/bundler.runOnLoadPlugins({0xc000090240?, 0x0?, 0x0?}, {0x7ff6572bce40?, 
0xc0000a6360}, 0xc0000901e0, {0xc0000beb60, 0xc0000aa390, 0xc0000aa3a8, 0xc0000a6340, ...}, ...)
	github.com/evanw/esbuild/internal/bundler/bundler.go:1203 +0xcd5 fp=0xc0053a7e10 sp=0xc0053a7a70 pc=0x7ff656f82835
github.com/evanw/esbuild/internal/bundler.parseFile({{0x7ff6572bce40, 0xc0000a6360}, {0xc0000beb60, 0xc0000aa390, 
0xc0000aa3a8, 0xc0000a6340, 0x6, 0xc0000a0450}, 0xc0004ae488, 0xc0000901e0, ...})
	github.com/evanw/esbuild/internal/bundler/bundler.go:163 +0x2b5 fp=0xc0053a9608 sp=0xc0053a7e10 pc=0x7ff656f777f5
github.com/evanw/esbuild/internal/bundler.(*scanner).maybeParseFile.gowrap1()
	github.com/evanw/esbuild/internal/bundler/bundler.go:1630 +0x2fa fp=0xc0053a9fe0 sp=0xc0053a9608 pc=0x7ff656f85a5a
runtime.goexit({})
	runtime/asm_amd64.s:1693 +0x1 fp=0xc0053a9fe8 sp=0xc0053a9fe0 pc=0x7ff656bcf221
created by github.com/evanw/esbuild/internal/bundler.(*scanner).maybeParseFile in goroutine 21
	github.com/evanw/esbuild/internal/bundler/bundler.go:1630 +0xd85

goroutine 1405 gp=0xc0002048c0 m=nil [chan receive]:
runtime.gopark(0x56?, 0xc001964ea0?, 0xd6?, 0xc1?, 0xc0051c74c8?)
	runtime/proc.go:460 +0xce fp=0xc0051c7478 sp=0xc0051c7458 pc=0x7ff656bc72ce
runtime.chanrecv(0xc002140e70, 0xc0051c7550, 0x1)
	runtime/chan.go:667 +0x473 fp=0xc0051c74f0 sp=0xc0051c7478 pc=0x7ff656b5e593
runtime.chanrecv1(0x7ff65714d260?, 0xc0039e9e00?)
	runtime/chan.go:509 +0x12 fp=0xc0051c7518 sp=0xc0051c74f0 pc=0x7ff656b5e0f2
main.(*serviceType).sendRequest(0xc000181890, {0x7ff65714d260, 0xc0039e9e00})
	github.com/evanw/esbuild/cmd/esbuild/service.go:192 +0x12b fp=0xc0051c7588 sp=0xc0051c7518 pc=0x7ff65706fb6b
main.(*serviceType).convertPlugins.func2.4({{0xc00484c380, 0x74}, {0x7ff6571cd3af, 0x4}, {0x0, 0x0}, {0x0, 0x0}, 0x0})
	github.com/evanw/esbuild/cmd/esbuild/service.go:1088 +0x836 fp=0xc0051c7808 sp=0xc0051c7588 pc=0x7ff657078356
github.com/evanw/esbuild/pkg/api.(*pluginImpl).onLoad.func1({{0x0, 0x0}, {{0xc00484c380, 0x74}, {0x7ff6571cd3af, 0x4}, 
{0x0, 0x0}, {{0x0, 0x0}}, ...}})
	github.com/evanw/esbuild/pkg/api/api_impl.go:2014 +0x190 fp=0xc0051c7a70 sp=0xc0051c7808 pc=0x7ff657036ad0
github.com/evanw/esbuild/internal/bundler.runOnLoadPlugins({0xc000090240?, 0x0?, 0x0?}, {0x7ff6572bce40?, 
0xc0000a6360}, 0xc0000901e0, {0xc0000beb60, 0xc0000aa390, 0xc0000aa3a8, 0xc0000a6340, ...}, ...)
	github.com/evanw/esbuild/internal/bundler/bundler.go:1203 +0xcd5 fp=0xc0051c7e10 sp=0xc0051c7a70 pc=0x7ff656f82835
github.com/evanw/esbuild/internal/bundler.parseFile({{0x7ff6572bce40, 0xc0000a6360}, {0xc0000beb60, 0xc0000aa390, 
0xc0000aa3a8, 0xc0000a6340, 0x6, 0xc0000a0450}, 0xc0004ae488, 0xc0000901e0, ...})
	github.com/evanw/esbuild/internal/bundler/bundler.go:163 +0x2b5 fp=0xc0051c9608 sp=0xc0051c7e10 pc=0x7ff656f777f5
github.com/evanw/esbuild/internal/bundler.(*scanner).maybeParseFile.gowrap1()
	github.com/evanw/esbuild/internal/bundler/bundler.go:1630 +0x2fa fp=0xc0051c9fe0 sp=0xc0051c9608 pc=0x7ff656f85a5a
runtime.goexit({})
	runtime/asm_amd64.s:1693 +0x1 fp=0xc0051c9fe8 sp=0xc0051c9fe0 pc=0x7ff656bcf221
created by github.com/evanw/esbuild/internal/bundler.(*scanner).maybeParseFile in goroutine 21
	github.com/evanw/esbuild/internal/bundler/bundler.go:1630 +0xd85

goroutine 1411 gp=0xc000858000 m=nil [chan receive]:
runtime.gopark(0xc0007ce060?, 0x2000000000070?, 0xa3?, 0x89?, 0x20b0ba20ed0?)
	runtime/proc.go:460 +0xce fp=0xc0009cd478 sp=0xc0009cd458 pc=0x7ff656bc72ce
runtime.chanrecv(0xc003288770, 0xc0009cd550, 0x1)
	runtime/chan.go:667 +0x473 fp=0xc0009cd4f0 sp=0xc0009cd478 pc=0x7ff656b5e593
runtime.chanrecv1(0x7ff65714d260?, 0xc002d764b0?)
	runtime/chan.go:509 +0x12 fp=0xc0009cd518 sp=0xc0009cd4f0 pc=0x7ff656b5e0f2
main.(*serviceType).sendRequest(0xc000181890, {0x7ff65714d260, 0xc002d764b0})
	github.com/evanw/esbuild/cmd/esbuild/service.go:192 +0x12b fp=0xc0009cd588 sp=0xc0009cd518 pc=0x7ff65706fb6b
main.(*serviceType).convertPlugins.func2.4({{0xc0055f0480, 0x7e}, {0x7ff6571cd3af, 0x4}, {0x0, 0x0}, {0x0, 0x0}, 0x0})
	github.com/evanw/esbuild/cmd/esbuild/service.go:1088 +0x836 fp=0xc0009cd808 sp=0xc0009cd588 pc=0x7ff657078356
github.com/evanw/esbuild/pkg/api.(*pluginImpl).onLoad.func1({{0x0, 0x0}, {{0xc0055f0480, 0x7e}, {0x7ff6571cd3af, 0x4}, 
{0x0, 0x0}, {{0x0, 0x0}}, ...}})
	github.com/evanw/esbuild/pkg/api/api_impl.go:2014 +0x190 fp=0xc0009cda70 sp=0xc0009cd808 pc=0x7ff657036ad0
github.com/evanw/esbuild/internal/bundler.runOnLoadPlugins({0xc000090240?, 0x36271da60a?, 0x1b010e1500?}, 
{0x7ff6572bce40?, 0xc0000a6360}, 0xc0000901e0, {0xc0000beb60, 0xc0000aa390, 0xc0000aa3a8, 0xc0000a6340, ...}, ...)
	github.com/evanw/esbuild/internal/bundler/bundler.go:1203 +0xcd5 fp=0xc0009cde10 sp=0xc0009cda70 pc=0x7ff656f82835
github.com/evanw/esbuild/internal/bundler.parseFile({{0x7ff6572bce40, 0xc0000a6360}, {0xc0000beb60, 0xc0000aa390, 
0xc0000aa3a8, 0xc0000a6340, 0x6, 0xc0000a0450}, 0xc0004ae488, 0xc0000901e0, ...})
	github.com/evanw/esbuild/internal/bundler/bundler.go:163 +0x2b5 fp=0xc0009cf608 sp=0xc0009cde10 pc=0x7ff656f777f5
github.com/evanw/esbuild/internal/bundler.(*scanner).maybeParseFile.gowrap1()
	github.com/evanw/esbuild/internal/bundler/bundler.go:1630 +0x2fa fp=0xc0009cffe0 sp=0xc0009cf608 pc=0x7ff656f85a5a
runtime.goexit({})
	runtime/asm_amd64.s:1693 +0x1 fp=0xc0009cffe8 sp=0xc0009cffe0 pc=0x7ff656bcf221
created by github.com/evanw/esbuild/internal/bundler.(*scanner).maybeParseFile in goroutine 21
	github.com/evanw/esbuild/internal/bundler/bundler.go:1630 +0xd85

goroutine 1124 gp=0xc000205340 m=nil [chan receive]:
runtime.gopark(0x22?, 0xc001964ea0?, 0x22?, 0x74?, 0xc00302f4c8?)
	runtime/proc.go:460 +0xce fp=0xc00302f478 sp=0xc00302f458 pc=0x7ff656bc72ce
runtime.chanrecv(0xc00400ca10, 0xc00302f550, 0x1)
	runtime/chan.go:667 +0x473 fp=0xc00302f4f0 sp=0xc00302f478 pc=0x7ff656b5e593
runtime.chanrecv1(0x7ff65714d260?, 0xc0028d5620?)
	runtime/chan.go:509 +0x12 fp=0xc00302f518 sp=0xc00302f4f0 pc=0x7ff656b5e0f2
main.(*serviceType).sendRequest(0xc000181890, {0x7ff65714d260, 0xc0028d5620})
	github.com/evanw/esbuild/cmd/esbuild/service.go:192 +0x12b fp=0xc00302f588 sp=0xc00302f518 pc=0x7ff65706fb6b
main.(*serviceType).convertPlugins.func2.4({{0xc0028b2ee0, 0x6b}, {0x7ff6571cd3af, 0x4}, {0x0, 0x0}, {0x0, 0x0}, 0x0})
	github.com/evanw/esbuild/cmd/esbuild/service.go:1088 +0x836 fp=0xc00302f808 sp=0xc00302f588 pc=0x7ff657078356
github.com/evanw/esbuild/pkg/api.(*pluginImpl).onLoad.func1({{0x0, 0x0}, {{0xc0028b2ee0, 0x6b}, {0x7ff6571cd3af, 0x4}, 
{0x0, 0x0}, {{0x0, 0x0}}, ...}})
	github.com/evanw/esbuild/pkg/api/api_impl.go:2014 +0x190 fp=0xc00302fa70 sp=0xc00302f808 pc=0x7ff657036ad0
github.com/evanw/esbuild/internal/bundler.runOnLoadPlugins({0xc000090240?, 0x7865646e49657669?, 0x727420200a3b2928?}, 
{0x7ff6572bce40?, 0xc0000a6360}, 0xc0000901e0, {0xc0000beb60, 0xc0000aa390, 0xc0000aa3a8, 0xc0000a6340, ...}, ...)
	github.com/evanw/esbuild/internal/bundler/bundler.go:1203 +0xcd5 fp=0xc00302fe10 sp=0xc00302fa70 pc=0x7ff656f82835
github.com/evanw/esbuild/internal/bundler.parseFile({{0x7ff6572bce40, 0xc0000a6360}, {0xc0000beb60, 0xc0000aa390, 
0xc0000aa3a8, 0xc0000a6340, 0x6, 0xc0000a0450}, 0xc0004ae488, 0xc0000901e0, ...})
	github.com/evanw/esbuild/internal/bundler/bundler.go:163 +0x2b5 fp=0xc003031608 sp=0xc00302fe10 pc=0x7ff656f777f5
github.com/evanw/esbuild/internal/bundler.(*scanner).maybeParseFile.gowrap1()
	github.com/evanw/esbuild/internal/bundler/bundler.go:1630 +0x2fa fp=0xc003031fe0 sp=0xc003031608 pc=0x7ff656f85a5a
runtime.goexit({})
	runtime/asm_amd64.s:1693 +0x1 fp=0xc003031fe8 sp=0xc003031fe0 pc=0x7ff656bcf221
created by github.com/evanw/esbuild/internal/bundler.(*scanner).maybeParseFile in goroutine 21
	github.com/evanw/esbuild/internal/bundler/bundler.go:1630 +0xd85

goroutine 1179 gp=0xc000858a80 m=nil [sync.Mutex.Lock]:
runtime.gopark(0x73?, 0xc0065d4bb0?, 0xc0?, 0xd5?, 0x7ff656f6628f?)
	runtime/proc.go:460 +0xce fp=0xc006a2d4e0 sp=0xc006a2d4c0 pc=0x7ff656bc72ce
runtime.goparkunlock(...)
	runtime/proc.go:466
runtime.semacquire1(0xc0004ae8d4, 0x0, 0x3, 0x2, 0x16)
	runtime/sema.go:192 +0x22f fp=0xc006a2d548 sp=0xc006a2d4e0 pc=0x7ff656ba74ef
internal/sync.runtime_SemacquireMutex(0xc0004ae488?, 0x50?, 0x0?)
	runtime/sema.go:95 +0x25 fp=0xc006a2d580 sp=0xc006a2d548 pc=0x7ff656bc8405
internal/sync.(*Mutex).lockSlow(0xc0004ae8d0)
	internal/sync/mutex.go:149 +0x15d fp=0xc006a2d5d0 sp=0xc006a2d580 pc=0x7ff656be59fd
internal/sync.(*Mutex).Lock(...)
	internal/sync/mutex.go:70
sync.(*Mutex).Lock(...)
	sync/mutex.go:46
github.com/evanw/esbuild/internal/resolver.(*Resolver).Resolve(0xc0004ae488, {0xc006554300, 0x59}, {0xc0065d4bb0, 
0xd}, 0x1)
	github.com/evanw/esbuild/internal/resolver/resolver.go:512 +0xfa5 fp=0xc006a2d9a0 sp=0xc006a2d5d0 pc=0x7ff656f4c025
github.com/evanw/esbuild/internal/bundler.RunOnResolvePlugins({_, _, _}, _, {0xc0000beb60, 0xc0000aa390, 0xc0000aa3a8, 
0xc0000a6340, 0x6, 0xc0000a0450}, ...)
	github.com/evanw/esbuild/internal/bundler/bundler.go:1154 +0x36a fp=0xc006a2de10 sp=0xc006a2d9a0 pc=0x7ff656f80e0a
github.com/evanw/esbuild/internal/bundler.parseFile({{0x7ff6572bce40, 0xc0000a6360}, {0xc0000beb60, 0xc0000aa390, 
0xc0000aa3a8, 0xc0000a6340, 0x6, 0xc0000a0450}, 0xc0004ae488, 0xc0000901e0, ...})
	github.com/evanw/esbuild/internal/bundler/bundler.go:554 +0x3610 fp=0xc006a2f608 sp=0xc006a2de10 pc=0x7ff656f7ab50
github.com/evanw/esbuild/internal/bundler.(*scanner).maybeParseFile.gowrap1()
	github.com/evanw/esbuild/internal/bundler/bundler.go:1630 +0x2fa fp=0xc006a2ffe0 sp=0xc006a2f608 pc=0x7ff656f85a5a
runtime.goexit({})
	runtime/asm_amd64.s:1693 +0x1 fp=0xc006a2ffe8 sp=0xc006a2ffe0 pc=0x7ff656bcf221
created by github.com/evanw/esbuild/internal/bundler.(*scanner).maybeParseFile in goroutine 21
	github.com/evanw/esbuild/internal/bundler/bundler.go:1630 +0xd85

goroutine 1402 gp=0xc000205880 m=nil [chan receive]:
runtime.gopark(0xc0013c27e0?, 0x2000000000070?, 0x15?, 0x30?, 0x20b0ba23390?)
	runtime/proc.go:460 +0xce fp=0xc005785478 sp=0xc005785458 pc=0x7ff656bc72ce
runtime.chanrecv(0xc005049490, 0xc005785550, 0x1)
	runtime/chan.go:667 +0x473 fp=0xc0057854f0 sp=0xc005785478 pc=0x7ff656b5e593
runtime.chanrecv1(0x7ff65714d260?, 0xc0050581e0?)
	runtime/chan.go:509 +0x12 fp=0xc005785518 sp=0xc0057854f0 pc=0x7ff656b5e0f2
main.(*serviceType).sendRequest(0xc000181890, {0x7ff65714d260, 0xc0050581e0})
	github.com/evanw/esbuild/cmd/esbuild/service.go:192 +0x12b fp=0xc005785588 sp=0xc005785518 pc=0x7ff65706fb6b
main.(*serviceType).convertPlugins.func2.4({{0xc004eb9c80, 0x71}, {0x7ff6571cd3af, 0x4}, {0x0, 0x0}, {0x0, 0x0}, 0x0})
	github.com/evanw/esbuild/cmd/esbuild/service.go:1088 +0x836 fp=0xc005785808 sp=0xc005785588 pc=0x7ff657078356
github.com/evanw/esbuild/pkg/api.(*pluginImpl).onLoad.func1({{0x0, 0x0}, {{0xc004eb9c80, 0x71}, {0x7ff6571cd3af, 0x4}, 
{0x0, 0x0}, {{0x0, 0x0}}, ...}})
	github.com/evanw/esbuild/pkg/api/api_impl.go:2014 +0x190 fp=0xc005785a70 sp=0xc005785808 pc=0x7ff657036ad0
github.com/evanw/esbuild/internal/bundler.runOnLoadPlugins({0xc000090240?, 0x0?, 0x0?}, {0x7ff6572bce40?, 
0xc0000a6360}, 0xc0000901e0, {0xc0000beb60, 0xc0000aa390, 0xc0000aa3a8, 0xc0000a6340, ...}, ...)
	github.com/evanw/esbuild/internal/bundler/bundler.go:1203 +0xcd5 fp=0xc005785e10 sp=0xc005785a70 pc=0x7ff656f82835
github.com/evanw/esbuild/internal/bundler.parseFile({{0x7ff6572bce40, 0xc0000a6360}, {0xc0000beb60, 0xc0000aa390, 
0xc0000aa3a8, 0xc0000a6340, 0x6, 0xc0000a0450}, 0xc0004ae488, 0xc0000901e0, ...})
	github.com/evanw/esbuild/internal/bundler/bundler.go:163 +0x2b5 fp=0xc005787608 sp=0xc005785e10 pc=0x7ff656f777f5
github.com/evanw/esbuild/internal/bundler.(*scanner).maybeParseFile.gowrap1()
	github.com/evanw/esbuild/internal/bundler/bundler.go:1630 +0x2fa fp=0xc005787fe0 sp=0xc005787608 pc=0x7ff656f85a5a
runtime.goexit({})
	runtime/asm_amd64.s:1693 +0x1 fp=0xc005787fe8 sp=0xc005787fe0 pc=0x7ff656bcf221
created by github.com/evanw/esbuild/internal/bundler.(*scanner).maybeParseFile in goroutine 21
	github.com/evanw/esbuild/internal/bundler/bundler.go:1630 +0xd85

goroutine 1069 gp=0xc000205a40 m=nil [runnable]:
runtime.gopark(0xc004d9fae0?, 0xc005d9d950?, 0xd0?, 0x9f?, 0x7ff656f59bde?)
	runtime/proc.go:460 +0xce fp=0xc0031f9ce0 sp=0xc0031f9cc0 pc=0x7ff656bc72ce
runtime.chansend(0xc000136000, 0x7ff6572b1690, 0x1, 0x7ff656c308a5?)
	runtime/chan.go:283 +0x3cb fp=0xc0031f9d50 sp=0xc0031f9ce0 pc=0x7ff656b5d58b
runtime.chansend1(0xc0031f9de0?, 0x7ff656b660f4?)
	runtime/chan.go:161 +0x17 fp=0xc0031f9d80 sp=0xc0031f9d50 pc=0x7ff656b5d1b7
github.com/evanw/esbuild/internal/fs.BeforeFileOpen(...)
	github.com/evanw/esbuild/internal/fs/fs.go:245
github.com/evanw/esbuild/internal/fs.(*realFS).readdir(0xc0000da080, {0xc004d9fa90, 0x4c})
	github.com/evanw/esbuild/internal/fs/fs_real.go:351 +0x6c fp=0xc0031f9e18 sp=0xc0031f9d80 pc=0x7ff656c9c32c
github.com/evanw/esbuild/internal/fs.(*realFS).ReadDirectory(0xc0000da080, {0xc004d9fa90, 0x4c})
	github.com/evanw/esbuild/internal/fs/fs_real.go:146 +0x177 fp=0xc0031f9fa8 sp=0xc0031f9e18 pc=0x7ff656c9a637
github.com/evanw/esbuild/internal/fs.(*zipFS).ReadDirectory(0xc0000a6120, {0xc004d9fa90, 0x4c})
	github.com/evanw/esbuild/internal/fs/fs_zip.go:188 +0xbf fp=0xc0031fa0e8 sp=0xc0031f9fa8 pc=0x7ff656c9e7df
github.com/evanw/esbuild/internal/resolver.resolverQuery.dirInfoUncached({0xc002b12d88?, 0xc005d67c70?, 0x0?, 0x4c?}, 
{0xc004d9fa90, 0x4c})
	github.com/evanw/esbuild/internal/resolver/resolver.go:1547 +0x11b fp=0xc0031fa3c8 sp=0xc0031fa0e8 pc=0x7ff656f5841b
github.com/evanw/esbuild/internal/resolver.resolverQuery.dirInfoCached({0xc002b12d88?, 0xc005d67c70?, 0x0?, 0x0?}, 
{0xc004d9fa90, 0x4c})
	github.com/evanw/esbuild/internal/resolver/resolver.go:1174 +0xee fp=0xc0031fa4d0 sp=0xc0031fa3c8 pc=0x7ff656f5420e
github.com/evanw/esbuild/internal/resolver.resolverQuery.dirInfoUncached({0xc002b12d88?, 0xc005d67c70?, 0x0?, 0x51?}, 
{0xc00668cc00, 0x51})
	github.com/evanw/esbuild/internal/resolver/resolver.go:1538 +0xe5 fp=0xc0031fa7b0 sp=0xc0031fa4d0 pc=0x7ff656f583e5
github.com/evanw/esbuild/internal/resolver.resolverQuery.dirInfoCached({0xc002b12d88?, 0xc005d67c70?, 0x0?, 0x78?}, 
{0xc00668cc00, 0x51})
	github.com/evanw/esbuild/internal/resolver/resolver.go:1174 +0xee fp=0xc0031fa8b8 sp=0xc0031fa7b0 pc=0x7ff656f5420e
github.com/evanw/esbuild/internal/resolver.resolverQuery.dirInfoUncached({0xc002b12d88?, 0xc005d67c70?, 0x0?, 0x58?}, 
{0xc00668cba0, 0x58})
	github.com/evanw/esbuild/internal/resolver/resolver.go:1538 +0xe5 fp=0xc0031fab98 sp=0xc0031fa8b8 pc=0x7ff656f583e5
github.com/evanw/esbuild/internal/resolver.resolverQuery.dirInfoCached({0xc002b12d88?, 0xc005d67c70?, 0x0?, 0x70?}, 
{0xc00668cba0, 0x58})
	github.com/evanw/esbuild/internal/resolver/resolver.go:1174 +0xee fp=0xc0031faca0 sp=0xc0031fab98 pc=0x7ff656f5420e
github.com/evanw/esbuild/internal/resolver.resolverQuery.finalizeResolve({0xc002b12d88?, 0xc005d67c70?, 0x0?, 0x0?}, 
0xc00536c240)
	github.com/evanw/esbuild/internal/resolver/resolver.go:842 +0x6f1 fp=0xc0031fae50 sp=0xc0031faca0 pc=0x7ff656f510d1
github.com/evanw/esbuild/internal/resolver.(*Resolver).Resolve(0xc002b12d88, {0xc004b1be80, 0x36}, {0xc005049f80, 
0x6b}, 0x1)
	github.com/evanw/esbuild/internal/resolver/resolver.go:572 +0x1a1a fp=0xc0031fb220 sp=0xc0031fae50 pc=0x7ff656f4ca9a
github.com/evanw/esbuild/internal/bundler.RunOnResolvePlugins({_, _, _}, _, {0xc0045e9380, 0xc0049e9458, 0xc0049e9470, 
0xc0049e9488, 0x3, 0xc0045e9320}, ...)
	github.com/evanw/esbuild/internal/bundler/bundler.go:1154 +0x36a fp=0xc0031fb690 sp=0xc0031fb220 pc=0x7ff656f80e0a
github.com/evanw/esbuild/pkg/api.loadPlugins.func2({0xc005049f80, 0x6b}, {{0xc002aae3a0, 0x10}, {0x0, 0x0}, {0x0, 
0x0}, {0xc004b1be80, 0x36}, ...})
	github.com/evanw/esbuild/pkg/api/api_impl.go:2114 +0x4be fp=0xc0031fbd18 sp=0xc0031fb690 pc=0x7ff65703809e
main.(*serviceType).convertPlugins.func2.1(0x14e, 0xc004388510)
	github.com/evanw/esbuild/cmd/esbuild/service.go:944 +0x665 fp=0xc0031fbf50 sp=0xc0031fbd18 pc=0x7ff65707a885
main.(*serviceType).handleIncomingPacket.func4()
	github.com/evanw/esbuild/cmd/esbuild/service.go:262 +0xa4 fp=0xc0031fbfe0 sp=0xc0031fbf50 pc=0x7ff6570740a4
runtime.goexit({})
	runtime/asm_amd64.s:1693 +0x1 fp=0xc0031fbfe8 sp=0xc0031fbfe0 pc=0x7ff656bcf221
created by main.(*serviceType).handleIncomingPacket in goroutine 1
	github.com/evanw/esbuild/cmd/esbuild/service.go:257 +0x156e

goroutine 1242 gp=0xc000205c00 m=nil [chan receive]:
runtime.gopark(0xc001880a80?, 0x2000000000070?, 0x7b?, 0xcf?, 0x20b0ba20a38?)
	runtime/proc.go:460 +0xce fp=0xc002971478 sp=0xc002971458 pc=0x7ff656bc72ce
runtime.chanrecv(0xc00203fb20, 0xc002971550, 0x1)
	runtime/chan.go:667 +0x473 fp=0xc0029714f0 sp=0xc002971478 pc=0x7ff656b5e593
runtime.chanrecv1(0x7ff65714d260?, 0xc0050b29c0?)
	runtime/chan.go:509 +0x12 fp=0xc002971518 sp=0xc0029714f0 pc=0x7ff656b5e0f2
main.(*serviceType).sendRequest(0xc000181890, {0x7ff65714d260, 0xc0050b29c0})
	github.com/evanw/esbuild/cmd/esbuild/service.go:192 +0x12b fp=0xc002971588 sp=0xc002971518 pc=0x7ff65706fb6b
main.(*serviceType).convertPlugins.func2.4({{0xc001d6e310, 0x6d}, {0x7ff6571cd3af, 0x4}, {0x0, 0x0}, {0x0, 0x0}, 0x0})
	github.com/evanw/esbuild/cmd/esbuild/service.go:1088 +0x836 fp=0xc002971808 sp=0xc002971588 pc=0x7ff657078356
github.com/evanw/esbuild/pkg/api.(*pluginImpl).onLoad.func1({{0x0, 0x0}, {{0xc001d6e310, 0x6d}, {0x7ff6571cd3af, 0x4}, 
{0x0, 0x0}, {{0x0, 0x0}}, ...}})
	github.com/evanw/esbuild/pkg/api/api_impl.go:2014 +0x190 fp=0xc002971a70 sp=0xc002971808 pc=0x7ff657036ad0
github.com/evanw/esbuild/internal/bundler.runOnLoadPlugins({0xc000090240?, 0x0?, 0x0?}, {0x7ff6572bce40?, 
0xc0000a6360}, 0xc0000901e0, {0xc0000beb60, 0xc0000aa390, 0xc0000aa3a8, 0xc0000a6340, ...}, ...)
	github.com/evanw/esbuild/internal/bundler/bundler.go:1203 +0xcd5 fp=0xc002971e10 sp=0xc002971a70 pc=0x7ff656f82835
github.com/evanw/esbuild/internal/bundler.parseFile({{0x7ff6572bce40, 0xc0000a6360}, {0xc0000beb60, 0xc0000aa390, 
0xc0000aa3a8, 0xc0000a6340, 0x6, 0xc0000a0450}, 0xc0004ae488, 0xc0000901e0, ...})
	github.com/evanw/esbuild/internal/bundler/bundler.go:163 +0x2b5 fp=0xc002973608 sp=0xc002971e10 pc=0x7ff656f777f5
github.com/evanw/esbuild/internal/bundler.(*scanner).maybeParseFile.gowrap1()
	github.com/evanw/esbuild/internal/bundler/bundler.go:1630 +0x2fa fp=0xc002973fe0 sp=0xc002973608 pc=0x7ff656f85a5a
runtime.goexit({})
	runtime/asm_amd64.s:1693 +0x1 fp=0xc002973fe8 sp=0xc002973fe0 pc=0x7ff656bcf221
created by github.com/evanw/esbuild/internal/bundler.(*scanner).maybeParseFile in goroutine 21
	github.com/evanw/esbuild/internal/bundler/bundler.go:1630 +0xd85

goroutine 1408 gp=0xc0008ac1c0 m=nil [chan receive]:
runtime.gopark(0xc001384f00?, 0x2000000000070?, 0x83?, 0x15?, 0x20b0ba22130?)
	runtime/proc.go:460 +0xce fp=0xc005193478 sp=0xc005193458 pc=0x7ff656bc72ce
runtime.chanrecv(0xc002b42ee0, 0xc005193550, 0x1)
	runtime/chan.go:667 +0x473 fp=0xc0051934f0 sp=0xc005193478 pc=0x7ff656b5e593
runtime.chanrecv1(0x7ff65714d260?, 0xc004324f90?)
	runtime/chan.go:509 +0x12 fp=0xc005193518 sp=0xc0051934f0 pc=0x7ff656b5e0f2
main.(*serviceType).sendRequest(0xc000181890, {0x7ff65714d260, 0xc004324f90})
	github.com/evanw/esbuild/cmd/esbuild/service.go:192 +0x12b fp=0xc005193588 sp=0xc005193518 pc=0x7ff65706fb6b
main.(*serviceType).convertPlugins.func2.4({{0xc004efcd20, 0x67}, {0x7ff6571cd3af, 0x4}, {0x0, 0x0}, {0x0, 0x0}, 0x0})
	github.com/evanw/esbuild/cmd/esbuild/service.go:1088 +0x836 fp=0xc005193808 sp=0xc005193588 pc=0x7ff657078356
github.com/evanw/esbuild/pkg/api.(*pluginImpl).onLoad.func1({{0x0, 0x0}, {{0xc004efcd20, 0x67}, {0x7ff6571cd3af, 0x4}, 
{0x0, 0x0}, {{0x0, 0x0}}, ...}})
	github.com/evanw/esbuild/pkg/api/api_impl.go:2014 +0x190 fp=0xc005193a70 sp=0xc005193808 pc=0x7ff657036ad0
github.com/evanw/esbuild/internal/bundler.runOnLoadPlugins({0xc000090240?, 0x0?, 0x0?}, {0x7ff6572bce40?, 
0xc0000a6360}, 0xc0000901e0, {0xc0000beb60, 0xc0000aa390, 0xc0000aa3a8, 0xc0000a6340, ...}, ...)
	github.com/evanw/esbuild/internal/bundler/bundler.go:1203 +0xcd5 fp=0xc005193e10 sp=0xc005193a70 pc=0x7ff656f82835
github.com/evanw/esbuild/internal/bundler.parseFile({{0x7ff6572bce40, 0xc0000a6360}, {0xc0000beb60, 0xc0000aa390, 
0xc0000aa3a8, 0xc0000a6340, 0x6, 0xc0000a0450}, 0xc0004ae488, 0xc0000901e0, ...})
	github.com/evanw/esbuild/internal/bundler/bundler.go:163 +0x2b5 fp=0xc005195608 sp=0xc005193e10 pc=0x7ff656f777f5
github.com/evanw/esbuild/internal/bundler.(*scanner).maybeParseFile.gowrap1()
	github.com/evanw/esbuild/internal/bundler/bundler.go:1630 +0x2fa fp=0xc005195fe0 sp=0xc005195608 pc=0x7ff656f85a5a
runtime.goexit({})
	runtime/asm_amd64.s:1693 +0x1 fp=0xc005195fe8 sp=0xc005195fe0 pc=0x7ff656bcf221
created by github.com/evanw/esbuild/internal/bundler.(*scanner).maybeParseFile in goroutine 21
	github.com/evanw/esbuild/internal/bundler/bundler.go:1630 +0xd85

goroutine 1400 gp=0xc0005eefc0 m=nil [chan receive]:
runtime.gopark(0xc000d3b560?, 0x2000000000070?, 0xee?, 0xa0?, 0x20b0ba225c8?)
	runtime/proc.go:460 +0xce fp=0xc00527b478 sp=0xc00527b458 pc=0x7ff656bc72ce
runtime.chanrecv(0xc004047c70, 0xc00527b550, 0x1)
	runtime/chan.go:667 +0x473 fp=0xc00527b4f0 sp=0xc00527b478 pc=0x7ff656b5e593
runtime.chanrecv1(0x7ff65714d260?, 0xc003d6fdd0?)
	runtime/chan.go:509 +0x12 fp=0xc00527b518 sp=0xc00527b4f0 pc=0x7ff656b5e0f2
main.(*serviceType).sendRequest(0xc000181890, {0x7ff65714d260, 0xc003d6fdd0})
	github.com/evanw/esbuild/cmd/esbuild/service.go:192 +0x12b fp=0xc00527b588 sp=0xc00527b518 pc=0x7ff65706fb6b
main.(*serviceType).convertPlugins.func2.4({{0xc002b430a0, 0x6e}, {0x7ff6571cd3af, 0x4}, {0x0, 0x0}, {0x0, 0x0}, 0x0})
	github.com/evanw/esbuild/cmd/esbuild/service.go:1088 +0x836 fp=0xc00527b808 sp=0xc00527b588 pc=0x7ff657078356
github.com/evanw/esbuild/pkg/api.(*pluginImpl).onLoad.func1({{0x0, 0x0}, {{0xc002b430a0, 0x6e}, {0x7ff6571cd3af, 0x4}, 
{0x0, 0x0}, {{0x0, 0x0}}, ...}})
	github.com/evanw/esbuild/pkg/api/api_impl.go:2014 +0x190 fp=0xc00527ba70 sp=0xc00527b808 pc=0x7ff657036ad0
github.com/evanw/esbuild/internal/bundler.runOnLoadPlugins({0xc000090240?, 0x0?, 0x0?}, {0x7ff6572bce40?, 
0xc0000a6360}, 0xc0000901e0, {0xc0000beb60, 0xc0000aa390, 0xc0000aa3a8, 0xc0000a6340, ...}, ...)
	github.com/evanw/esbuild/internal/bundler/bundler.go:1203 +0xcd5 fp=0xc00527be10 sp=0xc00527ba70 pc=0x7ff656f82835
github.com/evanw/esbuild/internal/bundler.parseFile({{0x7ff6572bce40, 0xc0000a6360}, {0xc0000beb60, 0xc0000aa390, 
0xc0000aa3a8, 0xc0000a6340, 0x6, 0xc0000a0450}, 0xc0004ae488, 0xc0000901e0, ...})
	github.com/evanw/esbuild/internal/bundler/bundler.go:163 +0x2b5 fp=0xc00527d608 sp=0xc00527be10 pc=0x7ff656f777f5
github.com/evanw/esbuild/internal/bundler.(*scanner).maybeParseFile.gowrap1()
	github.com/evanw/esbuild/internal/bundler/bundler.go:1630 +0x2fa fp=0xc00527dfe0 sp=0xc00527d608 pc=0x7ff656f85a5a
runtime.goexit({})
	runtime/asm_amd64.s:1693 +0x1 fp=0xc00527dfe8 sp=0xc00527dfe0 pc=0x7ff656bcf221
created by github.com/evanw/esbuild/internal/bundler.(*scanner).maybeParseFile in goroutine 21
	github.com/evanw/esbuild/internal/bundler/bundler.go:1630 +0xd85

goroutine 1619 gp=0xc0005efa40 m=nil [chan receive]:
runtime.gopark(0x50?, 0xc001964ea0?, 0xd0?, 0x1c?, 0xc0029bd4c8?)
	runtime/proc.go:460 +0xce fp=0xc0029bd478 sp=0xc0029bd458 pc=0x7ff656bc72ce
runtime.chanrecv(0xc003034620, 0xc0029bd550, 0x1)
	runtime/chan.go:667 +0x473 fp=0xc0029bd4f0 sp=0xc0029bd478 pc=0x7ff656b5e593
runtime.chanrecv1(0x7ff65714d260?, 0xc00444cab0?)
	runtime/chan.go:509 +0x12 fp=0xc0029bd518 sp=0xc0029bd4f0 pc=0x7ff656b5e0f2
main.(*serviceType).sendRequest(0xc000181890, {0x7ff65714d260, 0xc00444cab0})
	github.com/evanw/esbuild/cmd/esbuild/service.go:192 +0x12b fp=0xc0029bd588 sp=0xc0029bd518 pc=0x7ff65706fb6b
main.(*serviceType).convertPlugins.func2.4({{0xc004d5a2d0, 0x83}, {0x7ff6571cd3af, 0x4}, {0x0, 0x0}, {0x0, 0x0}, 0x0})
	github.com/evanw/esbuild/cmd/esbuild/service.go:1088 +0x836 fp=0xc0029bd808 sp=0xc0029bd588 pc=0x7ff657078356
github.com/evanw/esbuild/pkg/api.(*pluginImpl).onLoad.func1({{0x0, 0x0}, {{0xc004d5a2d0, 0x83}, {0x7ff6571cd3af, 0x4}, 
{0x0, 0x0}, {{0x0, 0x0}}, ...}})
	github.com/evanw/esbuild/pkg/api/api_impl.go:2014 +0x190 fp=0xc0029bda70 sp=0xc0029bd808 pc=0x7ff657036ad0
github.com/evanw/esbuild/internal/bundler.runOnLoadPlugins({0xc000090240?, 0xc0000902a0?, 0x2?}, {0x7ff6572bce40?, 
0xc0000a6360}, 0xc0000901e0, {0xc0000beb60, 0xc0000aa390, 0xc0000aa3a8, 0xc0000a6340, ...}, ...)
	github.com/evanw/esbuild/internal/bundler/bundler.go:1203 +0xcd5 fp=0xc0029bde10 sp=0xc0029bda70 pc=0x7ff656f82835
github.com/evanw/esbuild/internal/bundler.parseFile({{0x7ff6572bce40, 0xc0000a6360}, {0xc0000beb60, 0xc0000aa390, 
0xc0000aa3a8, 0xc0000a6340, 0x6, 0xc0000a0450}, 0xc0004ae488, 0xc0000901e0, ...})
	github.com/evanw/esbuild/internal/bundler/bundler.go:163 +0x2b5 fp=0xc0029bf608 sp=0xc0029bde10 pc=0x7ff656f777f5
github.com/evanw/esbuild/internal/bundler.(*scanner).maybeParseFile.gowrap1()
	github.com/evanw/esbuild/internal/bundler/bundler.go:1630 +0x2fa fp=0xc0029bffe0 sp=0xc0029bf608 pc=0x7ff656f85a5a
runtime.goexit({})
	runtime/asm_amd64.s:1693 +0x1 fp=0xc0029bffe8 sp=0xc0029bffe0 pc=0x7ff656bcf221
created by github.com/evanw/esbuild/internal/bundler.(*scanner).maybeParseFile in goroutine 21
	github.com/evanw/esbuild/internal/bundler/bundler.go:1630 +0xd85

goroutine 1235 gp=0xc000f2a540 m=nil [chan receive]:
runtime.gopark(0xc001964ba0?, 0x2000000000070?, 0x36?, 0x17?, 0x20b0ba20108?)
	runtime/proc.go:460 +0xce fp=0xc0053af478 sp=0xc0053af458 pc=0x7ff656bc72ce
runtime.chanrecv(0xc005049730, 0xc0053af550, 0x1)
	runtime/chan.go:667 +0x473 fp=0xc0053af4f0 sp=0xc0053af478 pc=0x7ff656b5e593
runtime.chanrecv1(0x7ff65714d260?, 0xc00421acc0?)
	runtime/chan.go:509 +0x12 fp=0xc0053af518 sp=0xc0053af4f0 pc=0x7ff656b5e0f2
main.(*serviceType).sendRequest(0xc000181890, {0x7ff65714d260, 0xc00421acc0})
	github.com/evanw/esbuild/cmd/esbuild/service.go:192 +0x12b fp=0xc0053af588 sp=0xc0053af518 pc=0x7ff65706fb6b
main.(*serviceType).convertPlugins.func2.4({{0xc001558c40, 0x6f}, {0x7ff6571cd3af, 0x4}, {0x0, 0x0}, {0x0, 0x0}, 0x0})
	github.com/evanw/esbuild/cmd/esbuild/service.go:1088 +0x836 fp=0xc0053af808 sp=0xc0053af588 pc=0x7ff657078356
github.com/evanw/esbuild/pkg/api.(*pluginImpl).onLoad.func1({{0x0, 0x0}, {{0xc001558c40, 0x6f}, {0x7ff6571cd3af, 0x4}, 
{0x0, 0x0}, {{0x0, 0x0}}, ...}})
	github.com/evanw/esbuild/pkg/api/api_impl.go:2014 +0x190 fp=0xc0053afa70 sp=0xc0053af808 pc=0x7ff657036ad0
github.com/evanw/esbuild/internal/bundler.runOnLoadPlugins({0xc000090240?, 0x3650882368?, 0x1b010e1a00?}, 
{0x7ff6572bce40?, 0xc0000a6360}, 0xc0000901e0, {0xc0000beb60, 0xc0000aa390, 0xc0000aa3a8, 0xc0000a6340, ...}, ...)
	github.com/evanw/esbuild/internal/bundler/bundler.go:1203 +0xcd5 fp=0xc0053afe10 sp=0xc0053afa70 pc=0x7ff656f82835
github.com/evanw/esbuild/internal/bundler.parseFile({{0x7ff6572bce40, 0xc0000a6360}, {0xc0000beb60, 0xc0000aa390, 
0xc0000aa3a8, 0xc0000a6340, 0x6, 0xc0000a0450}, 0xc0004ae488, 0xc0000901e0, ...})
	github.com/evanw/esbuild/internal/bundler/bundler.go:163 +0x2b5 fp=0xc0053b1608 sp=0xc0053afe10 pc=0x7ff656f777f5
github.com/evanw/esbuild/internal/bundler.(*scanner).maybeParseFile.gowrap1()
	github.com/evanw/esbuild/internal/bundler/bundler.go:1630 +0x2fa fp=0xc0053b1fe0 sp=0xc0053b1608 pc=0x7ff656f85a5a
runtime.goexit({})
	runtime/asm_amd64.s:1693 +0x1 fp=0xc0053b1fe8 sp=0xc0053b1fe0 pc=0x7ff656bcf221
created by github.com/evanw/esbuild/internal/bundler.(*scanner).maybeParseFile in goroutine 21
	github.com/evanw/esbuild/internal/bundler/bundler.go:1630 +0xd85

goroutine 913 gp=0xc000496e00 m=nil [chan receive]:
runtime.gopark(0xc001e606c0?, 0x2000000000070?, 0x47?, 0xed?, 0x20b0ba20108?)
	runtime/proc.go:460 +0xce fp=0xc00539f478 sp=0xc00539f458 pc=0x7ff656bc72ce
runtime.chanrecv(0xc005049650, 0xc00539f550, 0x1)
	runtime/chan.go:667 +0x473 fp=0xc00539f4f0 sp=0xc00539f478 pc=0x7ff656b5e593
runtime.chanrecv1(0x7ff65714d260?, 0xc00421ac00?)
	runtime/chan.go:509 +0x12 fp=0xc00539f518 sp=0xc00539f4f0 pc=0x7ff656b5e0f2
main.(*serviceType).sendRequest(0xc000181890, {0x7ff65714d260, 0xc00421ac00})
	github.com/evanw/esbuild/cmd/esbuild/service.go:192 +0x12b fp=0xc00539f588 sp=0xc00539f518 pc=0x7ff65706fb6b
main.(*serviceType).convertPlugins.func2.4({{0xc000d322a0, 0x68}, {0x7ff6571cd3af, 0x4}, {0x0, 0x0}, {0x0, 0x0}, 0x0})
	github.com/evanw/esbuild/cmd/esbuild/service.go:1088 +0x836 fp=0xc00539f808 sp=0xc00539f588 pc=0x7ff657078356
github.com/evanw/esbuild/pkg/api.(*pluginImpl).onLoad.func1({{0x0, 0x0}, {{0xc000d322a0, 0x68}, {0x7ff6571cd3af, 0x4}, 
{0x0, 0x0}, {{0x0, 0x0}}, ...}})
	github.com/evanw/esbuild/pkg/api/api_impl.go:2014 +0x190 fp=0xc00539fa70 sp=0xc00539f808 pc=0x7ff657036ad0
github.com/evanw/esbuild/internal/bundler.runOnLoadPlugins({0xc000090240?, 0x0?, 0x0?}, {0x7ff6572bce40?, 
0xc0000a6360}, 0xc0000901e0, {0xc0000beb60, 0xc0000aa390, 0xc0000aa3a8, 0xc0000a6340, ...}, ...)
	github.com/evanw/esbuild/internal/bundler/bundler.go:1203 +0xcd5 fp=0xc00539fe10 sp=0xc00539fa70 pc=0x7ff656f82835
github.com/evanw/esbuild/internal/bundler.parseFile({{0x7ff6572bce40, 0xc0000a6360}, {0xc0000beb60, 0xc0000aa390, 
0xc0000aa3a8, 0xc0000a6340, 0x6, 0xc0000a0450}, 0xc0004ae488, 0xc0000901e0, ...})
	github.com/evanw/esbuild/internal/bundler/bundler.go:163 +0x2b5 fp=0xc0053a1608 sp=0xc00539fe10 pc=0x7ff656f777f5
github.com/evanw/esbuild/internal/bundler.(*scanner).maybeParseFile.gowrap1()
	github.com/evanw/esbuild/internal/bundler/bundler.go:1630 +0x2fa fp=0xc0053a1fe0 sp=0xc0053a1608 pc=0x7ff656f85a5a
runtime.goexit({})
	runtime/asm_amd64.s:1693 +0x1 fp=0xc0053a1fe8 sp=0xc0053a1fe0 pc=0x7ff656bcf221
created by github.com/evanw/esbuild/internal/bundler.(*scanner).maybeParseFile in goroutine 21
	github.com/evanw/esbuild/internal/bundler/bundler.go:1630 +0xd85

goroutine 1243 gp=0xc000a9aa80 m=nil [chan receive]:
runtime.gopark(0xc000f1d5c0?, 0x2000000000070?, 0x10?, 0x49?, 0x20b00000002?)
	runtime/proc.go:460 +0xce fp=0xc0029b3478 sp=0xc0029b3458 pc=0x7ff656bc72ce
runtime.chanrecv(0xc00203fb90, 0xc0029b3550, 0x1)
	runtime/chan.go:667 +0x473 fp=0xc0029b34f0 sp=0xc0029b3478 pc=0x7ff656b5e593
runtime.chanrecv1(0x7ff65714d260?, 0xc0050b2a20?)
	runtime/chan.go:509 +0x12 fp=0xc0029b3518 sp=0xc0029b34f0 pc=0x7ff656b5e0f2
main.(*serviceType).sendRequest(0xc000181890, {0x7ff65714d260, 0xc0050b2a20})
	github.com/evanw/esbuild/cmd/esbuild/service.go:192 +0x12b fp=0xc0029b3588 sp=0xc0029b3518 pc=0x7ff65706fb6b
main.(*serviceType).convertPlugins.func2.4({{0xc002408e00, 0x6d}, {0x7ff6571cd3af, 0x4}, {0x0, 0x0}, {0x0, 0x0}, 0x0})
	github.com/evanw/esbuild/cmd/esbuild/service.go:1088 +0x836 fp=0xc0029b3808 sp=0xc0029b3588 pc=0x7ff657078356
github.com/evanw/esbuild/pkg/api.(*pluginImpl).onLoad.func1({{0x0, 0x0}, {{0xc002408e00, 0x6d}, {0x7ff6571cd3af, 0x4}, 
{0x0, 0x0}, {{0x0, 0x0}}, ...}})
	github.com/evanw/esbuild/pkg/api/api_impl.go:2014 +0x190 fp=0xc0029b3a70 sp=0xc0029b3808 pc=0x7ff657036ad0
github.com/evanw/esbuild/internal/bundler.runOnLoadPlugins({0xc000090240?, 0x0?, 0x0?}, {0x7ff6572bce40?, 
0xc0000a6360}, 0xc0000901e0, {0xc0000beb60, 0xc0000aa390, 0xc0000aa3a8, 0xc0000a6340, ...}, ...)
	github.com/evanw/esbuild/internal/bundler/bundler.go:1203 +0xcd5 fp=0xc0029b3e10 sp=0xc0029b3a70 pc=0x7ff656f82835
github.com/evanw/esbuild/internal/bundler.parseFile({{0x7ff6572bce40, 0xc0000a6360}, {0xc0000beb60, 0xc0000aa390, 
0xc0000aa3a8, 0xc0000a6340, 0x6, 0xc0000a0450}, 0xc0004ae488, 0xc0000901e0, ...})
	github.com/evanw/esbuild/internal/bundler/bundler.go:163 +0x2b5 fp=0xc0029b5608 sp=0xc0029b3e10 pc=0x7ff656f777f5
github.com/evanw/esbuild/internal/bundler.(*scanner).maybeParseFile.gowrap1()
	github.com/evanw/esbuild/internal/bundler/bundler.go:1630 +0x2fa fp=0xc0029b5fe0 sp=0xc0029b5608 pc=0x7ff656f85a5a
runtime.goexit({})
	runtime/asm_amd64.s:1693 +0x1 fp=0xc0029b5fe8 sp=0xc0029b5fe0 pc=0x7ff656bcf221
created by github.com/evanw/esbuild/internal/bundler.(*scanner).maybeParseFile in goroutine 21
	github.com/evanw/esbuild/internal/bundler/bundler.go:1630 +0xd85

goroutine 1238 gp=0xc000a9b180 m=nil [chan receive]:
runtime.gopark(0xc001964d80?, 0x2000000000070?, 0x7?, 0xb3?, 0x20b0ba20108?)
	runtime/proc.go:460 +0xce fp=0xc0053c7478 sp=0xc0053c7458 pc=0x7ff656bc72ce
runtime.chanrecv(0xc005049880, 0xc0053c7550, 0x1)
	runtime/chan.go:667 +0x473 fp=0xc0053c74f0 sp=0xc0053c7478 pc=0x7ff656b5e593
runtime.chanrecv1(0x7ff65714d260?, 0xc00421ade0?)
	runtime/chan.go:509 +0x12 fp=0xc0053c7518 sp=0xc0053c74f0 pc=0x7ff656b5e0f2
main.(*serviceType).sendRequest(0xc000181890, {0x7ff65714d260, 0xc00421ade0})
	github.com/evanw/esbuild/cmd/esbuild/service.go:192 +0x12b fp=0xc0053c7588 sp=0xc0053c7518 pc=0x7ff65706fb6b
main.(*serviceType).convertPlugins.func2.4({{0xc000743f80, 0x6d}, {0x7ff6571cd3af, 0x4}, {0x0, 0x0}, {0x0, 0x0}, 0x0})
	github.com/evanw/esbuild/cmd/esbuild/service.go:1088 +0x836 fp=0xc0053c7808 sp=0xc0053c7588 pc=0x7ff657078356
github.com/evanw/esbuild/pkg/api.(*pluginImpl).onLoad.func1({{0x0, 0x0}, {{0xc000743f80, 0x6d}, {0x7ff6571cd3af, 0x4}, 
{0x0, 0x0}, {{0x0, 0x0}}, ...}})
	github.com/evanw/esbuild/pkg/api/api_impl.go:2014 +0x190 fp=0xc0053c7a70 sp=0xc0053c7808 pc=0x7ff657036ad0
github.com/evanw/esbuild/internal/bundler.runOnLoadPlugins({0xc000090240?, 0x0?, 0x0?}, {0x7ff6572bce40?, 
0xc0000a6360}, 0xc0000901e0, {0xc0000beb60, 0xc0000aa390, 0xc0000aa3a8, 0xc0000a6340, ...}, ...)
	github.com/evanw/esbuild/internal/bundler/bundler.go:1203 +0xcd5 fp=0xc0053c7e10 sp=0xc0053c7a70 pc=0x7ff656f82835
github.com/evanw/esbuild/internal/bundler.parseFile({{0x7ff6572bce40, 0xc0000a6360}, {0xc0000beb60, 0xc0000aa390, 
0xc0000aa3a8, 0xc0000a6340, 0x6, 0xc0000a0450}, 0xc0004ae488, 0xc0000901e0, ...})
	github.com/evanw/esbuild/internal/bundler/bundler.go:163 +0x2b5 fp=0xc0053c9608 sp=0xc0053c7e10 pc=0x7ff656f777f5
github.com/evanw/esbuild/internal/bundler.(*scanner).maybeParseFile.gowrap1()
	github.com/evanw/esbuild/internal/bundler/bundler.go:1630 +0x2fa fp=0xc0053c9fe0 sp=0xc0053c9608 pc=0x7ff656f85a5a
runtime.goexit({})
	runtime/asm_amd64.s:1693 +0x1 fp=0xc0053c9fe8 sp=0xc0053c9fe0 pc=0x7ff656bcf221
created by github.com/evanw/esbuild/internal/bundler.(*scanner).maybeParseFile in goroutine 21
	github.com/evanw/esbuild/internal/bundler/bundler.go:1630 +0xd85

goroutine 1399 gp=0xc000cc7dc0 m=nil [chan receive]:
runtime.gopark(0xc000419080?, 0x2000000000070?, 0x43?, 0x30?, 0x20b0ba205a0?)
	runtime/proc.go:460 +0xce fp=0xc0056d5478 sp=0xc0056d5458 pc=0x7ff656bc72ce
runtime.chanrecv(0xc0056d8000, 0xc0056d5550, 0x1)
	runtime/chan.go:667 +0x473 fp=0xc0056d54f0 sp=0xc0056d5478 pc=0x7ff656b5e593
runtime.chanrecv1(0x7ff65714d260?, 0xc00421ab10?)
	runtime/chan.go:509 +0x12 fp=0xc0056d5518 sp=0xc0056d54f0 pc=0x7ff656b5e0f2
main.(*serviceType).sendRequest(0xc000181890, {0x7ff65714d260, 0xc00421ab10})
	github.com/evanw/esbuild/cmd/esbuild/service.go:192 +0x12b fp=0xc0056d5588 sp=0xc0056d5518 pc=0x7ff65706fb6b
main.(*serviceType).convertPlugins.func2.4({{0xc001f29380, 0x75}, {0x7ff6571cd3af, 0x4}, {0x0, 0x0}, {0x0, 0x0}, 0x0})
	github.com/evanw/esbuild/cmd/esbuild/service.go:1088 +0x836 fp=0xc0056d5808 sp=0xc0056d5588 pc=0x7ff657078356
github.com/evanw/esbuild/pkg/api.(*pluginImpl).onLoad.func1({{0x0, 0x0}, {{0xc001f29380, 0x75}, {0x7ff6571cd3af, 0x4}, 
{0x0, 0x0}, {{0x0, 0x0}}, ...}})
	github.com/evanw/esbuild/pkg/api/api_impl.go:2014 +0x190 fp=0xc0056d5a70 sp=0xc0056d5808 pc=0x7ff657036ad0
github.com/evanw/esbuild/internal/bundler.runOnLoadPlugins({0xc000090240?, 0x0?, 0x0?}, {0x7ff6572bce40?, 
0xc0000a6360}, 0xc0000901e0, {0xc0000beb60, 0xc0000aa390, 0xc0000aa3a8, 0xc0000a6340, ...}, ...)
	github.com/evanw/esbuild/internal/bundler/bundler.go:1203 +0xcd5 fp=0xc0056d5e10 sp=0xc0056d5a70 pc=0x7ff656f82835
github.com/evanw/esbuild/internal/bundler.parseFile({{0x7ff6572bce40, 0xc0000a6360}, {0xc0000beb60, 0xc0000aa390, 
0xc0000aa3a8, 0xc0000a6340, 0x6, 0xc0000a0450}, 0xc0004ae488, 0xc0000901e0, ...})
	github.com/evanw/esbuild/internal/bundler/bundler.go:163 +0x2b5 fp=0xc0056d7608 sp=0xc0056d5e10 pc=0x7ff656f777f5
github.com/evanw/esbuild/internal/bundler.(*scanner).maybeParseFile.gowrap1()
	github.com/evanw/esbuild/internal/bundler/bundler.go:1630 +0x2fa fp=0xc0056d7fe0 sp=0xc0056d7608 pc=0x7ff656f85a5a
runtime.goexit({})
	runtime/asm_amd64.s:1693 +0x1 fp=0xc0056d7fe8 sp=0xc0056d7fe0 pc=0x7ff656bcf221
created by github.com/evanw/esbuild/internal/bundler.(*scanner).maybeParseFile in goroutine 21
	github.com/evanw/esbuild/internal/bundler/bundler.go:1630 +0xd85

goroutine 1037 gp=0xc0008ad180 m=nil [sync.Mutex.Lock]:
runtime.gopark(0x7ff656ba7280?, 0xc005aecee0?, 0xc0?, 0xd5?, 0x7ff656f6628f?)
	runtime/proc.go:460 +0xce fp=0xc00692f4e0 sp=0xc00692f4c0 pc=0x7ff656bc72ce
runtime.goparkunlock(...)
	runtime/proc.go:466
runtime.semacquire1(0xc0004ae8d4, 0x0, 0x3, 0x2, 0x16)
	runtime/sema.go:192 +0x22f fp=0xc00692f548 sp=0xc00692f4e0 pc=0x7ff656ba74ef
internal/sync.runtime_SemacquireMutex(0xc0004ae488?, 0x80?, 0x0?)
	runtime/sema.go:95 +0x25 fp=0xc00692f580 sp=0xc00692f548 pc=0x7ff656bc8405
internal/sync.(*Mutex).lockSlow(0xc0004ae8d0)
	internal/sync/mutex.go:149 +0x15d fp=0xc00692f5d0 sp=0xc00692f580 pc=0x7ff656be59fd
internal/sync.(*Mutex).Lock(...)
	internal/sync/mutex.go:70
sync.(*Mutex).Lock(...)
	sync/mutex.go:46
github.com/evanw/esbuild/internal/resolver.(*Resolver).Resolve(0xc0004ae488, {0xc00504e7e0, 0x5e}, {0xc005aecee0, 
0x18}, 0x1)
	github.com/evanw/esbuild/internal/resolver/resolver.go:512 +0xfa5 fp=0xc00692f9a0 sp=0xc00692f5d0 pc=0x7ff656f4c025
github.com/evanw/esbuild/internal/bundler.RunOnResolvePlugins({_, _, _}, _, {0xc0000beb60, 0xc0000aa390, 0xc0000aa3a8, 
0xc0000a6340, 0x6, 0xc0000a0450}, ...)
	github.com/evanw/esbuild/internal/bundler/bundler.go:1154 +0x36a fp=0xc00692fe10 sp=0xc00692f9a0 pc=0x7ff656f80e0a
github.com/evanw/esbuild/internal/bundler.parseFile({{0x7ff6572bce40, 0xc0000a6360}, {0xc0000beb60, 0xc0000aa390, 
0xc0000aa3a8, 0xc0000a6340, 0x6, 0xc0000a0450}, 0xc0004ae488, 0xc0000901e0, ...})
	github.com/evanw/esbuild/internal/bundler/bundler.go:554 +0x3610 fp=0xc006931608 sp=0xc00692fe10 pc=0x7ff656f7ab50
github.com/evanw/esbuild/internal/bundler.(*scanner).maybeParseFile.gowrap1()
	github.com/evanw/esbuild/internal/bundler/bundler.go:1630 +0x2fa fp=0xc006931fe0 sp=0xc006931608 pc=0x7ff656f85a5a
runtime.goexit({})
	runtime/asm_amd64.s:1693 +0x1 fp=0xc006931fe8 sp=0xc006931fe0 pc=0x7ff656bcf221
created by github.com/evanw/esbuild/internal/bundler.(*scanner).maybeParseFile in goroutine 21
	github.com/evanw/esbuild/internal/bundler/bundler.go:1630 +0xd85

goroutine 1241 gp=0xc000d29880 m=nil [chan receive]:
runtime.gopark(0xc00107f020?, 0x2000000000070?, 0xd9?, 0xe1?, 0x20b0ba20108?)
	runtime/proc.go:460 +0xce fp=0xc0053df478 sp=0xc0053df458 pc=0x7ff656bc72ce
runtime.chanrecv(0xc0050499d0, 0xc0053df550, 0x1)
	runtime/chan.go:667 +0x473 fp=0xc0053df4f0 sp=0xc0053df478 pc=0x7ff656b5e593
runtime.chanrecv1(0x7ff65714d260?, 0xc00421af00?)
	runtime/chan.go:509 +0x12 fp=0xc0053df518 sp=0xc0053df4f0 pc=0x7ff656b5e0f2
main.(*serviceType).sendRequest(0xc000181890, {0x7ff65714d260, 0xc00421af00})
	github.com/evanw/esbuild/cmd/esbuild/service.go:192 +0x12b fp=0xc0053df588 sp=0xc0053df518 pc=0x7ff65706fb6b
main.(*serviceType).convertPlugins.func2.4({{0xc00063f0a0, 0x6c}, {0x7ff6571cd3af, 0x4}, {0x0, 0x0}, {0x0, 0x0}, 0x0})
	github.com/evanw/esbuild/cmd/esbuild/service.go:1088 +0x836 fp=0xc0053df808 sp=0xc0053df588 pc=0x7ff657078356
github.com/evanw/esbuild/pkg/api.(*pluginImpl).onLoad.func1({{0x0, 0x0}, {{0xc00063f0a0, 0x6c}, {0x7ff6571cd3af, 0x4}, 
{0x0, 0x0}, {{0x0, 0x0}}, ...}})
	github.com/evanw/esbuild/pkg/api/api_impl.go:2014 +0x190 fp=0xc0053dfa70 sp=0xc0053df808 pc=0x7ff657036ad0
github.com/evanw/esbuild/internal/bundler.runOnLoadPlugins({0xc000090240?, 0x0?, 0x0?}, {0x7ff6572bce40?, 
0xc0000a6360}, 0xc0000901e0, {0xc0000beb60, 0xc0000aa390, 0xc0000aa3a8, 0xc0000a6340, ...}, ...)
	github.com/evanw/esbuild/internal/bundler/bundler.go:1203 +0xcd5 fp=0xc0053dfe10 sp=0xc0053dfa70 pc=0x7ff656f82835
github.com/evanw/esbuild/internal/bundler.parseFile({{0x7ff6572bce40, 0xc0000a6360}, {0xc0000beb60, 0xc0000aa390, 
0xc0000aa3a8, 0xc0000a6340, 0x6, 0xc0000a0450}, 0xc0004ae488, 0xc0000901e0, ...})
	github.com/evanw/esbuild/internal/bundler/bundler.go:163 +0x2b5 fp=0xc0053e1608 sp=0xc0053dfe10 pc=0x7ff656f777f5
github.com/evanw/esbuild/internal/bundler.(*scanner).maybeParseFile.gowrap1()
	github.com/evanw/esbuild/internal/bundler/bundler.go:1630 +0x2fa fp=0xc0053e1fe0 sp=0xc0053e1608 pc=0x7ff656f85a5a
runtime.goexit({})
	runtime/asm_amd64.s:1693 +0x1 fp=0xc0053e1fe8 sp=0xc0053e1fe0 pc=0x7ff656bcf221
created by github.com/evanw/esbuild/internal/bundler.(*scanner).maybeParseFile in goroutine 21
	github.com/evanw/esbuild/internal/bundler/bundler.go:1630 +0xd85

goroutine 1404 gp=0xc000d29c00 m=nil [chan receive]:
runtime.gopark(0x70?, 0xc001964ea0?, 0x70?, 0x3d?, 0xc002baf4c8?)
	runtime/proc.go:460 +0xce fp=0xc002baf478 sp=0xc002baf458 pc=0x7ff656bc72ce
runtime.chanrecv(0xc004ef68c0, 0xc002baf550, 0x1)
	runtime/chan.go:667 +0x473 fp=0xc002baf4f0 sp=0xc002baf478 pc=0x7ff656b5e593
runtime.chanrecv1(0x7ff65714d260?, 0xc00486ea80?)
	runtime/chan.go:509 +0x12 fp=0xc002baf518 sp=0xc002baf4f0 pc=0x7ff656b5e0f2
main.(*serviceType).sendRequest(0xc000181890, {0x7ff65714d260, 0xc00486ea80})
	github.com/evanw/esbuild/cmd/esbuild/service.go:192 +0x12b fp=0xc002baf588 sp=0xc002baf518 pc=0x7ff65706fb6b
main.(*serviceType).convertPlugins.func2.4({{0xc004ed33b0, 0x6b}, {0x7ff6571cd3af, 0x4}, {0x0, 0x0}, {0x0, 0x0}, 0x0})
	github.com/evanw/esbuild/cmd/esbuild/service.go:1088 +0x836 fp=0xc002baf808 sp=0xc002baf588 pc=0x7ff657078356
github.com/evanw/esbuild/pkg/api.(*pluginImpl).onLoad.func1({{0x0, 0x0}, {{0xc004ed33b0, 0x6b}, {0x7ff6571cd3af, 0x4}, 
{0x0, 0x0}, {{0x0, 0x0}}, ...}})
	github.com/evanw/esbuild/pkg/api/api_impl.go:2014 +0x190 fp=0xc002bafa70 sp=0xc002baf808 pc=0x7ff657036ad0
github.com/evanw/esbuild/internal/bundler.runOnLoadPlugins({0xc000090240?, 0x2e2691fd271da60a?, 0xc0010e1560?}, 
{0x7ff6572bce40?, 0xc0000a6360}, 0xc0000901e0, {0xc0000beb60, 0xc0000aa390, 0xc0000aa3a8, 0xc0000a6340, ...}, ...)
	github.com/evanw/esbuild/internal/bundler/bundler.go:1203 +0xcd5 fp=0xc002bafe10 sp=0xc002bafa70 pc=0x7ff656f82835
github.com/evanw/esbuild/internal/bundler.parseFile({{0x7ff6572bce40, 0xc0000a6360}, {0xc0000beb60, 0xc0000aa390, 
0xc0000aa3a8, 0xc0000a6340, 0x6, 0xc0000a0450}, 0xc0004ae488, 0xc0000901e0, ...})
	github.com/evanw/esbuild/internal/bundler/bundler.go:163 +0x2b5 fp=0xc002bb1608 sp=0xc002bafe10 pc=0x7ff656f777f5
github.com/evanw/esbuild/internal/bundler.(*scanner).maybeParseFile.gowrap1()
	github.com/evanw/esbuild/internal/bundler/bundler.go:1630 +0x2fa fp=0xc002bb1fe0 sp=0xc002bb1608 pc=0x7ff656f85a5a
runtime.goexit({})
	runtime/asm_amd64.s:1693 +0x1 fp=0xc002bb1fe8 sp=0xc002bb1fe0 pc=0x7ff656bcf221
created by github.com/evanw/esbuild/internal/bundler.(*scanner).maybeParseFile in goroutine 21
	github.com/evanw/esbuild/internal/bundler/bundler.go:1630 +0xd85

goroutine 1160 gp=0xc0009e6fc0 m=nil [sync.Mutex.Lock]:
runtime.gopark(0x20b516037e0?, 0xc005ef67c0?, 0xc0?, 0x95?, 0x7ff656f6628f?)
	runtime/proc.go:460 +0xce fp=0xc0046c94e0 sp=0xc0046c94c0 pc=0x7ff656bc72ce
runtime.goparkunlock(...)
	runtime/proc.go:466
runtime.semacquire1(0xc0004ae8d4, 0x0, 0x3, 0x2, 0x16)
	runtime/sema.go:192 +0x22f fp=0xc0046c9548 sp=0xc0046c94e0 pc=0x7ff656ba74ef
internal/sync.runtime_SemacquireMutex(0xc0004ae488?, 0xa0?, 0x0?)
	runtime/sema.go:95 +0x25 fp=0xc0046c9580 sp=0xc0046c9548 pc=0x7ff656bc8405
internal/sync.(*Mutex).lockSlow(0xc0004ae8d0)
	internal/sync/mutex.go:149 +0x15d fp=0xc0046c95d0 sp=0xc0046c9580 pc=0x7ff656be59fd
internal/sync.(*Mutex).Lock(...)
	internal/sync/mutex.go:70
sync.(*Mutex).Lock(...)
	sync/mutex.go:46
github.com/evanw/esbuild/internal/resolver.(*Resolver).Resolve(0xc0004ae488, {0xc00504efc0, 0x59}, {0xc005ef67c0, 
0x28}, 0x1)
	github.com/evanw/esbuild/internal/resolver/resolver.go:512 +0xfa5 fp=0xc0046c99a0 sp=0xc0046c95d0 pc=0x7ff656f4c025
github.com/evanw/esbuild/internal/bundler.RunOnResolvePlugins({_, _, _}, _, {0xc0000beb60, 0xc0000aa390, 0xc0000aa3a8, 
0xc0000a6340, 0x6, 0xc0000a0450}, ...)
	github.com/evanw/esbuild/internal/bundler/bundler.go:1154 +0x36a fp=0xc0046c9e10 sp=0xc0046c99a0 pc=0x7ff656f80e0a
github.com/evanw/esbuild/internal/bundler.parseFile({{0x7ff6572bce40, 0xc0000a6360}, {0xc0000beb60, 0xc0000aa390, 
0xc0000aa3a8, 0xc0000a6340, 0x6, 0xc0000a0450}, 0xc0004ae488, 0xc0000901e0, ...})
	github.com/evanw/esbuild/internal/bundler/bundler.go:554 +0x3610 fp=0xc0046cb608 sp=0xc0046c9e10 pc=0x7ff656f7ab50
github.com/evanw/esbuild/internal/bundler.(*scanner).maybeParseFile.gowrap1()
	github.com/evanw/esbuild/internal/bundler/bundler.go:1630 +0x2fa fp=0xc0046cbfe0 sp=0xc0046cb608 pc=0x7ff656f85a5a
runtime.goexit({})
	runtime/asm_amd64.s:1693 +0x1 fp=0xc0046cbfe8 sp=0xc0046cbfe0 pc=0x7ff656bcf221
created by github.com/evanw/esbuild/internal/bundler.(*scanner).maybeParseFile in goroutine 21
	github.com/evanw/esbuild/internal/bundler/bundler.go:1630 +0xd85

goroutine 1236 gp=0xc000a7e540 m=nil [chan receive]:
runtime.gopark(0xc001964c60?, 0x2000000000070?, 0xe?, 0xba?, 0x20b0ba20108?)
	runtime/proc.go:460 +0xce fp=0xc0053b7478 sp=0xc0053b7458 pc=0x7ff656bc72ce
runtime.chanrecv(0xc0050497a0, 0xc0053b7550, 0x1)
	runtime/chan.go:667 +0x473 fp=0xc0053b74f0 sp=0xc0053b7478 pc=0x7ff656b5e593
runtime.chanrecv1(0x7ff65714d260?, 0xc00421ad20?)
	runtime/chan.go:509 +0x12 fp=0xc0053b7518 sp=0xc0053b74f0 pc=0x7ff656b5e0f2
main.(*serviceType).sendRequest(0xc000181890, {0x7ff65714d260, 0xc00421ad20})
	github.com/evanw/esbuild/cmd/esbuild/service.go:192 +0x12b fp=0xc0053b7588 sp=0xc0053b7518 pc=0x7ff65706fb6b
main.(*serviceType).convertPlugins.func2.4({{0xc001182380, 0x7c}, {0x7ff6571cd3af, 0x4}, {0x0, 0x0}, {0x0, 0x0}, 0x0})
	github.com/evanw/esbuild/cmd/esbuild/service.go:1088 +0x836 fp=0xc0053b7808 sp=0xc0053b7588 pc=0x7ff657078356
github.com/evanw/esbuild/pkg/api.(*pluginImpl).onLoad.func1({{0x0, 0x0}, {{0xc001182380, 0x7c}, {0x7ff6571cd3af, 0x4}, 
{0x0, 0x0}, {{0x0, 0x0}}, ...}})
	github.com/evanw/esbuild/pkg/api/api_impl.go:2014 +0x190 fp=0xc0053b7a70 sp=0xc0053b7808 pc=0x7ff657036ad0
github.com/evanw/esbuild/internal/bundler.runOnLoadPlugins({0xc000090240?, 0x0?, 0x0?}, {0x7ff6572bce40?, 
0xc0000a6360}, 0xc0000901e0, {0xc0000beb60, 0xc0000aa390, 0xc0000aa3a8, 0xc0000a6340, ...}, ...)
	github.com/evanw/esbuild/internal/bundler/bundler.go:1203 +0xcd5 fp=0xc0053b7e10 sp=0xc0053b7a70 pc=0x7ff656f82835
github.com/evanw/esbuild/internal/bundler.parseFile({{0x7ff6572bce40, 0xc0000a6360}, {0xc0000beb60, 0xc0000aa390, 
0xc0000aa3a8, 0xc0000a6340, 0x6, 0xc0000a0450}, 0xc0004ae488, 0xc0000901e0, ...})
	github.com/evanw/esbuild/internal/bundler/bundler.go:163 +0x2b5 fp=0xc0053b9608 sp=0xc0053b7e10 pc=0x7ff656f777f5
github.com/evanw/esbuild/internal/bundler.(*scanner).maybeParseFile.gowrap1()
	github.com/evanw/esbuild/internal/bundler/bundler.go:1630 +0x2fa fp=0xc0053b9fe0 sp=0xc0053b9608 pc=0x7ff656f85a5a
runtime.goexit({})
	runtime/asm_amd64.s:1693 +0x1 fp=0xc0053b9fe8 sp=0xc0053b9fe0 pc=0x7ff656bcf221
created by github.com/evanw/esbuild/internal/bundler.(*scanner).maybeParseFile in goroutine 21
	github.com/evanw/esbuild/internal/bundler/bundler.go:1630 +0xd85

goroutine 1172 gp=0xc000a7e700 m=nil [sync.Mutex.Lock]:
runtime.gopark(0x7ff656ba7280?, 0xc004dbce80?, 0xc0?, 0xd5?, 0x7ff656f6628f?)
	runtime/proc.go:460 +0xce fp=0xc006a3d4e0 sp=0xc006a3d4c0 pc=0x7ff656bc72ce
runtime.goparkunlock(...)
	runtime/proc.go:466
runtime.semacquire1(0xc0004ae8d4, 0x0, 0x3, 0x2, 0x16)
	runtime/sema.go:192 +0x22f fp=0xc006a3d548 sp=0xc006a3d4e0 pc=0x7ff656ba74ef
internal/sync.runtime_SemacquireMutex(0xc0004ae488?, 0xe0?, 0x0?)
	runtime/sema.go:95 +0x25 fp=0xc006a3d580 sp=0xc006a3d548 pc=0x7ff656bc8405
internal/sync.(*Mutex).lockSlow(0xc0004ae8d0)
	internal/sync/mutex.go:149 +0x15d fp=0xc006a3d5d0 sp=0xc006a3d580 pc=0x7ff656be59fd
internal/sync.(*Mutex).Lock(...)
	internal/sync/mutex.go:70
sync.(*Mutex).Lock(...)
	sync/mutex.go:46
github.com/evanw/esbuild/internal/resolver.(*Resolver).Resolve(0xc0004ae488, {0xc002b92900, 0x59}, {0xc004dbce80, 
0x17}, 0x1)
	github.com/evanw/esbuild/internal/resolver/resolver.go:512 +0xfa5 fp=0xc006a3d9a0 sp=0xc006a3d5d0 pc=0x7ff656f4c025
github.com/evanw/esbuild/internal/bundler.RunOnResolvePlugins({_, _, _}, _, {0xc0000beb60, 0xc0000aa390, 0xc0000aa3a8, 
0xc0000a6340, 0x6, 0xc0000a0450}, ...)
	github.com/evanw/esbuild/internal/bundler/bundler.go:1154 +0x36a fp=0xc006a3de10 sp=0xc006a3d9a0 pc=0x7ff656f80e0a
github.com/evanw/esbuild/internal/bundler.parseFile({{0x7ff6572bce40, 0xc0000a6360}, {0xc0000beb60, 0xc0000aa390, 
0xc0000aa3a8, 0xc0000a6340, 0x6, 0xc0000a0450}, 0xc0004ae488, 0xc0000901e0, ...})
	github.com/evanw/esbuild/internal/bundler/bundler.go:554 +0x3610 fp=0xc006a3f608 sp=0xc006a3de10 pc=0x7ff656f7ab50
github.com/evanw/esbuild/internal/bundler.(*scanner).maybeParseFile.gowrap1()
	github.com/evanw/esbuild/internal/bundler/bundler.go:1630 +0x2fa fp=0xc006a3ffe0 sp=0xc006a3f608 pc=0x7ff656f85a5a
runtime.goexit({})
	runtime/asm_amd64.s:1693 +0x1 fp=0xc006a3ffe8 sp=0xc006a3ffe0 pc=0x7ff656bcf221
created by github.com/evanw/esbuild/internal/bundler.(*scanner).maybeParseFile in goroutine 21
	github.com/evanw/esbuild/internal/bundler/bundler.go:1630 +0xd85

goroutine 1618 gp=0xc000a7ea80 m=nil [chan receive]:
runtime.gopark(0x60?, 0xc001964ea0?, 0x60?, 0xc6?, 0xc00303b4c8?)
	runtime/proc.go:460 +0xce fp=0xc00303b478 sp=0xc00303b458 pc=0x7ff656bc72ce
runtime.chanrecv(0xc0030345b0, 0xc00303b550, 0x1)
	runtime/chan.go:667 +0x473 fp=0xc00303b4f0 sp=0xc00303b478 pc=0x7ff656b5e593
runtime.chanrecv1(0x7ff65714d260?, 0xc00444ca50?)
	runtime/chan.go:509 +0x12 fp=0xc00303b518 sp=0xc00303b4f0 pc=0x7ff656b5e0f2
main.(*serviceType).sendRequest(0xc000181890, {0x7ff65714d260, 0xc00444ca50})
	github.com/evanw/esbuild/cmd/esbuild/service.go:192 +0x12b fp=0xc00303b588 sp=0xc00303b518 pc=0x7ff65706fb6b
main.(*serviceType).convertPlugins.func2.4({{0xc002a12280, 0x73}, {0x7ff6571cd3af, 0x4}, {0x0, 0x0}, {0x0, 0x0}, 0x0})
	github.com/evanw/esbuild/cmd/esbuild/service.go:1088 +0x836 fp=0xc00303b808 sp=0xc00303b588 pc=0x7ff657078356
github.com/evanw/esbuild/pkg/api.(*pluginImpl).onLoad.func1({{0x0, 0x0}, {{0xc002a12280, 0x73}, {0x7ff6571cd3af, 0x4}, 
{0x0, 0x0}, {{0x0, 0x0}}, ...}})
	github.com/evanw/esbuild/pkg/api/api_impl.go:2014 +0x190 fp=0xc00303ba70 sp=0xc00303b808 pc=0x7ff657036ad0
github.com/evanw/esbuild/internal/bundler.runOnLoadPlugins({0xc000090240?, 0xc0000902a0?, 0x2?}, {0x7ff6572bce40?, 
0xc0000a6360}, 0xc0000901e0, {0xc0000beb60, 0xc0000aa390, 0xc0000aa3a8, 0xc0000a6340, ...}, ...)
	github.com/evanw/esbuild/internal/bundler/bundler.go:1203 +0xcd5 fp=0xc00303be10 sp=0xc00303ba70 pc=0x7ff656f82835
github.com/evanw/esbuild/internal/bundler.parseFile({{0x7ff6572bce40, 0xc0000a6360}, {0xc0000beb60, 0xc0000aa390, 
0xc0000aa3a8, 0xc0000a6340, 0x6, 0xc0000a0450}, 0xc0004ae488, 0xc0000901e0, ...})
	github.com/evanw/esbuild/internal/bundler/bundler.go:163 +0x2b5 fp=0xc00303d608 sp=0xc00303be10 pc=0x7ff656f777f5
github.com/evanw/esbuild/internal/bundler.(*scanner).maybeParseFile.gowrap1()
	github.com/evanw/esbuild/internal/bundler/bundler.go:1630 +0x2fa fp=0xc00303dfe0 sp=0xc00303d608 pc=0x7ff656f85a5a
runtime.goexit({})
	runtime/asm_amd64.s:1693 +0x1 fp=0xc00303dfe8 sp=0xc00303dfe0 pc=0x7ff656bcf221
created by github.com/evanw/esbuild/internal/bundler.(*scanner).maybeParseFile in goroutine 21
	github.com/evanw/esbuild/internal/bundler/bundler.go:1630 +0xd85

goroutine 1407 gp=0xc000a7f880 m=nil [chan receive]:
runtime.gopark(0x29?, 0xc001964ea0?, 0xa9?, 0xff?, 0xc0051d74c8?)
	runtime/proc.go:460 +0xce fp=0xc0051d7478 sp=0xc0051d7458 pc=0x7ff656bc72ce
runtime.chanrecv(0xc002140fc0, 0xc0051d7550, 0x1)
	runtime/chan.go:667 +0x473 fp=0xc0051d74f0 sp=0xc0051d7478 pc=0x7ff656b5e593
runtime.chanrecv1(0x7ff65714d260?, 0xc000dc2060?)
	runtime/chan.go:509 +0x12 fp=0xc0051d7518 sp=0xc0051d74f0 pc=0x7ff656b5e0f2
main.(*serviceType).sendRequest(0xc000181890, {0x7ff65714d260, 0xc000dc2060})
	github.com/evanw/esbuild/cmd/esbuild/service.go:192 +0x12b fp=0xc0051d7588 sp=0xc0051d7518 pc=0x7ff65706fb6b
main.(*serviceType).convertPlugins.func2.4({{0xc004efc1c0, 0x6f}, {0x7ff6571cd3af, 0x4}, {0x0, 0x0}, {0x0, 0x0}, 0x0})
	github.com/evanw/esbuild/cmd/esbuild/service.go:1088 +0x836 fp=0xc0051d7808 sp=0xc0051d7588 pc=0x7ff657078356
github.com/evanw/esbuild/pkg/api.(*pluginImpl).onLoad.func1({{0x0, 0x0}, {{0xc004efc1c0, 0x6f}, {0x7ff6571cd3af, 0x4}, 
{0x0, 0x0}, {{0x0, 0x0}}, ...}})
	github.com/evanw/esbuild/pkg/api/api_impl.go:2014 +0x190 fp=0xc0051d7a70 sp=0xc0051d7808 pc=0x7ff657036ad0
github.com/evanw/esbuild/internal/bundler.runOnLoadPlugins({0xc000090240?, 0x2e2691fd271da60a?, 0xc0010e1560?}, 
{0x7ff6572bce40?, 0xc0000a6360}, 0xc0000901e0, {0xc0000beb60, 0xc0000aa390, 0xc0000aa3a8, 0xc0000a6340, ...}, ...)
	github.com/evanw/esbuild/internal/bundler/bundler.go:1203 +0xcd5 fp=0xc0051d7e10 sp=0xc0051d7a70 pc=0x7ff656f82835
github.com/evanw/esbuild/internal/bundler.parseFile({{0x7ff6572bce40, 0xc0000a6360}, {0xc0000beb60, 0xc0000aa390, 
0xc0000aa3a8, 0xc0000a6340, 0x6, 0xc0000a0450}, 0xc0004ae488, 0xc0000901e0, ...})
	github.com/evanw/esbuild/internal/bundler/bundler.go:163 +0x2b5 fp=0xc0051d9608 sp=0xc0051d7e10 pc=0x7ff656f777f5
github.com/evanw/esbuild/internal/bundler.(*scanner).maybeParseFile.gowrap1()
	github.com/evanw/esbuild/internal/bundler/bundler.go:1630 +0x2fa fp=0xc0051d9fe0 sp=0xc0051d9608 pc=0x7ff656f85a5a
runtime.goexit({})
	runtime/asm_amd64.s:1693 +0x1 fp=0xc0051d9fe8 sp=0xc0051d9fe0 pc=0x7ff656bcf221
created by github.com/evanw/esbuild/internal/bundler.(*scanner).maybeParseFile in goroutine 21
	github.com/evanw/esbuild/internal/bundler/bundler.go:1630 +0xd85

goroutine 1401 gp=0xc0009e7500 m=nil [chan receive]:
runtime.gopark(0xc0020ba120?, 0x2000000000070?, 0x2?, 0xd?, 0x20b0ba225c8?)
	runtime/proc.go:460 +0xce fp=0xc00578d478 sp=0xc00578d458 pc=0x7ff656bc72ce
runtime.chanrecv(0xc004047ce0, 0xc00578d550, 0x1)
	runtime/chan.go:667 +0x473 fp=0xc00578d4f0 sp=0xc00578d478 pc=0x7ff656b5e593
runtime.chanrecv1(0x7ff65714d260?, 0xc003d6fe30?)
	runtime/chan.go:509 +0x12 fp=0xc00578d518 sp=0xc00578d4f0 pc=0x7ff656b5e0f2
main.(*serviceType).sendRequest(0xc000181890, {0x7ff65714d260, 0xc003d6fe30})
	github.com/evanw/esbuild/cmd/esbuild/service.go:192 +0x12b fp=0xc00578d588 sp=0xc00578d518 pc=0x7ff65706fb6b
main.(*serviceType).convertPlugins.func2.4({{0xc004eb7880, 0x6d}, {0x7ff6571cd3af, 0x4}, {0x0, 0x0}, {0x0, 0x0}, 0x0})
	github.com/evanw/esbuild/cmd/esbuild/service.go:1088 +0x836 fp=0xc00578d808 sp=0xc00578d588 pc=0x7ff657078356
github.com/evanw/esbuild/pkg/api.(*pluginImpl).onLoad.func1({{0x0, 0x0}, {{0xc004eb7880, 0x6d}, {0x7ff6571cd3af, 0x4}, 
{0x0, 0x0}, {{0x0, 0x0}}, ...}})
	github.com/evanw/esbuild/pkg/api/api_impl.go:2014 +0x190 fp=0xc00578da70 sp=0xc00578d808 pc=0x7ff657036ad0
github.com/evanw/esbuild/internal/bundler.runOnLoadPlugins({0xc000090240?, 0x0?, 0x0?}, {0x7ff6572bce40?, 
0xc0000a6360}, 0xc0000901e0, {0xc0000beb60, 0xc0000aa390, 0xc0000aa3a8, 0xc0000a6340, ...}, ...)
	github.com/evanw/esbuild/internal/bundler/bundler.go:1203 +0xcd5 fp=0xc00578de10 sp=0xc00578da70 pc=0x7ff656f82835
github.com/evanw/esbuild/internal/bundler.parseFile({{0x7ff6572bce40, 0xc0000a6360}, {0xc0000beb60, 0xc0000aa390, 
0xc0000aa3a8, 0xc0000a6340, 0x6, 0xc0000a0450}, 0xc0004ae488, 0xc0000901e0, ...})
	github.com/evanw/esbuild/internal/bundler/bundler.go:163 +0x2b5 fp=0xc00578f608 sp=0xc00578de10 pc=0x7ff656f777f5
github.com/evanw/esbuild/internal/bundler.(*scanner).maybeParseFile.gowrap1()
	github.com/evanw/esbuild/internal/bundler/bundler.go:1630 +0x2fa fp=0xc00578ffe0 sp=0xc00578f608 pc=0x7ff656f85a5a
runtime.goexit({})
	runtime/asm_amd64.s:1693 +0x1 fp=0xc00578ffe8 sp=0xc00578ffe0 pc=0x7ff656bcf221
created by github.com/evanw/esbuild/internal/bundler.(*scanner).maybeParseFile in goroutine 21
	github.com/evanw/esbuild/internal/bundler/bundler.go:1630 +0xd85

goroutine 1232 gp=0xc000a9bc00 m=nil [runnable]:
runtime.cgocall(0x7ff656bd0a40, 0xc0040ab358)
	runtime/cgocall.go:167 +0x3e fp=0xc006652fb0 sp=0xc006652f48 pc=0x7ff656bc467e
runtime.syscall_syscalln(0xc0040ab008?, 0xc00659cfd8?, {0xc006652ff8?, 0x7ff656bc5065?, 0x9?})
	runtime/syscall_windows.go:521 +0x4e fp=0xc006652fd0 sp=0xc006652fb0 pc=0x7ff656bb0bee
syscall.Syscall6(0xc006653088?, 0x7ff656c0760f?, 0xc0026b95a8?, 0x12?, 0x12f?, 0xc00659cfd8?, 0xa?, 0x90?)
	runtime/syscall_windows.go:463 +0x38 fp=0xc006653038 sp=0xc006652fd0 pc=0x7ff656bcb038
internal/syscall/windows.GetFileInformationByHandleEx(0x128c, 0xa, 0x12?, 0x10000)
	internal/syscall/windows/zsyscall_windows.go:323 +0x73 fp=0xc006653098 sp=0xc006653038 pc=0x7ff656c216f3
os.(*File).readdir(0xc0064dc0d8, 0xffffffffffffffff, 0x0)
	os/dir_windows.go:125 +0x2bf fp=0xc006653190 sp=0xc006653098 pc=0x7ff656c2ad1f
os.(*File).Readdirnames(0xc0068180f0?, 0x0?)
	os/dir.go:73 +0x1a fp=0xc0066531c8 sp=0xc006653190 pc=0x7ff656c2a8da
github.com/evanw/esbuild/internal/fs.(*realFS).readdir(0xc0000da080, {0xc0068180f0, 0x43})
	github.com/evanw/esbuild/internal/fs/fs_real.go:362 +0xfd fp=0xc006653260 sp=0xc0066531c8 pc=0x7ff656c9c3bd
github.com/evanw/esbuild/internal/fs.(*realFS).ReadDirectory(0xc0000da080, {0xc0068180f0, 0x43})
	github.com/evanw/esbuild/internal/fs/fs_real.go:146 +0x177 fp=0xc0066533f0 sp=0xc006653260 pc=0x7ff656c9a637
github.com/evanw/esbuild/internal/fs.(*zipFS).ReadDirectory(0xc0000a6120, {0xc0068180f0, 0x43})
	github.com/evanw/esbuild/internal/fs/fs_zip.go:188 +0xbf fp=0xc006653530 sp=0xc0066533f0 pc=0x7ff656c9e7df
github.com/evanw/esbuild/internal/resolver.resolverQuery.dirInfoUncached({0xc0004af688?, 0xc0032da190?, 0x0?, 0x43?}, 
{0xc0068180f0, 0x43})
	github.com/evanw/esbuild/internal/resolver/resolver.go:1547 +0x11b fp=0xc006653810 sp=0xc006653530 pc=0x7ff656f5841b
github.com/evanw/esbuild/internal/resolver.resolverQuery.dirInfoCached({0xc0004af688?, 0xc0032da190?, 0x0?, 0x9e?}, 
{0xc0068180f0, 0x43})
	github.com/evanw/esbuild/internal/resolver/resolver.go:1174 +0xee fp=0xc006653918 sp=0xc006653810 pc=0x7ff656f5420e
github.com/evanw/esbuild/internal/resolver.resolverQuery.dirInfoUncached({0xc0004af688?, 0xc0032da190?, 0x0?, 0x48?}, 
{0xc0068180a0, 0x48})
	github.com/evanw/esbuild/internal/resolver/resolver.go:1538 +0xe5 fp=0xc006653bf8 sp=0xc006653918 pc=0x7ff656f583e5
github.com/evanw/esbuild/internal/resolver.resolverQuery.dirInfoCached({0xc0004af688?, 0xc0032da190?, 0x0?, 0x9e?}, 
{0xc0068180a0, 0x48})
	github.com/evanw/esbuild/internal/resolver/resolver.go:1174 +0xee fp=0xc006653d00 sp=0xc006653bf8 pc=0x7ff656f5420e
github.com/evanw/esbuild/internal/resolver.resolverQuery.dirInfoUncached({0xc0004af688?, 0xc0032da190?, 0x0?, 0x4d?}, 
{0xc006818050, 0x4d})
	github.com/evanw/esbuild/internal/resolver/resolver.go:1538 +0xe5 fp=0xc006653fe0 sp=0xc006653d00 pc=0x7ff656f583e5
github.com/evanw/esbuild/internal/resolver.resolverQuery.dirInfoCached({0xc0004af688?, 0xc0032da190?, 0x0?, 0x0?}, 
{0xc006818050, 0x4d})
	github.com/evanw/esbuild/internal/resolver/resolver.go:1174 +0xee fp=0xc0066540e8 sp=0xc006653fe0 pc=0x7ff656f5420e
github.com/evanw/esbuild/internal/resolver.resolverQuery.dirInfoUncached({0xc0004af688?, 0xc0032da190?, 0x0?, 0x51?}, 
{0xc005e5a720, 0x51})
	github.com/evanw/esbuild/internal/resolver/resolver.go:1538 +0xe5 fp=0xc0066543c8 sp=0xc0066540e8 pc=0x7ff656f583e5
github.com/evanw/esbuild/internal/resolver.resolverQuery.dirInfoCached({0xc0004af688?, 0xc0032da190?, 0x0?, 0x0?}, 
{0xc005e5a720, 0x51})
	github.com/evanw/esbuild/internal/resolver/resolver.go:1174 +0xee fp=0xc0066544d0 sp=0xc0066543c8 pc=0x7ff656f5420e
github.com/evanw/esbuild/internal/resolver.resolverQuery.dirInfoUncached({0xc0004af688?, 0xc0032da190?, 0x0?, 0x5a?}, 
{0xc005e5a6c0, 0x5a})
	github.com/evanw/esbuild/internal/resolver/resolver.go:1538 +0xe5 fp=0xc0066547b0 sp=0xc0066544d0 pc=0x7ff656f583e5
github.com/evanw/esbuild/internal/resolver.resolverQuery.dirInfoCached({0xc0004af688?, 0xc0032da190?, 0x0?, 0x48?}, 
{0xc005e5a6c0, 0x5a})
	github.com/evanw/esbuild/internal/resolver/resolver.go:1174 +0xee fp=0xc0066548b8 sp=0xc0066547b0 pc=0x7ff656f5420e
github.com/evanw/esbuild/internal/resolver.resolverQuery.dirInfoUncached({0xc0004af688?, 0xc0032da190?, 0x0?, 0x64?}, 
{0xc006416000, 0x64})
	github.com/evanw/esbuild/internal/resolver/resolver.go:1538 +0xe5 fp=0xc006654b98 sp=0xc0066548b8 pc=0x7ff656f583e5
github.com/evanw/esbuild/internal/resolver.resolverQuery.dirInfoCached({0xc0004af688?, 0xc0032da190?, 0x0?, 0x90?}, 
{0xc006416000, 0x64})
	github.com/evanw/esbuild/internal/resolver/resolver.go:1174 +0xee fp=0xc006654ca0 sp=0xc006654b98 pc=0x7ff656f5420e
github.com/evanw/esbuild/internal/resolver.resolverQuery.finalizeResolve({0xc0004af688?, 0xc0032da190?, 0x0?, 0x0?}, 
0xc0051fc000)
	github.com/evanw/esbuild/internal/resolver/resolver.go:842 +0x6f1 fp=0xc006654e50 sp=0xc006654ca0 pc=0x7ff656f510d1
github.com/evanw/esbuild/internal/resolver.(*Resolver).Resolve(0xc0004af688, {0xc004eeba40, 0x36}, {0xc0032a2200, 
0x76}, 0x1)
	github.com/evanw/esbuild/internal/resolver/resolver.go:572 +0x1a1a fp=0xc006655220 sp=0xc006654e50 pc=0x7ff656f4ca9a
github.com/evanw/esbuild/internal/bundler.RunOnResolvePlugins({_, _, _}, _, {0xc0054894a0, 0xc005159650, 0xc005159668, 
0xc005159680, 0x3, 0xc005489470}, ...)
	github.com/evanw/esbuild/internal/bundler/bundler.go:1154 +0x36a fp=0xc006655690 sp=0xc006655220 pc=0x7ff656f80e0a
github.com/evanw/esbuild/pkg/api.loadPlugins.func2({0xc0032a2200, 0x76}, {{0xc005425930, 0x10}, {0x0, 0x0}, {0x0, 
0x0}, {0xc004eeba40, 0x36}, ...})
	github.com/evanw/esbuild/pkg/api/api_impl.go:2114 +0x4be fp=0xc006655d18 sp=0xc006655690 pc=0x7ff65703809e
main.(*serviceType).convertPlugins.func2.1(0xa0, 0xc0050590e0)
	github.com/evanw/esbuild/cmd/esbuild/service.go:944 +0x665 fp=0xc006655f50 sp=0xc006655d18 pc=0x7ff65707a885
main.(*serviceType).handleIncomingPacket.func4()
	github.com/evanw/esbuild/cmd/esbuild/service.go:262 +0xa4 fp=0xc006655fe0 sp=0xc006655f50 pc=0x7ff6570740a4
runtime.goexit({})
	runtime/asm_amd64.s:1693 +0x1 fp=0xc006655fe8 sp=0xc006655fe0 pc=0x7ff656bcf221
created by main.(*serviceType).handleIncomingPacket in goroutine 1
	github.com/evanw/esbuild/cmd/esbuild/service.go:257 +0x156e

goroutine 1204 gp=0xc001cf8700 m=nil [chan send]:
runtime.gopark(0xc006000b40?, 0xc0032e9920?, 0xa0?, 0xc7?, 0x7ff656f59bde?)
	runtime/proc.go:460 +0xce fp=0xc004f4c4b0 sp=0xc004f4c490 pc=0x7ff656bc72ce
runtime.chansend(0xc000136000, 0x7ff6572b1690, 0x1, 0x59?)
	runtime/chan.go:283 +0x3cb fp=0xc004f4c520 sp=0xc004f4c4b0 pc=0x7ff656b5d58b
runtime.chansend1(0xc0000da080?, 0xc00605f080?)
	runtime/chan.go:161 +0x17 fp=0xc004f4c550 sp=0xc004f4c520 pc=0x7ff656b5d1b7
github.com/evanw/esbuild/internal/fs.BeforeFileOpen(...)
	github.com/evanw/esbuild/internal/fs/fs.go:245
github.com/evanw/esbuild/internal/fs.(*realFS).readdir(0xc0000da080, {0xc00608cde0, 0x59})
	github.com/evanw/esbuild/internal/fs/fs_real.go:351 +0x6c fp=0xc004f4c5e8 sp=0xc004f4c550 pc=0x7ff656c9c32c
github.com/evanw/esbuild/internal/fs.(*realFS).ReadDirectory(0xc0000da080, {0xc00608cde0, 0x59})
	github.com/evanw/esbuild/internal/fs/fs_real.go:146 +0x177 fp=0xc004f4c778 sp=0xc004f4c5e8 pc=0x7ff656c9a637
github.com/evanw/esbuild/internal/fs.(*zipFS).ReadDirectory(0xc0000a6120, {0xc00608cde0, 0x59})
	github.com/evanw/esbuild/internal/fs/fs_zip.go:188 +0xbf fp=0xc004f4c8b8 sp=0xc004f4c778 pc=0x7ff656c9e7df
github.com/evanw/esbuild/internal/resolver.resolverQuery.dirInfoUncached({0xc003c0c008?, 0xc000a83900?, 0x0?, 0x59?}, 
{0xc00608cde0, 0x59})
	github.com/evanw/esbuild/internal/resolver/resolver.go:1547 +0x11b fp=0xc004f4cb98 sp=0xc004f4c8b8 pc=0x7ff656f5841b
github.com/evanw/esbuild/internal/resolver.resolverQuery.dirInfoCached({0xc003c0c008?, 0xc000a83900?, 0x0?, 0x0?}, 
{0xc00608cde0, 0x59})
	github.com/evanw/esbuild/internal/resolver/resolver.go:1174 +0xee fp=0xc004f4cca0 sp=0xc004f4cb98 pc=0x7ff656f5420e
github.com/evanw/esbuild/internal/resolver.resolverQuery.finalizeResolve({0xc003c0c008?, 0xc000a83900?, 0x0?, 0x0?}, 
0xc005d5f440)
	github.com/evanw/esbuild/internal/resolver/resolver.go:842 +0x6f1 fp=0xc004f4ce50 sp=0xc004f4cca0 pc=0x7ff656f510d1
github.com/evanw/esbuild/internal/resolver.(*Resolver).Resolve(0xc003c0c008, {0xc001317040, 0x36}, {0xc003906500, 
0x79}, 0x1)
	github.com/evanw/esbuild/internal/resolver/resolver.go:572 +0x1a1a fp=0xc004f4d220 sp=0xc004f4ce50 pc=0x7ff656f4ca9a
github.com/evanw/esbuild/internal/bundler.RunOnResolvePlugins({_, _, _}, _, {0xc0045e9980, 0xc0045fd1a0, 0xc0045fd1b8, 
0xc0045fd1d0, 0x3, 0xc0045e9950}, ...)
	github.com/evanw/esbuild/internal/bundler/bundler.go:1154 +0x36a fp=0xc004f4d690 sp=0xc004f4d220 pc=0x7ff656f80e0a
github.com/evanw/esbuild/pkg/api.loadPlugins.func2({0xc003906500, 0x79}, {{0xc0042bb250, 0x10}, {0x0, 0x0}, {0x0, 
0x0}, {0xc001317040, 0x36}, ...})
	github.com/evanw/esbuild/pkg/api/api_impl.go:2114 +0x4be fp=0xc004f4dd18 sp=0xc004f4d690 pc=0x7ff65703809e
main.(*serviceType).convertPlugins.func2.1(0x95, 0xc0042bd8f0)
	github.com/evanw/esbuild/cmd/esbuild/service.go:944 +0x665 fp=0xc004f4df50 sp=0xc004f4dd18 pc=0x7ff65707a885
main.(*serviceType).handleIncomingPacket.func4()
	github.com/evanw/esbuild/cmd/esbuild/service.go:262 +0xa4 fp=0xc004f4dfe0 sp=0xc004f4df50 pc=0x7ff6570740a4
runtime.goexit({})
	runtime/asm_amd64.s:1693 +0x1 fp=0xc004f4dfe8 sp=0xc004f4dfe0 pc=0x7ff656bcf221
created by main.(*serviceType).handleIncomingPacket in goroutine 1
	github.com/evanw/esbuild/cmd/esbuild/service.go:257 +0x156e

goroutine 1406 gp=0xc001cf8c40 m=nil [chan receive]:
runtime.gopark(0x7d?, 0xc001964ea0?, 0x7d?, 0x99?, 0xc0051cf4c8?)
	runtime/proc.go:460 +0xce fp=0xc0051cf478 sp=0xc0051cf458 pc=0x7ff656bc72ce
runtime.chanrecv(0xc002140f50, 0xc0051cf550, 0x1)
	runtime/chan.go:667 +0x473 fp=0xc0051cf4f0 sp=0xc0051cf478 pc=0x7ff656b5e593
runtime.chanrecv1(0x7ff65714d260?, 0xc0039e9ec0?)
	runtime/chan.go:509 +0x12 fp=0xc0051cf518 sp=0xc0051cf4f0 pc=0x7ff656b5e0f2
main.(*serviceType).sendRequest(0xc000181890, {0x7ff65714d260, 0xc0039e9ec0})
	github.com/evanw/esbuild/cmd/esbuild/service.go:192 +0x12b fp=0xc0051cf588 sp=0xc0051cf518 pc=0x7ff65706fb6b
main.(*serviceType).convertPlugins.func2.4({{0xc004ef5480, 0x71}, {0x7ff6571cd3af, 0x4}, {0x0, 0x0}, {0x0, 0x0}, 0x0})
	github.com/evanw/esbuild/cmd/esbuild/service.go:1088 +0x836 fp=0xc0051cf808 sp=0xc0051cf588 pc=0x7ff657078356
github.com/evanw/esbuild/pkg/api.(*pluginImpl).onLoad.func1({{0x0, 0x0}, {{0xc004ef5480, 0x71}, {0x7ff6571cd3af, 0x4}, 
{0x0, 0x0}, {{0x0, 0x0}}, ...}})
	github.com/evanw/esbuild/pkg/api/api_impl.go:2014 +0x190 fp=0xc0051cfa70 sp=0xc0051cf808 pc=0x7ff657036ad0
github.com/evanw/esbuild/internal/bundler.runOnLoadPlugins({0xc000090240?, 0x3650882368?, 0x1b010e1a00?}, 
{0x7ff6572bce40?, 0xc0000a6360}, 0xc0000901e0, {0xc0000beb60, 0xc0000aa390, 0xc0000aa3a8, 0xc0000a6340, ...}, ...)
	github.com/evanw/esbuild/internal/bundler/bundler.go:1203 +0xcd5 fp=0xc0051cfe10 sp=0xc0051cfa70 pc=0x7ff656f82835
github.com/evanw/esbuild/internal/bundler.parseFile({{0x7ff6572bce40, 0xc0000a6360}, {0xc0000beb60, 0xc0000aa390, 
0xc0000aa3a8, 0xc0000a6340, 0x6, 0xc0000a0450}, 0xc0004ae488, 0xc0000901e0, ...})
	github.com/evanw/esbuild/internal/bundler/bundler.go:163 +0x2b5 fp=0xc0051d1608 sp=0xc0051cfe10 pc=0x7ff656f777f5
github.com/evanw/esbuild/internal/bundler.(*scanner).maybeParseFile.gowrap1()
	github.com/evanw/esbuild/internal/bundler/bundler.go:1630 +0x2fa fp=0xc0051d1fe0 sp=0xc0051d1608 pc=0x7ff656f85a5a
runtime.goexit({})
	runtime/asm_amd64.s:1693 +0x1 fp=0xc0051d1fe8 sp=0xc0051d1fe0 pc=0x7ff656bcf221
created by github.com/evanw/esbuild/internal/bundler.(*scanner).maybeParseFile in goroutine 21
	github.com/evanw/esbuild/internal/bundler/bundler.go:1630 +0xd85

goroutine 1240 gp=0xc001cf8fc0 m=nil [chan receive]:
runtime.gopark(0xc002384f60?, 0x2000000000070?, 0x66?, 0x6c?, 0x20b0ba20108?)
	runtime/proc.go:460 +0xce fp=0xc0053d7478 sp=0xc0053d7458 pc=0x7ff656bc72ce
runtime.chanrecv(0xc005049960, 0xc0053d7550, 0x1)
	runtime/chan.go:667 +0x473 fp=0xc0053d74f0 sp=0xc0053d7478 pc=0x7ff656b5e593
runtime.chanrecv1(0x7ff65714d260?, 0xc00421aea0?)
	runtime/chan.go:509 +0x12 fp=0xc0053d7518 sp=0xc0053d74f0 pc=0x7ff656b5e0f2
main.(*serviceType).sendRequest(0xc000181890, {0x7ff65714d260, 0xc00421aea0})
	github.com/evanw/esbuild/cmd/esbuild/service.go:192 +0x12b fp=0xc0053d7588 sp=0xc0053d7518 pc=0x7ff65706fb6b
main.(*serviceType).convertPlugins.func2.4({{0xc0005b39d0, 0x6a}, {0x7ff6571cd3af, 0x4}, {0x0, 0x0}, {0x0, 0x0}, 0x0})
	github.com/evanw/esbuild/cmd/esbuild/service.go:1088 +0x836 fp=0xc0053d7808 sp=0xc0053d7588 pc=0x7ff657078356
github.com/evanw/esbuild/pkg/api.(*pluginImpl).onLoad.func1({{0x0, 0x0}, {{0xc0005b39d0, 0x6a}, {0x7ff6571cd3af, 0x4}, 
{0x0, 0x0}, {{0x0, 0x0}}, ...}})
	github.com/evanw/esbuild/pkg/api/api_impl.go:2014 +0x190 fp=0xc0053d7a70 sp=0xc0053d7808 pc=0x7ff657036ad0
github.com/evanw/esbuild/internal/bundler.runOnLoadPlugins({0xc000090240?, 0x0?, 0x0?}, {0x7ff6572bce40?, 
0xc0000a6360}, 0xc0000901e0, {0xc0000beb60, 0xc0000aa390, 0xc0000aa3a8, 0xc0000a6340, ...}, ...)
	github.com/evanw/esbuild/internal/bundler/bundler.go:1203 +0xcd5 fp=0xc0053d7e10 sp=0xc0053d7a70 pc=0x7ff656f82835
github.com/evanw/esbuild/internal/bundler.parseFile({{0x7ff6572bce40, 0xc0000a6360}, {0xc0000beb60, 0xc0000aa390, 
0xc0000aa3a8, 0xc0000a6340, 0x6, 0xc0000a0450}, 0xc0004ae488, 0xc0000901e0, ...})
	github.com/evanw/esbuild/internal/bundler/bundler.go:163 +0x2b5 fp=0xc0053d9608 sp=0xc0053d7e10 pc=0x7ff656f777f5
github.com/evanw/esbuild/internal/bundler.(*scanner).maybeParseFile.gowrap1()
	github.com/evanw/esbuild/internal/bundler/bundler.go:1630 +0x2fa fp=0xc0053d9fe0 sp=0xc0053d9608 pc=0x7ff656f85a5a
runtime.goexit({})
	runtime/asm_amd64.s:1693 +0x1 fp=0xc0053d9fe8 sp=0xc0053d9fe0 pc=0x7ff656bcf221
created by github.com/evanw/esbuild/internal/bundler.(*scanner).maybeParseFile in goroutine 21
	github.com/evanw/esbuild/internal/bundler/bundler.go:1630 +0xd85

goroutine 1239 gp=0xc001cf9c00 m=nil [chan receive]:
runtime.gopark(0xc001964e40?, 0x2000000000070?, 0x3?, 0xd6?, 0x20b0ba20108?)
	runtime/proc.go:460 +0xce fp=0xc0053cf478 sp=0xc0053cf458 pc=0x7ff656bc72ce
runtime.chanrecv(0xc0050498f0, 0xc0053cf550, 0x1)
	runtime/chan.go:667 +0x473 fp=0xc0053cf4f0 sp=0xc0053cf478 pc=0x7ff656b5e593
runtime.chanrecv1(0x7ff65714d260?, 0xc00421ae40?)
	runtime/chan.go:509 +0x12 fp=0xc0053cf518 sp=0xc0053cf4f0 pc=0x7ff656b5e0f2
main.(*serviceType).sendRequest(0xc000181890, {0x7ff65714d260, 0xc00421ae40})
	github.com/evanw/esbuild/cmd/esbuild/service.go:192 +0x12b fp=0xc0053cf588 sp=0xc0053cf518 pc=0x7ff65706fb6b
main.(*serviceType).convertPlugins.func2.4({{0xc000d330a0, 0x6b}, {0x7ff6571cd3af, 0x4}, {0x0, 0x0}, {0x0, 0x0}, 0x0})
	github.com/evanw/esbuild/cmd/esbuild/service.go:1088 +0x836 fp=0xc0053cf808 sp=0xc0053cf588 pc=0x7ff657078356
github.com/evanw/esbuild/pkg/api.(*pluginImpl).onLoad.func1({{0x0, 0x0}, {{0xc000d330a0, 0x6b}, {0x7ff6571cd3af, 0x4}, 
{0x0, 0x0}, {{0x0, 0x0}}, ...}})
	github.com/evanw/esbuild/pkg/api/api_impl.go:2014 +0x190 fp=0xc0053cfa70 sp=0xc0053cf808 pc=0x7ff657036ad0
github.com/evanw/esbuild/internal/bundler.runOnLoadPlugins({0xc000090240?, 0x0?, 0x0?}, {0x7ff6572bce40?, 
0xc0000a6360}, 0xc0000901e0, {0xc0000beb60, 0xc0000aa390, 0xc0000aa3a8, 0xc0000a6340, ...}, ...)
	github.com/evanw/esbuild/internal/bundler/bundler.go:1203 +0xcd5 fp=0xc0053cfe10 sp=0xc0053cfa70 pc=0x7ff656f82835
github.com/evanw/esbuild/internal/bundler.parseFile({{0x7ff6572bce40, 0xc0000a6360}, {0xc0000beb60, 0xc0000aa390, 
0xc0000aa3a8, 0xc0000a6340, 0x6, 0xc0000a0450}, 0xc0004ae488, 0xc0000901e0, ...})
	github.com/evanw/esbuild/internal/bundler/bundler.go:163 +0x2b5 fp=0xc0053d1608 sp=0xc0053cfe10 pc=0x7ff656f777f5
github.com/evanw/esbuild/internal/bundler.(*scanner).maybeParseFile.gowrap1()
	github.com/evanw/esbuild/internal/bundler/bundler.go:1630 +0x2fa fp=0xc0053d1fe0 sp=0xc0053d1608 pc=0x7ff656f85a5a
runtime.goexit({})
	runtime/asm_amd64.s:1693 +0x1 fp=0xc0053d1fe8 sp=0xc0053d1fe0 pc=0x7ff656bcf221
created by github.com/evanw/esbuild/internal/bundler.(*scanner).maybeParseFile in goroutine 21
	github.com/evanw/esbuild/internal/bundler/bundler.go:1630 +0xd85

goroutine 1410 gp=0xc002600380 m=nil [chan receive]:
runtime.gopark(0xc0000472c0?, 0x2000000000070?, 0x64?, 0x1?, 0x20b0ba20ed0?)
	runtime/proc.go:460 +0xce fp=0xc0009d5478 sp=0xc0009d5458 pc=0x7ff656bc72ce
runtime.chanrecv(0xc0032887e0, 0xc0009d5550, 0x1)
	runtime/chan.go:667 +0x473 fp=0xc0009d54f0 sp=0xc0009d5478 pc=0x7ff656b5e593
runtime.chanrecv1(0x7ff65714d260?, 0xc002d76510?)
	runtime/chan.go:509 +0x12 fp=0xc0009d5518 sp=0xc0009d54f0 pc=0x7ff656b5e0f2
main.(*serviceType).sendRequest(0xc000181890, {0x7ff65714d260, 0xc002d76510})
	github.com/evanw/esbuild/cmd/esbuild/service.go:192 +0x12b fp=0xc0009d5588 sp=0xc0009d5518 pc=0x7ff65706fb6b
main.(*serviceType).convertPlugins.func2.4({{0xc002a14150, 0x68}, {0x7ff6571cd3af, 0x4}, {0x0, 0x0}, {0x0, 0x0}, 0x0})
	github.com/evanw/esbuild/cmd/esbuild/service.go:1088 +0x836 fp=0xc0009d5808 sp=0xc0009d5588 pc=0x7ff657078356
github.com/evanw/esbuild/pkg/api.(*pluginImpl).onLoad.func1({{0x0, 0x0}, {{0xc002a14150, 0x68}, {0x7ff6571cd3af, 0x4}, 
{0x0, 0x0}, {{0x0, 0x0}}, ...}})
	github.com/evanw/esbuild/pkg/api/api_impl.go:2014 +0x190 fp=0xc0009d5a70 sp=0xc0009d5808 pc=0x7ff657036ad0
github.com/evanw/esbuild/internal/bundler.runOnLoadPlugins({0xc000090240?, 0xc0049f1d10?, 0x8?}, {0x7ff6572bce40?, 
0xc0000a6360}, 0xc0000901e0, {0xc0000beb60, 0xc0000aa390, 0xc0000aa3a8, 0xc0000a6340, ...}, ...)
	github.com/evanw/esbuild/internal/bundler/bundler.go:1203 +0xcd5 fp=0xc0009d5e10 sp=0xc0009d5a70 pc=0x7ff656f82835
github.com/evanw/esbuild/internal/bundler.parseFile({{0x7ff6572bce40, 0xc0000a6360}, {0xc0000beb60, 0xc0000aa390, 
0xc0000aa3a8, 0xc0000a6340, 0x6, 0xc0000a0450}, 0xc0004ae488, 0xc0000901e0, ...})
	github.com/evanw/esbuild/internal/bundler/bundler.go:163 +0x2b5 fp=0xc0009d7608 sp=0xc0009d5e10 pc=0x7ff656f777f5
github.com/evanw/esbuild/internal/bundler.(*scanner).maybeParseFile.gowrap1()
	github.com/evanw/esbuild/internal/bundler/bundler.go:1630 +0x2fa fp=0xc0009d7fe0 sp=0xc0009d7608 pc=0x7ff656f85a5a
runtime.goexit({})
	runtime/asm_amd64.s:1693 +0x1 fp=0xc0009d7fe8 sp=0xc0009d7fe0 pc=0x7ff656bcf221
created by github.com/evanw/esbuild/internal/bundler.(*scanner).maybeParseFile in goroutine 21
	github.com/evanw/esbuild/internal/bundler/bundler.go:1630 +0xd85

goroutine 1620 gp=0xc002600540 m=nil [chan receive]:
runtime.gopark(0x2e?, 0xc001964ea0?, 0x2e?, 0x10?, 0xc004d794c8?)
	runtime/proc.go:460 +0xce fp=0xc004d79478 sp=0xc004d79458 pc=0x7ff656bc72ce
runtime.chanrecv(0xc004d64bd0, 0xc004d79550, 0x1)
	runtime/chan.go:667 +0x473 fp=0xc004d794f0 sp=0xc004d79478 pc=0x7ff656b5e593
runtime.chanrecv1(0x7ff65714d260?, 0xc00444c9f0?)
	runtime/chan.go:509 +0x12 fp=0xc004d79518 sp=0xc004d794f0 pc=0x7ff656b5e0f2
main.(*serviceType).sendRequest(0xc000181890, {0x7ff65714d260, 0xc00444c9f0})
	github.com/evanw/esbuild/cmd/esbuild/service.go:192 +0x12b fp=0xc004d79588 sp=0xc004d79518 pc=0x7ff65706fb6b
main.(*serviceType).convertPlugins.func2.4({{0xc004d3bdc0, 0x70}, {0x7ff6571cd3af, 0x4}, {0x0, 0x0}, {0x0, 0x0}, 0x0})
	github.com/evanw/esbuild/cmd/esbuild/service.go:1088 +0x836 fp=0xc004d79808 sp=0xc004d79588 pc=0x7ff657078356
github.com/evanw/esbuild/pkg/api.(*pluginImpl).onLoad.func1({{0x0, 0x0}, {{0xc004d3bdc0, 0x70}, {0x7ff6571cd3af, 0x4}, 
{0x0, 0x0}, {{0x0, 0x0}}, ...}})
	github.com/evanw/esbuild/pkg/api/api_impl.go:2014 +0x190 fp=0xc004d79a70 sp=0xc004d79808 pc=0x7ff657036ad0
github.com/evanw/esbuild/internal/bundler.runOnLoadPlugins({0xc000090240?, 0xc0000902a0?, 0x2?}, {0x7ff6572bce40?, 
0xc0000a6360}, 0xc0000901e0, {0xc0000beb60, 0xc0000aa390, 0xc0000aa3a8, 0xc0000a6340, ...}, ...)
	github.com/evanw/esbuild/internal/bundler/bundler.go:1203 +0xcd5 fp=0xc004d79e10 sp=0xc004d79a70 pc=0x7ff656f82835
github.com/evanw/esbuild/internal/bundler.parseFile({{0x7ff6572bce40, 0xc0000a6360}, {0xc0000beb60, 0xc0000aa390, 
0xc0000aa3a8, 0xc0000a6340, 0x6, 0xc0000a0450}, 0xc0004ae488, 0xc0000901e0, ...})
	github.com/evanw/esbuild/internal/bundler/bundler.go:163 +0x2b5 fp=0xc004d7b608 sp=0xc004d79e10 pc=0x7ff656f777f5
github.com/evanw/esbuild/internal/bundler.(*scanner).maybeParseFile.gowrap1()
	github.com/evanw/esbuild/internal/bundler/bundler.go:1630 +0x2fa fp=0xc004d7bfe0 sp=0xc004d7b608 pc=0x7ff656f85a5a
runtime.goexit({})
	runtime/asm_amd64.s:1693 +0x1 fp=0xc004d7bfe8 sp=0xc004d7bfe0 pc=0x7ff656bcf221
created by github.com/evanw/esbuild/internal/bundler.(*scanner).maybeParseFile in goroutine 21
	github.com/evanw/esbuild/internal/bundler/bundler.go:1630 +0xd85

goroutine 928 gp=0xc0026008c0 m=nil [sync.Mutex.Lock]:
runtime.gopark(0x7ff656ba7280?, 0xc001b738c0?, 0xc0?, 0x55?, 0x7ff656f6628f?)
	runtime/proc.go:460 +0xce fp=0xc006a454e0 sp=0xc006a454c0 pc=0x7ff656bc72ce
runtime.goparkunlock(...)
	runtime/proc.go:466
runtime.semacquire1(0xc0004ae8d4, 0x0, 0x3, 0x2, 0x16)
	runtime/sema.go:192 +0x22f fp=0xc006a45548 sp=0xc006a454e0 pc=0x7ff656ba74ef
internal/sync.runtime_SemacquireMutex(0xc0004ae488?, 0x90?, 0x0?)
	runtime/sema.go:95 +0x25 fp=0xc006a45580 sp=0xc006a45548 pc=0x7ff656bc8405
internal/sync.(*Mutex).lockSlow(0xc0004ae8d0)
	internal/sync/mutex.go:149 +0x15d fp=0xc006a455d0 sp=0xc006a45580 pc=0x7ff656be59fd
internal/sync.(*Mutex).Lock(...)
	internal/sync/mutex.go:70
sync.(*Mutex).Lock(...)
	sync/mutex.go:46
github.com/evanw/esbuild/internal/resolver.(*Resolver).Resolve(0xc0004ae488, {0xc001d74540, 0x5e}, {0xc001b738c0, 
0x13}, 0x1)
	github.com/evanw/esbuild/internal/resolver/resolver.go:512 +0xfa5 fp=0xc006a459a0 sp=0xc006a455d0 pc=0x7ff656f4c025
github.com/evanw/esbuild/internal/bundler.RunOnResolvePlugins({_, _, _}, _, {0xc0000beb60, 0xc0000aa390, 0xc0000aa3a8, 
0xc0000a6340, 0x6, 0xc0000a0450}, ...)
	github.com/evanw/esbuild/internal/bundler/bundler.go:1154 +0x36a fp=0xc006a45e10 sp=0xc006a459a0 pc=0x7ff656f80e0a
github.com/evanw/esbuild/internal/bundler.parseFile({{0x7ff6572bce40, 0xc0000a6360}, {0xc0000beb60, 0xc0000aa390, 
0xc0000aa3a8, 0xc0000a6340, 0x6, 0xc0000a0450}, 0xc0004ae488, 0xc0000901e0, ...})
	github.com/evanw/esbuild/internal/bundler/bundler.go:554 +0x3610 fp=0xc006a47608 sp=0xc006a45e10 pc=0x7ff656f7ab50
github.com/evanw/esbuild/internal/bundler.(*scanner).maybeParseFile.gowrap1()
	github.com/evanw/esbuild/internal/bundler/bundler.go:1630 +0x2fa fp=0xc006a47fe0 sp=0xc006a47608 pc=0x7ff656f85a5a
runtime.goexit({})
	runtime/asm_amd64.s:1693 +0x1 fp=0xc006a47fe8 sp=0xc006a47fe0 pc=0x7ff656bcf221
created by github.com/evanw/esbuild/internal/bundler.(*scanner).maybeParseFile in goroutine 21
	github.com/evanw/esbuild/internal/bundler/bundler.go:1630 +0xd85

goroutine 1621 gp=0xc002600c40 m=nil [chan receive]:
runtime.gopark(0x6a?, 0xc001964ea0?, 0x6a?, 0xaa?, 0xc0029c54c8?)
	runtime/proc.go:460 +0xce fp=0xc0029c5478 sp=0xc0029c5458 pc=0x7ff656bc72ce
runtime.chanrecv(0xc000a18540, 0xc0029c5550, 0x1)
	runtime/chan.go:667 +0x473 fp=0xc0029c54f0 sp=0xc0029c5478 pc=0x7ff656b5e593
runtime.chanrecv1(0x7ff65714d260?, 0xc00444cb10?)
	runtime/chan.go:509 +0x12 fp=0xc0029c5518 sp=0xc0029c54f0 pc=0x7ff656b5e0f2
main.(*serviceType).sendRequest(0xc000181890, {0x7ff65714d260, 0xc00444cb10})
	github.com/evanw/esbuild/cmd/esbuild/service.go:192 +0x12b fp=0xc0029c5588 sp=0xc0029c5518 pc=0x7ff65706fb6b
main.(*serviceType).convertPlugins.func2.4({{0xc0030347e0, 0x64}, {0x7ff6571cd3af, 0x4}, {0x0, 0x0}, {0x0, 0x0}, 0x0})
	github.com/evanw/esbuild/cmd/esbuild/service.go:1088 +0x836 fp=0xc0029c5808 sp=0xc0029c5588 pc=0x7ff657078356
github.com/evanw/esbuild/pkg/api.(*pluginImpl).onLoad.func1({{0x0, 0x0}, {{0xc0030347e0, 0x64}, {0x7ff6571cd3af, 0x4}, 
{0x0, 0x0}, {{0x0, 0x0}}, ...}})
	github.com/evanw/esbuild/pkg/api/api_impl.go:2014 +0x190 fp=0xc0029c5a70 sp=0xc0029c5808 pc=0x7ff657036ad0
github.com/evanw/esbuild/internal/bundler.runOnLoadPlugins({0xc000090240?, 0xc0000902a0?, 0x2?}, {0x7ff6572bce40?, 
0xc0000a6360}, 0xc0000901e0, {0xc0000beb60, 0xc0000aa390, 0xc0000aa3a8, 0xc0000a6340, ...}, ...)
	github.com/evanw/esbuild/internal/bundler/bundler.go:1203 +0xcd5 fp=0xc0029c5e10 sp=0xc0029c5a70 pc=0x7ff656f82835
github.com/evanw/esbuild/internal/bundler.parseFile({{0x7ff6572bce40, 0xc0000a6360}, {0xc0000beb60, 0xc0000aa390, 
0xc0000aa3a8, 0xc0000a6340, 0x6, 0xc0000a0450}, 0xc0004ae488, 0xc0000901e0, ...})
	github.com/evanw/esbuild/internal/bundler/bundler.go:163 +0x2b5 fp=0xc0029c7608 sp=0xc0029c5e10 pc=0x7ff656f777f5
github.com/evanw/esbuild/internal/bundler.(*scanner).maybeParseFile.gowrap1()
	github.com/evanw/esbuild/internal/bundler/bundler.go:1630 +0x2fa fp=0xc0029c7fe0 sp=0xc0029c7608 pc=0x7ff656f85a5a
runtime.goexit({})
	runtime/asm_amd64.s:1693 +0x1 fp=0xc0029c7fe8 sp=0xc0029c7fe0 pc=0x7ff656bcf221
created by github.com/evanw/esbuild/internal/bundler.(*scanner).maybeParseFile in goroutine 21
	github.com/evanw/esbuild/internal/bundler/bundler.go:1630 +0xd85

goroutine 912 gp=0xc002600fc0 m=nil [chan receive]:
runtime.gopark(0x4e?, 0xc001964ea0?, 0xce?, 0xe2?, 0xc00433b4c8?)
	runtime/proc.go:460 +0xce fp=0xc00433b478 sp=0xc00433b458 pc=0x7ff656bc72ce
runtime.chanrecv(0xc004a03730, 0xc00433b550, 0x1)
	runtime/chan.go:667 +0x473 fp=0xc00433b4f0 sp=0xc00433b478 pc=0x7ff656b5e593
runtime.chanrecv1(0x7ff65714d260?, 0xc00486e960?)
	runtime/chan.go:509 +0x12 fp=0xc00433b518 sp=0xc00433b4f0 pc=0x7ff656b5e0f2
main.(*serviceType).sendRequest(0xc000181890, {0x7ff65714d260, 0xc00486e960})
	github.com/evanw/esbuild/cmd/esbuild/service.go:192 +0x12b fp=0xc00433b588 sp=0xc00433b518 pc=0x7ff65706fb6b
main.(*serviceType).convertPlugins.func2.4({{0xc004016310, 0x67}, {0x7ff6571cd3af, 0x4}, {0x0, 0x0}, {0x0, 0x0}, 0x0})
	github.com/evanw/esbuild/cmd/esbuild/service.go:1088 +0x836 fp=0xc00433b808 sp=0xc00433b588 pc=0x7ff657078356
github.com/evanw/esbuild/pkg/api.(*pluginImpl).onLoad.func1({{0x0, 0x0}, {{0xc004016310, 0x67}, {0x7ff6571cd3af, 0x4}, 
{0x0, 0x0}, {{0x0, 0x0}}, ...}})
	github.com/evanw/esbuild/pkg/api/api_impl.go:2014 +0x190 fp=0xc00433ba70 sp=0xc00433b808 pc=0x7ff657036ad0
github.com/evanw/esbuild/internal/bundler.runOnLoadPlugins({0xc000090240?, 0x0?, 0x0?}, {0x7ff6572bce40?, 
0xc0000a6360}, 0xc0000901e0, {0xc0000beb60, 0xc0000aa390, 0xc0000aa3a8, 0xc0000a6340, ...}, ...)
	github.com/evanw/esbuild/internal/bundler/bundler.go:1203 +0xcd5 fp=0xc00433be10 sp=0xc00433ba70 pc=0x7ff656f82835
github.com/evanw/esbuild/internal/bundler.parseFile({{0x7ff6572bce40, 0xc0000a6360}, {0xc0000beb60, 0xc0000aa390, 
0xc0000aa3a8, 0xc0000a6340, 0x6, 0xc0000a0450}, 0xc0004ae488, 0xc0000901e0, ...})
	github.com/evanw/esbuild/internal/bundler/bundler.go:163 +0x2b5 fp=0xc00433d608 sp=0xc00433be10 pc=0x7ff656f777f5
github.com/evanw/esbuild/internal/bundler.(*scanner).maybeParseFile.gowrap1()
	github.com/evanw/esbuild/internal/bundler/bundler.go:1630 +0x2fa fp=0xc00433dfe0 sp=0xc00433d608 pc=0x7ff656f85a5a
runtime.goexit({})
	runtime/asm_amd64.s:1693 +0x1 fp=0xc00433dfe8 sp=0xc00433dfe0 pc=0x7ff656bcf221
created by github.com/evanw/esbuild/internal/bundler.(*scanner).maybeParseFile in goroutine 21
	github.com/evanw/esbuild/internal/bundler/bundler.go:1630 +0xd85

goroutine 1178 gp=0xc00241e8c0 m=nil [chan receive]:
runtime.gopark(0x38?, 0xc0003d2c00?, 0xb8?, 0xd8?, 0xc0044054c8?)
	runtime/proc.go:460 +0xce fp=0xc004405478 sp=0xc004405458 pc=0x7ff656bc72ce
runtime.chanrecv(0xc001c5b960, 0xc004405550, 0x1)
	runtime/chan.go:667 +0x473 fp=0xc0044054f0 sp=0xc004405478 pc=0x7ff656b5e593
runtime.chanrecv1(0x7ff65714d260?, 0xc0009df7d0?)
	runtime/chan.go:509 +0x12 fp=0xc004405518 sp=0xc0044054f0 pc=0x7ff656b5e0f2
main.(*serviceType).sendRequest(0xc000181890, {0x7ff65714d260, 0xc0009df7d0})
	github.com/evanw/esbuild/cmd/esbuild/service.go:192 +0x12b fp=0xc004405588 sp=0xc004405518 pc=0x7ff65706fb6b
main.(*serviceType).convertPlugins.func2.4({{0xc00120fb00, 0x79}, {0x7ff6571cd3af, 0x4}, {0x0, 0x0}, {0x0, 0x0}, 0x0})
	github.com/evanw/esbuild/cmd/esbuild/service.go:1088 +0x836 fp=0xc004405808 sp=0xc004405588 pc=0x7ff657078356
github.com/evanw/esbuild/pkg/api.(*pluginImpl).onLoad.func1({{0x0, 0x0}, {{0xc00120fb00, 0x79}, {0x7ff6571cd3af, 0x4}, 
{0x0, 0x0}, {{0x0, 0x0}}, ...}})
	github.com/evanw/esbuild/pkg/api/api_impl.go:2014 +0x190 fp=0xc004405a70 sp=0xc004405808 pc=0x7ff657036ad0
github.com/evanw/esbuild/internal/bundler.runOnLoadPlugins({0xc000090240?, 0x0?, 0x0?}, {0x7ff6572bce40?, 
0xc0000a6360}, 0xc0000901e0, {0xc0000beb60, 0xc0000aa390, 0xc0000aa3a8, 0xc0000a6340, ...}, ...)
	github.com/evanw/esbuild/internal/bundler/bundler.go:1203 +0xcd5 fp=0xc004405e10 sp=0xc004405a70 pc=0x7ff656f82835
github.com/evanw/esbuild/internal/bundler.parseFile({{0x7ff6572bce40, 0xc0000a6360}, {0xc0000beb60, 0xc0000aa390, 
0xc0000aa3a8, 0xc0000a6340, 0x6, 0xc0000a0450}, 0xc0004ae488, 0xc0000901e0, ...})
	github.com/evanw/esbuild/internal/bundler/bundler.go:163 +0x2b5 fp=0xc004407608 sp=0xc004405e10 pc=0x7ff656f777f5
github.com/evanw/esbuild/internal/bundler.(*scanner).maybeParseFile.gowrap1()
	github.com/evanw/esbuild/internal/bundler/bundler.go:1630 +0x2fa fp=0xc004407fe0 sp=0xc004407608 pc=0x7ff656f85a5a
runtime.goexit({})
	runtime/asm_amd64.s:1693 +0x1 fp=0xc004407fe8 sp=0xc004407fe0 pc=0x7ff656bcf221
created by github.com/evanw/esbuild/internal/bundler.(*scanner).maybeParseFile in goroutine 21
	github.com/evanw/esbuild/internal/bundler/bundler.go:1630 +0xd85

goroutine 897 gp=0xc00241f340 m=nil [sync.Mutex.Lock]:
runtime.gopark(0x7ff656ba7280?, 0xc002466780?, 0xc0?, 0xf5?, 0x7ff656f6628f?)
	runtime/proc.go:460 +0xce fp=0xc00693f4e0 sp=0xc00693f4c0 pc=0x7ff656bc72ce
runtime.goparkunlock(...)
	runtime/proc.go:466
runtime.semacquire1(0xc0004ae8d4, 0x0, 0x3, 0x2, 0x16)
	runtime/sema.go:192 +0x22f fp=0xc00693f548 sp=0xc00693f4e0 pc=0x7ff656ba74ef
internal/sync.runtime_SemacquireMutex(0xc0004ae488?, 0x50?, 0x0?)
	runtime/sema.go:95 +0x25 fp=0xc00693f580 sp=0xc00693f548 pc=0x7ff656bc8405
internal/sync.(*Mutex).lockSlow(0xc0004ae8d0)
	internal/sync/mutex.go:149 +0x15d fp=0xc00693f5d0 sp=0xc00693f580 pc=0x7ff656be59fd
internal/sync.(*Mutex).Lock(...)
	internal/sync/mutex.go:70
sync.(*Mutex).Lock(...)
	sync/mutex.go:46
github.com/evanw/esbuild/internal/resolver.(*Resolver).Resolve(0xc0004ae488, {0xc001d74f00, 0x5e}, {0xc002466780, 
0x14}, 0x1)
	github.com/evanw/esbuild/internal/resolver/resolver.go:512 +0xfa5 fp=0xc00693f9a0 sp=0xc00693f5d0 pc=0x7ff656f4c025
github.com/evanw/esbuild/internal/bundler.RunOnResolvePlugins({_, _, _}, _, {0xc0000beb60, 0xc0000aa390, 0xc0000aa3a8, 
0xc0000a6340, 0x6, 0xc0000a0450}, ...)
	github.com/evanw/esbuild/internal/bundler/bundler.go:1154 +0x36a fp=0xc00693fe10 sp=0xc00693f9a0 pc=0x7ff656f80e0a
github.com/evanw/esbuild/internal/bundler.parseFile({{0x7ff6572bce40, 0xc0000a6360}, {0xc0000beb60, 0xc0000aa390, 
0xc0000aa3a8, 0xc0000a6340, 0x6, 0xc0000a0450}, 0xc0004ae488, 0xc0000901e0, ...})
	github.com/evanw/esbuild/internal/bundler/bundler.go:554 +0x3610 fp=0xc006941608 sp=0xc00693fe10 pc=0x7ff656f7ab50
github.com/evanw/esbuild/internal/bundler.(*scanner).maybeParseFile.gowrap1()
	github.com/evanw/esbuild/internal/bundler/bundler.go:1630 +0x2fa fp=0xc006941fe0 sp=0xc006941608 pc=0x7ff656f85a5a
runtime.goexit({})
	runtime/asm_amd64.s:1693 +0x1 fp=0xc006941fe8 sp=0xc006941fe0 pc=0x7ff656bcf221
created by github.com/evanw/esbuild/internal/bundler.(*scanner).maybeParseFile in goroutine 21
	github.com/evanw/esbuild/internal/bundler/bundler.go:1630 +0xd85

goroutine 111 gp=0xc00241fc00 m=nil [runnable]:
runtime.gopark(0xc005eda190?, 0x8?, 0x98?, 0xbf?, 0xc0000ca080?)
	runtime/proc.go:460 +0xce fp=0xc00398bf08 sp=0xc00398bee8 pc=0x7ff656bc72ce
runtime.chansend(0xc000136000, 0x7ff6572b1690, 0x1, 0x0?)
	runtime/chan.go:283 +0x3cb fp=0xc00398bf78 sp=0xc00398bf08 pc=0x7ff656b5d58b
runtime.chansend1(0xc0000ca080?, 0xc005bc4910?)
	runtime/chan.go:161 +0x17 fp=0xc00398bfa8 sp=0xc00398bf78 pc=0x7ff656b5d1b7
github.com/evanw/esbuild/internal/fs.BeforeFileOpen(...)
	github.com/evanw/esbuild/internal/fs/fs.go:245
github.com/evanw/esbuild/internal/fs.(*realFS).kind(0xc0000da080, {0xc005bc4960?, 0x8?}, {0xc00654b5b8?, 
0xc00398c0d8?})
	github.com/evanw/esbuild/internal/fs/fs_real.go:413 +0xb3 fp=0xc00398c048 sp=0xc00398bfa8 pc=0x7ff656c9c793
github.com/evanw/esbuild/internal/fs.(*zipFS).kind(0xc006558450?, {0xc005bc4960?, 0x8?}, {0xc00654b5b8?, 0x43?})
	github.com/evanw/esbuild/internal/fs/fs_zip.go:330 +0x28 fp=0xc00398c080 sp=0xc00398c048 pc=0x7ff656c9fa08
github.com/evanw/esbuild/internal/fs.(*Entry).Symlink(0xc00656ea80, {0x7ff6572bce40?, 0xc0000a6120?})
	github.com/evanw/esbuild/internal/fs/fs.go:47 +0xc3 fp=0xc00398c0e8 sp=0xc00398c080 pc=0x7ff656c98143
github.com/evanw/esbuild/internal/resolver.resolverQuery.dirInfoUncached({0xc00418d688?, 0xc00353a550?, 0x0?, 0x4c?}, 
{0xc005bc4910, 0x4c})
	github.com/evanw/esbuild/internal/resolver/resolver.go:1601 +0x9ae fp=0xc00398c3c8 sp=0xc00398c0e8 pc=0x7ff656f58cae
github.com/evanw/esbuild/internal/resolver.resolverQuery.dirInfoCached({0xc00418d688?, 0xc00353a550?, 0x0?, 0x0?}, 
{0xc005bc4910, 0x4c})
	github.com/evanw/esbuild/internal/resolver/resolver.go:1174 +0xee fp=0xc00398c4d0 sp=0xc00398c3c8 pc=0x7ff656f5420e
github.com/evanw/esbuild/internal/resolver.resolverQuery.dirInfoUncached({0xc00418d688?, 0xc00353a550?, 0x0?, 0x50?}, 
{0xc005bc48c0, 0x50})
	github.com/evanw/esbuild/internal/resolver/resolver.go:1538 +0xe5 fp=0xc00398c7b0 sp=0xc00398c4d0 pc=0x7ff656f583e5
github.com/evanw/esbuild/internal/resolver.resolverQuery.dirInfoCached({0xc00418d688?, 0xc00353a550?, 0x0?, 0x78?}, 
{0xc005bc48c0, 0x50})
	github.com/evanw/esbuild/internal/resolver/resolver.go:1174 +0xee fp=0xc00398c8b8 sp=0xc00398c7b0 pc=0x7ff656f5420e
github.com/evanw/esbuild/internal/resolver.resolverQuery.dirInfoUncached({0xc00418d688?, 0xc00353a550?, 0x0?, 0x59?}, 
{0xc00668c4e0, 0x59})
	github.com/evanw/esbuild/internal/resolver/resolver.go:1538 +0xe5 fp=0xc00398cb98 sp=0xc00398c8b8 pc=0x7ff656f583e5
github.com/evanw/esbuild/internal/resolver.resolverQuery.dirInfoCached({0xc00418d688?, 0xc00353a550?, 0x0?, 0x50?}, 
{0xc00668c4e0, 0x59})
	github.com/evanw/esbuild/internal/resolver/resolver.go:1174 +0xee fp=0xc00398cca0 sp=0xc00398cb98 pc=0x7ff656f5420e
github.com/evanw/esbuild/internal/resolver.resolverQuery.finalizeResolve({0xc00418d688?, 0xc00353a550?, 0x0?, 0x0?}, 
0xc002cbf8c0)
	github.com/evanw/esbuild/internal/resolver/resolver.go:842 +0x6f1 fp=0xc00398ce50 sp=0xc00398cca0 pc=0x7ff656f510d1
github.com/evanw/esbuild/internal/resolver.(*Resolver).Resolve(0xc00418d688, {0xc001316f00, 0x36}, {0xc003906380, 
0x75}, 0x1)
	github.com/evanw/esbuild/internal/resolver/resolver.go:572 +0x1a1a fp=0xc00398d220 sp=0xc00398ce50 pc=0x7ff656f4ca9a
github.com/evanw/esbuild/internal/bundler.RunOnResolvePlugins({_, _, _}, _, {0xc003b9a150, 0xc003b96378, 0xc003b96390, 
0xc003b963a8, 0x3, 0xc003b9a120}, ...)
	github.com/evanw/esbuild/internal/bundler/bundler.go:1154 +0x36a fp=0xc00398d690 sp=0xc00398d220 pc=0x7ff656f80e0a
github.com/evanw/esbuild/pkg/api.loadPlugins.func2({0xc003906380, 0x75}, {{0xc0042bb0b0, 0x10}, {0x0, 0x0}, {0x0, 
0x0}, {0xc001316f00, 0x36}, ...})
	github.com/evanw/esbuild/pkg/api/api_impl.go:2114 +0x4be fp=0xc00398dd18 sp=0xc00398d690 pc=0x7ff65703809e
main.(*serviceType).convertPlugins.func2.1(0x91, 0xc0042bd7d0)
	github.com/evanw/esbuild/cmd/esbuild/service.go:944 +0x665 fp=0xc00398df50 sp=0xc00398dd18 pc=0x7ff65707a885
main.(*serviceType).handleIncomingPacket.func4()
	github.com/evanw/esbuild/cmd/esbuild/service.go:262 +0xa4 fp=0xc00398dfe0 sp=0xc00398df50 pc=0x7ff6570740a4
runtime.goexit({})
	runtime/asm_amd64.s:1693 +0x1 fp=0xc00398dfe8 sp=0xc00398dfe0 pc=0x7ff656bcf221
created by main.(*serviceType).handleIncomingPacket in goroutine 1
	github.com/evanw/esbuild/cmd/esbuild/service.go:257 +0x156e

goroutine 1237 gp=0xc0019b4700 m=nil [chan receive]:
runtime.gopark(0xc001880600?, 0x2000000000070?, 0x13?, 0x9f?, 0x20b0ba20108?)
	runtime/proc.go:460 +0xce fp=0xc0053bf478 sp=0xc0053bf458 pc=0x7ff656bc72ce
runtime.chanrecv(0xc005049810, 0xc0053bf550, 0x1)
	runtime/chan.go:667 +0x473 fp=0xc0053bf4f0 sp=0xc0053bf478 pc=0x7ff656b5e593
runtime.chanrecv1(0x7ff65714d260?, 0xc00421ad80?)
	runtime/chan.go:509 +0x12 fp=0xc0053bf518 sp=0xc0053bf4f0 pc=0x7ff656b5e0f2
main.(*serviceType).sendRequest(0xc000181890, {0x7ff65714d260, 0xc00421ad80})
	github.com/evanw/esbuild/cmd/esbuild/service.go:192 +0x12b fp=0xc0053bf588 sp=0xc0053bf518 pc=0x7ff65706fb6b
main.(*serviceType).convertPlugins.func2.4({{0xc000babce0, 0x65}, {0x7ff6571cd3af, 0x4}, {0x0, 0x0}, {0x0, 0x0}, 0x0})
	github.com/evanw/esbuild/cmd/esbuild/service.go:1088 +0x836 fp=0xc0053bf808 sp=0xc0053bf588 pc=0x7ff657078356
github.com/evanw/esbuild/pkg/api.(*pluginImpl).onLoad.func1({{0x0, 0x0}, {{0xc000babce0, 0x65}, {0x7ff6571cd3af, 0x4}, 
{0x0, 0x0}, {{0x0, 0x0}}, ...}})
	github.com/evanw/esbuild/pkg/api/api_impl.go:2014 +0x190 fp=0xc0053bfa70 sp=0xc0053bf808 pc=0x7ff657036ad0
github.com/evanw/esbuild/internal/bundler.runOnLoadPlugins({0xc000090240?, 0x0?, 0x0?}, {0x7ff6572bce40?, 
0xc0000a6360}, 0xc0000901e0, {0xc0000beb60, 0xc0000aa390, 0xc0000aa3a8, 0xc0000a6340, ...}, ...)
	github.com/evanw/esbuild/internal/bundler/bundler.go:1203 +0xcd5 fp=0xc0053bfe10 sp=0xc0053bfa70 pc=0x7ff656f82835
github.com/evanw/esbuild/internal/bundler.parseFile({{0x7ff6572bce40, 0xc0000a6360}, {0xc0000beb60, 0xc0000aa390, 
0xc0000aa3a8, 0xc0000a6340, 0x6, 0xc0000a0450}, 0xc0004ae488, 0xc0000901e0, ...})
	github.com/evanw/esbuild/internal/bundler/bundler.go:163 +0x2b5 fp=0xc0053c1608 sp=0xc0053bfe10 pc=0x7ff656f777f5
github.com/evanw/esbuild/internal/bundler.(*scanner).maybeParseFile.gowrap1()
	github.com/evanw/esbuild/internal/bundler/bundler.go:1630 +0x2fa fp=0xc0053c1fe0 sp=0xc0053c1608 pc=0x7ff656f85a5a
runtime.goexit({})
	runtime/asm_amd64.s:1693 +0x1 fp=0xc0053c1fe8 sp=0xc0053c1fe0 pc=0x7ff656bcf221
created by github.com/evanw/esbuild/internal/bundler.(*scanner).maybeParseFile in goroutine 21
	github.com/evanw/esbuild/internal/bundler/bundler.go:1630 +0xd85

goroutine 896 gp=0xc0019b48c0 m=nil [sync.Mutex.Lock]:
runtime.gopark(0x20b51d00e68?, 0xc0047fd900?, 0xc0?, 0x55?, 0x7ff656f6628f?)
	runtime/proc.go:460 +0xce fp=0xc0058954e0 sp=0xc0058954c0 pc=0x7ff656bc72ce
runtime.goparkunlock(...)
	runtime/proc.go:466
runtime.semacquire1(0xc0004ae8d4, 0x0, 0x3, 0x2, 0x16)
	runtime/sema.go:192 +0x22f fp=0xc005895548 sp=0xc0058954e0 pc=0x7ff656ba74ef
internal/sync.runtime_SemacquireMutex(0xc0004ae488?, 0xa0?, 0x0?)
	runtime/sema.go:95 +0x25 fp=0xc005895580 sp=0xc005895548 pc=0x7ff656bc8405
internal/sync.(*Mutex).lockSlow(0xc0004ae8d0)
	internal/sync/mutex.go:149 +0x15d fp=0xc0058955d0 sp=0xc005895580 pc=0x7ff656be59fd
internal/sync.(*Mutex).Lock(...)
	internal/sync/mutex.go:70
sync.(*Mutex).Lock(...)
	sync/mutex.go:46
github.com/evanw/esbuild/internal/resolver.(*Resolver).Resolve(0xc0004ae488, {0xc000259740, 0x5e}, {0xc0047fd900, 
0x16}, 0x1)
	github.com/evanw/esbuild/internal/resolver/resolver.go:512 +0xfa5 fp=0xc0058959a0 sp=0xc0058955d0 pc=0x7ff656f4c025
github.com/evanw/esbuild/internal/bundler.RunOnResolvePlugins({_, _, _}, _, {0xc0000beb60, 0xc0000aa390, 0xc0000aa3a8, 
0xc0000a6340, 0x6, 0xc0000a0450}, ...)
	github.com/evanw/esbuild/internal/bundler/bundler.go:1154 +0x36a fp=0xc005895e10 sp=0xc0058959a0 pc=0x7ff656f80e0a
github.com/evanw/esbuild/internal/bundler.parseFile({{0x7ff6572bce40, 0xc0000a6360}, {0xc0000beb60, 0xc0000aa390, 
0xc0000aa3a8, 0xc0000a6340, 0x6, 0xc0000a0450}, 0xc0004ae488, 0xc0000901e0, ...})
	github.com/evanw/esbuild/internal/bundler/bundler.go:554 +0x3610 fp=0xc005897608 sp=0xc005895e10 pc=0x7ff656f7ab50
github.com/evanw/esbuild/internal/bundler.(*scanner).maybeParseFile.gowrap1()
	github.com/evanw/esbuild/internal/bundler/bundler.go:1630 +0x2fa fp=0xc005897fe0 sp=0xc005897608 pc=0x7ff656f85a5a
runtime.goexit({})
	runtime/asm_amd64.s:1693 +0x1 fp=0xc005897fe8 sp=0xc005897fe0 pc=0x7ff656bcf221
created by github.com/evanw/esbuild/internal/bundler.(*scanner).maybeParseFile in goroutine 21
	github.com/evanw/esbuild/internal/bundler/bundler.go:1630 +0xd85

goroutine 1244 gp=0xc0038188c0 m=nil [chan receive]:
runtime.gopark(0xc001385380?, 0x2000000000070?, 0x89?, 0x60?, 0xc0040254b0?)
	runtime/proc.go:460 +0xce fp=0xc004025478 sp=0xc004025458 pc=0x7ff656bc72ce
runtime.chanrecv(0xc00203fc00, 0xc004025550, 0x1)
	runtime/chan.go:667 +0x473 fp=0xc0040254f0 sp=0xc004025478 pc=0x7ff656b5e593
runtime.chanrecv1(0x7ff65714d260?, 0xc0050b2a80?)
	runtime/chan.go:509 +0x12 fp=0xc004025518 sp=0xc0040254f0 pc=0x7ff656b5e0f2
main.(*serviceType).sendRequest(0xc000181890, {0x7ff65714d260, 0xc0050b2a80})
	github.com/evanw/esbuild/cmd/esbuild/service.go:192 +0x12b fp=0xc004025588 sp=0xc004025518 pc=0x7ff65706fb6b
main.(*serviceType).convertPlugins.func2.4({{0xc0007ac900, 0x76}, {0x7ff6571cd3af, 0x4}, {0x0, 0x0}, {0x0, 0x0}, 0x0})
	github.com/evanw/esbuild/cmd/esbuild/service.go:1088 +0x836 fp=0xc004025808 sp=0xc004025588 pc=0x7ff657078356
github.com/evanw/esbuild/pkg/api.(*pluginImpl).onLoad.func1({{0x0, 0x0}, {{0xc0007ac900, 0x76}, {0x7ff6571cd3af, 0x4}, 
{0x0, 0x0}, {{0x0, 0x0}}, ...}})
	github.com/evanw/esbuild/pkg/api/api_impl.go:2014 +0x190 fp=0xc004025a70 sp=0xc004025808 pc=0x7ff657036ad0
github.com/evanw/esbuild/internal/bundler.runOnLoadPlugins({0xc000090240?, 0x0?, 0x0?}, {0x7ff6572bce40?, 
0xc0000a6360}, 0xc0000901e0, {0xc0000beb60, 0xc0000aa390, 0xc0000aa3a8, 0xc0000a6340, ...}, ...)
	github.com/evanw/esbuild/internal/bundler/bundler.go:1203 +0xcd5 fp=0xc004025e10 sp=0xc004025a70 pc=0x7ff656f82835
github.com/evanw/esbuild/internal/bundler.parseFile({{0x7ff6572bce40, 0xc0000a6360}, {0xc0000beb60, 0xc0000aa390, 
0xc0000aa3a8, 0xc0000a6340, 0x6, 0xc0000a0450}, 0xc0004ae488, 0xc0000901e0, ...})
	github.com/evanw/esbuild/internal/bundler/bundler.go:163 +0x2b5 fp=0xc004027608 sp=0xc004025e10 pc=0x7ff656f777f5
github.com/evanw/esbuild/internal/bundler.(*scanner).maybeParseFile.gowrap1()
	github.com/evanw/esbuild/internal/bundler/bundler.go:1630 +0x2fa fp=0xc004027fe0 sp=0xc004027608 pc=0x7ff656f85a5a
runtime.goexit({})
	runtime/asm_amd64.s:1693 +0x1 fp=0xc004027fe8 sp=0xc004027fe0 pc=0x7ff656bcf221
created by github.com/evanw/esbuild/internal/bundler.(*scanner).maybeParseFile in goroutine 21
	github.com/evanw/esbuild/internal/bundler/bundler.go:1630 +0xd85

goroutine 1245 gp=0xc003818a80 m=nil [chan receive]:
runtime.gopark(0xc0012bf260?, 0x4?, 0xb5?, 0x35?, 0xc001e2d060?)
	runtime/proc.go:460 +0xce fp=0xc0050bf478 sp=0xc0050bf458 pc=0x7ff656bc72ce
runtime.chanrecv(0xc00203fc70, 0xc0050bf550, 0x1)
	runtime/chan.go:667 +0x473 fp=0xc0050bf4f0 sp=0xc0050bf478 pc=0x7ff656b5e593
runtime.chanrecv1(0x7ff65714d260?, 0xc0050b2ae0?)
	runtime/chan.go:509 +0x12 fp=0xc0050bf518 sp=0xc0050bf4f0 pc=0x7ff656b5e0f2
main.(*serviceType).sendRequest(0xc000181890, {0x7ff65714d260, 0xc0050b2ae0})
	github.com/evanw/esbuild/cmd/esbuild/service.go:192 +0x12b fp=0xc0050bf588 sp=0xc0050bf518 pc=0x7ff65706fb6b
main.(*serviceType).convertPlugins.func2.4({{0xc00120fa00, 0x7c}, {0x7ff6571cd3af, 0x4}, {0x0, 0x0}, {0x0, 0x0}, 0x0})
	github.com/evanw/esbuild/cmd/esbuild/service.go:1088 +0x836 fp=0xc0050bf808 sp=0xc0050bf588 pc=0x7ff657078356
github.com/evanw/esbuild/pkg/api.(*pluginImpl).onLoad.func1({{0x0, 0x0}, {{0xc00120fa00, 0x7c}, {0x7ff6571cd3af, 0x4}, 
{0x0, 0x0}, {{0x0, 0x0}}, ...}})
	github.com/evanw/esbuild/pkg/api/api_impl.go:2014 +0x190 fp=0xc0050bfa70 sp=0xc0050bf808 pc=0x7ff657036ad0
github.com/evanw/esbuild/internal/bundler.runOnLoadPlugins({0xc000090240?, 0x0?, 0x0?}, {0x7ff6572bce40?, 
0xc0000a6360}, 0xc0000901e0, {0xc0000beb60, 0xc0000aa390, 0xc0000aa3a8, 0xc0000a6340, ...}, ...)
	github.com/evanw/esbuild/internal/bundler/bundler.go:1203 +0xcd5 fp=0xc0050bfe10 sp=0xc0050bfa70 pc=0x7ff656f82835
github.com/evanw/esbuild/internal/bundler.parseFile({{0x7ff6572bce40, 0xc0000a6360}, {0xc0000beb60, 0xc0000aa390, 
0xc0000aa3a8, 0xc0000a6340, 0x6, 0xc0000a0450}, 0xc0004ae488, 0xc0000901e0, ...})
	github.com/evanw/esbuild/internal/bundler/bundler.go:163 +0x2b5 fp=0xc0050c1608 sp=0xc0050bfe10 pc=0x7ff656f777f5
github.com/evanw/esbuild/internal/bundler.(*scanner).maybeParseFile.gowrap1()
	github.com/evanw/esbuild/internal/bundler/bundler.go:1630 +0x2fa fp=0xc0050c1fe0 sp=0xc0050c1608 pc=0x7ff656f85a5a
runtime.goexit({})
	runtime/asm_amd64.s:1693 +0x1 fp=0xc0050c1fe8 sp=0xc0050c1fe0 pc=0x7ff656bcf221
created by github.com/evanw/esbuild/internal/bundler.(*scanner).maybeParseFile in goroutine 21
	github.com/evanw/esbuild/internal/bundler/bundler.go:1630 +0xd85

goroutine 1246 gp=0xc003818c40 m=nil [chan receive]:
runtime.gopark(0xc0012bf2c0?, 0x2000000000070?, 0xc0?, 0xed?, 0x20b0ba20a38?)
	runtime/proc.go:460 +0xce fp=0xc0050c7478 sp=0xc0050c7458 pc=0x7ff656bc72ce
runtime.chanrecv(0xc00203fce0, 0xc0050c7550, 0x1)
	runtime/chan.go:667 +0x473 fp=0xc0050c74f0 sp=0xc0050c7478 pc=0x7ff656b5e593
runtime.chanrecv1(0x7ff65714d260?, 0xc0050b2b40?)
	runtime/chan.go:509 +0x12 fp=0xc0050c7518 sp=0xc0050c74f0 pc=0x7ff656b5e0f2
main.(*serviceType).sendRequest(0xc000181890, {0x7ff65714d260, 0xc0050b2b40})
	github.com/evanw/esbuild/cmd/esbuild/service.go:192 +0x12b fp=0xc0050c7588 sp=0xc0050c7518 pc=0x7ff65706fb6b
main.(*serviceType).convertPlugins.func2.4({{0xc001d6fb90, 0x67}, {0x7ff6571cd3af, 0x4}, {0x0, 0x0}, {0x0, 0x0}, 0x0})
	github.com/evanw/esbuild/cmd/esbuild/service.go:1088 +0x836 fp=0xc0050c7808 sp=0xc0050c7588 pc=0x7ff657078356
github.com/evanw/esbuild/pkg/api.(*pluginImpl).onLoad.func1({{0x0, 0x0}, {{0xc001d6fb90, 0x67}, {0x7ff6571cd3af, 0x4}, 
{0x0, 0x0}, {{0x0, 0x0}}, ...}})
	github.com/evanw/esbuild/pkg/api/api_impl.go:2014 +0x190 fp=0xc0050c7a70 sp=0xc0050c7808 pc=0x7ff657036ad0
github.com/evanw/esbuild/internal/bundler.runOnLoadPlugins({0xc000090240?, 0x0?, 0x0?}, {0x7ff6572bce40?, 
0xc0000a6360}, 0xc0000901e0, {0xc0000beb60, 0xc0000aa390, 0xc0000aa3a8, 0xc0000a6340, ...}, ...)
	github.com/evanw/esbuild/internal/bundler/bundler.go:1203 +0xcd5 fp=0xc0050c7e10 sp=0xc0050c7a70 pc=0x7ff656f82835
github.com/evanw/esbuild/internal/bundler.parseFile({{0x7ff6572bce40, 0xc0000a6360}, {0xc0000beb60, 0xc0000aa390, 
0xc0000aa3a8, 0xc0000a6340, 0x6, 0xc0000a0450}, 0xc0004ae488, 0xc0000901e0, ...})
	github.com/evanw/esbuild/internal/bundler/bundler.go:163 +0x2b5 fp=0xc0050c9608 sp=0xc0050c7e10 pc=0x7ff656f777f5
github.com/evanw/esbuild/internal/bundler.(*scanner).maybeParseFile.gowrap1()
	github.com/evanw/esbuild/internal/bundler/bundler.go:1630 +0x2fa fp=0xc0050c9fe0 sp=0xc0050c9608 pc=0x7ff656f85a5a
runtime.goexit({})
	runtime/asm_amd64.s:1693 +0x1 fp=0xc0050c9fe8 sp=0xc0050c9fe0 pc=0x7ff656bcf221
created by github.com/evanw/esbuild/internal/bundler.(*scanner).maybeParseFile in goroutine 21
	github.com/evanw/esbuild/internal/bundler/bundler.go:1630 +0xd85

goroutine 1247 gp=0xc003818e00 m=nil [chan receive]:
runtime.gopark(0xc0003d2f00?, 0x2000000000070?, 0xed?, 0x33?, 0x20b0ba20a38?)
	runtime/proc.go:460 +0xce fp=0xc0050cf478 sp=0xc0050cf458 pc=0x7ff656bc72ce
runtime.chanrecv(0xc00203fd50, 0xc0050cf550, 0x1)
	runtime/chan.go:667 +0x473 fp=0xc0050cf4f0 sp=0xc0050cf478 pc=0x7ff656b5e593
runtime.chanrecv1(0x7ff65714d260?, 0xc0050b2ba0?)
	runtime/chan.go:509 +0x12 fp=0xc0050cf518 sp=0xc0050cf4f0 pc=0x7ff656b5e0f2
main.(*serviceType).sendRequest(0xc000181890, {0x7ff65714d260, 0xc0050b2ba0})
	github.com/evanw/esbuild/cmd/esbuild/service.go:192 +0x12b fp=0xc0050cf588 sp=0xc0050cf518 pc=0x7ff65706fb6b
main.(*serviceType).convertPlugins.func2.4({{0xc001d6ff80, 0x6a}, {0x7ff6571cd3af, 0x4}, {0x0, 0x0}, {0x0, 0x0}, 0x0})
	github.com/evanw/esbuild/cmd/esbuild/service.go:1088 +0x836 fp=0xc0050cf808 sp=0xc0050cf588 pc=0x7ff657078356
github.com/evanw/esbuild/pkg/api.(*pluginImpl).onLoad.func1({{0x0, 0x0}, {{0xc001d6ff80, 0x6a}, {0x7ff6571cd3af, 0x4}, 
{0x0, 0x0}, {{0x0, 0x0}}, ...}})
	github.com/evanw/esbuild/pkg/api/api_impl.go:2014 +0x190 fp=0xc0050cfa70 sp=0xc0050cf808 pc=0x7ff657036ad0
github.com/evanw/esbuild/internal/bundler.runOnLoadPlugins({0xc000090240?, 0x0?, 0x0?}, {0x7ff6572bce40?, 
0xc0000a6360}, 0xc0000901e0, {0xc0000beb60, 0xc0000aa390, 0xc0000aa3a8, 0xc0000a6340, ...}, ...)
	github.com/evanw/esbuild/internal/bundler/bundler.go:1203 +0xcd5 fp=0xc0050cfe10 sp=0xc0050cfa70 pc=0x7ff656f82835
github.com/evanw/esbuild/internal/bundler.parseFile({{0x7ff6572bce40, 0xc0000a6360}, {0xc0000beb60, 0xc0000aa390, 
0xc0000aa3a8, 0xc0000a6340, 0x6, 0xc0000a0450}, 0xc0004ae488, 0xc0000901e0, ...})
	github.com/evanw/esbuild/internal/bundler/bundler.go:163 +0x2b5 fp=0xc0050d1608 sp=0xc0050cfe10 pc=0x7ff656f777f5
github.com/evanw/esbuild/internal/bundler.(*scanner).maybeParseFile.gowrap1()
	github.com/evanw/esbuild/internal/bundler/bundler.go:1630 +0x2fa fp=0xc0050d1fe0 sp=0xc0050d1608 pc=0x7ff656f85a5a
runtime.goexit({})
	runtime/asm_amd64.s:1693 +0x1 fp=0xc0050d1fe8 sp=0xc0050d1fe0 pc=0x7ff656bcf221
created by github.com/evanw/esbuild/internal/bundler.(*scanner).maybeParseFile in goroutine 21
	github.com/evanw/esbuild/internal/bundler/bundler.go:1630 +0xd85

goroutine 1248 gp=0xc003818fc0 m=nil [chan receive]:
runtime.gopark(0xc0013c29c0?, 0x2000000000070?, 0x47?, 0x57?, 0x20b0ba20a38?)
	runtime/proc.go:460 +0xce fp=0xc0050d7478 sp=0xc0050d7458 pc=0x7ff656bc72ce
runtime.chanrecv(0xc00203fdc0, 0xc0050d7550, 0x1)
	runtime/chan.go:667 +0x473 fp=0xc0050d74f0 sp=0xc0050d7478 pc=0x7ff656b5e593
runtime.chanrecv1(0x7ff65714d260?, 0xc0050b2c00?)
	runtime/chan.go:509 +0x12 fp=0xc0050d7518 sp=0xc0050d74f0 pc=0x7ff656b5e0f2
main.(*serviceType).sendRequest(0xc000181890, {0x7ff65714d260, 0xc0050b2c00})
	github.com/evanw/esbuild/cmd/esbuild/service.go:192 +0x12b fp=0xc0050d7588 sp=0xc0050d7518 pc=0x7ff65706fb6b
main.(*serviceType).convertPlugins.func2.4({{0xc001d76380, 0x68}, {0x7ff6571cd3af, 0x4}, {0x0, 0x0}, {0x0, 0x0}, 0x0})
	github.com/evanw/esbuild/cmd/esbuild/service.go:1088 +0x836 fp=0xc0050d7808 sp=0xc0050d7588 pc=0x7ff657078356
github.com/evanw/esbuild/pkg/api.(*pluginImpl).onLoad.func1({{0x0, 0x0}, {{0xc001d76380, 0x68}, {0x7ff6571cd3af, 0x4}, 
{0x0, 0x0}, {{0x0, 0x0}}, ...}})
	github.com/evanw/esbuild/pkg/api/api_impl.go:2014 +0x190 fp=0xc0050d7a70 sp=0xc0050d7808 pc=0x7ff657036ad0
github.com/evanw/esbuild/internal/bundler.runOnLoadPlugins({0xc000090240?, 0x0?, 0x0?}, {0x7ff6572bce40?, 
0xc0000a6360}, 0xc0000901e0, {0xc0000beb60, 0xc0000aa390, 0xc0000aa3a8, 0xc0000a6340, ...}, ...)
	github.com/evanw/esbuild/internal/bundler/bundler.go:1203 +0xcd5 fp=0xc0050d7e10 sp=0xc0050d7a70 pc=0x7ff656f82835
github.com/evanw/esbuild/internal/bundler.parseFile({{0x7ff6572bce40, 0xc0000a6360}, {0xc0000beb60, 0xc0000aa390, 
0xc0000aa3a8, 0xc0000a6340, 0x6, 0xc0000a0450}, 0xc0004ae488, 0xc0000901e0, ...})
	github.com/evanw/esbuild/internal/bundler/bundler.go:163 +0x2b5 fp=0xc0050d9608 sp=0xc0050d7e10 pc=0x7ff656f777f5
github.com/evanw/esbuild/internal/bundler.(*scanner).maybeParseFile.gowrap1()
	github.com/evanw/esbuild/internal/bundler/bundler.go:1630 +0x2fa fp=0xc0050d9fe0 sp=0xc0050d9608 pc=0x7ff656f85a5a
runtime.goexit({})
	runtime/asm_amd64.s:1693 +0x1 fp=0xc0050d9fe8 sp=0xc0050d9fe0 pc=0x7ff656bcf221
created by github.com/evanw/esbuild/internal/bundler.(*scanner).maybeParseFile in goroutine 21
	github.com/evanw/esbuild/internal/bundler/bundler.go:1630 +0xd85

goroutine 1249 gp=0xc003819180 m=nil [chan receive]:
runtime.gopark(0xc000924000?, 0x2000000000070?, 0x9e?, 0xfb?, 0x20b0ba20a38?)
	runtime/proc.go:460 +0xce fp=0xc0050e1478 sp=0xc0050e1458 pc=0x7ff656bc72ce
runtime.chanrecv(0xc00203fe30, 0xc0050e1550, 0x1)
	runtime/chan.go:667 +0x473 fp=0xc0050e14f0 sp=0xc0050e1478 pc=0x7ff656b5e593
runtime.chanrecv1(0x7ff65714d260?, 0xc0050b2c60?)
	runtime/chan.go:509 +0x12 fp=0xc0050e1518 sp=0xc0050e14f0 pc=0x7ff656b5e0f2
main.(*serviceType).sendRequest(0xc000181890, {0x7ff65714d260, 0xc0050b2c60})
	github.com/evanw/esbuild/cmd/esbuild/service.go:192 +0x12b fp=0xc0050e1588 sp=0xc0050e1518 pc=0x7ff65706fb6b
main.(*serviceType).convertPlugins.func2.4({{0xc001d76700, 0x6a}, {0x7ff6571cd3af, 0x4}, {0x0, 0x0}, {0x0, 0x0}, 0x0})
	github.com/evanw/esbuild/cmd/esbuild/service.go:1088 +0x836 fp=0xc0050e1808 sp=0xc0050e1588 pc=0x7ff657078356
github.com/evanw/esbuild/pkg/api.(*pluginImpl).onLoad.func1({{0x0, 0x0}, {{0xc001d76700, 0x6a}, {0x7ff6571cd3af, 0x4}, 
{0x0, 0x0}, {{0x0, 0x0}}, ...}})
	github.com/evanw/esbuild/pkg/api/api_impl.go:2014 +0x190 fp=0xc0050e1a70 sp=0xc0050e1808 pc=0x7ff657036ad0
github.com/evanw/esbuild/internal/bundler.runOnLoadPlugins({0xc000090240?, 0x0?, 0x0?}, {0x7ff6572bce40?, 
0xc0000a6360}, 0xc0000901e0, {0xc0000beb60, 0xc0000aa390, 0xc0000aa3a8, 0xc0000a6340, ...}, ...)
	github.com/evanw/esbuild/internal/bundler/bundler.go:1203 +0xcd5 fp=0xc0050e1e10 sp=0xc0050e1a70 pc=0x7ff656f82835
github.com/evanw/esbuild/internal/bundler.parseFile({{0x7ff6572bce40, 0xc0000a6360}, {0xc0000beb60, 0xc0000aa390, 
0xc0000aa3a8, 0xc0000a6340, 0x6, 0xc0000a0450}, 0xc0004ae488, 0xc0000901e0, ...})
	github.com/evanw/esbuild/internal/bundler/bundler.go:163 +0x2b5 fp=0xc0050e3608 sp=0xc0050e1e10 pc=0x7ff656f777f5
github.com/evanw/esbuild/internal/bundler.(*scanner).maybeParseFile.gowrap1()
	github.com/evanw/esbuild/internal/bundler/bundler.go:1630 +0x2fa fp=0xc0050e3fe0 sp=0xc0050e3608 pc=0x7ff656f85a5a
runtime.goexit({})
	runtime/asm_amd64.s:1693 +0x1 fp=0xc0050e3fe8 sp=0xc0050e3fe0 pc=0x7ff656bcf221
created by github.com/evanw/esbuild/internal/bundler.(*scanner).maybeParseFile in goroutine 21
	github.com/evanw/esbuild/internal/bundler/bundler.go:1630 +0xd85

goroutine 1250 gp=0xc003819340 m=nil [chan receive]:
runtime.gopark(0xc0012bf3e0?, 0x2000000000070?, 0x33?, 0x72?, 0x20b0ba20a38?)
	runtime/proc.go:460 +0xce fp=0xc0050e9478 sp=0xc0050e9458 pc=0x7ff656bc72ce
runtime.chanrecv(0xc00203fea0, 0xc0050e9550, 0x1)
	runtime/chan.go:667 +0x473 fp=0xc0050e94f0 sp=0xc0050e9478 pc=0x7ff656b5e593
runtime.chanrecv1(0x7ff65714d260?, 0xc0050b2cc0?)
	runtime/chan.go:509 +0x12 fp=0xc0050e9518 sp=0xc0050e94f0 pc=0x7ff656b5e0f2
main.(*serviceType).sendRequest(0xc000181890, {0x7ff65714d260, 0xc0050b2cc0})
	github.com/evanw/esbuild/cmd/esbuild/service.go:192 +0x12b fp=0xc0050e9588 sp=0xc0050e9518 pc=0x7ff65706fb6b
main.(*serviceType).convertPlugins.func2.4({{0xc001d76c40, 0x67}, {0x7ff6571cd3af, 0x4}, {0x0, 0x0}, {0x0, 0x0}, 0x0})
	github.com/evanw/esbuild/cmd/esbuild/service.go:1088 +0x836 fp=0xc0050e9808 sp=0xc0050e9588 pc=0x7ff657078356
github.com/evanw/esbuild/pkg/api.(*pluginImpl).onLoad.func1({{0x0, 0x0}, {{0xc001d76c40, 0x67}, {0x7ff6571cd3af, 0x4}, 
{0x0, 0x0}, {{0x0, 0x0}}, ...}})
	github.com/evanw/esbuild/pkg/api/api_impl.go:2014 +0x190 fp=0xc0050e9a70 sp=0xc0050e9808 pc=0x7ff657036ad0
github.com/evanw/esbuild/internal/bundler.runOnLoadPlugins({0xc000090240?, 0x0?, 0x0?}, {0x7ff6572bce40?, 
0xc0000a6360}, 0xc0000901e0, {0xc0000beb60, 0xc0000aa390, 0xc0000aa3a8, 0xc0000a6340, ...}, ...)
	github.com/evanw/esbuild/internal/bundler/bundler.go:1203 +0xcd5 fp=0xc0050e9e10 sp=0xc0050e9a70 pc=0x7ff656f82835
github.com/evanw/esbuild/internal/bundler.parseFile({{0x7ff6572bce40, 0xc0000a6360}, {0xc0000beb60, 0xc0000aa390, 
0xc0000aa3a8, 0xc0000a6340, 0x6, 0xc0000a0450}, 0xc0004ae488, 0xc0000901e0, ...})
	github.com/evanw/esbuild/internal/bundler/bundler.go:163 +0x2b5 fp=0xc0050eb608 sp=0xc0050e9e10 pc=0x7ff656f777f5
github.com/evanw/esbuild/internal/bundler.(*scanner).maybeParseFile.gowrap1()
	github.com/evanw/esbuild/internal/bundler/bundler.go:1630 +0x2fa fp=0xc0050ebfe0 sp=0xc0050eb608 pc=0x7ff656f85a5a
runtime.goexit({})
	runtime/asm_amd64.s:1693 +0x1 fp=0xc0050ebfe8 sp=0xc0050ebfe0 pc=0x7ff656bcf221
created by github.com/evanw/esbuild/internal/bundler.(*scanner).maybeParseFile in goroutine 21
	github.com/evanw/esbuild/internal/bundler/bundler.go:1630 +0xd85

goroutine 1251 gp=0xc003819500 m=nil [chan receive]:
runtime.gopark(0xc0012bf4a0?, 0x2000000000070?, 0x1a?, 0x79?, 0x20b0ba20a38?)
	runtime/proc.go:460 +0xce fp=0xc0050f1478 sp=0xc0050f1458 pc=0x7ff656bc72ce
runtime.chanrecv(0xc00203ff10, 0xc0050f1550, 0x1)
	runtime/chan.go:667 +0x473 fp=0xc0050f14f0 sp=0xc0050f1478 pc=0x7ff656b5e593
runtime.chanrecv1(0x7ff65714d260?, 0xc0050b2d20?)
	runtime/chan.go:509 +0x12 fp=0xc0050f1518 sp=0xc0050f14f0 pc=0x7ff656b5e0f2
main.(*serviceType).sendRequest(0xc000181890, {0x7ff65714d260, 0xc0050b2d20})
	github.com/evanw/esbuild/cmd/esbuild/service.go:192 +0x12b fp=0xc0050f1588 sp=0xc0050f1518 pc=0x7ff65706fb6b
main.(*serviceType).convertPlugins.func2.4({{0xc001d76fc0, 0x67}, {0x7ff6571cd3af, 0x4}, {0x0, 0x0}, {0x0, 0x0}, 0x0})
	github.com/evanw/esbuild/cmd/esbuild/service.go:1088 +0x836 fp=0xc0050f1808 sp=0xc0050f1588 pc=0x7ff657078356
github.com/evanw/esbuild/pkg/api.(*pluginImpl).onLoad.func1({{0x0, 0x0}, {{0xc001d76fc0, 0x67}, {0x7ff6571cd3af, 0x4}, 
{0x0, 0x0}, {{0x0, 0x0}}, ...}})
	github.com/evanw/esbuild/pkg/api/api_impl.go:2014 +0x190 fp=0xc0050f1a70 sp=0xc0050f1808 pc=0x7ff657036ad0
github.com/evanw/esbuild/internal/bundler.runOnLoadPlugins({0xc000090240?, 0x0?, 0x0?}, {0x7ff6572bce40?, 
0xc0000a6360}, 0xc0000901e0, {0xc0000beb60, 0xc0000aa390, 0xc0000aa3a8, 0xc0000a6340, ...}, ...)
	github.com/evanw/esbuild/internal/bundler/bundler.go:1203 +0xcd5 fp=0xc0050f1e10 sp=0xc0050f1a70 pc=0x7ff656f82835
github.com/evanw/esbuild/internal/bundler.parseFile({{0x7ff6572bce40, 0xc0000a6360}, {0xc0000beb60, 0xc0000aa390, 
0xc0000aa3a8, 0xc0000a6340, 0x6, 0xc0000a0450}, 0xc0004ae488, 0xc0000901e0, ...})
	github.com/evanw/esbuild/internal/bundler/bundler.go:163 +0x2b5 fp=0xc0050f3608 sp=0xc0050f1e10 pc=0x7ff656f777f5
github.com/evanw/esbuild/internal/bundler.(*scanner).maybeParseFile.gowrap1()
	github.com/evanw/esbuild/internal/bundler/bundler.go:1630 +0x2fa fp=0xc0050f3fe0 sp=0xc0050f3608 pc=0x7ff656f85a5a
runtime.goexit({})
	runtime/asm_amd64.s:1693 +0x1 fp=0xc0050f3fe8 sp=0xc0050f3fe0 pc=0x7ff656bcf221
created by github.com/evanw/esbuild/internal/bundler.(*scanner).maybeParseFile in goroutine 21
	github.com/evanw/esbuild/internal/bundler/bundler.go:1630 +0xd85

goroutine 1252 gp=0xc0038196c0 m=nil [chan receive]:
runtime.gopark(0xc0012bf500?, 0x2000000000070?, 0x7e?, 0x13?, 0x20b0ba20a38?)
	runtime/proc.go:460 +0xce fp=0xc0050f9478 sp=0xc0050f9458 pc=0x7ff656bc72ce
runtime.chanrecv(0xc00203ff80, 0xc0050f9550, 0x1)
	runtime/chan.go:667 +0x473 fp=0xc0050f94f0 sp=0xc0050f9478 pc=0x7ff656b5e593
runtime.chanrecv1(0x7ff65714d260?, 0xc0050b2d80?)
	runtime/chan.go:509 +0x12 fp=0xc0050f9518 sp=0xc0050f94f0 pc=0x7ff656b5e0f2
main.(*serviceType).sendRequest(0xc000181890, {0x7ff65714d260, 0xc0050b2d80})
	github.com/evanw/esbuild/cmd/esbuild/service.go:192 +0x12b fp=0xc0050f9588 sp=0xc0050f9518 pc=0x7ff65706fb6b
main.(*serviceType).convertPlugins.func2.4({{0xc001d77340, 0x6b}, {0x7ff6571cd3af, 0x4}, {0x0, 0x0}, {0x0, 0x0}, 0x0})
	github.com/evanw/esbuild/cmd/esbuild/service.go:1088 +0x836 fp=0xc0050f9808 sp=0xc0050f9588 pc=0x7ff657078356
github.com/evanw/esbuild/pkg/api.(*pluginImpl).onLoad.func1({{0x0, 0x0}, {{0xc001d77340, 0x6b}, {0x7ff6571cd3af, 0x4}, 
{0x0, 0x0}, {{0x0, 0x0}}, ...}})
	github.com/evanw/esbuild/pkg/api/api_impl.go:2014 +0x190 fp=0xc0050f9a70 sp=0xc0050f9808 pc=0x7ff657036ad0
github.com/evanw/esbuild/internal/bundler.runOnLoadPlugins({0xc000090240?, 0x0?, 0x0?}, {0x7ff6572bce40?, 
0xc0000a6360}, 0xc0000901e0, {0xc0000beb60, 0xc0000aa390, 0xc0000aa3a8, 0xc0000a6340, ...}, ...)
	github.com/evanw/esbuild/internal/bundler/bundler.go:1203 +0xcd5 fp=0xc0050f9e10 sp=0xc0050f9a70 pc=0x7ff656f82835
github.com/evanw/esbuild/internal/bundler.parseFile({{0x7ff6572bce40, 0xc0000a6360}, {0xc0000beb60, 0xc0000aa390, 
0xc0000aa3a8, 0xc0000a6340, 0x6, 0xc0000a0450}, 0xc0004ae488, 0xc0000901e0, ...})
	github.com/evanw/esbuild/internal/bundler/bundler.go:163 +0x2b5 fp=0xc0050fb608 sp=0xc0050f9e10 pc=0x7ff656f777f5
github.com/evanw/esbuild/internal/bundler.(*scanner).maybeParseFile.gowrap1()
	github.com/evanw/esbuild/internal/bundler/bundler.go:1630 +0x2fa fp=0xc0050fbfe0 sp=0xc0050fb608 pc=0x7ff656f85a5a
runtime.goexit({})
	runtime/asm_amd64.s:1693 +0x1 fp=0xc0050fbfe8 sp=0xc0050fbfe0 pc=0x7ff656bcf221
created by github.com/evanw/esbuild/internal/bundler.(*scanner).maybeParseFile in goroutine 21
	github.com/evanw/esbuild/internal/bundler/bundler.go:1630 +0xd85

goroutine 1253 gp=0xc003819880 m=nil [chan receive]:
runtime.gopark(0xc000f1d620?, 0x2000000000070?, 0xb1?, 0x17?, 0x20b0ba20a38?)
	runtime/proc.go:460 +0xce fp=0xc005705478 sp=0xc005705458 pc=0x7ff656bc72ce
runtime.chanrecv(0xc0050fc000, 0xc005705550, 0x1)
	runtime/chan.go:667 +0x473 fp=0xc0057054f0 sp=0xc005705478 pc=0x7ff656b5e593
runtime.chanrecv1(0x7ff65714d260?, 0xc0050b2de0?)
	runtime/chan.go:509 +0x12 fp=0xc005705518 sp=0xc0057054f0 pc=0x7ff656b5e0f2
main.(*serviceType).sendRequest(0xc000181890, {0x7ff65714d260, 0xc0050b2de0})
	github.com/evanw/esbuild/cmd/esbuild/service.go:192 +0x12b fp=0xc005705588 sp=0xc005705518 pc=0x7ff65706fb6b
main.(*serviceType).convertPlugins.func2.4({{0xc002b02af0, 0x6f}, {0x7ff6571cd3af, 0x4}, {0x0, 0x0}, {0x0, 0x0}, 0x0})
	github.com/evanw/esbuild/cmd/esbuild/service.go:1088 +0x836 fp=0xc005705808 sp=0xc005705588 pc=0x7ff657078356
github.com/evanw/esbuild/pkg/api.(*pluginImpl).onLoad.func1({{0x0, 0x0}, {{0xc002b02af0, 0x6f}, {0x7ff6571cd3af, 0x4}, 
{0x0, 0x0}, {{0x0, 0x0}}, ...}})
	github.com/evanw/esbuild/pkg/api/api_impl.go:2014 +0x190 fp=0xc005705a70 sp=0xc005705808 pc=0x7ff657036ad0
github.com/evanw/esbuild/internal/bundler.runOnLoadPlugins({0xc000090240?, 0x0?, 0x0?}, {0x7ff6572bce40?, 
0xc0000a6360}, 0xc0000901e0, {0xc0000beb60, 0xc0000aa390, 0xc0000aa3a8, 0xc0000a6340, ...}, ...)
	github.com/evanw/esbuild/internal/bundler/bundler.go:1203 +0xcd5 fp=0xc005705e10 sp=0xc005705a70 pc=0x7ff656f82835
github.com/evanw/esbuild/internal/bundler.parseFile({{0x7ff6572bce40, 0xc0000a6360}, {0xc0000beb60, 0xc0000aa390, 
0xc0000aa3a8, 0xc0000a6340, 0x6, 0xc0000a0450}, 0xc0004ae488, 0xc0000901e0, ...})
	github.com/evanw/esbuild/internal/bundler/bundler.go:163 +0x2b5 fp=0xc005707608 sp=0xc005705e10 pc=0x7ff656f777f5
github.com/evanw/esbuild/internal/bundler.(*scanner).maybeParseFile.gowrap1()
	github.com/evanw/esbuild/internal/bundler/bundler.go:1630 +0x2fa fp=0xc005707fe0 sp=0xc005707608 pc=0x7ff656f85a5a
runtime.goexit({})
	runtime/asm_amd64.s:1693 +0x1 fp=0xc005707fe8 sp=0xc005707fe0 pc=0x7ff656bcf221
created by github.com/evanw/esbuild/internal/bundler.(*scanner).maybeParseFile in goroutine 21
	github.com/evanw/esbuild/internal/bundler/bundler.go:1630 +0xd85

goroutine 1254 gp=0xc003819a40 m=nil [chan receive]:
runtime.gopark(0xc0009accc0?, 0x2000000000070?, 0xfe?, 0x4e?, 0x20b0ba20a38?)
	runtime/proc.go:460 +0xce fp=0xc00570d478 sp=0xc00570d458 pc=0x7ff656bc72ce
runtime.chanrecv(0xc0050fc070, 0xc00570d550, 0x1)
	runtime/chan.go:667 +0x473 fp=0xc00570d4f0 sp=0xc00570d478 pc=0x7ff656b5e593
runtime.chanrecv1(0x7ff65714d260?, 0xc0050b2e40?)
	runtime/chan.go:509 +0x12 fp=0xc00570d518 sp=0xc00570d4f0 pc=0x7ff656b5e0f2
main.(*serviceType).sendRequest(0xc000181890, {0x7ff65714d260, 0xc0050b2e40})
	github.com/evanw/esbuild/cmd/esbuild/service.go:192 +0x12b fp=0xc00570d588 sp=0xc00570d518 pc=0x7ff65706fb6b
main.(*serviceType).convertPlugins.func2.4({{0xc002b42930, 0x6b}, {0x7ff6571cd3af, 0x4}, {0x0, 0x0}, {0x0, 0x0}, 0x0})
	github.com/evanw/esbuild/cmd/esbuild/service.go:1088 +0x836 fp=0xc00570d808 sp=0xc00570d588 pc=0x7ff657078356
github.com/evanw/esbuild/pkg/api.(*pluginImpl).onLoad.func1({{0x0, 0x0}, {{0xc002b42930, 0x6b}, {0x7ff6571cd3af, 0x4}, 
{0x0, 0x0}, {{0x0, 0x0}}, ...}})
	github.com/evanw/esbuild/pkg/api/api_impl.go:2014 +0x190 fp=0xc00570da70 sp=0xc00570d808 pc=0x7ff657036ad0
github.com/evanw/esbuild/internal/bundler.runOnLoadPlugins({0xc000090240?, 0x0?, 0x0?}, {0x7ff6572bce40?, 
0xc0000a6360}, 0xc0000901e0, {0xc0000beb60, 0xc0000aa390, 0xc0000aa3a8, 0xc0000a6340, ...}, ...)
	github.com/evanw/esbuild/internal/bundler/bundler.go:1203 +0xcd5 fp=0xc00570de10 sp=0xc00570da70 pc=0x7ff656f82835
github.com/evanw/esbuild/internal/bundler.parseFile({{0x7ff6572bce40, 0xc0000a6360}, {0xc0000beb60, 0xc0000aa390, 
0xc0000aa3a8, 0xc0000a6340, 0x6, 0xc0000a0450}, 0xc0004ae488, 0xc0000901e0, ...})
	github.com/evanw/esbuild/internal/bundler/bundler.go:163 +0x2b5 fp=0xc00570f608 sp=0xc00570de10 pc=0x7ff656f777f5
github.com/evanw/esbuild/internal/bundler.(*scanner).maybeParseFile.gowrap1()
	github.com/evanw/esbuild/internal/bundler/bundler.go:1630 +0x2fa fp=0xc00570ffe0 sp=0xc00570f608 pc=0x7ff656f85a5a
runtime.goexit({})
	runtime/asm_amd64.s:1693 +0x1 fp=0xc00570ffe8 sp=0xc00570ffe0 pc=0x7ff656bcf221
created by github.com/evanw/esbuild/internal/bundler.(*scanner).maybeParseFile in goroutine 21
	github.com/evanw/esbuild/internal/bundler/bundler.go:1630 +0xd85

goroutine 1255 gp=0xc003819c00 m=nil [chan receive]:
runtime.gopark(0xc000d3a9c0?, 0x2000000000070?, 0xc?, 0xcd?, 0x20b0ba20a38?)
	runtime/proc.go:460 +0xce fp=0xc005715478 sp=0xc005715458 pc=0x7ff656bc72ce
runtime.chanrecv(0xc0050fc0e0, 0xc005715550, 0x1)
	runtime/chan.go:667 +0x473 fp=0xc0057154f0 sp=0xc005715478 pc=0x7ff656b5e593
runtime.chanrecv1(0x7ff65714d260?, 0xc0050b2ea0?)
	runtime/chan.go:509 +0x12 fp=0xc005715518 sp=0xc0057154f0 pc=0x7ff656b5e0f2
main.(*serviceType).sendRequest(0xc000181890, {0x7ff65714d260, 0xc0050b2ea0})
	github.com/evanw/esbuild/cmd/esbuild/service.go:192 +0x12b fp=0xc005715588 sp=0xc005715518 pc=0x7ff65706fb6b
main.(*serviceType).convertPlugins.func2.4({{0xc002b4d650, 0x6c}, {0x7ff6571cd3af, 0x4}, {0x0, 0x0}, {0x0, 0x0}, 0x0})
	github.com/evanw/esbuild/cmd/esbuild/service.go:1088 +0x836 fp=0xc005715808 sp=0xc005715588 pc=0x7ff657078356
github.com/evanw/esbuild/pkg/api.(*pluginImpl).onLoad.func1({{0x0, 0x0}, {{0xc002b4d650, 0x6c}, {0x7ff6571cd3af, 0x4}, 
{0x0, 0x0}, {{0x0, 0x0}}, ...}})
	github.com/evanw/esbuild/pkg/api/api_impl.go:2014 +0x190 fp=0xc005715a70 sp=0xc005715808 pc=0x7ff657036ad0
github.com/evanw/esbuild/internal/bundler.runOnLoadPlugins({0xc000090240?, 0x0?, 0x0?}, {0x7ff6572bce40?, 
0xc0000a6360}, 0xc0000901e0, {0xc0000beb60, 0xc0000aa390, 0xc0000aa3a8, 0xc0000a6340, ...}, ...)
	github.com/evanw/esbuild/internal/bundler/bundler.go:1203 +0xcd5 fp=0xc005715e10 sp=0xc005715a70 pc=0x7ff656f82835
github.com/evanw/esbuild/internal/bundler.parseFile({{0x7ff6572bce40, 0xc0000a6360}, {0xc0000beb60, 0xc0000aa390, 
0xc0000aa3a8, 0xc0000a6340, 0x6, 0xc0000a0450}, 0xc0004ae488, 0xc0000901e0, ...})
	github.com/evanw/esbuild/internal/bundler/bundler.go:163 +0x2b5 fp=0xc005717608 sp=0xc005715e10 pc=0x7ff656f777f5
github.com/evanw/esbuild/internal/bundler.(*scanner).maybeParseFile.gowrap1()
	github.com/evanw/esbuild/internal/bundler/bundler.go:1630 +0x2fa fp=0xc005717fe0 sp=0xc005717608 pc=0x7ff656f85a5a
runtime.goexit({})
	runtime/asm_amd64.s:1693 +0x1 fp=0xc005717fe8 sp=0xc005717fe0 pc=0x7ff656bcf221
created by github.com/evanw/esbuild/internal/bundler.(*scanner).maybeParseFile in goroutine 21
	github.com/evanw/esbuild/internal/bundler/bundler.go:1630 +0xd85

goroutine 1256 gp=0xc003819dc0 m=nil [chan receive]:
runtime.gopark(0xc000047920?, 0x2000000000070?, 0x1e?, 0x92?, 0xc002d4d4b0?)
	runtime/proc.go:460 +0xce fp=0xc002d4d478 sp=0xc002d4d458 pc=0x7ff656bc72ce
runtime.chanrecv(0xc004047650, 0xc002d4d550, 0x1)
	runtime/chan.go:667 +0x473 fp=0xc002d4d4f0 sp=0xc002d4d478 pc=0x7ff656b5e593
runtime.chanrecv1(0x7ff65714d260?, 0xc003d6f890?)
	runtime/chan.go:509 +0x12 fp=0xc002d4d518 sp=0xc002d4d4f0 pc=0x7ff656b5e0f2
main.(*serviceType).sendRequest(0xc000181890, {0x7ff65714d260, 0xc003d6f890})
	github.com/evanw/esbuild/cmd/esbuild/service.go:192 +0x12b fp=0xc002d4d588 sp=0xc002d4d518 pc=0x7ff65706fb6b
main.(*serviceType).convertPlugins.func2.4({{0xc000cb1200, 0x7a}, {0x7ff6571cd3af, 0x4}, {0x0, 0x0}, {0x0, 0x0}, 0x0})
	github.com/evanw/esbuild/cmd/esbuild/service.go:1088 +0x836 fp=0xc002d4d808 sp=0xc002d4d588 pc=0x7ff657078356
github.com/evanw/esbuild/pkg/api.(*pluginImpl).onLoad.func1({{0x0, 0x0}, {{0xc000cb1200, 0x7a}, {0x7ff6571cd3af, 0x4}, 
{0x0, 0x0}, {{0x0, 0x0}}, ...}})
	github.com/evanw/esbuild/pkg/api/api_impl.go:2014 +0x190 fp=0xc002d4da70 sp=0xc002d4d808 pc=0x7ff657036ad0
github.com/evanw/esbuild/internal/bundler.runOnLoadPlugins({0xc000090240?, 0x8e999a750882368?, 0xc0010e1ac0?}, 
{0x7ff6572bce40?, 0xc0000a6360}, 0xc0000901e0, {0xc0000beb60, 0xc0000aa390, 0xc0000aa3a8, 0xc0000a6340, ...}, ...)
	github.com/evanw/esbuild/internal/bundler/bundler.go:1203 +0xcd5 fp=0xc002d4de10 sp=0xc002d4da70 pc=0x7ff656f82835
github.com/evanw/esbuild/internal/bundler.parseFile({{0x7ff6572bce40, 0xc0000a6360}, {0xc0000beb60, 0xc0000aa390, 
0xc0000aa3a8, 0xc0000a6340, 0x6, 0xc0000a0450}, 0xc0004ae488, 0xc0000901e0, ...})
	github.com/evanw/esbuild/internal/bundler/bundler.go:163 +0x2b5 fp=0xc002d4f608 sp=0xc002d4de10 pc=0x7ff656f777f5
github.com/evanw/esbuild/internal/bundler.(*scanner).maybeParseFile.gowrap1()
	github.com/evanw/esbuild/internal/bundler/bundler.go:1630 +0x2fa fp=0xc002d4ffe0 sp=0xc002d4f608 pc=0x7ff656f85a5a
runtime.goexit({})
	runtime/asm_amd64.s:1693 +0x1 fp=0xc002d4ffe8 sp=0xc002d4ffe0 pc=0x7ff656bcf221
created by github.com/evanw/esbuild/internal/bundler.(*scanner).maybeParseFile in goroutine 21
	github.com/evanw/esbuild/internal/bundler/bundler.go:1630 +0xd85

goroutine 1257 gp=0xc004a62000 m=nil [chan receive]:
runtime.gopark(0xc0012befc0?, 0x2000000000070?, 0xcb?, 0x40?, 0x20b0ba225c8?)
	runtime/proc.go:460 +0xce fp=0xc00520b478 sp=0xc00520b458 pc=0x7ff656bc72ce
runtime.chanrecv(0xc0040476c0, 0xc00520b550, 0x1)
	runtime/chan.go:667 +0x473 fp=0xc00520b4f0 sp=0xc00520b478 pc=0x7ff656b5e593
runtime.chanrecv1(0x7ff65714d260?, 0xc003d6f8f0?)
	runtime/chan.go:509 +0x12 fp=0xc00520b518 sp=0xc00520b4f0 pc=0x7ff656b5e0f2
main.(*serviceType).sendRequest(0xc000181890, {0x7ff65714d260, 0xc003d6f8f0})
	github.com/evanw/esbuild/cmd/esbuild/service.go:192 +0x12b fp=0xc00520b588 sp=0xc00520b518 pc=0x7ff65706fb6b
main.(*serviceType).convertPlugins.func2.4({{0xc002984b60, 0x6d}, {0x7ff6571cd3af, 0x4}, {0x0, 0x0}, {0x0, 0x0}, 0x0})
	github.com/evanw/esbuild/cmd/esbuild/service.go:1088 +0x836 fp=0xc00520b808 sp=0xc00520b588 pc=0x7ff657078356
github.com/evanw/esbuild/pkg/api.(*pluginImpl).onLoad.func1({{0x0, 0x0}, {{0xc002984b60, 0x6d}, {0x7ff6571cd3af, 0x4}, 
{0x0, 0x0}, {{0x0, 0x0}}, ...}})
	github.com/evanw/esbuild/pkg/api/api_impl.go:2014 +0x190 fp=0xc00520ba70 sp=0xc00520b808 pc=0x7ff657036ad0
github.com/evanw/esbuild/internal/bundler.runOnLoadPlugins({0xc000090240?, 0x8e999a750882368?, 0xc0010e1ac0?}, 
{0x7ff6572bce40?, 0xc0000a6360}, 0xc0000901e0, {0xc0000beb60, 0xc0000aa390, 0xc0000aa3a8, 0xc0000a6340, ...}, ...)
	github.com/evanw/esbuild/internal/bundler/bundler.go:1203 +0xcd5 fp=0xc00520be10 sp=0xc00520ba70 pc=0x7ff656f82835
github.com/evanw/esbuild/internal/bundler.parseFile({{0x7ff6572bce40, 0xc0000a6360}, {0xc0000beb60, 0xc0000aa390, 
0xc0000aa3a8, 0xc0000a6340, 0x6, 0xc0000a0450}, 0xc0004ae488, 0xc0000901e0, ...})
	github.com/evanw/esbuild/internal/bundler/bundler.go:163 +0x2b5 fp=0xc00520d608 sp=0xc00520be10 pc=0x7ff656f777f5
github.com/evanw/esbuild/internal/bundler.(*scanner).maybeParseFile.gowrap1()
	github.com/evanw/esbuild/internal/bundler/bundler.go:1630 +0x2fa fp=0xc00520dfe0 sp=0xc00520d608 pc=0x7ff656f85a5a
runtime.goexit({})
	runtime/asm_amd64.s:1693 +0x1 fp=0xc00520dfe8 sp=0xc00520dfe0 pc=0x7ff656bcf221
created by github.com/evanw/esbuild/internal/bundler.(*scanner).maybeParseFile in goroutine 21
	github.com/evanw/esbuild/internal/bundler/bundler.go:1630 +0xd85

goroutine 1258 gp=0xc004a621c0 m=nil [chan receive]:
runtime.gopark(0xc00055ab40?, 0x2000000000070?, 0xe3?, 0x56?, 0x20b0ba225c8?)
	runtime/proc.go:460 +0xce fp=0xc005213478 sp=0xc005213458 pc=0x7ff656bc72ce
runtime.chanrecv(0xc004047730, 0xc005213550, 0x1)
	runtime/chan.go:667 +0x473 fp=0xc0052134f0 sp=0xc005213478 pc=0x7ff656b5e593
runtime.chanrecv1(0x7ff65714d260?, 0xc003d6f950?)
	runtime/chan.go:509 +0x12 fp=0xc005213518 sp=0xc0052134f0 pc=0x7ff656b5e0f2
main.(*serviceType).sendRequest(0xc000181890, {0x7ff65714d260, 0xc003d6f950})
	github.com/evanw/esbuild/cmd/esbuild/service.go:192 +0x12b fp=0xc005213588 sp=0xc005213518 pc=0x7ff65706fb6b
main.(*serviceType).convertPlugins.func2.4({{0xc002984e70, 0x70}, {0x7ff6571cd3af, 0x4}, {0x0, 0x0}, {0x0, 0x0}, 0x0})
	github.com/evanw/esbuild/cmd/esbuild/service.go:1088 +0x836 fp=0xc005213808 sp=0xc005213588 pc=0x7ff657078356
github.com/evanw/esbuild/pkg/api.(*pluginImpl).onLoad.func1({{0x0, 0x0}, {{0xc002984e70, 0x70}, {0x7ff6571cd3af, 0x4}, 
{0x0, 0x0}, {{0x0, 0x0}}, ...}})
	github.com/evanw/esbuild/pkg/api/api_impl.go:2014 +0x190 fp=0xc005213a70 sp=0xc005213808 pc=0x7ff657036ad0
github.com/evanw/esbuild/internal/bundler.runOnLoadPlugins({0xc000090240?, 0x8e999a750882368?, 0xc0010e1ac0?}, 
{0x7ff6572bce40?, 0xc0000a6360}, 0xc0000901e0, {0xc0000beb60, 0xc0000aa390, 0xc0000aa3a8, 0xc0000a6340, ...}, ...)
	github.com/evanw/esbuild/internal/bundler/bundler.go:1203 +0xcd5 fp=0xc005213e10 sp=0xc005213a70 pc=0x7ff656f82835
github.com/evanw/esbuild/internal/bundler.parseFile({{0x7ff6572bce40, 0xc0000a6360}, {0xc0000beb60, 0xc0000aa390, 
0xc0000aa3a8, 0xc0000a6340, 0x6, 0xc0000a0450}, 0xc0004ae488, 0xc0000901e0, ...})
	github.com/evanw/esbuild/internal/bundler/bundler.go:163 +0x2b5 fp=0xc005215608 sp=0xc005213e10 pc=0x7ff656f777f5
github.com/evanw/esbuild/internal/bundler.(*scanner).maybeParseFile.gowrap1()
	github.com/evanw/esbuild/internal/bundler/bundler.go:1630 +0x2fa fp=0xc005215fe0 sp=0xc005215608 pc=0x7ff656f85a5a
runtime.goexit({})
	runtime/asm_amd64.s:1693 +0x1 fp=0xc005215fe8 sp=0xc005215fe0 pc=0x7ff656bcf221
created by github.com/evanw/esbuild/internal/bundler.(*scanner).maybeParseFile in goroutine 21
	github.com/evanw/esbuild/internal/bundler/bundler.go:1630 +0xd85

goroutine 1259 gp=0xc004a62380 m=nil [chan receive]:
runtime.gopark(0xc001e61800?, 0x2000000000070?, 0x2e?, 0x43?, 0x20b0ba225c8?)
	runtime/proc.go:460 +0xce fp=0xc005223478 sp=0xc005223458 pc=0x7ff656bc72ce
runtime.chanrecv(0xc004047810, 0xc005223550, 0x1)
	runtime/chan.go:667 +0x473 fp=0xc0052234f0 sp=0xc005223478 pc=0x7ff656b5e593
runtime.chanrecv1(0x7ff65714d260?, 0xc003d6fa10?)
	runtime/chan.go:509 +0x12 fp=0xc005223518 sp=0xc0052234f0 pc=0x7ff656b5e0f2
main.(*serviceType).sendRequest(0xc000181890, {0x7ff65714d260, 0xc003d6fa10})
	github.com/evanw/esbuild/cmd/esbuild/service.go:192 +0x12b fp=0xc005223588 sp=0xc005223518 pc=0x7ff65706fb6b
main.(*serviceType).convertPlugins.func2.4({{0xc000cb1680, 0x7a}, {0x7ff6571cd3af, 0x4}, {0x0, 0x0}, {0x0, 0x0}, 0x0})
	github.com/evanw/esbuild/cmd/esbuild/service.go:1088 +0x836 fp=0xc005223808 sp=0xc005223588 pc=0x7ff657078356
github.com/evanw/esbuild/pkg/api.(*pluginImpl).onLoad.func1({{0x0, 0x0}, {{0xc000cb1680, 0x7a}, {0x7ff6571cd3af, 0x4}, 
{0x0, 0x0}, {{0x0, 0x0}}, ...}})
	github.com/evanw/esbuild/pkg/api/api_impl.go:2014 +0x190 fp=0xc005223a70 sp=0xc005223808 pc=0x7ff657036ad0
github.com/evanw/esbuild/internal/bundler.runOnLoadPlugins({0xc000090240?, 0x8e999a750882368?, 0xc0010e1ac0?}, 
{0x7ff6572bce40?, 0xc0000a6360}, 0xc0000901e0, {0xc0000beb60, 0xc0000aa390, 0xc0000aa3a8, 0xc0000a6340, ...}, ...)
	github.com/evanw/esbuild/internal/bundler/bundler.go:1203 +0xcd5 fp=0xc005223e10 sp=0xc005223a70 pc=0x7ff656f82835
github.com/evanw/esbuild/internal/bundler.parseFile({{0x7ff6572bce40, 0xc0000a6360}, {0xc0000beb60, 0xc0000aa390, 
0xc0000aa3a8, 0xc0000a6340, 0x6, 0xc0000a0450}, 0xc0004ae488, 0xc0000901e0, ...})
	github.com/evanw/esbuild/internal/bundler/bundler.go:163 +0x2b5 fp=0xc005225608 sp=0xc005223e10 pc=0x7ff656f777f5
github.com/evanw/esbuild/internal/bundler.(*scanner).maybeParseFile.gowrap1()
	github.com/evanw/esbuild/internal/bundler/bundler.go:1630 +0x2fa fp=0xc005225fe0 sp=0xc005225608 pc=0x7ff656f85a5a
runtime.goexit({})
	runtime/asm_amd64.s:1693 +0x1 fp=0xc005225fe8 sp=0xc005225fe0 pc=0x7ff656bcf221
created by github.com/evanw/esbuild/internal/bundler.(*scanner).maybeParseFile in goroutine 21
	github.com/evanw/esbuild/internal/bundler/bundler.go:1630 +0xd85

goroutine 1260 gp=0xc004a62540 m=nil [chan receive]:
runtime.gopark(0xc0013853e0?, 0x2000000000070?, 0x6d?, 0x80?, 0x20b0ba225c8?)
	runtime/proc.go:460 +0xce fp=0xc00522b478 sp=0xc00522b458 pc=0x7ff656bc72ce
runtime.chanrecv(0xc004047880, 0xc00522b550, 0x1)
	runtime/chan.go:667 +0x473 fp=0xc00522b4f0 sp=0xc00522b478 pc=0x7ff656b5e593
runtime.chanrecv1(0x7ff65714d260?, 0xc003d6fa70?)
	runtime/chan.go:509 +0x12 fp=0xc00522b518 sp=0xc00522b4f0 pc=0x7ff656b5e0f2
main.(*serviceType).sendRequest(0xc000181890, {0x7ff65714d260, 0xc003d6fa70})
	github.com/evanw/esbuild/cmd/esbuild/service.go:192 +0x12b fp=0xc00522b588 sp=0xc00522b518 pc=0x7ff65706fb6b
main.(*serviceType).convertPlugins.func2.4({{0xc002985180, 0x70}, {0x7ff6571cd3af, 0x4}, {0x0, 0x0}, {0x0, 0x0}, 0x0})
	github.com/evanw/esbuild/cmd/esbuild/service.go:1088 +0x836 fp=0xc00522b808 sp=0xc00522b588 pc=0x7ff657078356
github.com/evanw/esbuild/pkg/api.(*pluginImpl).onLoad.func1({{0x0, 0x0}, {{0xc002985180, 0x70}, {0x7ff6571cd3af, 0x4}, 
{0x0, 0x0}, {{0x0, 0x0}}, ...}})
	github.com/evanw/esbuild/pkg/api/api_impl.go:2014 +0x190 fp=0xc00522ba70 sp=0xc00522b808 pc=0x7ff657036ad0
github.com/evanw/esbuild/internal/bundler.runOnLoadPlugins({0xc000090240?, 0x8e999a750882368?, 0xc0010e1ac0?}, 
{0x7ff6572bce40?, 0xc0000a6360}, 0xc0000901e0, {0xc0000beb60, 0xc0000aa390, 0xc0000aa3a8, 0xc0000a6340, ...}, ...)
	github.com/evanw/esbuild/internal/bundler/bundler.go:1203 +0xcd5 fp=0xc00522be10 sp=0xc00522ba70 pc=0x7ff656f82835
github.com/evanw/esbuild/internal/bundler.parseFile({{0x7ff6572bce40, 0xc0000a6360}, {0xc0000beb60, 0xc0000aa390, 
0xc0000aa3a8, 0xc0000a6340, 0x6, 0xc0000a0450}, 0xc0004ae488, 0xc0000901e0, ...})
	github.com/evanw/esbuild/internal/bundler/bundler.go:163 +0x2b5 fp=0xc00522d608 sp=0xc00522be10 pc=0x7ff656f777f5
github.com/evanw/esbuild/internal/bundler.(*scanner).maybeParseFile.gowrap1()
	github.com/evanw/esbuild/internal/bundler/bundler.go:1630 +0x2fa fp=0xc00522dfe0 sp=0xc00522d608 pc=0x7ff656f85a5a
runtime.goexit({})
	runtime/asm_amd64.s:1693 +0x1 fp=0xc00522dfe8 sp=0xc00522dfe0 pc=0x7ff656bcf221
created by github.com/evanw/esbuild/internal/bundler.(*scanner).maybeParseFile in goroutine 21
	github.com/evanw/esbuild/internal/bundler/bundler.go:1630 +0xd85

goroutine 1261 gp=0xc004a62700 m=nil [chan receive]:
runtime.gopark(0xc001384660?, 0x2000000000070?, 0x86?, 0x5?, 0x20b0ba225c8?)
	runtime/proc.go:460 +0xce fp=0xc005235478 sp=0xc005235458 pc=0x7ff656bc72ce
runtime.chanrecv(0xc0040478f0, 0xc005235550, 0x1)
	runtime/chan.go:667 +0x473 fp=0xc0052354f0 sp=0xc005235478 pc=0x7ff656b5e593
runtime.chanrecv1(0x7ff65714d260?, 0xc003d6fad0?)
	runtime/chan.go:509 +0x12 fp=0xc005235518 sp=0xc0052354f0 pc=0x7ff656b5e0f2
main.(*serviceType).sendRequest(0xc000181890, {0x7ff65714d260, 0xc003d6fad0})
	github.com/evanw/esbuild/cmd/esbuild/service.go:192 +0x12b fp=0xc005235588 sp=0xc005235518 pc=0x7ff65706fb6b
main.(*serviceType).convertPlugins.func2.4({{0xc002985570, 0x6f}, {0x7ff6571cd3af, 0x4}, {0x0, 0x0}, {0x0, 0x0}, 0x0})
	github.com/evanw/esbuild/cmd/esbuild/service.go:1088 +0x836 fp=0xc005235808 sp=0xc005235588 pc=0x7ff657078356
github.com/evanw/esbuild/pkg/api.(*pluginImpl).onLoad.func1({{0x0, 0x0}, {{0xc002985570, 0x6f}, {0x7ff6571cd3af, 0x4}, 
{0x0, 0x0}, {{0x0, 0x0}}, ...}})
	github.com/evanw/esbuild/pkg/api/api_impl.go:2014 +0x190 fp=0xc005235a70 sp=0xc005235808 pc=0x7ff657036ad0
github.com/evanw/esbuild/internal/bundler.runOnLoadPlugins({0xc000090240?, 0x8e999a750882368?, 0xc0010e1ac0?}, 
{0x7ff6572bce40?, 0xc0000a6360}, 0xc0000901e0, {0xc0000beb60, 0xc0000aa390, 0xc0000aa3a8, 0xc0000a6340, ...}, ...)
	github.com/evanw/esbuild/internal/bundler/bundler.go:1203 +0xcd5 fp=0xc005235e10 sp=0xc005235a70 pc=0x7ff656f82835
github.com/evanw/esbuild/internal/bundler.parseFile({{0x7ff6572bce40, 0xc0000a6360}, {0xc0000beb60, 0xc0000aa390, 
0xc0000aa3a8, 0xc0000a6340, 0x6, 0xc0000a0450}, 0xc0004ae488, 0xc0000901e0, ...})
	github.com/evanw/esbuild/internal/bundler/bundler.go:163 +0x2b5 fp=0xc005237608 sp=0xc005235e10 pc=0x7ff656f777f5
github.com/evanw/esbuild/internal/bundler.(*scanner).maybeParseFile.gowrap1()
	github.com/evanw/esbuild/internal/bundler/bundler.go:1630 +0x2fa fp=0xc005237fe0 sp=0xc005237608 pc=0x7ff656f85a5a
runtime.goexit({})
	runtime/asm_amd64.s:1693 +0x1 fp=0xc005237fe8 sp=0xc005237fe0 pc=0x7ff656bcf221
created by github.com/evanw/esbuild/internal/bundler.(*scanner).maybeParseFile in goroutine 21
	github.com/evanw/esbuild/internal/bundler/bundler.go:1630 +0xd85

goroutine 1262 gp=0xc004a628c0 m=nil [chan receive]:
runtime.gopark(0xc000a076e0?, 0x2000000000070?, 0x55?, 0xc8?, 0x20b0ba225c8?)
	runtime/proc.go:460 +0xce fp=0xc00523f478 sp=0xc00523f458 pc=0x7ff656bc72ce
runtime.chanrecv(0xc004047960, 0xc00523f550, 0x1)
	runtime/chan.go:667 +0x473 fp=0xc00523f4f0 sp=0xc00523f478 pc=0x7ff656b5e593
runtime.chanrecv1(0x7ff65714d260?, 0xc003d6fb30?)
	runtime/chan.go:509 +0x12 fp=0xc00523f518 sp=0xc00523f4f0 pc=0x7ff656b5e0f2
main.(*serviceType).sendRequest(0xc000181890, {0x7ff65714d260, 0xc003d6fb30})
	github.com/evanw/esbuild/cmd/esbuild/service.go:192 +0x12b fp=0xc00523f588 sp=0xc00523f518 pc=0x7ff65706fb6b
main.(*serviceType).convertPlugins.func2.4({{0xc000cb1a00, 0x76}, {0x7ff6571cd3af, 0x4}, {0x0, 0x0}, {0x0, 0x0}, 0x0})
	github.com/evanw/esbuild/cmd/esbuild/service.go:1088 +0x836 fp=0xc00523f808 sp=0xc00523f588 pc=0x7ff657078356
github.com/evanw/esbuild/pkg/api.(*pluginImpl).onLoad.func1({{0x0, 0x0}, {{0xc000cb1a00, 0x76}, {0x7ff6571cd3af, 0x4}, 
{0x0, 0x0}, {{0x0, 0x0}}, ...}})
	github.com/evanw/esbuild/pkg/api/api_impl.go:2014 +0x190 fp=0xc00523fa70 sp=0xc00523f808 pc=0x7ff657036ad0
github.com/evanw/esbuild/internal/bundler.runOnLoadPlugins({0xc000090240?, 0x8e999a750882368?, 0xc0010e1ac0?}, 
{0x7ff6572bce40?, 0xc0000a6360}, 0xc0000901e0, {0xc0000beb60, 0xc0000aa390, 0xc0000aa3a8, 0xc0000a6340, ...}, ...)
	github.com/evanw/esbuild/internal/bundler/bundler.go:1203 +0xcd5 fp=0xc00523fe10 sp=0xc00523fa70 pc=0x7ff656f82835
github.com/evanw/esbuild/internal/bundler.parseFile({{0x7ff6572bce40, 0xc0000a6360}, {0xc0000beb60, 0xc0000aa390, 
0xc0000aa3a8, 0xc0000a6340, 0x6, 0xc0000a0450}, 0xc0004ae488, 0xc0000901e0, ...})
	github.com/evanw/esbuild/internal/bundler/bundler.go:163 +0x2b5 fp=0xc005241608 sp=0xc00523fe10 pc=0x7ff656f777f5
github.com/evanw/esbuild/internal/bundler.(*scanner).maybeParseFile.gowrap1()
	github.com/evanw/esbuild/internal/bundler/bundler.go:1630 +0x2fa fp=0xc005241fe0 sp=0xc005241608 pc=0x7ff656f85a5a
runtime.goexit({})
	runtime/asm_amd64.s:1693 +0x1 fp=0xc005241fe8 sp=0xc005241fe0 pc=0x7ff656bcf221
created by github.com/evanw/esbuild/internal/bundler.(*scanner).maybeParseFile in goroutine 21
	github.com/evanw/esbuild/internal/bundler/bundler.go:1630 +0xd85

goroutine 1263 gp=0xc004a62a80 m=nil [chan receive]:
runtime.gopark(0xc0020ba000?, 0x2000000000070?, 0xce?, 0x35?, 0x20b0ba225c8?)
	runtime/proc.go:460 +0xce fp=0xc005247478 sp=0xc005247458 pc=0x7ff656bc72ce
runtime.chanrecv(0xc0040479d0, 0xc005247550, 0x1)
	runtime/chan.go:667 +0x473 fp=0xc0052474f0 sp=0xc005247478 pc=0x7ff656b5e593
runtime.chanrecv1(0x7ff65714d260?, 0xc003d6fb90?)
	runtime/chan.go:509 +0x12 fp=0xc005247518 sp=0xc0052474f0 pc=0x7ff656b5e0f2
main.(*serviceType).sendRequest(0xc000181890, {0x7ff65714d260, 0xc003d6fb90})
	github.com/evanw/esbuild/cmd/esbuild/service.go:192 +0x12b fp=0xc005247588 sp=0xc005247518 pc=0x7ff65706fb6b
main.(*serviceType).convertPlugins.func2.4({{0xc000cb1d00, 0x75}, {0x7ff6571cd3af, 0x4}, {0x0, 0x0}, {0x0, 0x0}, 0x0})
	github.com/evanw/esbuild/cmd/esbuild/service.go:1088 +0x836 fp=0xc005247808 sp=0xc005247588 pc=0x7ff657078356
github.com/evanw/esbuild/pkg/api.(*pluginImpl).onLoad.func1({{0x0, 0x0}, {{0xc000cb1d00, 0x75}, {0x7ff6571cd3af, 0x4}, 
{0x0, 0x0}, {{0x0, 0x0}}, ...}})
	github.com/evanw/esbuild/pkg/api/api_impl.go:2014 +0x190 fp=0xc005247a70 sp=0xc005247808 pc=0x7ff657036ad0
github.com/evanw/esbuild/internal/bundler.runOnLoadPlugins({0xc000090240?, 0x8e999a750882368?, 0xc0010e1ac0?}, 
{0x7ff6572bce40?, 0xc0000a6360}, 0xc0000901e0, {0xc0000beb60, 0xc0000aa390, 0xc0000aa3a8, 0xc0000a6340, ...}, ...)
	github.com/evanw/esbuild/internal/bundler/bundler.go:1203 +0xcd5 fp=0xc005247e10 sp=0xc005247a70 pc=0x7ff656f82835
github.com/evanw/esbuild/internal/bundler.parseFile({{0x7ff6572bce40, 0xc0000a6360}, {0xc0000beb60, 0xc0000aa390, 
0xc0000aa3a8, 0xc0000a6340, 0x6, 0xc0000a0450}, 0xc0004ae488, 0xc0000901e0, ...})
	github.com/evanw/esbuild/internal/bundler/bundler.go:163 +0x2b5 fp=0xc005249608 sp=0xc005247e10 pc=0x7ff656f777f5
github.com/evanw/esbuild/internal/bundler.(*scanner).maybeParseFile.gowrap1()
	github.com/evanw/esbuild/internal/bundler/bundler.go:1630 +0x2fa fp=0xc005249fe0 sp=0xc005249608 pc=0x7ff656f85a5a
runtime.goexit({})
	runtime/asm_amd64.s:1693 +0x1 fp=0xc005249fe8 sp=0xc005249fe0 pc=0x7ff656bcf221
created by github.com/evanw/esbuild/internal/bundler.(*scanner).maybeParseFile in goroutine 21
	github.com/evanw/esbuild/internal/bundler/bundler.go:1630 +0xd85

goroutine 1264 gp=0xc004a62c40 m=nil [chan receive]:
runtime.gopark(0xc0018805a0?, 0x2000000000070?, 0xdc?, 0xb3?, 0x20b0ba225c8?)
	runtime/proc.go:460 +0xce fp=0xc00524f478 sp=0xc00524f458 pc=0x7ff656bc72ce
runtime.chanrecv(0xc004047a40, 0xc00524f550, 0x1)
	runtime/chan.go:667 +0x473 fp=0xc00524f4f0 sp=0xc00524f478 pc=0x7ff656b5e593
runtime.chanrecv1(0x7ff65714d260?, 0xc003d6fbf0?)
	runtime/chan.go:509 +0x12 fp=0xc00524f518 sp=0xc00524f4f0 pc=0x7ff656b5e0f2
main.(*serviceType).sendRequest(0xc000181890, {0x7ff65714d260, 0xc003d6fbf0})
	github.com/evanw/esbuild/cmd/esbuild/service.go:192 +0x12b fp=0xc00524f588 sp=0xc00524f518 pc=0x7ff65706fb6b
main.(*serviceType).convertPlugins.func2.4({{0xc002a12080, 0x79}, {0x7ff6571cd3af, 0x4}, {0x0, 0x0}, {0x0, 0x0}, 0x0})
	github.com/evanw/esbuild/cmd/esbuild/service.go:1088 +0x836 fp=0xc00524f808 sp=0xc00524f588 pc=0x7ff657078356
github.com/evanw/esbuild/pkg/api.(*pluginImpl).onLoad.func1({{0x0, 0x0}, {{0xc002a12080, 0x79}, {0x7ff6571cd3af, 0x4}, 
{0x0, 0x0}, {{0x0, 0x0}}, ...}})
	github.com/evanw/esbuild/pkg/api/api_impl.go:2014 +0x190 fp=0xc00524fa70 sp=0xc00524f808 pc=0x7ff657036ad0
github.com/evanw/esbuild/internal/bundler.runOnLoadPlugins({0xc000090240?, 0x8e999a750882368?, 0xc0010e1ac0?}, 
{0x7ff6572bce40?, 0xc0000a6360}, 0xc0000901e0, {0xc0000beb60, 0xc0000aa390, 0xc0000aa3a8, 0xc0000a6340, ...}, ...)
	github.com/evanw/esbuild/internal/bundler/bundler.go:1203 +0xcd5 fp=0xc00524fe10 sp=0xc00524fa70 pc=0x7ff656f82835
github.com/evanw/esbuild/internal/bundler.parseFile({{0x7ff6572bce40, 0xc0000a6360}, {0xc0000beb60, 0xc0000aa390, 
0xc0000aa3a8, 0xc0000a6340, 0x6, 0xc0000a0450}, 0xc0004ae488, 0xc0000901e0, ...})
	github.com/evanw/esbuild/internal/bundler/bundler.go:163 +0x2b5 fp=0xc005251608 sp=0xc00524fe10 pc=0x7ff656f777f5
github.com/evanw/esbuild/internal/bundler.(*scanner).maybeParseFile.gowrap1()
	github.com/evanw/esbuild/internal/bundler/bundler.go:1630 +0x2fa fp=0xc005251fe0 sp=0xc005251608 pc=0x7ff656f85a5a
runtime.goexit({})
	runtime/asm_amd64.s:1693 +0x1 fp=0xc005251fe8 sp=0xc005251fe0 pc=0x7ff656bcf221
created by github.com/evanw/esbuild/internal/bundler.(*scanner).maybeParseFile in goroutine 21
	github.com/evanw/esbuild/internal/bundler/bundler.go:1630 +0xd85

goroutine 1265 gp=0xc004a62e00 m=nil [chan receive]:
runtime.gopark(0xc0020ba180?, 0x2000000000070?, 0x9b?, 0x75?, 0x20b00000002?)
	runtime/proc.go:460 +0xce fp=0xc005259478 sp=0xc005259458 pc=0x7ff656bc72ce
runtime.chanrecv(0xc004047ab0, 0xc005259550, 0x1)
	runtime/chan.go:667 +0x473 fp=0xc0052594f0 sp=0xc005259478 pc=0x7ff656b5e593
runtime.chanrecv1(0x7ff65714d260?, 0xc003d6fc50?)
	runtime/chan.go:509 +0x12 fp=0xc005259518 sp=0xc0052594f0 pc=0x7ff656b5e0f2
main.(*serviceType).sendRequest(0xc000181890, {0x7ff65714d260, 0xc003d6fc50})
	github.com/evanw/esbuild/cmd/esbuild/service.go:192 +0x12b fp=0xc005259588 sp=0xc005259518 pc=0x7ff65706fb6b
main.(*serviceType).convertPlugins.func2.4({{0xc002a12400, 0x76}, {0x7ff6571cd3af, 0x4}, {0x0, 0x0}, {0x0, 0x0}, 0x0})
	github.com/evanw/esbuild/cmd/esbuild/service.go:1088 +0x836 fp=0xc005259808 sp=0xc005259588 pc=0x7ff657078356
github.com/evanw/esbuild/pkg/api.(*pluginImpl).onLoad.func1({{0x0, 0x0}, {{0xc002a12400, 0x76}, {0x7ff6571cd3af, 0x4}, 
{0x0, 0x0}, {{0x0, 0x0}}, ...}})
	github.com/evanw/esbuild/pkg/api/api_impl.go:2014 +0x190 fp=0xc005259a70 sp=0xc005259808 pc=0x7ff657036ad0
github.com/evanw/esbuild/internal/bundler.runOnLoadPlugins({0xc000090240?, 0x8e999a750882368?, 0xc0010e1ac0?}, 
{0x7ff6572bce40?, 0xc0000a6360}, 0xc0000901e0, {0xc0000beb60, 0xc0000aa390, 0xc0000aa3a8, 0xc0000a6340, ...}, ...)
	github.com/evanw/esbuild/internal/bundler/bundler.go:1203 +0xcd5 fp=0xc005259e10 sp=0xc005259a70 pc=0x7ff656f82835
github.com/evanw/esbuild/internal/bundler.parseFile({{0x7ff6572bce40, 0xc0000a6360}, {0xc0000beb60, 0xc0000aa390, 
0xc0000aa3a8, 0xc0000a6340, 0x6, 0xc0000a0450}, 0xc0004ae488, 0xc0000901e0, ...})
	github.com/evanw/esbuild/internal/bundler/bundler.go:163 +0x2b5 fp=0xc00525b608 sp=0xc005259e10 pc=0x7ff656f777f5
github.com/evanw/esbuild/internal/bundler.(*scanner).maybeParseFile.gowrap1()
	github.com/evanw/esbuild/internal/bundler/bundler.go:1630 +0x2fa fp=0xc00525bfe0 sp=0xc00525b608 pc=0x7ff656f85a5a
runtime.goexit({})
	runtime/asm_amd64.s:1693 +0x1 fp=0xc00525bfe8 sp=0xc00525bfe0 pc=0x7ff656bcf221
created by github.com/evanw/esbuild/internal/bundler.(*scanner).maybeParseFile in goroutine 21
	github.com/evanw/esbuild/internal/bundler/bundler.go:1630 +0xd85

goroutine 1266 gp=0xc004a62fc0 m=nil [chan receive]:
runtime.gopark(0xc0006b03c0?, 0x2000000000070?, 0xae?, 0x95?, 0x20b0ba225c8?)
	runtime/proc.go:460 +0xce fp=0xc005261478 sp=0xc005261458 pc=0x7ff656bc72ce
runtime.chanrecv(0xc004047b20, 0xc005261550, 0x1)
	runtime/chan.go:667 +0x473 fp=0xc0052614f0 sp=0xc005261478 pc=0x7ff656b5e593
runtime.chanrecv1(0x7ff65714d260?, 0xc003d6fcb0?)
	runtime/chan.go:509 +0x12 fp=0xc005261518 sp=0xc0052614f0 pc=0x7ff656b5e0f2
main.(*serviceType).sendRequest(0xc000181890, {0x7ff65714d260, 0xc003d6fcb0})
	github.com/evanw/esbuild/cmd/esbuild/service.go:192 +0x12b fp=0xc005261588 sp=0xc005261518 pc=0x7ff65706fb6b
main.(*serviceType).convertPlugins.func2.4({{0xc002985e30, 0x6f}, {0x7ff6571cd3af, 0x4}, {0x0, 0x0}, {0x0, 0x0}, 0x0})
	github.com/evanw/esbuild/cmd/esbuild/service.go:1088 +0x836 fp=0xc005261808 sp=0xc005261588 pc=0x7ff657078356
github.com/evanw/esbuild/pkg/api.(*pluginImpl).onLoad.func1({{0x0, 0x0}, {{0xc002985e30, 0x6f}, {0x7ff6571cd3af, 0x4}, 
{0x0, 0x0}, {{0x0, 0x0}}, ...}})
	github.com/evanw/esbuild/pkg/api/api_impl.go:2014 +0x190 fp=0xc005261a70 sp=0xc005261808 pc=0x7ff657036ad0
github.com/evanw/esbuild/internal/bundler.runOnLoadPlugins({0xc000090240?, 0x8e999a750882368?, 0xc0010e1ac0?}, 
{0x7ff6572bce40?, 0xc0000a6360}, 0xc0000901e0, {0xc0000beb60, 0xc0000aa390, 0xc0000aa3a8, 0xc0000a6340, ...}, ...)
	github.com/evanw/esbuild/internal/bundler/bundler.go:1203 +0xcd5 fp=0xc005261e10 sp=0xc005261a70 pc=0x7ff656f82835
github.com/evanw/esbuild/internal/bundler.parseFile({{0x7ff6572bce40, 0xc0000a6360}, {0xc0000beb60, 0xc0000aa390, 
0xc0000aa3a8, 0xc0000a6340, 0x6, 0xc0000a0450}, 0xc0004ae488, 0xc0000901e0, ...})
	github.com/evanw/esbuild/internal/bundler/bundler.go:163 +0x2b5 fp=0xc005263608 sp=0xc005261e10 pc=0x7ff656f777f5
github.com/evanw/esbuild/internal/bundler.(*scanner).maybeParseFile.gowrap1()
	github.com/evanw/esbuild/internal/bundler/bundler.go:1630 +0x2fa fp=0xc005263fe0 sp=0xc005263608 pc=0x7ff656f85a5a
runtime.goexit({})
	runtime/asm_amd64.s:1693 +0x1 fp=0xc005263fe8 sp=0xc005263fe0 pc=0x7ff656bcf221
created by github.com/evanw/esbuild/internal/bundler.(*scanner).maybeParseFile in goroutine 21
	github.com/evanw/esbuild/internal/bundler/bundler.go:1630 +0xd85

goroutine 1267 gp=0xc004a63180 m=nil [chan receive]:
runtime.gopark(0xc00040b080?, 0x2000000000070?, 0x49?, 0xd3?, 0x20b0ba225c8?)
	runtime/proc.go:460 +0xce fp=0xc005269478 sp=0xc005269458 pc=0x7ff656bc72ce
runtime.chanrecv(0xc004047b90, 0xc005269550, 0x1)
	runtime/chan.go:667 +0x473 fp=0xc0052694f0 sp=0xc005269478 pc=0x7ff656b5e593
runtime.chanrecv1(0x7ff65714d260?, 0xc003d6fd10?)
	runtime/chan.go:509 +0x12 fp=0xc005269518 sp=0xc0052694f0 pc=0x7ff656b5e0f2
main.(*serviceType).sendRequest(0xc000181890, {0x7ff65714d260, 0xc003d6fd10})
	github.com/evanw/esbuild/cmd/esbuild/service.go:192 +0x12b fp=0xc005269588 sp=0xc005269518 pc=0x7ff65706fb6b
main.(*serviceType).convertPlugins.func2.4({{0xc002a12700, 0x74}, {0x7ff6571cd3af, 0x4}, {0x0, 0x0}, {0x0, 0x0}, 0x0})
	github.com/evanw/esbuild/cmd/esbuild/service.go:1088 +0x836 fp=0xc005269808 sp=0xc005269588 pc=0x7ff657078356
github.com/evanw/esbuild/pkg/api.(*pluginImpl).onLoad.func1({{0x0, 0x0}, {{0xc002a12700, 0x74}, {0x7ff6571cd3af, 0x4}, 
{0x0, 0x0}, {{0x0, 0x0}}, ...}})
	github.com/evanw/esbuild/pkg/api/api_impl.go:2014 +0x190 fp=0xc005269a70 sp=0xc005269808 pc=0x7ff657036ad0
github.com/evanw/esbuild/internal/bundler.runOnLoadPlugins({0xc000090240?, 0x8e999a750882368?, 0xc0010e1ac0?}, 
{0x7ff6572bce40?, 0xc0000a6360}, 0xc0000901e0, {0xc0000beb60, 0xc0000aa390, 0xc0000aa3a8, 0xc0000a6340, ...}, ...)
	github.com/evanw/esbuild/internal/bundler/bundler.go:1203 +0xcd5 fp=0xc005269e10 sp=0xc005269a70 pc=0x7ff656f82835
github.com/evanw/esbuild/internal/bundler.parseFile({{0x7ff6572bce40, 0xc0000a6360}, {0xc0000beb60, 0xc0000aa390, 
0xc0000aa3a8, 0xc0000a6340, 0x6, 0xc0000a0450}, 0xc0004ae488, 0xc0000901e0, ...})
	github.com/evanw/esbuild/internal/bundler/bundler.go:163 +0x2b5 fp=0xc00526b608 sp=0xc005269e10 pc=0x7ff656f777f5
github.com/evanw/esbuild/internal/bundler.(*scanner).maybeParseFile.gowrap1()
	github.com/evanw/esbuild/internal/bundler/bundler.go:1630 +0x2fa fp=0xc00526bfe0 sp=0xc00526b608 pc=0x7ff656f85a5a
runtime.goexit({})
	runtime/asm_amd64.s:1693 +0x1 fp=0xc00526bfe8 sp=0xc00526bfe0 pc=0x7ff656bcf221
created by github.com/evanw/esbuild/internal/bundler.(*scanner).maybeParseFile in goroutine 21
	github.com/evanw/esbuild/internal/bundler/bundler.go:1630 +0xd85

goroutine 1268 gp=0xc004a63340 m=nil [chan receive]:
runtime.gopark(0xc0020ba1e0?, 0x2000000000070?, 0x85?, 0xb1?, 0x20b0ba225c8?)
	runtime/proc.go:460 +0xce fp=0xc005271478 sp=0xc005271458 pc=0x7ff656bc72ce
runtime.chanrecv(0xc004047c00, 0xc005271550, 0x1)
	runtime/chan.go:667 +0x473 fp=0xc0052714f0 sp=0xc005271478 pc=0x7ff656b5e593
runtime.chanrecv1(0x7ff65714d260?, 0xc003d6fd70?)
	runtime/chan.go:509 +0x12 fp=0xc005271518 sp=0xc0052714f0 pc=0x7ff656b5e0f2
main.(*serviceType).sendRequest(0xc000181890, {0x7ff65714d260, 0xc003d6fd70})
	github.com/evanw/esbuild/cmd/esbuild/service.go:192 +0x12b fp=0xc005271588 sp=0xc005271518 pc=0x7ff65706fb6b
main.(*serviceType).convertPlugins.func2.4({{0xc002a14460, 0x6e}, {0x7ff6571cd3af, 0x4}, {0x0, 0x0}, {0x0, 0x0}, 0x0})
	github.com/evanw/esbuild/cmd/esbuild/service.go:1088 +0x836 fp=0xc005271808 sp=0xc005271588 pc=0x7ff657078356
github.com/evanw/esbuild/pkg/api.(*pluginImpl).onLoad.func1({{0x0, 0x0}, {{0xc002a14460, 0x6e}, {0x7ff6571cd3af, 0x4}, 
{0x0, 0x0}, {{0x0, 0x0}}, ...}})
	github.com/evanw/esbuild/pkg/api/api_impl.go:2014 +0x190 fp=0xc005271a70 sp=0xc005271808 pc=0x7ff657036ad0
github.com/evanw/esbuild/internal/bundler.runOnLoadPlugins({0xc000090240?, 0x8e999a750882368?, 0xc0010e1ac0?}, 
{0x7ff6572bce40?, 0xc0000a6360}, 0xc0000901e0, {0xc0000beb60, 0xc0000aa390, 0xc0000aa3a8, 0xc0000a6340, ...}, ...)
	github.com/evanw/esbuild/internal/bundler/bundler.go:1203 +0xcd5 fp=0xc005271e10 sp=0xc005271a70 pc=0x7ff656f82835
github.com/evanw/esbuild/internal/bundler.parseFile({{0x7ff6572bce40, 0xc0000a6360}, {0xc0000beb60, 0xc0000aa390, 
0xc0000aa3a8, 0xc0000a6340, 0x6, 0xc0000a0450}, 0xc0004ae488, 0xc0000901e0, ...})
	github.com/evanw/esbuild/internal/bundler/bundler.go:163 +0x2b5 fp=0xc005273608 sp=0xc005271e10 pc=0x7ff656f777f5
github.com/evanw/esbuild/internal/bundler.(*scanner).maybeParseFile.gowrap1()
	github.com/evanw/esbuild/internal/bundler/bundler.go:1630 +0x2fa fp=0xc005273fe0 sp=0xc005273608 pc=0x7ff656f85a5a
runtime.goexit({})
	runtime/asm_amd64.s:1693 +0x1 fp=0xc005273fe8 sp=0xc005273fe0 pc=0x7ff656bcf221
created by github.com/evanw/esbuild/internal/bundler.(*scanner).maybeParseFile in goroutine 21
	github.com/evanw/esbuild/internal/bundler/bundler.go:1630 +0xd85

goroutine 1269 gp=0xc004a63500 m=nil [chan receive]:
runtime.gopark(0xc00107efc0?, 0x2000000000070?, 0x5?, 0x31?, 0x20b0ba225c8?)
	runtime/proc.go:460 +0xce fp=0xc00521b478 sp=0xc00521b458 pc=0x7ff656bc72ce
runtime.chanrecv(0xc0040477a0, 0xc00521b550, 0x1)
	runtime/chan.go:667 +0x473 fp=0xc00521b4f0 sp=0xc00521b478 pc=0x7ff656b5e593
runtime.chanrecv1(0x7ff65714d260?, 0xc003d6f9b0?)
	runtime/chan.go:509 +0x12 fp=0xc00521b518 sp=0xc00521b4f0 pc=0x7ff656b5e0f2
main.(*serviceType).sendRequest(0xc000181890, {0x7ff65714d260, 0xc003d6f9b0})
	github.com/evanw/esbuild/cmd/esbuild/service.go:192 +0x12b fp=0xc00521b588 sp=0xc00521b518 pc=0x7ff65706fb6b
main.(*serviceType).convertPlugins.func2.4({{0xc002a148c0, 0x6e}, {0x7ff6571cd3af, 0x4}, {0x0, 0x0}, {0x0, 0x0}, 0x0})
	github.com/evanw/esbuild/cmd/esbuild/service.go:1088 +0x836 fp=0xc00521b808 sp=0xc00521b588 pc=0x7ff657078356
github.com/evanw/esbuild/pkg/api.(*pluginImpl).onLoad.func1({{0x0, 0x0}, {{0xc002a148c0, 0x6e}, {0x7ff6571cd3af, 0x4}, 
{0x0, 0x0}, {{0x0, 0x0}}, ...}})
	github.com/evanw/esbuild/pkg/api/api_impl.go:2014 +0x190 fp=0xc00521ba70 sp=0xc00521b808 pc=0x7ff657036ad0
github.com/evanw/esbuild/internal/bundler.runOnLoadPlugins({0xc000090240?, 0x8e999a750882368?, 0xc0010e1ac0?}, 
{0x7ff6572bce40?, 0xc0000a6360}, 0xc0000901e0, {0xc0000beb60, 0xc0000aa390, 0xc0000aa3a8, 0xc0000a6340, ...}, ...)
	github.com/evanw/esbuild/internal/bundler/bundler.go:1203 +0xcd5 fp=0xc00521be10 sp=0xc00521ba70 pc=0x7ff656f82835
github.com/evanw/esbuild/internal/bundler.parseFile({{0x7ff6572bce40, 0xc0000a6360}, {0xc0000beb60, 0xc0000aa390, 
0xc0000aa3a8, 0xc0000a6340, 0x6, 0xc0000a0450}, 0xc0004ae488, 0xc0000901e0, ...})
	github.com/evanw/esbuild/internal/bundler/bundler.go:163 +0x2b5 fp=0xc00521d608 sp=0xc00521be10 pc=0x7ff656f777f5
github.com/evanw/esbuild/internal/bundler.(*scanner).maybeParseFile.gowrap1()
	github.com/evanw/esbuild/internal/bundler/bundler.go:1630 +0x2fa fp=0xc00521dfe0 sp=0xc00521d608 pc=0x7ff656f85a5a
runtime.goexit({})
	runtime/asm_amd64.s:1693 +0x1 fp=0xc00521dfe8 sp=0xc00521dfe0 pc=0x7ff656bcf221
created by github.com/evanw/esbuild/internal/bundler.(*scanner).maybeParseFile in goroutine 21
	github.com/evanw/esbuild/internal/bundler/bundler.go:1630 +0xd85

goroutine 1270 gp=0xc004a636c0 m=nil [chan receive]:
runtime.gopark(0xc004316c00?, 0x2000000000070?, 0xac?, 0x22?, 0x20b0ba21800?)
	runtime/proc.go:460 +0xce fp=0xc004369478 sp=0xc004369458 pc=0x7ff656bc72ce
runtime.chanrecv(0xc001822f50, 0xc004369550, 0x1)
	runtime/chan.go:667 +0x473 fp=0xc0043694f0 sp=0xc004369478 pc=0x7ff656b5e593
runtime.chanrecv1(0x7ff65714d260?, 0xc004324a50?)
	runtime/chan.go:509 +0x12 fp=0xc004369518 sp=0xc0043694f0 pc=0x7ff656b5e0f2
main.(*serviceType).sendRequest(0xc000181890, {0x7ff65714d260, 0xc004324a50})
	github.com/evanw/esbuild/cmd/esbuild/service.go:192 +0x12b fp=0xc004369588 sp=0xc004369518 pc=0x7ff65706fb6b
main.(*serviceType).convertPlugins.func2.4({{0xc002a12880, 0x71}, {0x7ff6571cd3af, 0x4}, {0x0, 0x0}, {0x0, 0x0}, 0x0})
	github.com/evanw/esbuild/cmd/esbuild/service.go:1088 +0x836 fp=0xc004369808 sp=0xc004369588 pc=0x7ff657078356
github.com/evanw/esbuild/pkg/api.(*pluginImpl).onLoad.func1({{0x0, 0x0}, {{0xc002a12880, 0x71}, {0x7ff6571cd3af, 0x4}, 
{0x0, 0x0}, {{0x0, 0x0}}, ...}})
	github.com/evanw/esbuild/pkg/api/api_impl.go:2014 +0x190 fp=0xc004369a70 sp=0xc004369808 pc=0x7ff657036ad0
github.com/evanw/esbuild/internal/bundler.runOnLoadPlugins({0xc000090240?, 0x36271da60a?, 0x1b010e1500?}, 
{0x7ff6572bce40?, 0xc0000a6360}, 0xc0000901e0, {0xc0000beb60, 0xc0000aa390, 0xc0000aa3a8, 0xc0000a6340, ...}, ...)
	github.com/evanw/esbuild/internal/bundler/bundler.go:1203 +0xcd5 fp=0xc004369e10 sp=0xc004369a70 pc=0x7ff656f82835
github.com/evanw/esbuild/internal/bundler.parseFile({{0x7ff6572bce40, 0xc0000a6360}, {0xc0000beb60, 0xc0000aa390, 
0xc0000aa3a8, 0xc0000a6340, 0x6, 0xc0000a0450}, 0xc0004ae488, 0xc0000901e0, ...})
	github.com/evanw/esbuild/internal/bundler/bundler.go:163 +0x2b5 fp=0xc00436b608 sp=0xc004369e10 pc=0x7ff656f777f5
github.com/evanw/esbuild/internal/bundler.(*scanner).maybeParseFile.gowrap1()
	github.com/evanw/esbuild/internal/bundler/bundler.go:1630 +0x2fa fp=0xc00436bfe0 sp=0xc00436b608 pc=0x7ff656f85a5a
runtime.goexit({})
	runtime/asm_amd64.s:1693 +0x1 fp=0xc00436bfe8 sp=0xc00436bfe0 pc=0x7ff656bcf221
created by github.com/evanw/esbuild/internal/bundler.(*scanner).maybeParseFile in goroutine 21
	github.com/evanw/esbuild/internal/bundler/bundler.go:1630 +0xd85

goroutine 1271 gp=0xc004a63880 m=nil [chan receive]:
runtime.gopark(0xc004316c60?, 0x2000000000070?, 0xb6?, 0xf0?, 0x20b0ba21800?)
	runtime/proc.go:460 +0xce fp=0xc004373478 sp=0xc004373458 pc=0x7ff656bc72ce
runtime.chanrecv(0xc001822fc0, 0xc004373550, 0x1)
	runtime/chan.go:667 +0x473 fp=0xc0043734f0 sp=0xc004373478 pc=0x7ff656b5e593
runtime.chanrecv1(0x7ff65714d260?, 0xc004324ab0?)
	runtime/chan.go:509 +0x12 fp=0xc004373518 sp=0xc0043734f0 pc=0x7ff656b5e0f2
main.(*serviceType).sendRequest(0xc000181890, {0x7ff65714d260, 0xc004324ab0})
	github.com/evanw/esbuild/cmd/esbuild/service.go:192 +0x12b fp=0xc004373588 sp=0xc004373518 pc=0x7ff65706fb6b
main.(*serviceType).convertPlugins.func2.4({{0xc002a15030, 0x6d}, {0x7ff6571cd3af, 0x4}, {0x0, 0x0}, {0x0, 0x0}, 0x0})
	github.com/evanw/esbuild/cmd/esbuild/service.go:1088 +0x836 fp=0xc004373808 sp=0xc004373588 pc=0x7ff657078356
github.com/evanw/esbuild/pkg/api.(*pluginImpl).onLoad.func1({{0x0, 0x0}, {{0xc002a15030, 0x6d}, {0x7ff6571cd3af, 0x4}, 
{0x0, 0x0}, {{0x0, 0x0}}, ...}})
	github.com/evanw/esbuild/pkg/api/api_impl.go:2014 +0x190 fp=0xc004373a70 sp=0xc004373808 pc=0x7ff657036ad0
github.com/evanw/esbuild/internal/bundler.runOnLoadPlugins({0xc000090240?, 0x36271da60a?, 0x1b010e1500?}, 
{0x7ff6572bce40?, 0xc0000a6360}, 0xc0000901e0, {0xc0000beb60, 0xc0000aa390, 0xc0000aa3a8, 0xc0000a6340, ...}, ...)
	github.com/evanw/esbuild/internal/bundler/bundler.go:1203 +0xcd5 fp=0xc004373e10 sp=0xc004373a70 pc=0x7ff656f82835
github.com/evanw/esbuild/internal/bundler.parseFile({{0x7ff6572bce40, 0xc0000a6360}, {0xc0000beb60, 0xc0000aa390, 
0xc0000aa3a8, 0xc0000a6340, 0x6, 0xc0000a0450}, 0xc0004ae488, 0xc0000901e0, ...})
	github.com/evanw/esbuild/internal/bundler/bundler.go:163 +0x2b5 fp=0xc004375608 sp=0xc004373e10 pc=0x7ff656f777f5
github.com/evanw/esbuild/internal/bundler.(*scanner).maybeParseFile.gowrap1()
	github.com/evanw/esbuild/internal/bundler/bundler.go:1630 +0x2fa fp=0xc004375fe0 sp=0xc004375608 pc=0x7ff656f85a5a
runtime.goexit({})
	runtime/asm_amd64.s:1693 +0x1 fp=0xc004375fe8 sp=0xc004375fe0 pc=0x7ff656bcf221
created by github.com/evanw/esbuild/internal/bundler.(*scanner).maybeParseFile in goroutine 21
	github.com/evanw/esbuild/internal/bundler/bundler.go:1630 +0xd85

goroutine 1272 gp=0xc004a63a40 m=nil [chan receive]:
runtime.gopark(0xc004316cc0?, 0x2000000000070?, 0x26?, 0x92?, 0x20b0ba21800?)
	runtime/proc.go:460 +0xce fp=0xc00437b478 sp=0xc00437b458 pc=0x7ff656bc72ce
runtime.chanrecv(0xc001823030, 0xc00437b550, 0x1)
	runtime/chan.go:667 +0x473 fp=0xc00437b4f0 sp=0xc00437b478 pc=0x7ff656b5e593
runtime.chanrecv1(0x7ff65714d260?, 0xc004324b10?)
	runtime/chan.go:509 +0x12 fp=0xc00437b518 sp=0xc00437b4f0 pc=0x7ff656b5e0f2
main.(*serviceType).sendRequest(0xc000181890, {0x7ff65714d260, 0xc004324b10})
	github.com/evanw/esbuild/cmd/esbuild/service.go:192 +0x12b fp=0xc00437b588 sp=0xc00437b518 pc=0x7ff65706fb6b
main.(*serviceType).convertPlugins.func2.4({{0xc002a12a80, 0x72}, {0x7ff6571cd3af, 0x4}, {0x0, 0x0}, {0x0, 0x0}, 0x0})
	github.com/evanw/esbuild/cmd/esbuild/service.go:1088 +0x836 fp=0xc00437b808 sp=0xc00437b588 pc=0x7ff657078356
github.com/evanw/esbuild/pkg/api.(*pluginImpl).onLoad.func1({{0x0, 0x0}, {{0xc002a12a80, 0x72}, {0x7ff6571cd3af, 0x4}, 
{0x0, 0x0}, {{0x0, 0x0}}, ...}})
	github.com/evanw/esbuild/pkg/api/api_impl.go:2014 +0x190 fp=0xc00437ba70 sp=0xc00437b808 pc=0x7ff657036ad0
github.com/evanw/esbuild/internal/bundler.runOnLoadPlugins({0xc000090240?, 0x36271da60a?, 0x1b010e1500?}, 
{0x7ff6572bce40?, 0xc0000a6360}, 0xc0000901e0, {0xc0000beb60, 0xc0000aa390, 0xc0000aa3a8, 0xc0000a6340, ...}, ...)
	github.com/evanw/esbuild/internal/bundler/bundler.go:1203 +0xcd5 fp=0xc00437be10 sp=0xc00437ba70 pc=0x7ff656f82835
github.com/evanw/esbuild/internal/bundler.parseFile({{0x7ff6572bce40, 0xc0000a6360}, {0xc0000beb60, 0xc0000aa390, 
0xc0000aa3a8, 0xc0000a6340, 0x6, 0xc0000a0450}, 0xc0004ae488, 0xc0000901e0, ...})
	github.com/evanw/esbuild/internal/bundler/bundler.go:163 +0x2b5 fp=0xc00437d608 sp=0xc00437be10 pc=0x7ff656f777f5
github.com/evanw/esbuild/internal/bundler.(*scanner).maybeParseFile.gowrap1()
	github.com/evanw/esbuild/internal/bundler/bundler.go:1630 +0x2fa fp=0xc00437dfe0 sp=0xc00437d608 pc=0x7ff656f85a5a
runtime.goexit({})
	runtime/asm_amd64.s:1693 +0x1 fp=0xc00437dfe8 sp=0xc00437dfe0 pc=0x7ff656bcf221
created by github.com/evanw/esbuild/internal/bundler.(*scanner).maybeParseFile in goroutine 21
	github.com/evanw/esbuild/internal/bundler/bundler.go:1630 +0xd85

goroutine 1273 gp=0xc004a63c00 m=nil [chan receive]:
runtime.gopark(0xc004316d20?, 0x2000000000070?, 0xbf?, 0x65?, 0x20b0ba21800?)
	runtime/proc.go:460 +0xce fp=0xc00540d478 sp=0xc00540d458 pc=0x7ff656bc72ce
runtime.chanrecv(0xc0018230a0, 0xc00540d550, 0x1)
	runtime/chan.go:667 +0x473 fp=0xc00540d4f0 sp=0xc00540d478 pc=0x7ff656b5e593
runtime.chanrecv1(0x7ff65714d260?, 0xc004324b70?)
	runtime/chan.go:509 +0x12 fp=0xc00540d518 sp=0xc00540d4f0 pc=0x7ff656b5e0f2
main.(*serviceType).sendRequest(0xc000181890, {0x7ff65714d260, 0xc004324b70})
	github.com/evanw/esbuild/cmd/esbuild/service.go:192 +0x12b fp=0xc00540d588 sp=0xc00540d518 pc=0x7ff65706fb6b
main.(*serviceType).convertPlugins.func2.4({{0xc002a12e00, 0x79}, {0x7ff6571cd3af, 0x4}, {0x0, 0x0}, {0x0, 0x0}, 0x0})
	github.com/evanw/esbuild/cmd/esbuild/service.go:1088 +0x836 fp=0xc00540d808 sp=0xc00540d588 pc=0x7ff657078356
github.com/evanw/esbuild/pkg/api.(*pluginImpl).onLoad.func1({{0x0, 0x0}, {{0xc002a12e00, 0x79}, {0x7ff6571cd3af, 0x4}, 
{0x0, 0x0}, {{0x0, 0x0}}, ...}})
	github.com/evanw/esbuild/pkg/api/api_impl.go:2014 +0x190 fp=0xc00540da70 sp=0xc00540d808 pc=0x7ff657036ad0
github.com/evanw/esbuild/internal/bundler.runOnLoadPlugins({0xc000090240?, 0x36271da60a?, 0x1b010e1500?}, 
{0x7ff6572bce40?, 0xc0000a6360}, 0xc0000901e0, {0xc0000beb60, 0xc0000aa390, 0xc0000aa3a8, 0xc0000a6340, ...}, ...)
	github.com/evanw/esbuild/internal/bundler/bundler.go:1203 +0xcd5 fp=0xc00540de10 sp=0xc00540da70 pc=0x7ff656f82835
github.com/evanw/esbuild/internal/bundler.parseFile({{0x7ff6572bce40, 0xc0000a6360}, {0xc0000beb60, 0xc0000aa390, 
0xc0000aa3a8, 0xc0000a6340, 0x6, 0xc0000a0450}, 0xc0004ae488, 0xc0000901e0, ...})
	github.com/evanw/esbuild/internal/bundler/bundler.go:163 +0x2b5 fp=0xc00540f608 sp=0xc00540de10 pc=0x7ff656f777f5
github.com/evanw/esbuild/internal/bundler.(*scanner).maybeParseFile.gowrap1()
	github.com/evanw/esbuild/internal/bundler/bundler.go:1630 +0x2fa fp=0xc00540ffe0 sp=0xc00540f608 pc=0x7ff656f85a5a
runtime.goexit({})
	runtime/asm_amd64.s:1693 +0x1 fp=0xc00540ffe8 sp=0xc00540ffe0 pc=0x7ff656bcf221
created by github.com/evanw/esbuild/internal/bundler.(*scanner).maybeParseFile in goroutine 21
	github.com/evanw/esbuild/internal/bundler/bundler.go:1630 +0xd85

goroutine 1274 gp=0xc004a63dc0 m=nil [chan receive]:
runtime.gopark(0xc004316d80?, 0x2000000000070?, 0xb?, 0xc7?, 0x20b0ba21800?)
	runtime/proc.go:460 +0xce fp=0xc005415478 sp=0xc005415458 pc=0x7ff656bc72ce
runtime.chanrecv(0xc001823110, 0xc005415550, 0x1)
	runtime/chan.go:667 +0x473 fp=0xc0054154f0 sp=0xc005415478 pc=0x7ff656b5e593
runtime.chanrecv1(0x7ff65714d260?, 0xc004324bd0?)
	runtime/chan.go:509 +0x12 fp=0xc005415518 sp=0xc0054154f0 pc=0x7ff656b5e0f2
main.(*serviceType).sendRequest(0xc000181890, {0x7ff65714d260, 0xc004324bd0})
	github.com/evanw/esbuild/cmd/esbuild/service.go:192 +0x12b fp=0xc005415588 sp=0xc005415518 pc=0x7ff65706fb6b
main.(*serviceType).convertPlugins.func2.4({{0xc002a12f80, 0x71}, {0x7ff6571cd3af, 0x4}, {0x0, 0x0}, {0x0, 0x0}, 0x0})
	github.com/evanw/esbuild/cmd/esbuild/service.go:1088 +0x836 fp=0xc005415808 sp=0xc005415588 pc=0x7ff657078356
github.com/evanw/esbuild/pkg/api.(*pluginImpl).onLoad.func1({{0x0, 0x0}, {{0xc002a12f80, 0x71}, {0x7ff6571cd3af, 0x4}, 
{0x0, 0x0}, {{0x0, 0x0}}, ...}})
	github.com/evanw/esbuild/pkg/api/api_impl.go:2014 +0x190 fp=0xc005415a70 sp=0xc005415808 pc=0x7ff657036ad0
github.com/evanw/esbuild/internal/bundler.runOnLoadPlugins({0xc000090240?, 0x36271da60a?, 0x1b010e1500?}, 
{0x7ff6572bce40?, 0xc0000a6360}, 0xc0000901e0, {0xc0000beb60, 0xc0000aa390, 0xc0000aa3a8, 0xc0000a6340, ...}, ...)
	github.com/evanw/esbuild/internal/bundler/bundler.go:1203 +0xcd5 fp=0xc005415e10 sp=0xc005415a70 pc=0x7ff656f82835
github.com/evanw/esbuild/internal/bundler.parseFile({{0x7ff6572bce40, 0xc0000a6360}, {0xc0000beb60, 0xc0000aa390, 
0xc0000aa3a8, 0xc0000a6340, 0x6, 0xc0000a0450}, 0xc0004ae488, 0xc0000901e0, ...})
	github.com/evanw/esbuild/internal/bundler/bundler.go:163 +0x2b5 fp=0xc005417608 sp=0xc005415e10 pc=0x7ff656f777f5
github.com/evanw/esbuild/internal/bundler.(*scanner).maybeParseFile.gowrap1()
	github.com/evanw/esbuild/internal/bundler/bundler.go:1630 +0x2fa fp=0xc005417fe0 sp=0xc005417608 pc=0x7ff656f85a5a
runtime.goexit({})
	runtime/asm_amd64.s:1693 +0x1 fp=0xc005417fe8 sp=0xc005417fe0 pc=0x7ff656bcf221
created by github.com/evanw/esbuild/internal/bundler.(*scanner).maybeParseFile in goroutine 21
	github.com/evanw/esbuild/internal/bundler/bundler.go:1630 +0xd85

goroutine 1275 gp=0xc004d12000 m=nil [chan receive]:
runtime.gopark(0xc004316de0?, 0x2000000000070?, 0x5?, 0xd8?, 0x20b0ba21800?)
	runtime/proc.go:460 +0xce fp=0xc005421478 sp=0xc005421458 pc=0x7ff656bc72ce
runtime.chanrecv(0xc001823180, 0xc005421550, 0x1)
	runtime/chan.go:667 +0x473 fp=0xc0054214f0 sp=0xc005421478 pc=0x7ff656b5e593
runtime.chanrecv1(0x7ff65714d260?, 0xc004324c30?)
	runtime/chan.go:509 +0x12 fp=0xc005421518 sp=0xc0054214f0 pc=0x7ff656b5e0f2
main.(*serviceType).sendRequest(0xc000181890, {0x7ff65714d260, 0xc004324c30})
	github.com/evanw/esbuild/cmd/esbuild/service.go:192 +0x12b fp=0xc005421588 sp=0xc005421518 pc=0x7ff65706fb6b
main.(*serviceType).convertPlugins.func2.4({{0xc002a15b90, 0x6c}, {0x7ff6571cd3af, 0x4}, {0x0, 0x0}, {0x0, 0x0}, 0x0})
	github.com/evanw/esbuild/cmd/esbuild/service.go:1088 +0x836 fp=0xc005421808 sp=0xc005421588 pc=0x7ff657078356
github.com/evanw/esbuild/pkg/api.(*pluginImpl).onLoad.func1({{0x0, 0x0}, {{0xc002a15b90, 0x6c}, {0x7ff6571cd3af, 0x4}, 
{0x0, 0x0}, {{0x0, 0x0}}, ...}})
	github.com/evanw/esbuild/pkg/api/api_impl.go:2014 +0x190 fp=0xc005421a70 sp=0xc005421808 pc=0x7ff657036ad0
github.com/evanw/esbuild/internal/bundler.runOnLoadPlugins({0xc000090240?, 0x36271da60a?, 0x1b010e1500?}, 
{0x7ff6572bce40?, 0xc0000a6360}, 0xc0000901e0, {0xc0000beb60, 0xc0000aa390, 0xc0000aa3a8, 0xc0000a6340, ...}, ...)
	github.com/evanw/esbuild/internal/bundler/bundler.go:1203 +0xcd5 fp=0xc005421e10 sp=0xc005421a70 pc=0x7ff656f82835
github.com/evanw/esbuild/internal/bundler.parseFile({{0x7ff6572bce40, 0xc0000a6360}, {0xc0000beb60, 0xc0000aa390, 
0xc0000aa3a8, 0xc0000a6340, 0x6, 0xc0000a0450}, 0xc0004ae488, 0xc0000901e0, ...})
	github.com/evanw/esbuild/internal/bundler/bundler.go:163 +0x2b5 fp=0xc005423608 sp=0xc005421e10 pc=0x7ff656f777f5
github.com/evanw/esbuild/internal/bundler.(*scanner).maybeParseFile.gowrap1()
	github.com/evanw/esbuild/internal/bundler/bundler.go:1630 +0x2fa fp=0xc005423fe0 sp=0xc005423608 pc=0x7ff656f85a5a
runtime.goexit({})
	runtime/asm_amd64.s:1693 +0x1 fp=0xc005423fe8 sp=0xc005423fe0 pc=0x7ff656bcf221
created by github.com/evanw/esbuild/internal/bundler.(*scanner).maybeParseFile in goroutine 21
	github.com/evanw/esbuild/internal/bundler/bundler.go:1630 +0xd85

goroutine 1276 gp=0xc004d121c0 m=nil [chan receive]:
runtime.gopark(0xc004316e40?, 0x2000000000070?, 0x74?, 0x20?, 0x20b0ba21800?)
	runtime/proc.go:460 +0xce fp=0xc00542b478 sp=0xc00542b458 pc=0x7ff656bc72ce
runtime.chanrecv(0xc0018231f0, 0xc00542b550, 0x1)
	runtime/chan.go:667 +0x473 fp=0xc00542b4f0 sp=0xc00542b478 pc=0x7ff656b5e593
runtime.chanrecv1(0x7ff65714d260?, 0xc004324c90?)
	runtime/chan.go:509 +0x12 fp=0xc00542b518 sp=0xc00542b4f0 pc=0x7ff656b5e0f2
main.(*serviceType).sendRequest(0xc000181890, {0x7ff65714d260, 0xc004324c90})
	github.com/evanw/esbuild/cmd/esbuild/service.go:192 +0x12b fp=0xc00542b588 sp=0xc00542b518 pc=0x7ff65706fb6b
main.(*serviceType).convertPlugins.func2.4({{0xc002a13100, 0x71}, {0x7ff6571cd3af, 0x4}, {0x0, 0x0}, {0x0, 0x0}, 0x0})
	github.com/evanw/esbuild/cmd/esbuild/service.go:1088 +0x836 fp=0xc00542b808 sp=0xc00542b588 pc=0x7ff657078356
github.com/evanw/esbuild/pkg/api.(*pluginImpl).onLoad.func1({{0x0, 0x0}, {{0xc002a13100, 0x71}, {0x7ff6571cd3af, 0x4}, 
{0x0, 0x0}, {{0x0, 0x0}}, ...}})
	github.com/evanw/esbuild/pkg/api/api_impl.go:2014 +0x190 fp=0xc00542ba70 sp=0xc00542b808 pc=0x7ff657036ad0
github.com/evanw/esbuild/internal/bundler.runOnLoadPlugins({0xc000090240?, 0x36271da60a?, 0x1b010e1500?}, 
{0x7ff6572bce40?, 0xc0000a6360}, 0xc0000901e0, {0xc0000beb60, 0xc0000aa390, 0xc0000aa3a8, 0xc0000a6340, ...}, ...)
	github.com/evanw/esbuild/internal/bundler/bundler.go:1203 +0xcd5 fp=0xc00542be10 sp=0xc00542ba70 pc=0x7ff656f82835
github.com/evanw/esbuild/internal/bundler.parseFile({{0x7ff6572bce40, 0xc0000a6360}, {0xc0000beb60, 0xc0000aa390, 
0xc0000aa3a8, 0xc0000a6340, 0x6, 0xc0000a0450}, 0xc0004ae488, 0xc0000901e0, ...})
	github.com/evanw/esbuild/internal/bundler/bundler.go:163 +0x2b5 fp=0xc00542d608 sp=0xc00542be10 pc=0x7ff656f777f5
github.com/evanw/esbuild/internal/bundler.(*scanner).maybeParseFile.gowrap1()
	github.com/evanw/esbuild/internal/bundler/bundler.go:1630 +0x2fa fp=0xc00542dfe0 sp=0xc00542d608 pc=0x7ff656f85a5a
runtime.goexit({})
	runtime/asm_amd64.s:1693 +0x1 fp=0xc00542dfe8 sp=0xc00542dfe0 pc=0x7ff656bcf221
created by github.com/evanw/esbuild/internal/bundler.(*scanner).maybeParseFile in goroutine 21
	github.com/evanw/esbuild/internal/bundler/bundler.go:1630 +0xd85

goroutine 1277 gp=0xc004d12380 m=nil [chan receive]:
runtime.gopark(0xc004316ea0?, 0x2000000000070?, 0xd6?, 0xfd?, 0x20b0ba21800?)
	runtime/proc.go:460 +0xce fp=0xc005433478 sp=0xc005433458 pc=0x7ff656bc72ce
runtime.chanrecv(0xc001823260, 0xc005433550, 0x1)
	runtime/chan.go:667 +0x473 fp=0xc0054334f0 sp=0xc005433478 pc=0x7ff656b5e593
runtime.chanrecv1(0x7ff65714d260?, 0xc004324cf0?)
	runtime/chan.go:509 +0x12 fp=0xc005433518 sp=0xc0054334f0 pc=0x7ff656b5e0f2
main.(*serviceType).sendRequest(0xc000181890, {0x7ff65714d260, 0xc004324cf0})
	github.com/evanw/esbuild/cmd/esbuild/service.go:192 +0x12b fp=0xc005433588 sp=0xc005433518 pc=0x7ff65706fb6b
main.(*serviceType).convertPlugins.func2.4({{0xc003286310, 0x6e}, {0x7ff6571cd3af, 0x4}, {0x0, 0x0}, {0x0, 0x0}, 0x0})
	github.com/evanw/esbuild/cmd/esbuild/service.go:1088 +0x836 fp=0xc005433808 sp=0xc005433588 pc=0x7ff657078356
github.com/evanw/esbuild/pkg/api.(*pluginImpl).onLoad.func1({{0x0, 0x0}, {{0xc003286310, 0x6e}, {0x7ff6571cd3af, 0x4}, 
{0x0, 0x0}, {{0x0, 0x0}}, ...}})
	github.com/evanw/esbuild/pkg/api/api_impl.go:2014 +0x190 fp=0xc005433a70 sp=0xc005433808 pc=0x7ff657036ad0
github.com/evanw/esbuild/internal/bundler.runOnLoadPlugins({0xc000090240?, 0x36271da60a?, 0x1b010e1500?}, 
{0x7ff6572bce40?, 0xc0000a6360}, 0xc0000901e0, {0xc0000beb60, 0xc0000aa390, 0xc0000aa3a8, 0xc0000a6340, ...}, ...)
	github.com/evanw/esbuild/internal/bundler/bundler.go:1203 +0xcd5 fp=0xc005433e10 sp=0xc005433a70 pc=0x7ff656f82835
github.com/evanw/esbuild/internal/bundler.parseFile({{0x7ff6572bce40, 0xc0000a6360}, {0xc0000beb60, 0xc0000aa390, 
0xc0000aa3a8, 0xc0000a6340, 0x6, 0xc0000a0450}, 0xc0004ae488, 0xc0000901e0, ...})
	github.com/evanw/esbuild/internal/bundler/bundler.go:163 +0x2b5 fp=0xc005435608 sp=0xc005433e10 pc=0x7ff656f777f5
github.com/evanw/esbuild/internal/bundler.(*scanner).maybeParseFile.gowrap1()
	github.com/evanw/esbuild/internal/bundler/bundler.go:1630 +0x2fa fp=0xc005435fe0 sp=0xc005435608 pc=0x7ff656f85a5a
runtime.goexit({})
	runtime/asm_amd64.s:1693 +0x1 fp=0xc005435fe8 sp=0xc005435fe0 pc=0x7ff656bcf221
created by github.com/evanw/esbuild/internal/bundler.(*scanner).maybeParseFile in goroutine 21
	github.com/evanw/esbuild/internal/bundler/bundler.go:1630 +0xd85

goroutine 1278 gp=0xc004d12540 m=nil [chan receive]:
runtime.gopark(0xc004316f00?, 0x2000000000070?, 0xf1?, 0x50?, 0x20b0ba21800?)
	runtime/proc.go:460 +0xce fp=0xc00543b478 sp=0xc00543b458 pc=0x7ff656bc72ce
runtime.chanrecv(0xc0018232d0, 0xc00543b550, 0x1)
	runtime/chan.go:667 +0x473 fp=0xc00543b4f0 sp=0xc00543b478 pc=0x7ff656b5e593
runtime.chanrecv1(0x7ff65714d260?, 0xc004324d50?)
	runtime/chan.go:509 +0x12 fp=0xc00543b518 sp=0xc00543b4f0 pc=0x7ff656b5e0f2
main.(*serviceType).sendRequest(0xc000181890, {0x7ff65714d260, 0xc004324d50})
	github.com/evanw/esbuild/cmd/esbuild/service.go:192 +0x12b fp=0xc00543b588 sp=0xc00543b518 pc=0x7ff65706fb6b
main.(*serviceType).convertPlugins.func2.4({{0xc003286770, 0x6e}, {0x7ff6571cd3af, 0x4}, {0x0, 0x0}, {0x0, 0x0}, 0x0})
	github.com/evanw/esbuild/cmd/esbuild/service.go:1088 +0x836 fp=0xc00543b808 sp=0xc00543b588 pc=0x7ff657078356
github.com/evanw/esbuild/pkg/api.(*pluginImpl).onLoad.func1({{0x0, 0x0}, {{0xc003286770, 0x6e}, {0x7ff6571cd3af, 0x4}, 
{0x0, 0x0}, {{0x0, 0x0}}, ...}})
	github.com/evanw/esbuild/pkg/api/api_impl.go:2014 +0x190 fp=0xc00543ba70 sp=0xc00543b808 pc=0x7ff657036ad0
github.com/evanw/esbuild/internal/bundler.runOnLoadPlugins({0xc000090240?, 0x36271da60a?, 0x1b010e1500?}, 
{0x7ff6572bce40?, 0xc0000a6360}, 0xc0000901e0, {0xc0000beb60, 0xc0000aa390, 0xc0000aa3a8, 0xc0000a6340, ...}, ...)
	github.com/evanw/esbuild/internal/bundler/bundler.go:1203 +0xcd5 fp=0xc00543be10 sp=0xc00543ba70 pc=0x7ff656f82835
github.com/evanw/esbuild/internal/bundler.parseFile({{0x7ff6572bce40, 0xc0000a6360}, {0xc0000beb60, 0xc0000aa390, 
0xc0000aa3a8, 0xc0000a6340, 0x6, 0xc0000a0450}, 0xc0004ae488, 0xc0000901e0, ...})
	github.com/evanw/esbuild/internal/bundler/bundler.go:163 +0x2b5 fp=0xc00543d608 sp=0xc00543be10 pc=0x7ff656f777f5
github.com/evanw/esbuild/internal/bundler.(*scanner).maybeParseFile.gowrap1()
	github.com/evanw/esbuild/internal/bundler/bundler.go:1630 +0x2fa fp=0xc00543dfe0 sp=0xc00543d608 pc=0x7ff656f85a5a
runtime.goexit({})
	runtime/asm_amd64.s:1693 +0x1 fp=0xc00543dfe8 sp=0xc00543dfe0 pc=0x7ff656bcf221
created by github.com/evanw/esbuild/internal/bundler.(*scanner).maybeParseFile in goroutine 21
	github.com/evanw/esbuild/internal/bundler/bundler.go:1630 +0xd85

goroutine 1279 gp=0xc004d12700 m=nil [chan receive]:
runtime.gopark(0xc004316f60?, 0x2000000000070?, 0x61?, 0xf9?, 0x20b0ba21800?)
	runtime/proc.go:460 +0xce fp=0xc005443478 sp=0xc005443458 pc=0x7ff656bc72ce
runtime.chanrecv(0xc001823340, 0xc005443550, 0x1)
	runtime/chan.go:667 +0x473 fp=0xc0054434f0 sp=0xc005443478 pc=0x7ff656b5e593
runtime.chanrecv1(0x7ff65714d260?, 0xc004324db0?)
	runtime/chan.go:509 +0x12 fp=0xc005443518 sp=0xc0054434f0 pc=0x7ff656b5e0f2
main.(*serviceType).sendRequest(0xc000181890, {0x7ff65714d260, 0xc004324db0})
	github.com/evanw/esbuild/cmd/esbuild/service.go:192 +0x12b fp=0xc005443588 sp=0xc005443518 pc=0x7ff65706fb6b
main.(*serviceType).convertPlugins.func2.4({{0xc003286bd0, 0x6b}, {0x7ff6571cd3af, 0x4}, {0x0, 0x0}, {0x0, 0x0}, 0x0})
	github.com/evanw/esbuild/cmd/esbuild/service.go:1088 +0x836 fp=0xc005443808 sp=0xc005443588 pc=0x7ff657078356
github.com/evanw/esbuild/pkg/api.(*pluginImpl).onLoad.func1({{0x0, 0x0}, {{0xc003286bd0, 0x6b}, {0x7ff6571cd3af, 0x4}, 
{0x0, 0x0}, {{0x0, 0x0}}, ...}})
	github.com/evanw/esbuild/pkg/api/api_impl.go:2014 +0x190 fp=0xc005443a70 sp=0xc005443808 pc=0x7ff657036ad0
github.com/evanw/esbuild/internal/bundler.runOnLoadPlugins({0xc000090240?, 0x36271da60a?, 0x1b010e1500?}, 
{0x7ff6572bce40?, 0xc0000a6360}, 0xc0000901e0, {0xc0000beb60, 0xc0000aa390, 0xc0000aa3a8, 0xc0000a6340, ...}, ...)
	github.com/evanw/esbuild/internal/bundler/bundler.go:1203 +0xcd5 fp=0xc005443e10 sp=0xc005443a70 pc=0x7ff656f82835
github.com/evanw/esbuild/internal/bundler.parseFile({{0x7ff6572bce40, 0xc0000a6360}, {0xc0000beb60, 0xc0000aa390, 
0xc0000aa3a8, 0xc0000a6340, 0x6, 0xc0000a0450}, 0xc0004ae488, 0xc0000901e0, ...})
	github.com/evanw/esbuild/internal/bundler/bundler.go:163 +0x2b5 fp=0xc005445608 sp=0xc005443e10 pc=0x7ff656f777f5
github.com/evanw/esbuild/internal/bundler.(*scanner).maybeParseFile.gowrap1()
	github.com/evanw/esbuild/internal/bundler/bundler.go:1630 +0x2fa fp=0xc005445fe0 sp=0xc005445608 pc=0x7ff656f85a5a
runtime.goexit({})
	runtime/asm_amd64.s:1693 +0x1 fp=0xc005445fe8 sp=0xc005445fe0 pc=0x7ff656bcf221
created by github.com/evanw/esbuild/internal/bundler.(*scanner).maybeParseFile in goroutine 21
	github.com/evanw/esbuild/internal/bundler/bundler.go:1630 +0xd85

goroutine 1280 gp=0xc004d128c0 m=nil [chan receive]:
runtime.gopark(0xc004316fc0?, 0x2000000000070?, 0xab?, 0x6b?, 0x20b0ba21800?)
	runtime/proc.go:460 +0xce fp=0xc00544b478 sp=0xc00544b458 pc=0x7ff656bc72ce
runtime.chanrecv(0xc0018233b0, 0xc00544b550, 0x1)
	runtime/chan.go:667 +0x473 fp=0xc00544b4f0 sp=0xc00544b478 pc=0x7ff656b5e593
runtime.chanrecv1(0x7ff65714d260?, 0xc004324e10?)
	runtime/chan.go:509 +0x12 fp=0xc00544b518 sp=0xc00544b4f0 pc=0x7ff656b5e0f2
main.(*serviceType).sendRequest(0xc000181890, {0x7ff65714d260, 0xc004324e10})
	github.com/evanw/esbuild/cmd/esbuild/service.go:192 +0x12b fp=0xc00544b588 sp=0xc00544b518 pc=0x7ff65706fb6b
main.(*serviceType).convertPlugins.func2.4({{0xc002a13480, 0x7a}, {0x7ff6571cd3af, 0x4}, {0x0, 0x0}, {0x0, 0x0}, 0x0})
	github.com/evanw/esbuild/cmd/esbuild/service.go:1088 +0x836 fp=0xc00544b808 sp=0xc00544b588 pc=0x7ff657078356
github.com/evanw/esbuild/pkg/api.(*pluginImpl).onLoad.func1({{0x0, 0x0}, {{0xc002a13480, 0x7a}, {0x7ff6571cd3af, 0x4}, 
{0x0, 0x0}, {{0x0, 0x0}}, ...}})
	github.com/evanw/esbuild/pkg/api/api_impl.go:2014 +0x190 fp=0xc00544ba70 sp=0xc00544b808 pc=0x7ff657036ad0
github.com/evanw/esbuild/internal/bundler.runOnLoadPlugins({0xc000090240?, 0x36271da60a?, 0x1b010e1500?}, 
{0x7ff6572bce40?, 0xc0000a6360}, 0xc0000901e0, {0xc0000beb60, 0xc0000aa390, 0xc0000aa3a8, 0xc0000a6340, ...}, ...)
	github.com/evanw/esbuild/internal/bundler/bundler.go:1203 +0xcd5 fp=0xc00544be10 sp=0xc00544ba70 pc=0x7ff656f82835
github.com/evanw/esbuild/internal/bundler.parseFile({{0x7ff6572bce40, 0xc0000a6360}, {0xc0000beb60, 0xc0000aa390, 
0xc0000aa3a8, 0xc0000a6340, 0x6, 0xc0000a0450}, 0xc0004ae488, 0xc0000901e0, ...})
	github.com/evanw/esbuild/internal/bundler/bundler.go:163 +0x2b5 fp=0xc00544d608 sp=0xc00544be10 pc=0x7ff656f777f5
github.com/evanw/esbuild/internal/bundler.(*scanner).maybeParseFile.gowrap1()
	github.com/evanw/esbuild/internal/bundler/bundler.go:1630 +0x2fa fp=0xc00544dfe0 sp=0xc00544d608 pc=0x7ff656f85a5a
runtime.goexit({})
	runtime/asm_amd64.s:1693 +0x1 fp=0xc00544dfe8 sp=0xc00544dfe0 pc=0x7ff656bcf221
created by github.com/evanw/esbuild/internal/bundler.(*scanner).maybeParseFile in goroutine 21
	github.com/evanw/esbuild/internal/bundler/bundler.go:1630 +0xd85

goroutine 1281 gp=0xc004d12a80 m=nil [chan receive]:
runtime.gopark(0xc004317020?, 0x2000000000070?, 0xb5?, 0x1e?, 0x20b0ba21800?)
	runtime/proc.go:460 +0xce fp=0xc002ba7478 sp=0xc002ba7458 pc=0x7ff656bc72ce
runtime.chanrecv(0xc001823420, 0xc002ba7550, 0x1)
	runtime/chan.go:667 +0x473 fp=0xc002ba74f0 sp=0xc002ba7478 pc=0x7ff656b5e593
runtime.chanrecv1(0x7ff65714d260?, 0xc004324e70?)
	runtime/chan.go:509 +0x12 fp=0xc002ba7518 sp=0xc002ba74f0 pc=0x7ff656b5e0f2
main.(*serviceType).sendRequest(0xc000181890, {0x7ff65714d260, 0xc004324e70})
	github.com/evanw/esbuild/cmd/esbuild/service.go:192 +0x12b fp=0xc002ba7588 sp=0xc002ba7518 pc=0x7ff65706fb6b
main.(*serviceType).convertPlugins.func2.4({{0xc003287180, 0x6e}, {0x7ff6571cd3af, 0x4}, {0x0, 0x0}, {0x0, 0x0}, 0x0})
	github.com/evanw/esbuild/cmd/esbuild/service.go:1088 +0x836 fp=0xc002ba7808 sp=0xc002ba7588 pc=0x7ff657078356
github.com/evanw/esbuild/pkg/api.(*pluginImpl).onLoad.func1({{0x0, 0x0}, {{0xc003287180, 0x6e}, {0x7ff6571cd3af, 0x4}, 
{0x0, 0x0}, {{0x0, 0x0}}, ...}})
	github.com/evanw/esbuild/pkg/api/api_impl.go:2014 +0x190 fp=0xc002ba7a70 sp=0xc002ba7808 pc=0x7ff657036ad0
github.com/evanw/esbuild/internal/bundler.runOnLoadPlugins({0xc000090240?, 0x36271da60a?, 0x1b010e1500?}, 
{0x7ff6572bce40?, 0xc0000a6360}, 0xc0000901e0, {0xc0000beb60, 0xc0000aa390, 0xc0000aa3a8, 0xc0000a6340, ...}, ...)
	github.com/evanw/esbuild/internal/bundler/bundler.go:1203 +0xcd5 fp=0xc002ba7e10 sp=0xc002ba7a70 pc=0x7ff656f82835
github.com/evanw/esbuild/internal/bundler.parseFile({{0x7ff6572bce40, 0xc0000a6360}, {0xc0000beb60, 0xc0000aa390, 
0xc0000aa3a8, 0xc0000a6340, 0x6, 0xc0000a0450}, 0xc0004ae488, 0xc0000901e0, ...})
	github.com/evanw/esbuild/internal/bundler/bundler.go:163 +0x2b5 fp=0xc002ba9608 sp=0xc002ba7e10 pc=0x7ff656f777f5
github.com/evanw/esbuild/internal/bundler.(*scanner).maybeParseFile.gowrap1()
	github.com/evanw/esbuild/internal/bundler/bundler.go:1630 +0x2fa fp=0xc002ba9fe0 sp=0xc002ba9608 pc=0x7ff656f85a5a
runtime.goexit({})
	runtime/asm_amd64.s:1693 +0x1 fp=0xc002ba9fe8 sp=0xc002ba9fe0 pc=0x7ff656bcf221
created by github.com/evanw/esbuild/internal/bundler.(*scanner).maybeParseFile in goroutine 21
	github.com/evanw/esbuild/internal/bundler/bundler.go:1630 +0xd85

goroutine 1282 gp=0xc004d12c40 m=nil [chan receive]:
runtime.gopark(0xc001881500?, 0x2000000000070?, 0x38?, 0x3e?, 0x20b0ba20ed0?)
	runtime/proc.go:460 +0xce fp=0xc0044f5478 sp=0xc0044f5458 pc=0x7ff656bc72ce
runtime.chanrecv(0xc0044daa10, 0xc0044f5550, 0x1)
	runtime/chan.go:667 +0x473 fp=0xc0044f54f0 sp=0xc0044f5478 pc=0x7ff656b5e593
runtime.chanrecv1(0x7ff65714d260?, 0xc0044d1e60?)
	runtime/chan.go:509 +0x12 fp=0xc0044f5518 sp=0xc0044f54f0 pc=0x7ff656b5e0f2
main.(*serviceType).sendRequest(0xc000181890, {0x7ff65714d260, 0xc0044d1e60})
	github.com/evanw/esbuild/cmd/esbuild/service.go:192 +0x12b fp=0xc0044f5588 sp=0xc0044f5518 pc=0x7ff65706fb6b
main.(*serviceType).convertPlugins.func2.4({{0xc002a13680, 0x72}, {0x7ff6571cd3af, 0x4}, {0x0, 0x0}, {0x0, 0x0}, 0x0})
	github.com/evanw/esbuild/cmd/esbuild/service.go:1088 +0x836 fp=0xc0044f5808 sp=0xc0044f5588 pc=0x7ff657078356
github.com/evanw/esbuild/pkg/api.(*pluginImpl).onLoad.func1({{0x0, 0x0}, {{0xc002a13680, 0x72}, {0x7ff6571cd3af, 0x4}, 
{0x0, 0x0}, {{0x0, 0x0}}, ...}})
	github.com/evanw/esbuild/pkg/api/api_impl.go:2014 +0x190 fp=0xc0044f5a70 sp=0xc0044f5808 pc=0x7ff657036ad0
github.com/evanw/esbuild/internal/bundler.runOnLoadPlugins({0xc000090240?, 0xc003825e28?, 0x8?}, {0x7ff6572bce40?, 
0xc0000a6360}, 0xc0000901e0, {0xc0000beb60, 0xc0000aa390, 0xc0000aa3a8, 0xc0000a6340, ...}, ...)
	github.com/evanw/esbuild/internal/bundler/bundler.go:1203 +0xcd5 fp=0xc0044f5e10 sp=0xc0044f5a70 pc=0x7ff656f82835
github.com/evanw/esbuild/internal/bundler.parseFile({{0x7ff6572bce40, 0xc0000a6360}, {0xc0000beb60, 0xc0000aa390, 
0xc0000aa3a8, 0xc0000a6340, 0x6, 0xc0000a0450}, 0xc0004ae488, 0xc0000901e0, ...})
	github.com/evanw/esbuild/internal/bundler/bundler.go:163 +0x2b5 fp=0xc0044f7608 sp=0xc0044f5e10 pc=0x7ff656f777f5
github.com/evanw/esbuild/internal/bundler.(*scanner).maybeParseFile.gowrap1()
	github.com/evanw/esbuild/internal/bundler/bundler.go:1630 +0x2fa fp=0xc0044f7fe0 sp=0xc0044f7608 pc=0x7ff656f85a5a
runtime.goexit({})
	runtime/asm_amd64.s:1693 +0x1 fp=0xc0044f7fe8 sp=0xc0044f7fe0 pc=0x7ff656bcf221
created by github.com/evanw/esbuild/internal/bundler.(*scanner).maybeParseFile in goroutine 21
	github.com/evanw/esbuild/internal/bundler/bundler.go:1630 +0xd85

goroutine 1283 gp=0xc004d12e00 m=nil [chan receive]:
runtime.gopark(0xc00040a720?, 0x2000000000070?, 0x9e?, 0x13?, 0x20b0ba20ed0?)
	runtime/proc.go:460 +0xce fp=0xc0044fd478 sp=0xc0044fd458 pc=0x7ff656bc72ce
runtime.chanrecv(0xc0044daa80, 0xc0044fd550, 0x1)
	runtime/chan.go:667 +0x473 fp=0xc0044fd4f0 sp=0xc0044fd478 pc=0x7ff656b5e593
runtime.chanrecv1(0x7ff65714d260?, 0xc0044d1ec0?)
	runtime/chan.go:509 +0x12 fp=0xc0044fd518 sp=0xc0044fd4f0 pc=0x7ff656b5e0f2
main.(*serviceType).sendRequest(0xc000181890, {0x7ff65714d260, 0xc0044d1ec0})
	github.com/evanw/esbuild/cmd/esbuild/service.go:192 +0x12b fp=0xc0044fd588 sp=0xc0044fd518 pc=0x7ff65706fb6b
main.(*serviceType).convertPlugins.func2.4({{0xc003287880, 0x6d}, {0x7ff6571cd3af, 0x4}, {0x0, 0x0}, {0x0, 0x0}, 0x0})
	github.com/evanw/esbuild/cmd/esbuild/service.go:1088 +0x836 fp=0xc0044fd808 sp=0xc0044fd588 pc=0x7ff657078356
github.com/evanw/esbuild/pkg/api.(*pluginImpl).onLoad.func1({{0x0, 0x0}, {{0xc003287880, 0x6d}, {0x7ff6571cd3af, 0x4}, 
{0x0, 0x0}, {{0x0, 0x0}}, ...}})
	github.com/evanw/esbuild/pkg/api/api_impl.go:2014 +0x190 fp=0xc0044fda70 sp=0xc0044fd808 pc=0x7ff657036ad0
github.com/evanw/esbuild/internal/bundler.runOnLoadPlugins({0xc000090240?, 0xc003825e28?, 0x8?}, {0x7ff6572bce40?, 
0xc0000a6360}, 0xc0000901e0, {0xc0000beb60, 0xc0000aa390, 0xc0000aa3a8, 0xc0000a6340, ...}, ...)
	github.com/evanw/esbuild/internal/bundler/bundler.go:1203 +0xcd5 fp=0xc0044fde10 sp=0xc0044fda70 pc=0x7ff656f82835
github.com/evanw/esbuild/internal/bundler.parseFile({{0x7ff6572bce40, 0xc0000a6360}, {0xc0000beb60, 0xc0000aa390, 
0xc0000aa3a8, 0xc0000a6340, 0x6, 0xc0000a0450}, 0xc0004ae488, 0xc0000901e0, ...})
	github.com/evanw/esbuild/internal/bundler/bundler.go:163 +0x2b5 fp=0xc0044ff608 sp=0xc0044fde10 pc=0x7ff656f777f5
github.com/evanw/esbuild/internal/bundler.(*scanner).maybeParseFile.gowrap1()
	github.com/evanw/esbuild/internal/bundler/bundler.go:1630 +0x2fa fp=0xc0044fffe0 sp=0xc0044ff608 pc=0x7ff656f85a5a
runtime.goexit({})
	runtime/asm_amd64.s:1693 +0x1 fp=0xc0044fffe8 sp=0xc0044fffe0 pc=0x7ff656bcf221
created by github.com/evanw/esbuild/internal/bundler.(*scanner).maybeParseFile in goroutine 21
	github.com/evanw/esbuild/internal/bundler/bundler.go:1630 +0xd85

goroutine 1284 gp=0xc004d12fc0 m=nil [chan receive]:
runtime.gopark(0xc0011d2120?, 0x2000000000070?, 0x78?, 0x4a?, 0x20b0ba20ed0?)
	runtime/proc.go:460 +0xce fp=0xc005405478 sp=0xc005405458 pc=0x7ff656bc72ce
runtime.chanrecv(0xc0044daaf0, 0xc005405550, 0x1)
	runtime/chan.go:667 +0x473 fp=0xc0054054f0 sp=0xc005405478 pc=0x7ff656b5e593
runtime.chanrecv1(0x7ff65714d260?, 0xc0044d1f20?)
	runtime/chan.go:509 +0x12 fp=0xc005405518 sp=0xc0054054f0 pc=0x7ff656b5e0f2
main.(*serviceType).sendRequest(0xc000181890, {0x7ff65714d260, 0xc0044d1f20})
	github.com/evanw/esbuild/cmd/esbuild/service.go:192 +0x12b fp=0xc005405588 sp=0xc005405518 pc=0x7ff65706fb6b
main.(*serviceType).convertPlugins.func2.4({{0xc003287ce0, 0x6e}, {0x7ff6571cd3af, 0x4}, {0x0, 0x0}, {0x0, 0x0}, 0x0})
	github.com/evanw/esbuild/cmd/esbuild/service.go:1088 +0x836 fp=0xc005405808 sp=0xc005405588 pc=0x7ff657078356
github.com/evanw/esbuild/pkg/api.(*pluginImpl).onLoad.func1({{0x0, 0x0}, {{0xc003287ce0, 0x6e}, {0x7ff6571cd3af, 0x4}, 
{0x0, 0x0}, {{0x0, 0x0}}, ...}})
	github.com/evanw/esbuild/pkg/api/api_impl.go:2014 +0x190 fp=0xc005405a70 sp=0xc005405808 pc=0x7ff657036ad0
github.com/evanw/esbuild/internal/bundler.runOnLoadPlugins({0xc000090240?, 0xc003825e28?, 0x8?}, {0x7ff6572bce40?, 
0xc0000a6360}, 0xc0000901e0, {0xc0000beb60, 0xc0000aa390, 0xc0000aa3a8, 0xc0000a6340, ...}, ...)
	github.com/evanw/esbuild/internal/bundler/bundler.go:1203 +0xcd5 fp=0xc005405e10 sp=0xc005405a70 pc=0x7ff656f82835
github.com/evanw/esbuild/internal/bundler.parseFile({{0x7ff6572bce40, 0xc0000a6360}, {0xc0000beb60, 0xc0000aa390, 
0xc0000aa3a8, 0xc0000a6340, 0x6, 0xc0000a0450}, 0xc0004ae488, 0xc0000901e0, ...})
	github.com/evanw/esbuild/internal/bundler/bundler.go:163 +0x2b5 fp=0xc005407608 sp=0xc005405e10 pc=0x7ff656f777f5
github.com/evanw/esbuild/internal/bundler.(*scanner).maybeParseFile.gowrap1()
	github.com/evanw/esbuild/internal/bundler/bundler.go:1630 +0x2fa fp=0xc005407fe0 sp=0xc005407608 pc=0x7ff656f85a5a
runtime.goexit({})
	runtime/asm_amd64.s:1693 +0x1 fp=0xc005407fe8 sp=0xc005407fe0 pc=0x7ff656bcf221
created by github.com/evanw/esbuild/internal/bundler.(*scanner).maybeParseFile in goroutine 21
	github.com/evanw/esbuild/internal/bundler/bundler.go:1630 +0xd85

goroutine 1285 gp=0xc004d13180 m=nil [chan receive]:
runtime.gopark(0xc0011d20c0?, 0x2000000000070?, 0x5e?, 0x9c?, 0x20b0ba20ed0?)
	runtime/proc.go:460 +0xce fp=0xc005485478 sp=0xc005485458 pc=0x7ff656bc72ce
runtime.chanrecv(0xc0044dab60, 0xc005485550, 0x1)
	runtime/chan.go:667 +0x473 fp=0xc0054854f0 sp=0xc005485478 pc=0x7ff656b5e593
runtime.chanrecv1(0x7ff65714d260?, 0xc005488000?)
	runtime/chan.go:509 +0x12 fp=0xc005485518 sp=0xc0054854f0 pc=0x7ff656b5e0f2
main.(*serviceType).sendRequest(0xc000181890, {0x7ff65714d260, 0xc005488000})
	github.com/evanw/esbuild/cmd/esbuild/service.go:192 +0x12b fp=0xc005485588 sp=0xc005485518 pc=0x7ff65706fb6b
main.(*serviceType).convertPlugins.func2.4({{0xc002a13880, 0x73}, {0x7ff6571cd3af, 0x4}, {0x0, 0x0}, {0x0, 0x0}, 0x0})
	github.com/evanw/esbuild/cmd/esbuild/service.go:1088 +0x836 fp=0xc005485808 sp=0xc005485588 pc=0x7ff657078356
github.com/evanw/esbuild/pkg/api.(*pluginImpl).onLoad.func1({{0x0, 0x0}, {{0xc002a13880, 0x73}, {0x7ff6571cd3af, 0x4}, 
{0x0, 0x0}, {{0x0, 0x0}}, ...}})
	github.com/evanw/esbuild/pkg/api/api_impl.go:2014 +0x190 fp=0xc005485a70 sp=0xc005485808 pc=0x7ff657036ad0
github.com/evanw/esbuild/internal/bundler.runOnLoadPlugins({0xc000090240?, 0xc003825e28?, 0x8?}, {0x7ff6572bce40?, 
0xc0000a6360}, 0xc0000901e0, {0xc0000beb60, 0xc0000aa390, 0xc0000aa3a8, 0xc0000a6340, ...}, ...)
	github.com/evanw/esbuild/internal/bundler/bundler.go:1203 +0xcd5 fp=0xc005485e10 sp=0xc005485a70 pc=0x7ff656f82835
github.com/evanw/esbuild/internal/bundler.parseFile({{0x7ff6572bce40, 0xc0000a6360}, {0xc0000beb60, 0xc0000aa390, 
0xc0000aa3a8, 0xc0000a6340, 0x6, 0xc0000a0450}, 0xc0004ae488, 0xc0000901e0, ...})
	github.com/evanw/esbuild/internal/bundler/bundler.go:163 +0x2b5 fp=0xc005487608 sp=0xc005485e10 pc=0x7ff656f777f5
github.com/evanw/esbuild/internal/bundler.(*scanner).maybeParseFile.gowrap1()
	github.com/evanw/esbuild/internal/bundler/bundler.go:1630 +0x2fa fp=0xc005487fe0 sp=0xc005487608 pc=0x7ff656f85a5a
runtime.goexit({})
	runtime/asm_amd64.s:1693 +0x1 fp=0xc005487fe8 sp=0xc005487fe0 pc=0x7ff656bcf221
created by github.com/evanw/esbuild/internal/bundler.(*scanner).maybeParseFile in goroutine 21
	github.com/evanw/esbuild/internal/bundler/bundler.go:1630 +0xd85

goroutine 1286 gp=0xc004d13340 m=nil [chan receive]:
runtime.gopark(0xc000047320?, 0x2000000000070?, 0xc5?, 0x75?, 0x20b0ba20ed0?)
	runtime/proc.go:460 +0xce fp=0xc00548f478 sp=0xc00548f458 pc=0x7ff656bc72ce
runtime.chanrecv(0xc0044dabd0, 0xc00548f550, 0x1)
	runtime/chan.go:667 +0x473 fp=0xc00548f4f0 sp=0xc00548f478 pc=0x7ff656b5e593
runtime.chanrecv1(0x7ff65714d260?, 0xc005488060?)
	runtime/chan.go:509 +0x12 fp=0xc00548f518 sp=0xc00548f4f0 pc=0x7ff656b5e0f2
main.(*serviceType).sendRequest(0xc000181890, {0x7ff65714d260, 0xc005488060})
	github.com/evanw/esbuild/cmd/esbuild/service.go:192 +0x12b fp=0xc00548f588 sp=0xc00548f518 pc=0x7ff65706fb6b
main.(*serviceType).convertPlugins.func2.4({{0xc0032883f0, 0x6e}, {0x7ff6571cd3af, 0x4}, {0x0, 0x0}, {0x0, 0x0}, 0x0})
	github.com/evanw/esbuild/cmd/esbuild/service.go:1088 +0x836 fp=0xc00548f808 sp=0xc00548f588 pc=0x7ff657078356
github.com/evanw/esbuild/pkg/api.(*pluginImpl).onLoad.func1({{0x0, 0x0}, {{0xc0032883f0, 0x6e}, {0x7ff6571cd3af, 0x4}, 
{0x0, 0x0}, {{0x0, 0x0}}, ...}})
	github.com/evanw/esbuild/pkg/api/api_impl.go:2014 +0x190 fp=0xc00548fa70 sp=0xc00548f808 pc=0x7ff657036ad0
github.com/evanw/esbuild/internal/bundler.runOnLoadPlugins({0xc000090240?, 0xc003825e28?, 0x8?}, {0x7ff6572bce40?, 
0xc0000a6360}, 0xc0000901e0, {0xc0000beb60, 0xc0000aa390, 0xc0000aa3a8, 0xc0000a6340, ...}, ...)
	github.com/evanw/esbuild/internal/bundler/bundler.go:1203 +0xcd5 fp=0xc00548fe10 sp=0xc00548fa70 pc=0x7ff656f82835
github.com/evanw/esbuild/internal/bundler.parseFile({{0x7ff6572bce40, 0xc0000a6360}, {0xc0000beb60, 0xc0000aa390, 
0xc0000aa3a8, 0xc0000a6340, 0x6, 0xc0000a0450}, 0xc0004ae488, 0xc0000901e0, ...})
	github.com/evanw/esbuild/internal/bundler/bundler.go:163 +0x2b5 fp=0xc005491608 sp=0xc00548fe10 pc=0x7ff656f777f5
github.com/evanw/esbuild/internal/bundler.(*scanner).maybeParseFile.gowrap1()
	github.com/evanw/esbuild/internal/bundler/bundler.go:1630 +0x2fa fp=0xc005491fe0 sp=0xc005491608 pc=0x7ff656f85a5a
runtime.goexit({})
	runtime/asm_amd64.s:1693 +0x1 fp=0xc005491fe8 sp=0xc005491fe0 pc=0x7ff656bcf221
created by github.com/evanw/esbuild/internal/bundler.(*scanner).maybeParseFile in goroutine 21
	github.com/evanw/esbuild/internal/bundler/bundler.go:1630 +0xd85

goroutine 1287 gp=0xc004d13500 m=nil [chan receive]:
runtime.gopark(0xc00040a240?, 0x2000000000070?, 0x10?, 0x8a?, 0x20b0ba20ed0?)
	runtime/proc.go:460 +0xce fp=0xc005497478 sp=0xc005497458 pc=0x7ff656bc72ce
runtime.chanrecv(0xc0044dac40, 0xc005497550, 0x1)
	runtime/chan.go:667 +0x473 fp=0xc0054974f0 sp=0xc005497478 pc=0x7ff656b5e593
runtime.chanrecv1(0x7ff65714d260?, 0xc0054880c0?)
	runtime/chan.go:509 +0x12 fp=0xc005497518 sp=0xc0054974f0 pc=0x7ff656b5e0f2
main.(*serviceType).sendRequest(0xc000181890, {0x7ff65714d260, 0xc0054880c0})
	github.com/evanw/esbuild/cmd/esbuild/service.go:192 +0x12b fp=0xc005497588 sp=0xc005497518 pc=0x7ff65706fb6b
main.(*serviceType).convertPlugins.func2.4({{0xc003288850, 0x6e}, {0x7ff6571cd3af, 0x4}, {0x0, 0x0}, {0x0, 0x0}, 0x0})
	github.com/evanw/esbuild/cmd/esbuild/service.go:1088 +0x836 fp=0xc005497808 sp=0xc005497588 pc=0x7ff657078356
github.com/evanw/esbuild/pkg/api.(*pluginImpl).onLoad.func1({{0x0, 0x0}, {{0xc003288850, 0x6e}, {0x7ff6571cd3af, 0x4}, 
{0x0, 0x0}, {{0x0, 0x0}}, ...}})
	github.com/evanw/esbuild/pkg/api/api_impl.go:2014 +0x190 fp=0xc005497a70 sp=0xc005497808 pc=0x7ff657036ad0
github.com/evanw/esbuild/internal/bundler.runOnLoadPlugins({0xc000090240?, 0xc003825e28?, 0x8?}, {0x7ff6572bce40?, 
0xc0000a6360}, 0xc0000901e0, {0xc0000beb60, 0xc0000aa390, 0xc0000aa3a8, 0xc0000a6340, ...}, ...)
	github.com/evanw/esbuild/internal/bundler/bundler.go:1203 +0xcd5 fp=0xc005497e10 sp=0xc005497a70 pc=0x7ff656f82835
github.com/evanw/esbuild/internal/bundler.parseFile({{0x7ff6572bce40, 0xc0000a6360}, {0xc0000beb60, 0xc0000aa390, 
0xc0000aa3a8, 0xc0000a6340, 0x6, 0xc0000a0450}, 0xc0004ae488, 0xc0000901e0, ...})
	github.com/evanw/esbuild/internal/bundler/bundler.go:163 +0x2b5 fp=0xc005499608 sp=0xc005497e10 pc=0x7ff656f777f5
github.com/evanw/esbuild/internal/bundler.(*scanner).maybeParseFile.gowrap1()
	github.com/evanw/esbuild/internal/bundler/bundler.go:1630 +0x2fa fp=0xc005499fe0 sp=0xc005499608 pc=0x7ff656f85a5a
runtime.goexit({})
	runtime/asm_amd64.s:1693 +0x1 fp=0xc005499fe8 sp=0xc005499fe0 pc=0x7ff656bcf221
created by github.com/evanw/esbuild/internal/bundler.(*scanner).maybeParseFile in goroutine 21
	github.com/evanw/esbuild/internal/bundler/bundler.go:1630 +0xd85

goroutine 1288 gp=0xc004d136c0 m=nil [chan receive]:
runtime.gopark(0xc0012be4e0?, 0x2000000000070?, 0x75?, 0x80?, 0x20b0ba20ed0?)
	runtime/proc.go:460 +0xce fp=0xc0054a1478 sp=0xc0054a1458 pc=0x7ff656bc72ce
runtime.chanrecv(0xc0044dacb0, 0xc0054a1550, 0x1)
	runtime/chan.go:667 +0x473 fp=0xc0054a14f0 sp=0xc0054a1478 pc=0x7ff656b5e593
runtime.chanrecv1(0x7ff65714d260?, 0xc005488120?)
	runtime/chan.go:509 +0x12 fp=0xc0054a1518 sp=0xc0054a14f0 pc=0x7ff656b5e0f2
main.(*serviceType).sendRequest(0xc000181890, {0x7ff65714d260, 0xc005488120})
	github.com/evanw/esbuild/cmd/esbuild/service.go:192 +0x12b fp=0xc0054a1588 sp=0xc0054a1518 pc=0x7ff65706fb6b
main.(*serviceType).convertPlugins.func2.4({{0xc003288cb0, 0x6c}, {0x7ff6571cd3af, 0x4}, {0x0, 0x0}, {0x0, 0x0}, 0x0})
	github.com/evanw/esbuild/cmd/esbuild/service.go:1088 +0x836 fp=0xc0054a1808 sp=0xc0054a1588 pc=0x7ff657078356
github.com/evanw/esbuild/pkg/api.(*pluginImpl).onLoad.func1({{0x0, 0x0}, {{0xc003288cb0, 0x6c}, {0x7ff6571cd3af, 0x4}, 
{0x0, 0x0}, {{0x0, 0x0}}, ...}})
	github.com/evanw/esbuild/pkg/api/api_impl.go:2014 +0x190 fp=0xc0054a1a70 sp=0xc0054a1808 pc=0x7ff657036ad0
github.com/evanw/esbuild/internal/bundler.runOnLoadPlugins({0xc000090240?, 0xc003825e28?, 0x8?}, {0x7ff6572bce40?, 
0xc0000a6360}, 0xc0000901e0, {0xc0000beb60, 0xc0000aa390, 0xc0000aa3a8, 0xc0000a6340, ...}, ...)
	github.com/evanw/esbuild/internal/bundler/bundler.go:1203 +0xcd5 fp=0xc0054a1e10 sp=0xc0054a1a70 pc=0x7ff656f82835
github.com/evanw/esbuild/internal/bundler.parseFile({{0x7ff6572bce40, 0xc0000a6360}, {0xc0000beb60, 0xc0000aa390, 
0xc0000aa3a8, 0xc0000a6340, 0x6, 0xc0000a0450}, 0xc0004ae488, 0xc0000901e0, ...})
	github.com/evanw/esbuild/internal/bundler/bundler.go:163 +0x2b5 fp=0xc0054a3608 sp=0xc0054a1e10 pc=0x7ff656f777f5
github.com/evanw/esbuild/internal/bundler.(*scanner).maybeParseFile.gowrap1()
	github.com/evanw/esbuild/internal/bundler/bundler.go:1630 +0x2fa fp=0xc0054a3fe0 sp=0xc0054a3608 pc=0x7ff656f85a5a
runtime.goexit({})
	runtime/asm_amd64.s:1693 +0x1 fp=0xc0054a3fe8 sp=0xc0054a3fe0 pc=0x7ff656bcf221
created by github.com/evanw/esbuild/internal/bundler.(*scanner).maybeParseFile in goroutine 21
	github.com/evanw/esbuild/internal/bundler/bundler.go:1630 +0xd85

goroutine 1289 gp=0xc004d13880 m=nil [chan receive]:
runtime.gopark(0xc0013c22a0?, 0x2000000000070?, 0x36?, 0x19?, 0x20b0ba20ed0?)
	runtime/proc.go:460 +0xce fp=0xc0054a9478 sp=0xc0054a9458 pc=0x7ff656bc72ce
runtime.chanrecv(0xc0044dad20, 0xc0054a9550, 0x1)
	runtime/chan.go:667 +0x473 fp=0xc0054a94f0 sp=0xc0054a9478 pc=0x7ff656b5e593
runtime.chanrecv1(0x7ff65714d260?, 0xc005488180?)
	runtime/chan.go:509 +0x12 fp=0xc0054a9518 sp=0xc0054a94f0 pc=0x7ff656b5e0f2
main.(*serviceType).sendRequest(0xc000181890, {0x7ff65714d260, 0xc005488180})
	github.com/evanw/esbuild/cmd/esbuild/service.go:192 +0x12b fp=0xc0054a9588 sp=0xc0054a9518 pc=0x7ff65706fb6b
main.(*serviceType).convertPlugins.func2.4({{0xc002a13a00, 0x71}, {0x7ff6571cd3af, 0x4}, {0x0, 0x0}, {0x0, 0x0}, 0x0})
	github.com/evanw/esbuild/cmd/esbuild/service.go:1088 +0x836 fp=0xc0054a9808 sp=0xc0054a9588 pc=0x7ff657078356
github.com/evanw/esbuild/pkg/api.(*pluginImpl).onLoad.func1({{0x0, 0x0}, {{0xc002a13a00, 0x71}, {0x7ff6571cd3af, 0x4}, 
{0x0, 0x0}, {{0x0, 0x0}}, ...}})
	github.com/evanw/esbuild/pkg/api/api_impl.go:2014 +0x190 fp=0xc0054a9a70 sp=0xc0054a9808 pc=0x7ff657036ad0
github.com/evanw/esbuild/internal/bundler.runOnLoadPlugins({0xc000090240?, 0xc003825e28?, 0x8?}, {0x7ff6572bce40?, 
0xc0000a6360}, 0xc0000901e0, {0xc0000beb60, 0xc0000aa390, 0xc0000aa3a8, 0xc0000a6340, ...}, ...)
	github.com/evanw/esbuild/internal/bundler/bundler.go:1203 +0xcd5 fp=0xc0054a9e10 sp=0xc0054a9a70 pc=0x7ff656f82835
github.com/evanw/esbuild/internal/bundler.parseFile({{0x7ff6572bce40, 0xc0000a6360}, {0xc0000beb60, 0xc0000aa390, 
0xc0000aa3a8, 0xc0000a6340, 0x6, 0xc0000a0450}, 0xc0004ae488, 0xc0000901e0, ...})
	github.com/evanw/esbuild/internal/bundler/bundler.go:163 +0x2b5 fp=0xc0054ab608 sp=0xc0054a9e10 pc=0x7ff656f777f5
github.com/evanw/esbuild/internal/bundler.(*scanner).maybeParseFile.gowrap1()
	github.com/evanw/esbuild/internal/bundler/bundler.go:1630 +0x2fa fp=0xc0054abfe0 sp=0xc0054ab608 pc=0x7ff656f85a5a
runtime.goexit({})
	runtime/asm_amd64.s:1693 +0x1 fp=0xc0054abfe8 sp=0xc0054abfe0 pc=0x7ff656bcf221
created by github.com/evanw/esbuild/internal/bundler.(*scanner).maybeParseFile in goroutine 21
	github.com/evanw/esbuild/internal/bundler/bundler.go:1630 +0xd85

goroutine 1290 gp=0xc004d13a40 m=nil [chan receive]:
runtime.gopark(0xc0006200c0?, 0x2000000000070?, 0xe5?, 0xcf?, 0x20b0ba20ed0?)
	runtime/proc.go:460 +0xce fp=0xc0054b3478 sp=0xc0054b3458 pc=0x7ff656bc72ce
runtime.chanrecv(0xc0044dad90, 0xc0054b3550, 0x1)
	runtime/chan.go:667 +0x473 fp=0xc0054b34f0 sp=0xc0054b3478 pc=0x7ff656b5e593
runtime.chanrecv1(0x7ff65714d260?, 0xc0054881e0?)
	runtime/chan.go:509 +0x12 fp=0xc0054b3518 sp=0xc0054b34f0 pc=0x7ff656b5e0f2
main.(*serviceType).sendRequest(0xc000181890, {0x7ff65714d260, 0xc0054881e0})
	github.com/evanw/esbuild/cmd/esbuild/service.go:192 +0x12b fp=0xc0054b3588 sp=0xc0054b3518 pc=0x7ff65706fb6b
main.(*serviceType).convertPlugins.func2.4({{0xc003292690, 0x63}, {0x7ff6571cd3af, 0x4}, {0x0, 0x0}, {0x0, 0x0}, 0x0})
	github.com/evanw/esbuild/cmd/esbuild/service.go:1088 +0x836 fp=0xc0054b3808 sp=0xc0054b3588 pc=0x7ff657078356
github.com/evanw/esbuild/pkg/api.(*pluginImpl).onLoad.func1({{0x0, 0x0}, {{0xc003292690, 0x63}, {0x7ff6571cd3af, 0x4}, 
{0x0, 0x0}, {{0x0, 0x0}}, ...}})
	github.com/evanw/esbuild/pkg/api/api_impl.go:2014 +0x190 fp=0xc0054b3a70 sp=0xc0054b3808 pc=0x7ff657036ad0
github.com/evanw/esbuild/internal/bundler.runOnLoadPlugins({0xc000090240?, 0xc003825e28?, 0x8?}, {0x7ff6572bce40?, 
0xc0000a6360}, 0xc0000901e0, {0xc0000beb60, 0xc0000aa390, 0xc0000aa3a8, 0xc0000a6340, ...}, ...)
	github.com/evanw/esbuild/internal/bundler/bundler.go:1203 +0xcd5 fp=0xc0054b3e10 sp=0xc0054b3a70 pc=0x7ff656f82835
github.com/evanw/esbuild/internal/bundler.parseFile({{0x7ff6572bce40, 0xc0000a6360}, {0xc0000beb60, 0xc0000aa390, 
0xc0000aa3a8, 0xc0000a6340, 0x6, 0xc0000a0450}, 0xc0004ae488, 0xc0000901e0, ...})
	github.com/evanw/esbuild/internal/bundler/bundler.go:163 +0x2b5 fp=0xc0054b5608 sp=0xc0054b3e10 pc=0x7ff656f777f5
github.com/evanw/esbuild/internal/bundler.(*scanner).maybeParseFile.gowrap1()
	github.com/evanw/esbuild/internal/bundler/bundler.go:1630 +0x2fa fp=0xc0054b5fe0 sp=0xc0054b5608 pc=0x7ff656f85a5a
runtime.goexit({})
	runtime/asm_amd64.s:1693 +0x1 fp=0xc0054b5fe8 sp=0xc0054b5fe0 pc=0x7ff656bcf221
created by github.com/evanw/esbuild/internal/bundler.(*scanner).maybeParseFile in goroutine 21
	github.com/evanw/esbuild/internal/bundler/bundler.go:1630 +0xd85

goroutine 1291 gp=0xc004d13c00 m=nil [chan receive]:
runtime.gopark(0xc0006b04e0?, 0x2000000000070?, 0x41?, 0xde?, 0xc0054bb4b0?)
	runtime/proc.go:460 +0xce fp=0xc0054bb478 sp=0xc0054bb458 pc=0x7ff656bc72ce
runtime.chanrecv(0xc0044dae00, 0xc0054bb550, 0x1)
	runtime/chan.go:667 +0x473 fp=0xc0054bb4f0 sp=0xc0054bb478 pc=0x7ff656b5e593
runtime.chanrecv1(0x7ff65714d260?, 0xc005488240?)
	runtime/chan.go:509 +0x12 fp=0xc0054bb518 sp=0xc0054bb4f0 pc=0x7ff656b5e0f2
main.(*serviceType).sendRequest(0xc000181890, {0x7ff65714d260, 0xc005488240})
	github.com/evanw/esbuild/cmd/esbuild/service.go:192 +0x12b fp=0xc0054bb588 sp=0xc0054bb518 pc=0x7ff65706fb6b
main.(*serviceType).convertPlugins.func2.4({{0xc0024099d0, 0x64}, {0x7ff6571cd3af, 0x4}, {0x0, 0x0}, {0x0, 0x0}, 0x0})
	github.com/evanw/esbuild/cmd/esbuild/service.go:1088 +0x836 fp=0xc0054bb808 sp=0xc0054bb588 pc=0x7ff657078356
github.com/evanw/esbuild/pkg/api.(*pluginImpl).onLoad.func1({{0x0, 0x0}, {{0xc0024099d0, 0x64}, {0x7ff6571cd3af, 0x4}, 
{0x0, 0x0}, {{0x0, 0x0}}, ...}})
	github.com/evanw/esbuild/pkg/api/api_impl.go:2014 +0x190 fp=0xc0054bba70 sp=0xc0054bb808 pc=0x7ff657036ad0
github.com/evanw/esbuild/internal/bundler.runOnLoadPlugins({0xc000090240?, 0xc003825e28?, 0x8?}, {0x7ff6572bce40?, 
0xc0000a6360}, 0xc0000901e0, {0xc0000beb60, 0xc0000aa390, 0xc0000aa3a8, 0xc0000a6340, ...}, ...)
	github.com/evanw/esbuild/internal/bundler/bundler.go:1203 +0xcd5 fp=0xc0054bbe10 sp=0xc0054bba70 pc=0x7ff656f82835
github.com/evanw/esbuild/internal/bundler.parseFile({{0x7ff6572bce40, 0xc0000a6360}, {0xc0000beb60, 0xc0000aa390, 
0xc0000aa3a8, 0xc0000a6340, 0x6, 0xc0000a0450}, 0xc0004ae488, 0xc0000901e0, ...})
	github.com/evanw/esbuild/internal/bundler/bundler.go:163 +0x2b5 fp=0xc0054bd608 sp=0xc0054bbe10 pc=0x7ff656f777f5
github.com/evanw/esbuild/internal/bundler.(*scanner).maybeParseFile.gowrap1()
	github.com/evanw/esbuild/internal/bundler/bundler.go:1630 +0x2fa fp=0xc0054bdfe0 sp=0xc0054bd608 pc=0x7ff656f85a5a
runtime.goexit({})
	runtime/asm_amd64.s:1693 +0x1 fp=0xc0054bdfe8 sp=0xc0054bdfe0 pc=0x7ff656bcf221
created by github.com/evanw/esbuild/internal/bundler.(*scanner).maybeParseFile in goroutine 21
	github.com/evanw/esbuild/internal/bundler/bundler.go:1630 +0xd85

goroutine 1292 gp=0xc004d13dc0 m=nil [chan receive]:
runtime.gopark(0xc000046600?, 0x2000000000070?, 0x5c?, 0xec?, 0x20b0ba20ed0?)
	runtime/proc.go:460 +0xce fp=0xc0054c3478 sp=0xc0054c3458 pc=0x7ff656bc72ce
runtime.chanrecv(0xc0044dae70, 0xc0054c3550, 0x1)
	runtime/chan.go:667 +0x473 fp=0xc0054c34f0 sp=0xc0054c3478 pc=0x7ff656b5e593
runtime.chanrecv1(0x7ff65714d260?, 0xc0054882a0?)
	runtime/chan.go:509 +0x12 fp=0xc0054c3518 sp=0xc0054c34f0 pc=0x7ff656b5e0f2
main.(*serviceType).sendRequest(0xc000181890, {0x7ff65714d260, 0xc0054882a0})
	github.com/evanw/esbuild/cmd/esbuild/service.go:192 +0x12b fp=0xc0054c3588 sp=0xc0054c3518 pc=0x7ff65706fb6b
main.(*serviceType).convertPlugins.func2.4({{0xc00238cc40, 0x6d}, {0x7ff6571cd3af, 0x4}, {0x0, 0x0}, {0x0, 0x0}, 0x0})
	github.com/evanw/esbuild/cmd/esbuild/service.go:1088 +0x836 fp=0xc0054c3808 sp=0xc0054c3588 pc=0x7ff657078356
github.com/evanw/esbuild/pkg/api.(*pluginImpl).onLoad.func1({{0x0, 0x0}, {{0xc00238cc40, 0x6d}, {0x7ff6571cd3af, 0x4}, 
{0x0, 0x0}, {{0x0, 0x0}}, ...}})
	github.com/evanw/esbuild/pkg/api/api_impl.go:2014 +0x190 fp=0xc0054c3a70 sp=0xc0054c3808 pc=0x7ff657036ad0
github.com/evanw/esbuild/internal/bundler.runOnLoadPlugins({0xc000090240?, 0xc003825e28?, 0x8?}, {0x7ff6572bce40?, 
0xc0000a6360}, 0xc0000901e0, {0xc0000beb60, 0xc0000aa390, 0xc0000aa3a8, 0xc0000a6340, ...}, ...)
	github.com/evanw/esbuild/internal/bundler/bundler.go:1203 +0xcd5 fp=0xc0054c3e10 sp=0xc0054c3a70 pc=0x7ff656f82835
github.com/evanw/esbuild/internal/bundler.parseFile({{0x7ff6572bce40, 0xc0000a6360}, {0xc0000beb60, 0xc0000aa390, 
0xc0000aa3a8, 0xc0000a6340, 0x6, 0xc0000a0450}, 0xc0004ae488, 0xc0000901e0, ...})
	github.com/evanw/esbuild/internal/bundler/bundler.go:163 +0x2b5 fp=0xc0054c5608 sp=0xc0054c3e10 pc=0x7ff656f777f5
github.com/evanw/esbuild/internal/bundler.(*scanner).maybeParseFile.gowrap1()
	github.com/evanw/esbuild/internal/bundler/bundler.go:1630 +0x2fa fp=0xc0054c5fe0 sp=0xc0054c5608 pc=0x7ff656f85a5a
runtime.goexit({})
	runtime/asm_amd64.s:1693 +0x1 fp=0xc0054c5fe8 sp=0xc0054c5fe0 pc=0x7ff656bcf221
created by github.com/evanw/esbuild/internal/bundler.(*scanner).maybeParseFile in goroutine 21
	github.com/evanw/esbuild/internal/bundler/bundler.go:1630 +0xd85

goroutine 1293 gp=0xc004d56000 m=nil [chan receive]:
runtime.gopark(0xc000d3b0e0?, 0x2000000000070?, 0xbf?, 0x71?, 0x20b0ba22ef8?)
	runtime/proc.go:460 +0xce fp=0xc00531f478 sp=0xc00531f458 pc=0x7ff656bc72ce
runtime.chanrecv(0xc004be82a0, 0xc00531f550, 0x1)
	runtime/chan.go:667 +0x473 fp=0xc00531f4f0 sp=0xc00531f478 pc=0x7ff656b5e593
runtime.chanrecv1(0x7ff65714d260?, 0xc004b99680?)
	runtime/chan.go:509 +0x12 fp=0xc00531f518 sp=0xc00531f4f0 pc=0x7ff656b5e0f2
main.(*serviceType).sendRequest(0xc000181890, {0x7ff65714d260, 0xc004b99680})
	github.com/evanw/esbuild/cmd/esbuild/service.go:192 +0x12b fp=0xc00531f588 sp=0xc00531f518 pc=0x7ff65706fb6b
main.(*serviceType).convertPlugins.func2.4({{0xc0005d8580, 0x71}, {0x7ff6571cd3af, 0x4}, {0x0, 0x0}, {0x0, 0x0}, 0x0})
	github.com/evanw/esbuild/cmd/esbuild/service.go:1088 +0x836 fp=0xc00531f808 sp=0xc00531f588 pc=0x7ff657078356
github.com/evanw/esbuild/pkg/api.(*pluginImpl).onLoad.func1({{0x0, 0x0}, {{0xc0005d8580, 0x71}, {0x7ff6571cd3af, 0x4}, 
{0x0, 0x0}, {{0x0, 0x0}}, ...}})
	github.com/evanw/esbuild/pkg/api/api_impl.go:2014 +0x190 fp=0xc00531fa70 sp=0xc00531f808 pc=0x7ff657036ad0
github.com/evanw/esbuild/internal/bundler.runOnLoadPlugins({0xc000090240?, 0x2e2691fd271da60a?, 0xc0010e1560?}, 
{0x7ff6572bce40?, 0xc0000a6360}, 0xc0000901e0, {0xc0000beb60, 0xc0000aa390, 0xc0000aa3a8, 0xc0000a6340, ...}, ...)
	github.com/evanw/esbuild/internal/bundler/bundler.go:1203 +0xcd5 fp=0xc00531fe10 sp=0xc00531fa70 pc=0x7ff656f82835
github.com/evanw/esbuild/internal/bundler.parseFile({{0x7ff6572bce40, 0xc0000a6360}, {0xc0000beb60, 0xc0000aa390, 
0xc0000aa3a8, 0xc0000a6340, 0x6, 0xc0000a0450}, 0xc0004ae488, 0xc0000901e0, ...})
	github.com/evanw/esbuild/internal/bundler/bundler.go:163 +0x2b5 fp=0xc005321608 sp=0xc00531fe10 pc=0x7ff656f777f5
github.com/evanw/esbuild/internal/bundler.(*scanner).maybeParseFile.gowrap1()
	github.com/evanw/esbuild/internal/bundler/bundler.go:1630 +0x2fa fp=0xc005321fe0 sp=0xc005321608 pc=0x7ff656f85a5a
runtime.goexit({})
	runtime/asm_amd64.s:1693 +0x1 fp=0xc005321fe8 sp=0xc005321fe0 pc=0x7ff656bcf221
created by github.com/evanw/esbuild/internal/bundler.(*scanner).maybeParseFile in goroutine 21
	github.com/evanw/esbuild/internal/bundler/bundler.go:1630 +0xd85

goroutine 1294 gp=0xc004d561c0 m=nil [chan receive]:
runtime.gopark(0xc000d3b260?, 0x2000000000070?, 0x37?, 0x32?, 0x20b0ba22ef8?)
	runtime/proc.go:460 +0xce fp=0xc005327478 sp=0xc005327458 pc=0x7ff656bc72ce
runtime.chanrecv(0xc004be8310, 0xc005327550, 0x1)
	runtime/chan.go:667 +0x473 fp=0xc0053274f0 sp=0xc005327478 pc=0x7ff656b5e593
runtime.chanrecv1(0x7ff65714d260?, 0xc004b996e0?)
	runtime/chan.go:509 +0x12 fp=0xc005327518 sp=0xc0053274f0 pc=0x7ff656b5e0f2
main.(*serviceType).sendRequest(0xc000181890, {0x7ff65714d260, 0xc004b996e0})
	github.com/evanw/esbuild/cmd/esbuild/service.go:192 +0x12b fp=0xc005327588 sp=0xc005327518 pc=0x7ff65706fb6b
main.(*serviceType).convertPlugins.func2.4({{0xc000d33180, 0x6e}, {0x7ff6571cd3af, 0x4}, {0x0, 0x0}, {0x0, 0x0}, 0x0})
	github.com/evanw/esbuild/cmd/esbuild/service.go:1088 +0x836 fp=0xc005327808 sp=0xc005327588 pc=0x7ff657078356
github.com/evanw/esbuild/pkg/api.(*pluginImpl).onLoad.func1({{0x0, 0x0}, {{0xc000d33180, 0x6e}, {0x7ff6571cd3af, 0x4}, 
{0x0, 0x0}, {{0x0, 0x0}}, ...}})
	github.com/evanw/esbuild/pkg/api/api_impl.go:2014 +0x190 fp=0xc005327a70 sp=0xc005327808 pc=0x7ff657036ad0
github.com/evanw/esbuild/internal/bundler.runOnLoadPlugins({0xc000090240?, 0x2e2691fd271da60a?, 0xc0010e1560?}, 
{0x7ff6572bce40?, 0xc0000a6360}, 0xc0000901e0, {0xc0000beb60, 0xc0000aa390, 0xc0000aa3a8, 0xc0000a6340, ...}, ...)
	github.com/evanw/esbuild/internal/bundler/bundler.go:1203 +0xcd5 fp=0xc005327e10 sp=0xc005327a70 pc=0x7ff656f82835
github.com/evanw/esbuild/internal/bundler.parseFile({{0x7ff6572bce40, 0xc0000a6360}, {0xc0000beb60, 0xc0000aa390, 
0xc0000aa3a8, 0xc0000a6340, 0x6, 0xc0000a0450}, 0xc0004ae488, 0xc0000901e0, ...})
	github.com/evanw/esbuild/internal/bundler/bundler.go:163 +0x2b5 fp=0xc005329608 sp=0xc005327e10 pc=0x7ff656f777f5
github.com/evanw/esbuild/internal/bundler.(*scanner).maybeParseFile.gowrap1()
	github.com/evanw/esbuild/internal/bundler/bundler.go:1630 +0x2fa fp=0xc005329fe0 sp=0xc005329608 pc=0x7ff656f85a5a
runtime.goexit({})
	runtime/asm_amd64.s:1693 +0x1 fp=0xc005329fe8 sp=0xc005329fe0 pc=0x7ff656bcf221
created by github.com/evanw/esbuild/internal/bundler.(*scanner).maybeParseFile in goroutine 21
	github.com/evanw/esbuild/internal/bundler/bundler.go:1630 +0xd85

goroutine 1295 gp=0xc004d56380 m=nil [chan receive]:
runtime.gopark(0xc00055b1a0?, 0x2000000000070?, 0xad?, 0x67?, 0x20b0ba22ef8?)
	runtime/proc.go:460 +0xce fp=0xc00532f478 sp=0xc00532f458 pc=0x7ff656bc72ce
runtime.chanrecv(0xc004be8380, 0xc00532f550, 0x1)
	runtime/chan.go:667 +0x473 fp=0xc00532f4f0 sp=0xc00532f478 pc=0x7ff656b5e593
runtime.chanrecv1(0x7ff65714d260?, 0xc004b99740?)
	runtime/chan.go:509 +0x12 fp=0xc00532f518 sp=0xc00532f4f0 pc=0x7ff656b5e0f2
main.(*serviceType).sendRequest(0xc000181890, {0x7ff65714d260, 0xc004b99740})
	github.com/evanw/esbuild/cmd/esbuild/service.go:192 +0x12b fp=0xc00532f588 sp=0xc00532f518 pc=0x7ff65706fb6b
main.(*serviceType).convertPlugins.func2.4({{0xc0005d8700, 0x73}, {0x7ff6571cd3af, 0x4}, {0x0, 0x0}, {0x0, 0x0}, 0x0})
	github.com/evanw/esbuild/cmd/esbuild/service.go:1088 +0x836 fp=0xc00532f808 sp=0xc00532f588 pc=0x7ff657078356
github.com/evanw/esbuild/pkg/api.(*pluginImpl).onLoad.func1({{0x0, 0x0}, {{0xc0005d8700, 0x73}, {0x7ff6571cd3af, 0x4}, 
{0x0, 0x0}, {{0x0, 0x0}}, ...}})
	github.com/evanw/esbuild/pkg/api/api_impl.go:2014 +0x190 fp=0xc00532fa70 sp=0xc00532f808 pc=0x7ff657036ad0
github.com/evanw/esbuild/internal/bundler.runOnLoadPlugins({0xc000090240?, 0x2e2691fd271da60a?, 0xc0010e1560?}, 
{0x7ff6572bce40?, 0xc0000a6360}, 0xc0000901e0, {0xc0000beb60, 0xc0000aa390, 0xc0000aa3a8, 0xc0000a6340, ...}, ...)
	github.com/evanw/esbuild/internal/bundler/bundler.go:1203 +0xcd5 fp=0xc00532fe10 sp=0xc00532fa70 pc=0x7ff656f82835
github.com/evanw/esbuild/internal/bundler.parseFile({{0x7ff6572bce40, 0xc0000a6360}, {0xc0000beb60, 0xc0000aa390, 
0xc0000aa3a8, 0xc0000a6340, 0x6, 0xc0000a0450}, 0xc0004ae488, 0xc0000901e0, ...})
	github.com/evanw/esbuild/internal/bundler/bundler.go:163 +0x2b5 fp=0xc005331608 sp=0xc00532fe10 pc=0x7ff656f777f5
github.com/evanw/esbuild/internal/bundler.(*scanner).maybeParseFile.gowrap1()
	github.com/evanw/esbuild/internal/bundler/bundler.go:1630 +0x2fa fp=0xc005331fe0 sp=0xc005331608 pc=0x7ff656f85a5a
runtime.goexit({})
	runtime/asm_amd64.s:1693 +0x1 fp=0xc005331fe8 sp=0xc005331fe0 pc=0x7ff656bcf221
created by github.com/evanw/esbuild/internal/bundler.(*scanner).maybeParseFile in goroutine 21
	github.com/evanw/esbuild/internal/bundler/bundler.go:1630 +0xd85

goroutine 1296 gp=0xc004d56540 m=nil [chan receive]:
runtime.gopark(0xc00055aae0?, 0x2000000000070?, 0xaf?, 0x21?, 0x20b0ba22ef8?)
	runtime/proc.go:460 +0xce fp=0xc005337478 sp=0xc005337458 pc=0x7ff656bc72ce
runtime.chanrecv(0xc004be83f0, 0xc005337550, 0x1)
	runtime/chan.go:667 +0x473 fp=0xc0053374f0 sp=0xc005337478 pc=0x7ff656b5e593
runtime.chanrecv1(0x7ff65714d260?, 0xc004b997a0?)
	runtime/chan.go:509 +0x12 fp=0xc005337518 sp=0xc0053374f0 pc=0x7ff656b5e0f2
main.(*serviceType).sendRequest(0xc000181890, {0x7ff65714d260, 0xc004b997a0})
	github.com/evanw/esbuild/cmd/esbuild/service.go:192 +0x12b fp=0xc005337588 sp=0xc005337518 pc=0x7ff65706fb6b
main.(*serviceType).convertPlugins.func2.4({{0xc0005d8a00, 0x72}, {0x7ff6571cd3af, 0x4}, {0x0, 0x0}, {0x0, 0x0}, 0x0})
	github.com/evanw/esbuild/cmd/esbuild/service.go:1088 +0x836 fp=0xc005337808 sp=0xc005337588 pc=0x7ff657078356
github.com/evanw/esbuild/pkg/api.(*pluginImpl).onLoad.func1({{0x0, 0x0}, {{0xc0005d8a00, 0x72}, {0x7ff6571cd3af, 0x4}, 
{0x0, 0x0}, {{0x0, 0x0}}, ...}})
	github.com/evanw/esbuild/pkg/api/api_impl.go:2014 +0x190 fp=0xc005337a70 sp=0xc005337808 pc=0x7ff657036ad0
github.com/evanw/esbuild/internal/bundler.runOnLoadPlugins({0xc000090240?, 0x2e2691fd271da60a?, 0xc0010e1560?}, 
{0x7ff6572bce40?, 0xc0000a6360}, 0xc0000901e0, {0xc0000beb60, 0xc0000aa390, 0xc0000aa3a8, 0xc0000a6340, ...}, ...)
	github.com/evanw/esbuild/internal/bundler/bundler.go:1203 +0xcd5 fp=0xc005337e10 sp=0xc005337a70 pc=0x7ff656f82835
github.com/evanw/esbuild/internal/bundler.parseFile({{0x7ff6572bce40, 0xc0000a6360}, {0xc0000beb60, 0xc0000aa390, 
0xc0000aa3a8, 0xc0000a6340, 0x6, 0xc0000a0450}, 0xc0004ae488, 0xc0000901e0, ...})
	github.com/evanw/esbuild/internal/bundler/bundler.go:163 +0x2b5 fp=0xc005339608 sp=0xc005337e10 pc=0x7ff656f777f5
github.com/evanw/esbuild/internal/bundler.(*scanner).maybeParseFile.gowrap1()
	github.com/evanw/esbuild/internal/bundler/bundler.go:1630 +0x2fa fp=0xc005339fe0 sp=0xc005339608 pc=0x7ff656f85a5a
runtime.goexit({})
	runtime/asm_amd64.s:1693 +0x1 fp=0xc005339fe8 sp=0xc005339fe0 pc=0x7ff656bcf221
created by github.com/evanw/esbuild/internal/bundler.(*scanner).maybeParseFile in goroutine 21
	github.com/evanw/esbuild/internal/bundler/bundler.go:1630 +0xd85

goroutine 1297 gp=0xc004d56700 m=nil [chan receive]:
runtime.gopark(0xc001a16ea0?, 0x2000000000070?, 0x73?, 0x9e?, 0x20b0ba22ef8?)
	runtime/proc.go:460 +0xce fp=0xc00533f478 sp=0xc00533f458 pc=0x7ff656bc72ce
runtime.chanrecv(0xc004be8460, 0xc00533f550, 0x1)
	runtime/chan.go:667 +0x473 fp=0xc00533f4f0 sp=0xc00533f478 pc=0x7ff656b5e593
runtime.chanrecv1(0x7ff65714d260?, 0xc004b99800?)
	runtime/chan.go:509 +0x12 fp=0xc00533f518 sp=0xc00533f4f0 pc=0x7ff656b5e0f2
main.(*serviceType).sendRequest(0xc000181890, {0x7ff65714d260, 0xc004b99800})
	github.com/evanw/esbuild/cmd/esbuild/service.go:192 +0x12b fp=0xc00533f588 sp=0xc00533f518 pc=0x7ff65706fb6b
main.(*serviceType).convertPlugins.func2.4({{0xc0005d8c80, 0x74}, {0x7ff6571cd3af, 0x4}, {0x0, 0x0}, {0x0, 0x0}, 0x0})
	github.com/evanw/esbuild/cmd/esbuild/service.go:1088 +0x836 fp=0xc00533f808 sp=0xc00533f588 pc=0x7ff657078356
github.com/evanw/esbuild/pkg/api.(*pluginImpl).onLoad.func1({{0x0, 0x0}, {{0xc0005d8c80, 0x74}, {0x7ff6571cd3af, 0x4}, 
{0x0, 0x0}, {{0x0, 0x0}}, ...}})
	github.com/evanw/esbuild/pkg/api/api_impl.go:2014 +0x190 fp=0xc00533fa70 sp=0xc00533f808 pc=0x7ff657036ad0
github.com/evanw/esbuild/internal/bundler.runOnLoadPlugins({0xc000090240?, 0x2e2691fd271da60a?, 0xc0010e1560?}, 
{0x7ff6572bce40?, 0xc0000a6360}, 0xc0000901e0, {0xc0000beb60, 0xc0000aa390, 0xc0000aa3a8, 0xc0000a6340, ...}, ...)
	github.com/evanw/esbuild/internal/bundler/bundler.go:1203 +0xcd5 fp=0xc00533fe10 sp=0xc00533fa70 pc=0x7ff656f82835
github.com/evanw/esbuild/internal/bundler.parseFile({{0x7ff6572bce40, 0xc0000a6360}, {0xc0000beb60, 0xc0000aa390, 
0xc0000aa3a8, 0xc0000a6340, 0x6, 0xc0000a0450}, 0xc0004ae488, 0xc0000901e0, ...})
	github.com/evanw/esbuild/internal/bundler/bundler.go:163 +0x2b5 fp=0xc005341608 sp=0xc00533fe10 pc=0x7ff656f777f5
github.com/evanw/esbuild/internal/bundler.(*scanner).maybeParseFile.gowrap1()
	github.com/evanw/esbuild/internal/bundler/bundler.go:1630 +0x2fa fp=0xc005341fe0 sp=0xc005341608 pc=0x7ff656f85a5a
runtime.goexit({})
	runtime/asm_amd64.s:1693 +0x1 fp=0xc005341fe8 sp=0xc005341fe0 pc=0x7ff656bcf221
created by github.com/evanw/esbuild/internal/bundler.(*scanner).maybeParseFile in goroutine 21
	github.com/evanw/esbuild/internal/bundler/bundler.go:1630 +0xd85

goroutine 1298 gp=0xc004d568c0 m=nil [chan receive]:
runtime.gopark(0xc000f1d560?, 0x2000000000070?, 0x5?, 0x61?, 0x20b0ba22ef8?)
	runtime/proc.go:460 +0xce fp=0xc005347478 sp=0xc005347458 pc=0x7ff656bc72ce
runtime.chanrecv(0xc004be84d0, 0xc005347550, 0x1)
	runtime/chan.go:667 +0x473 fp=0xc0053474f0 sp=0xc005347478 pc=0x7ff656b5e593
runtime.chanrecv1(0x7ff65714d260?, 0xc004b99860?)
	runtime/chan.go:509 +0x12 fp=0xc005347518 sp=0xc0053474f0 pc=0x7ff656b5e0f2
main.(*serviceType).sendRequest(0xc000181890, {0x7ff65714d260, 0xc004b99860})
	github.com/evanw/esbuild/cmd/esbuild/service.go:192 +0x12b fp=0xc005347588 sp=0xc005347518 pc=0x7ff65706fb6b
main.(*serviceType).convertPlugins.func2.4({{0xc0000cc200, 0x72}, {0x7ff6571cd3af, 0x4}, {0x0, 0x0}, {0x0, 0x0}, 0x0})
	github.com/evanw/esbuild/cmd/esbuild/service.go:1088 +0x836 fp=0xc005347808 sp=0xc005347588 pc=0x7ff657078356
github.com/evanw/esbuild/pkg/api.(*pluginImpl).onLoad.func1({{0x0, 0x0}, {{0xc0000cc200, 0x72}, {0x7ff6571cd3af, 0x4}, 
{0x0, 0x0}, {{0x0, 0x0}}, ...}})
	github.com/evanw/esbuild/pkg/api/api_impl.go:2014 +0x190 fp=0xc005347a70 sp=0xc005347808 pc=0x7ff657036ad0
github.com/evanw/esbuild/internal/bundler.runOnLoadPlugins({0xc000090240?, 0x2e2691fd271da60a?, 0xc0010e1560?}, 
{0x7ff6572bce40?, 0xc0000a6360}, 0xc0000901e0, {0xc0000beb60, 0xc0000aa390, 0xc0000aa3a8, 0xc0000a6340, ...}, ...)
	github.com/evanw/esbuild/internal/bundler/bundler.go:1203 +0xcd5 fp=0xc005347e10 sp=0xc005347a70 pc=0x7ff656f82835
github.com/evanw/esbuild/internal/bundler.parseFile({{0x7ff6572bce40, 0xc0000a6360}, {0xc0000beb60, 0xc0000aa390, 
0xc0000aa3a8, 0xc0000a6340, 0x6, 0xc0000a0450}, 0xc0004ae488, 0xc0000901e0, ...})
	github.com/evanw/esbuild/internal/bundler/bundler.go:163 +0x2b5 fp=0xc005349608 sp=0xc005347e10 pc=0x7ff656f777f5
github.com/evanw/esbuild/internal/bundler.(*scanner).maybeParseFile.gowrap1()
	github.com/evanw/esbuild/internal/bundler/bundler.go:1630 +0x2fa fp=0xc005349fe0 sp=0xc005349608 pc=0x7ff656f85a5a
runtime.goexit({})
	runtime/asm_amd64.s:1693 +0x1 fp=0xc005349fe8 sp=0xc005349fe0 pc=0x7ff656bcf221
created by github.com/evanw/esbuild/internal/bundler.(*scanner).maybeParseFile in goroutine 21
	github.com/evanw/esbuild/internal/bundler/bundler.go:1630 +0xd85

goroutine 1299 gp=0xc004d56a80 m=nil [chan receive]:
runtime.gopark(0xc001b9d0e0?, 0x2000000000070?, 0x7a?, 0x62?, 0x20b0ba22ef8?)
	runtime/proc.go:460 +0xce fp=0xc00534f478 sp=0xc00534f458 pc=0x7ff656bc72ce
runtime.chanrecv(0xc004be8540, 0xc00534f550, 0x1)
	runtime/chan.go:667 +0x473 fp=0xc00534f4f0 sp=0xc00534f478 pc=0x7ff656b5e593
runtime.chanrecv1(0x7ff65714d260?, 0xc004b998c0?)
	runtime/chan.go:509 +0x12 fp=0xc00534f518 sp=0xc00534f4f0 pc=0x7ff656b5e0f2
main.(*serviceType).sendRequest(0xc000181890, {0x7ff65714d260, 0xc004b998c0})
	github.com/evanw/esbuild/cmd/esbuild/service.go:192 +0x12b fp=0xc00534f588 sp=0xc00534f518 pc=0x7ff65706fb6b
main.(*serviceType).convertPlugins.func2.4({{0xc0000cc680, 0x72}, {0x7ff6571cd3af, 0x4}, {0x0, 0x0}, {0x0, 0x0}, 0x0})
	github.com/evanw/esbuild/cmd/esbuild/service.go:1088 +0x836 fp=0xc00534f808 sp=0xc00534f588 pc=0x7ff657078356
github.com/evanw/esbuild/pkg/api.(*pluginImpl).onLoad.func1({{0x0, 0x0}, {{0xc0000cc680, 0x72}, {0x7ff6571cd3af, 0x4}, 
{0x0, 0x0}, {{0x0, 0x0}}, ...}})
	github.com/evanw/esbuild/pkg/api/api_impl.go:2014 +0x190 fp=0xc00534fa70 sp=0xc00534f808 pc=0x7ff657036ad0
github.com/evanw/esbuild/internal/bundler.runOnLoadPlugins({0xc000090240?, 0x2e2691fd271da60a?, 0xc0010e1560?}, 
{0x7ff6572bce40?, 0xc0000a6360}, 0xc0000901e0, {0xc0000beb60, 0xc0000aa390, 0xc0000aa3a8, 0xc0000a6340, ...}, ...)
	github.com/evanw/esbuild/internal/bundler/bundler.go:1203 +0xcd5 fp=0xc00534fe10 sp=0xc00534fa70 pc=0x7ff656f82835
github.com/evanw/esbuild/internal/bundler.parseFile({{0x7ff6572bce40, 0xc0000a6360}, {0xc0000beb60, 0xc0000aa390, 
0xc0000aa3a8, 0xc0000a6340, 0x6, 0xc0000a0450}, 0xc0004ae488, 0xc0000901e0, ...})
	github.com/evanw/esbuild/internal/bundler/bundler.go:163 +0x2b5 fp=0xc005351608 sp=0xc00534fe10 pc=0x7ff656f777f5
github.com/evanw/esbuild/internal/bundler.(*scanner).maybeParseFile.gowrap1()
	github.com/evanw/esbuild/internal/bundler/bundler.go:1630 +0x2fa fp=0xc005351fe0 sp=0xc005351608 pc=0x7ff656f85a5a
runtime.goexit({})
	runtime/asm_amd64.s:1693 +0x1 fp=0xc005351fe8 sp=0xc005351fe0 pc=0x7ff656bcf221
created by github.com/evanw/esbuild/internal/bundler.(*scanner).maybeParseFile in goroutine 21
	github.com/evanw/esbuild/internal/bundler/bundler.go:1630 +0xd85

goroutine 1300 gp=0xc004d56c40 m=nil [chan receive]:
runtime.gopark(0xc00055a780?, 0x2000000000070?, 0xaf?, 0x1f?, 0x20b0ba22ef8?)
	runtime/proc.go:460 +0xce fp=0xc005357478 sp=0xc005357458 pc=0x7ff656bc72ce
runtime.chanrecv(0xc004be85b0, 0xc005357550, 0x1)
	runtime/chan.go:667 +0x473 fp=0xc0053574f0 sp=0xc005357478 pc=0x7ff656b5e593
runtime.chanrecv1(0x7ff65714d260?, 0xc004b99920?)
	runtime/chan.go:509 +0x12 fp=0xc005357518 sp=0xc0053574f0 pc=0x7ff656b5e0f2
main.(*serviceType).sendRequest(0xc000181890, {0x7ff65714d260, 0xc004b99920})
	github.com/evanw/esbuild/cmd/esbuild/service.go:192 +0x12b fp=0xc005357588 sp=0xc005357518 pc=0x7ff65706fb6b
main.(*serviceType).convertPlugins.func2.4({{0xc0000ccc80, 0x72}, {0x7ff6571cd3af, 0x4}, {0x0, 0x0}, {0x0, 0x0}, 0x0})
	github.com/evanw/esbuild/cmd/esbuild/service.go:1088 +0x836 fp=0xc005357808 sp=0xc005357588 pc=0x7ff657078356
github.com/evanw/esbuild/pkg/api.(*pluginImpl).onLoad.func1({{0x0, 0x0}, {{0xc0000ccc80, 0x72}, {0x7ff6571cd3af, 0x4}, 
{0x0, 0x0}, {{0x0, 0x0}}, ...}})
	github.com/evanw/esbuild/pkg/api/api_impl.go:2014 +0x190 fp=0xc005357a70 sp=0xc005357808 pc=0x7ff657036ad0
github.com/evanw/esbuild/internal/bundler.runOnLoadPlugins({0xc000090240?, 0x2e2691fd271da60a?, 0xc0010e1560?}, 
{0x7ff6572bce40?, 0xc0000a6360}, 0xc0000901e0, {0xc0000beb60, 0xc0000aa390, 0xc0000aa3a8, 0xc0000a6340, ...}, ...)
	github.com/evanw/esbuild/internal/bundler/bundler.go:1203 +0xcd5 fp=0xc005357e10 sp=0xc005357a70 pc=0x7ff656f82835
github.com/evanw/esbuild/internal/bundler.parseFile({{0x7ff6572bce40, 0xc0000a6360}, {0xc0000beb60, 0xc0000aa390, 
0xc0000aa3a8, 0xc0000a6340, 0x6, 0xc0000a0450}, 0xc0004ae488, 0xc0000901e0, ...})
	github.com/evanw/esbuild/internal/bundler/bundler.go:163 +0x2b5 fp=0xc005359608 sp=0xc005357e10 pc=0x7ff656f777f5
github.com/evanw/esbuild/internal/bundler.(*scanner).maybeParseFile.gowrap1()
	github.com/evanw/esbuild/internal/bundler/bundler.go:1630 +0x2fa fp=0xc005359fe0 sp=0xc005359608 pc=0x7ff656f85a5a
runtime.goexit({})
	runtime/asm_amd64.s:1693 +0x1 fp=0xc005359fe8 sp=0xc005359fe0 pc=0x7ff656bcf221
created by github.com/evanw/esbuild/internal/bundler.(*scanner).maybeParseFile in goroutine 21
	github.com/evanw/esbuild/internal/bundler/bundler.go:1630 +0xd85

goroutine 1301 gp=0xc004d56e00 m=nil [chan receive]:
runtime.gopark(0xc00040a9c0?, 0x2000000000070?, 0xa8?, 0xbb?, 0x20b0ba22ef8?)
	runtime/proc.go:460 +0xce fp=0xc005361478 sp=0xc005361458 pc=0x7ff656bc72ce
runtime.chanrecv(0xc004be8620, 0xc005361550, 0x1)
	runtime/chan.go:667 +0x473 fp=0xc0053614f0 sp=0xc005361478 pc=0x7ff656b5e593
runtime.chanrecv1(0x7ff65714d260?, 0xc004b99980?)
	runtime/chan.go:509 +0x12 fp=0xc005361518 sp=0xc0053614f0 pc=0x7ff656b5e0f2
main.(*serviceType).sendRequest(0xc000181890, {0x7ff65714d260, 0xc004b99980})
	github.com/evanw/esbuild/cmd/esbuild/service.go:192 +0x12b fp=0xc005361588 sp=0xc005361518 pc=0x7ff65706fb6b
main.(*serviceType).convertPlugins.func2.4({{0xc0000cd480, 0x78}, {0x7ff6571cd3af, 0x4}, {0x0, 0x0}, {0x0, 0x0}, 0x0})
	github.com/evanw/esbuild/cmd/esbuild/service.go:1088 +0x836 fp=0xc005361808 sp=0xc005361588 pc=0x7ff657078356
github.com/evanw/esbuild/pkg/api.(*pluginImpl).onLoad.func1({{0x0, 0x0}, {{0xc0000cd480, 0x78}, {0x7ff6571cd3af, 0x4}, 
{0x0, 0x0}, {{0x0, 0x0}}, ...}})
	github.com/evanw/esbuild/pkg/api/api_impl.go:2014 +0x190 fp=0xc005361a70 sp=0xc005361808 pc=0x7ff657036ad0
github.com/evanw/esbuild/internal/bundler.runOnLoadPlugins({0xc000090240?, 0x2e2691fd271da60a?, 0xc0010e1560?}, 
{0x7ff6572bce40?, 0xc0000a6360}, 0xc0000901e0, {0xc0000beb60, 0xc0000aa390, 0xc0000aa3a8, 0xc0000a6340, ...}, ...)
	github.com/evanw/esbuild/internal/bundler/bundler.go:1203 +0xcd5 fp=0xc005361e10 sp=0xc005361a70 pc=0x7ff656f82835
github.com/evanw/esbuild/internal/bundler.parseFile({{0x7ff6572bce40, 0xc0000a6360}, {0xc0000beb60, 0xc0000aa390, 
0xc0000aa3a8, 0xc0000a6340, 0x6, 0xc0000a0450}, 0xc0004ae488, 0xc0000901e0, ...})
	github.com/evanw/esbuild/internal/bundler/bundler.go:163 +0x2b5 fp=0xc005363608 sp=0xc005361e10 pc=0x7ff656f777f5
github.com/evanw/esbuild/internal/bundler.(*scanner).maybeParseFile.gowrap1()
	github.com/evanw/esbuild/internal/bundler/bundler.go:1630 +0x2fa fp=0xc005363fe0 sp=0xc005363608 pc=0x7ff656f85a5a
runtime.goexit({})
	runtime/asm_amd64.s:1693 +0x1 fp=0xc005363fe8 sp=0xc005363fe0 pc=0x7ff656bcf221
created by github.com/evanw/esbuild/internal/bundler.(*scanner).maybeParseFile in goroutine 21
	github.com/evanw/esbuild/internal/bundler/bundler.go:1630 +0xd85

goroutine 1302 gp=0xc004d56fc0 m=nil [chan receive]:
runtime.gopark(0xc0012be2a0?, 0x2000000000070?, 0x9c?, 0xaa?, 0xc0053694b0?)
	runtime/proc.go:460 +0xce fp=0xc005369478 sp=0xc005369458 pc=0x7ff656bc72ce
runtime.chanrecv(0xc004be8690, 0xc005369550, 0x1)
	runtime/chan.go:667 +0x473 fp=0xc0053694f0 sp=0xc005369478 pc=0x7ff656b5e593
runtime.chanrecv1(0x7ff65714d260?, 0xc004b999e0?)
	runtime/chan.go:509 +0x12 fp=0xc005369518 sp=0xc0053694f0 pc=0x7ff656b5e0f2
main.(*serviceType).sendRequest(0xc000181890, {0x7ff65714d260, 0xc004b999e0})
	github.com/evanw/esbuild/cmd/esbuild/service.go:192 +0x12b fp=0xc005369588 sp=0xc005369518 pc=0x7ff65706fb6b
main.(*serviceType).convertPlugins.func2.4({{0xc004002080, 0x79}, {0x7ff6571cd3af, 0x4}, {0x0, 0x0}, {0x0, 0x0}, 0x0})
	github.com/evanw/esbuild/cmd/esbuild/service.go:1088 +0x836 fp=0xc005369808 sp=0xc005369588 pc=0x7ff657078356
github.com/evanw/esbuild/pkg/api.(*pluginImpl).onLoad.func1({{0x0, 0x0}, {{0xc004002080, 0x79}, {0x7ff6571cd3af, 0x4}, 
{0x0, 0x0}, {{0x0, 0x0}}, ...}})
	github.com/evanw/esbuild/pkg/api/api_impl.go:2014 +0x190 fp=0xc005369a70 sp=0xc005369808 pc=0x7ff657036ad0
github.com/evanw/esbuild/internal/bundler.runOnLoadPlugins({0xc000090240?, 0x2e2691fd271da60a?, 0xc0010e1560?}, 
{0x7ff6572bce40?, 0xc0000a6360}, 0xc0000901e0, {0xc0000beb60, 0xc0000aa390, 0xc0000aa3a8, 0xc0000a6340, ...}, ...)
	github.com/evanw/esbuild/internal/bundler/bundler.go:1203 +0xcd5 fp=0xc005369e10 sp=0xc005369a70 pc=0x7ff656f82835
github.com/evanw/esbuild/internal/bundler.parseFile({{0x7ff6572bce40, 0xc0000a6360}, {0xc0000beb60, 0xc0000aa390, 
0xc0000aa3a8, 0xc0000a6340, 0x6, 0xc0000a0450}, 0xc0004ae488, 0xc0000901e0, ...})
	github.com/evanw/esbuild/internal/bundler/bundler.go:163 +0x2b5 fp=0xc00536b608 sp=0xc005369e10 pc=0x7ff656f777f5
github.com/evanw/esbuild/internal/bundler.(*scanner).maybeParseFile.gowrap1()
	github.com/evanw/esbuild/internal/bundler/bundler.go:1630 +0x2fa fp=0xc00536bfe0 sp=0xc00536b608 pc=0x7ff656f85a5a
runtime.goexit({})
	runtime/asm_amd64.s:1693 +0x1 fp=0xc00536bfe8 sp=0xc00536bfe0 pc=0x7ff656bcf221
created by github.com/evanw/esbuild/internal/bundler.(*scanner).maybeParseFile in goroutine 21
	github.com/evanw/esbuild/internal/bundler/bundler.go:1630 +0xd85

goroutine 1303 gp=0xc004d57180 m=nil [chan receive]:
runtime.gopark(0xc001385140?, 0x2000000000070?, 0x78?, 0xff?, 0x20b0ba21368?)
	runtime/proc.go:460 +0xce fp=0xc005289478 sp=0xc005289458 pc=0x7ff656bc72ce
runtime.chanrecv(0xc00528c000, 0xc005289550, 0x1)
	runtime/chan.go:667 +0x473 fp=0xc0052894f0 sp=0xc005289478 pc=0x7ff656b5e593
runtime.chanrecv1(0x7ff65714d260?, 0xc005282060?)
	runtime/chan.go:509 +0x12 fp=0xc005289518 sp=0xc0052894f0 pc=0x7ff656b5e0f2
main.(*serviceType).sendRequest(0xc000181890, {0x7ff65714d260, 0xc005282060})
	github.com/evanw/esbuild/cmd/esbuild/service.go:192 +0x12b fp=0xc005289588 sp=0xc005289518 pc=0x7ff65706fb6b
main.(*serviceType).convertPlugins.func2.4({{0xc004002180, 0x71}, {0x7ff6571cd3af, 0x4}, {0x0, 0x0}, {0x0, 0x0}, 0x0})
	github.com/evanw/esbuild/cmd/esbuild/service.go:1088 +0x836 fp=0xc005289808 sp=0xc005289588 pc=0x7ff657078356
github.com/evanw/esbuild/pkg/api.(*pluginImpl).onLoad.func1({{0x0, 0x0}, {{0xc004002180, 0x71}, {0x7ff6571cd3af, 0x4}, 
{0x0, 0x0}, {{0x0, 0x0}}, ...}})
	github.com/evanw/esbuild/pkg/api/api_impl.go:2014 +0x190 fp=0xc005289a70 sp=0xc005289808 pc=0x7ff657036ad0
github.com/evanw/esbuild/internal/bundler.runOnLoadPlugins({0xc000090240?, 0x2e2691fd271da60a?, 0xc0010e1560?}, 
{0x7ff6572bce40?, 0xc0000a6360}, 0xc0000901e0, {0xc0000beb60, 0xc0000aa390, 0xc0000aa3a8, 0xc0000a6340, ...}, ...)
	github.com/evanw/esbuild/internal/bundler/bundler.go:1203 +0xcd5 fp=0xc005289e10 sp=0xc005289a70 pc=0x7ff656f82835
github.com/evanw/esbuild/internal/bundler.parseFile({{0x7ff6572bce40, 0xc0000a6360}, {0xc0000beb60, 0xc0000aa390, 
0xc0000aa3a8, 0xc0000a6340, 0x6, 0xc0000a0450}, 0xc0004ae488, 0xc0000901e0, ...})
	github.com/evanw/esbuild/internal/bundler/bundler.go:163 +0x2b5 fp=0xc00528b608 sp=0xc005289e10 pc=0x7ff656f777f5
github.com/evanw/esbuild/internal/bundler.(*scanner).maybeParseFile.gowrap1()
	github.com/evanw/esbuild/internal/bundler/bundler.go:1630 +0x2fa fp=0xc00528bfe0 sp=0xc00528b608 pc=0x7ff656f85a5a
runtime.goexit({})
	runtime/asm_amd64.s:1693 +0x1 fp=0xc00528bfe8 sp=0xc00528bfe0 pc=0x7ff656bcf221
created by github.com/evanw/esbuild/internal/bundler.(*scanner).maybeParseFile in goroutine 21
	github.com/evanw/esbuild/internal/bundler/bundler.go:1630 +0xd85

goroutine 1304 gp=0xc004d57340 m=nil [chan receive]:
runtime.gopark(0xc004479920?, 0x2000000000070?, 0xfe?, 0x54?, 0x20b0ba21368?)
	runtime/proc.go:460 +0xce fp=0xc005295478 sp=0xc005295458 pc=0x7ff656bc72ce
runtime.chanrecv(0xc00528c070, 0xc005295550, 0x1)
	runtime/chan.go:667 +0x473 fp=0xc0052954f0 sp=0xc005295478 pc=0x7ff656b5e593
runtime.chanrecv1(0x7ff65714d260?, 0xc0052820c0?)
	runtime/chan.go:509 +0x12 fp=0xc005295518 sp=0xc0052954f0 pc=0x7ff656b5e0f2
main.(*serviceType).sendRequest(0xc000181890, {0x7ff65714d260, 0xc0052820c0})
	github.com/evanw/esbuild/cmd/esbuild/service.go:192 +0x12b fp=0xc005295588 sp=0xc005295518 pc=0x7ff65706fb6b
main.(*serviceType).convertPlugins.func2.4({{0xc004002280, 0x71}, {0x7ff6571cd3af, 0x4}, {0x0, 0x0}, {0x0, 0x0}, 0x0})
	github.com/evanw/esbuild/cmd/esbuild/service.go:1088 +0x836 fp=0xc005295808 sp=0xc005295588 pc=0x7ff657078356
github.com/evanw/esbuild/pkg/api.(*pluginImpl).onLoad.func1({{0x0, 0x0}, {{0xc004002280, 0x71}, {0x7ff6571cd3af, 0x4}, 
{0x0, 0x0}, {{0x0, 0x0}}, ...}})
	github.com/evanw/esbuild/pkg/api/api_impl.go:2014 +0x190 fp=0xc005295a70 sp=0xc005295808 pc=0x7ff657036ad0
github.com/evanw/esbuild/internal/bundler.runOnLoadPlugins({0xc000090240?, 0x2e2691fd271da60a?, 0xc0010e1560?}, 
{0x7ff6572bce40?, 0xc0000a6360}, 0xc0000901e0, {0xc0000beb60, 0xc0000aa390, 0xc0000aa3a8, 0xc0000a6340, ...}, ...)
	github.com/evanw/esbuild/internal/bundler/bundler.go:1203 +0xcd5 fp=0xc005295e10 sp=0xc005295a70 pc=0x7ff656f82835
github.com/evanw/esbuild/internal/bundler.parseFile({{0x7ff6572bce40, 0xc0000a6360}, {0xc0000beb60, 0xc0000aa390, 
0xc0000aa3a8, 0xc0000a6340, 0x6, 0xc0000a0450}, 0xc0004ae488, 0xc0000901e0, ...})
	github.com/evanw/esbuild/internal/bundler/bundler.go:163 +0x2b5 fp=0xc005297608 sp=0xc005295e10 pc=0x7ff656f777f5
github.com/evanw/esbuild/internal/bundler.(*scanner).maybeParseFile.gowrap1()
	github.com/evanw/esbuild/internal/bundler/bundler.go:1630 +0x2fa fp=0xc005297fe0 sp=0xc005297608 pc=0x7ff656f85a5a
runtime.goexit({})
	runtime/asm_amd64.s:1693 +0x1 fp=0xc005297fe8 sp=0xc005297fe0 pc=0x7ff656bcf221
created by github.com/evanw/esbuild/internal/bundler.(*scanner).maybeParseFile in goroutine 21
	github.com/evanw/esbuild/internal/bundler/bundler.go:1630 +0xd85

goroutine 1305 gp=0xc004d57500 m=nil [chan receive]:
runtime.gopark(0xc004479980?, 0x2000000000070?, 0xb9?, 0x3?, 0x20b0ba21368?)
	runtime/proc.go:460 +0xce fp=0xc00529d478 sp=0xc00529d458 pc=0x7ff656bc72ce
runtime.chanrecv(0xc00528c0e0, 0xc00529d550, 0x1)
	runtime/chan.go:667 +0x473 fp=0xc00529d4f0 sp=0xc00529d478 pc=0x7ff656b5e593
runtime.chanrecv1(0x7ff65714d260?, 0xc005282120?)
	runtime/chan.go:509 +0x12 fp=0xc00529d518 sp=0xc00529d4f0 pc=0x7ff656b5e0f2
main.(*serviceType).sendRequest(0xc000181890, {0x7ff65714d260, 0xc005282120})
	github.com/evanw/esbuild/cmd/esbuild/service.go:192 +0x12b fp=0xc00529d588 sp=0xc00529d518 pc=0x7ff65706fb6b
main.(*serviceType).convertPlugins.func2.4({{0xc004002400, 0x73}, {0x7ff6571cd3af, 0x4}, {0x0, 0x0}, {0x0, 0x0}, 0x0})
	github.com/evanw/esbuild/cmd/esbuild/service.go:1088 +0x836 fp=0xc00529d808 sp=0xc00529d588 pc=0x7ff657078356
github.com/evanw/esbuild/pkg/api.(*pluginImpl).onLoad.func1({{0x0, 0x0}, {{0xc004002400, 0x73}, {0x7ff6571cd3af, 0x4}, 
{0x0, 0x0}, {{0x0, 0x0}}, ...}})
	github.com/evanw/esbuild/pkg/api/api_impl.go:2014 +0x190 fp=0xc00529da70 sp=0xc00529d808 pc=0x7ff657036ad0
github.com/evanw/esbuild/internal/bundler.runOnLoadPlugins({0xc000090240?, 0x2e2691fd271da60a?, 0xc0010e1560?}, 
{0x7ff6572bce40?, 0xc0000a6360}, 0xc0000901e0, {0xc0000beb60, 0xc0000aa390, 0xc0000aa3a8, 0xc0000a6340, ...}, ...)
	github.com/evanw/esbuild/internal/bundler/bundler.go:1203 +0xcd5 fp=0xc00529de10 sp=0xc00529da70 pc=0x7ff656f82835
github.com/evanw/esbuild/internal/bundler.parseFile({{0x7ff6572bce40, 0xc0000a6360}, {0xc0000beb60, 0xc0000aa390, 
0xc0000aa3a8, 0xc0000a6340, 0x6, 0xc0000a0450}, 0xc0004ae488, 0xc0000901e0, ...})
	github.com/evanw/esbuild/internal/bundler/bundler.go:163 +0x2b5 fp=0xc00529f608 sp=0xc00529de10 pc=0x7ff656f777f5
github.com/evanw/esbuild/internal/bundler.(*scanner).maybeParseFile.gowrap1()
	github.com/evanw/esbuild/internal/bundler/bundler.go:1630 +0x2fa fp=0xc00529ffe0 sp=0xc00529f608 pc=0x7ff656f85a5a
runtime.goexit({})
	runtime/asm_amd64.s:1693 +0x1 fp=0xc00529ffe8 sp=0xc00529ffe0 pc=0x7ff656bcf221
created by github.com/evanw/esbuild/internal/bundler.(*scanner).maybeParseFile in goroutine 21
	github.com/evanw/esbuild/internal/bundler/bundler.go:1630 +0xd85

goroutine 1306 gp=0xc004d576c0 m=nil [chan receive]:
runtime.gopark(0xc0044799e0?, 0x2000000000070?, 0x57?, 0xc?, 0x20b0ba21368?)
	runtime/proc.go:460 +0xce fp=0xc0052a5478 sp=0xc0052a5458 pc=0x7ff656bc72ce
runtime.chanrecv(0xc00528c150, 0xc0052a5550, 0x1)
	runtime/chan.go:667 +0x473 fp=0xc0052a54f0 sp=0xc0052a5478 pc=0x7ff656b5e593
runtime.chanrecv1(0x7ff65714d260?, 0xc005282180?)
	runtime/chan.go:509 +0x12 fp=0xc0052a5518 sp=0xc0052a54f0 pc=0x7ff656b5e0f2
main.(*serviceType).sendRequest(0xc000181890, {0x7ff65714d260, 0xc005282180})
	github.com/evanw/esbuild/cmd/esbuild/service.go:192 +0x12b fp=0xc0052a5588 sp=0xc0052a5518 pc=0x7ff65706fb6b
main.(*serviceType).convertPlugins.func2.4({{0xc004002580, 0x72}, {0x7ff6571cd3af, 0x4}, {0x0, 0x0}, {0x0, 0x0}, 0x0})
	github.com/evanw/esbuild/cmd/esbuild/service.go:1088 +0x836 fp=0xc0052a5808 sp=0xc0052a5588 pc=0x7ff657078356
github.com/evanw/esbuild/pkg/api.(*pluginImpl).onLoad.func1({{0x0, 0x0}, {{0xc004002580, 0x72}, {0x7ff6571cd3af, 0x4}, 
{0x0, 0x0}, {{0x0, 0x0}}, ...}})
	github.com/evanw/esbuild/pkg/api/api_impl.go:2014 +0x190 fp=0xc0052a5a70 sp=0xc0052a5808 pc=0x7ff657036ad0
github.com/evanw/esbuild/internal/bundler.runOnLoadPlugins({0xc000090240?, 0x2e2691fd271da60a?, 0xc0010e1560?}, 
{0x7ff6572bce40?, 0xc0000a6360}, 0xc0000901e0, {0xc0000beb60, 0xc0000aa390, 0xc0000aa3a8, 0xc0000a6340, ...}, ...)
	github.com/evanw/esbuild/internal/bundler/bundler.go:1203 +0xcd5 fp=0xc0052a5e10 sp=0xc0052a5a70 pc=0x7ff656f82835
github.com/evanw/esbuild/internal/bundler.parseFile({{0x7ff6572bce40, 0xc0000a6360}, {0xc0000beb60, 0xc0000aa390, 
0xc0000aa3a8, 0xc0000a6340, 0x6, 0xc0000a0450}, 0xc0004ae488, 0xc0000901e0, ...})
	github.com/evanw/esbuild/internal/bundler/bundler.go:163 +0x2b5 fp=0xc0052a7608 sp=0xc0052a5e10 pc=0x7ff656f777f5
github.com/evanw/esbuild/internal/bundler.(*scanner).maybeParseFile.gowrap1()
	github.com/evanw/esbuild/internal/bundler/bundler.go:1630 +0x2fa fp=0xc0052a7fe0 sp=0xc0052a7608 pc=0x7ff656f85a5a
runtime.goexit({})
	runtime/asm_amd64.s:1693 +0x1 fp=0xc0052a7fe8 sp=0xc0052a7fe0 pc=0x7ff656bcf221
created by github.com/evanw/esbuild/internal/bundler.(*scanner).maybeParseFile in goroutine 21
	github.com/evanw/esbuild/internal/bundler/bundler.go:1630 +0xd85

goroutine 1307 gp=0xc004d57880 m=nil [chan receive]:
runtime.gopark(0xc004479a40?, 0x2000000000070?, 0x42?, 0xab?, 0x20b0ba21368?)
	runtime/proc.go:460 +0xce fp=0xc0052af478 sp=0xc0052af458 pc=0x7ff656bc72ce
runtime.chanrecv(0xc00528c1c0, 0xc0052af550, 0x1)
	runtime/chan.go:667 +0x473 fp=0xc0052af4f0 sp=0xc0052af478 pc=0x7ff656b5e593
runtime.chanrecv1(0x7ff65714d260?, 0xc0052821e0?)
	runtime/chan.go:509 +0x12 fp=0xc0052af518 sp=0xc0052af4f0 pc=0x7ff656b5e0f2
main.(*serviceType).sendRequest(0xc000181890, {0x7ff65714d260, 0xc0052821e0})
	github.com/evanw/esbuild/cmd/esbuild/service.go:192 +0x12b fp=0xc0052af588 sp=0xc0052af518 pc=0x7ff65706fb6b
main.(*serviceType).convertPlugins.func2.4({{0xc0016efc00, 0x6f}, {0x7ff6571cd3af, 0x4}, {0x0, 0x0}, {0x0, 0x0}, 0x0})
	github.com/evanw/esbuild/cmd/esbuild/service.go:1088 +0x836 fp=0xc0052af808 sp=0xc0052af588 pc=0x7ff657078356
github.com/evanw/esbuild/pkg/api.(*pluginImpl).onLoad.func1({{0x0, 0x0}, {{0xc0016efc00, 0x6f}, {0x7ff6571cd3af, 0x4}, 
{0x0, 0x0}, {{0x0, 0x0}}, ...}})
	github.com/evanw/esbuild/pkg/api/api_impl.go:2014 +0x190 fp=0xc0052afa70 sp=0xc0052af808 pc=0x7ff657036ad0
github.com/evanw/esbuild/internal/bundler.runOnLoadPlugins({0xc000090240?, 0x2e2691fd271da60a?, 0xc0010e1560?}, 
{0x7ff6572bce40?, 0xc0000a6360}, 0xc0000901e0, {0xc0000beb60, 0xc0000aa390, 0xc0000aa3a8, 0xc0000a6340, ...}, ...)
	github.com/evanw/esbuild/internal/bundler/bundler.go:1203 +0xcd5 fp=0xc0052afe10 sp=0xc0052afa70 pc=0x7ff656f82835
github.com/evanw/esbuild/internal/bundler.parseFile({{0x7ff6572bce40, 0xc0000a6360}, {0xc0000beb60, 0xc0000aa390, 
0xc0000aa3a8, 0xc0000a6340, 0x6, 0xc0000a0450}, 0xc0004ae488, 0xc0000901e0, ...})
	github.com/evanw/esbuild/internal/bundler/bundler.go:163 +0x2b5 fp=0xc0052b1608 sp=0xc0052afe10 pc=0x7ff656f777f5
github.com/evanw/esbuild/internal/bundler.(*scanner).maybeParseFile.gowrap1()
	github.com/evanw/esbuild/internal/bundler/bundler.go:1630 +0x2fa fp=0xc0052b1fe0 sp=0xc0052b1608 pc=0x7ff656f85a5a
runtime.goexit({})
	runtime/asm_amd64.s:1693 +0x1 fp=0xc0052b1fe8 sp=0xc0052b1fe0 pc=0x7ff656bcf221
created by github.com/evanw/esbuild/internal/bundler.(*scanner).maybeParseFile in goroutine 21
	github.com/evanw/esbuild/internal/bundler/bundler.go:1630 +0xd85

goroutine 1308 gp=0xc004d57a40 m=nil [chan receive]:
runtime.gopark(0xc004479aa0?, 0x2000000000070?, 0x97?, 0x70?, 0x20b0ba21368?)
	runtime/proc.go:460 +0xce fp=0xc0052b7478 sp=0xc0052b7458 pc=0x7ff656bc72ce
runtime.chanrecv(0xc00528c230, 0xc0052b7550, 0x1)
	runtime/chan.go:667 +0x473 fp=0xc0052b74f0 sp=0xc0052b7478 pc=0x7ff656b5e593
runtime.chanrecv1(0x7ff65714d260?, 0xc005282240?)
	runtime/chan.go:509 +0x12 fp=0xc0052b7518 sp=0xc0052b74f0 pc=0x7ff656b5e0f2
main.(*serviceType).sendRequest(0xc000181890, {0x7ff65714d260, 0xc005282240})
	github.com/evanw/esbuild/cmd/esbuild/service.go:192 +0x12b fp=0xc0052b7588 sp=0xc0052b7518 pc=0x7ff65706fb6b
main.(*serviceType).convertPlugins.func2.4({{0xc004006000, 0x6d}, {0x7ff6571cd3af, 0x4}, {0x0, 0x0}, {0x0, 0x0}, 0x0})
	github.com/evanw/esbuild/cmd/esbuild/service.go:1088 +0x836 fp=0xc0052b7808 sp=0xc0052b7588 pc=0x7ff657078356
github.com/evanw/esbuild/pkg/api.(*pluginImpl).onLoad.func1({{0x0, 0x0}, {{0xc004006000, 0x6d}, {0x7ff6571cd3af, 0x4}, 
{0x0, 0x0}, {{0x0, 0x0}}, ...}})
	github.com/evanw/esbuild/pkg/api/api_impl.go:2014 +0x190 fp=0xc0052b7a70 sp=0xc0052b7808 pc=0x7ff657036ad0
github.com/evanw/esbuild/internal/bundler.runOnLoadPlugins({0xc000090240?, 0x2e2691fd271da60a?, 0xc0010e1560?}, 
{0x7ff6572bce40?, 0xc0000a6360}, 0xc0000901e0, {0xc0000beb60, 0xc0000aa390, 0xc0000aa3a8, 0xc0000a6340, ...}, ...)
	github.com/evanw/esbuild/internal/bundler/bundler.go:1203 +0xcd5 fp=0xc0052b7e10 sp=0xc0052b7a70 pc=0x7ff656f82835
github.com/evanw/esbuild/internal/bundler.parseFile({{0x7ff6572bce40, 0xc0000a6360}, {0xc0000beb60, 0xc0000aa390, 
0xc0000aa3a8, 0xc0000a6340, 0x6, 0xc0000a0450}, 0xc0004ae488, 0xc0000901e0, ...})
	github.com/evanw/esbuild/internal/bundler/bundler.go:163 +0x2b5 fp=0xc0052b9608 sp=0xc0052b7e10 pc=0x7ff656f777f5
github.com/evanw/esbuild/internal/bundler.(*scanner).maybeParseFile.gowrap1()
	github.com/evanw/esbuild/internal/bundler/bundler.go:1630 +0x2fa fp=0xc0052b9fe0 sp=0xc0052b9608 pc=0x7ff656f85a5a
runtime.goexit({})
	runtime/asm_amd64.s:1693 +0x1 fp=0xc0052b9fe8 sp=0xc0052b9fe0 pc=0x7ff656bcf221
created by github.com/evanw/esbuild/internal/bundler.(*scanner).maybeParseFile in goroutine 21
	github.com/evanw/esbuild/internal/bundler/bundler.go:1630 +0xd85

goroutine 1309 gp=0xc004d57c00 m=nil [chan receive]:
runtime.gopark(0xc004479b00?, 0x2000000000070?, 0xd2?, 0xba?, 0x20b0ba21368?)
	runtime/proc.go:460 +0xce fp=0xc0052c1478 sp=0xc0052c1458 pc=0x7ff656bc72ce
runtime.chanrecv(0xc00528c2a0, 0xc0052c1550, 0x1)
	runtime/chan.go:667 +0x473 fp=0xc0052c14f0 sp=0xc0052c1478 pc=0x7ff656b5e593
runtime.chanrecv1(0x7ff65714d260?, 0xc0052822a0?)
	runtime/chan.go:509 +0x12 fp=0xc0052c1518 sp=0xc0052c14f0 pc=0x7ff656b5e0f2
main.(*serviceType).sendRequest(0xc000181890, {0x7ff65714d260, 0xc0052822a0})
	github.com/evanw/esbuild/cmd/esbuild/service.go:192 +0x12b fp=0xc0052c1588 sp=0xc0052c1518 pc=0x7ff65706fb6b
main.(*serviceType).convertPlugins.func2.4({{0xc0040063f0, 0x70}, {0x7ff6571cd3af, 0x4}, {0x0, 0x0}, {0x0, 0x0}, 0x0})
	github.com/evanw/esbuild/cmd/esbuild/service.go:1088 +0x836 fp=0xc0052c1808 sp=0xc0052c1588 pc=0x7ff657078356
github.com/evanw/esbuild/pkg/api.(*pluginImpl).onLoad.func1({{0x0, 0x0}, {{0xc0040063f0, 0x70}, {0x7ff6571cd3af, 0x4}, 
{0x0, 0x0}, {{0x0, 0x0}}, ...}})
	github.com/evanw/esbuild/pkg/api/api_impl.go:2014 +0x190 fp=0xc0052c1a70 sp=0xc0052c1808 pc=0x7ff657036ad0
github.com/evanw/esbuild/internal/bundler.runOnLoadPlugins({0xc000090240?, 0x2e2691fd271da60a?, 0xc0010e1560?}, 
{0x7ff6572bce40?, 0xc0000a6360}, 0xc0000901e0, {0xc0000beb60, 0xc0000aa390, 0xc0000aa3a8, 0xc0000a6340, ...}, ...)
	github.com/evanw/esbuild/internal/bundler/bundler.go:1203 +0xcd5 fp=0xc0052c1e10 sp=0xc0052c1a70 pc=0x7ff656f82835
github.com/evanw/esbuild/internal/bundler.parseFile({{0x7ff6572bce40, 0xc0000a6360}, {0xc0000beb60, 0xc0000aa390, 
0xc0000aa3a8, 0xc0000a6340, 0x6, 0xc0000a0450}, 0xc0004ae488, 0xc0000901e0, ...})
	github.com/evanw/esbuild/internal/bundler/bundler.go:163 +0x2b5 fp=0xc0052c3608 sp=0xc0052c1e10 pc=0x7ff656f777f5
github.com/evanw/esbuild/internal/bundler.(*scanner).maybeParseFile.gowrap1()
	github.com/evanw/esbuild/internal/bundler/bundler.go:1630 +0x2fa fp=0xc0052c3fe0 sp=0xc0052c3608 pc=0x7ff656f85a5a
runtime.goexit({})
	runtime/asm_amd64.s:1693 +0x1 fp=0xc0052c3fe8 sp=0xc0052c3fe0 pc=0x7ff656bcf221
created by github.com/evanw/esbuild/internal/bundler.(*scanner).maybeParseFile in goroutine 21
	github.com/evanw/esbuild/internal/bundler/bundler.go:1630 +0xd85

goroutine 1310 gp=0xc004d57dc0 m=nil [chan receive]:
runtime.gopark(0xc004479b60?, 0x2000000000070?, 0xbb?, 0xf0?, 0x20b0ba21368?)
	runtime/proc.go:460 +0xce fp=0xc0052c9478 sp=0xc0052c9458 pc=0x7ff656bc72ce
runtime.chanrecv(0xc00528c310, 0xc0052c9550, 0x1)
	runtime/chan.go:667 +0x473 fp=0xc0052c94f0 sp=0xc0052c9478 pc=0x7ff656b5e593
runtime.chanrecv1(0x7ff65714d260?, 0xc005282300?)
	runtime/chan.go:509 +0x12 fp=0xc0052c9518 sp=0xc0052c94f0 pc=0x7ff656b5e0f2
main.(*serviceType).sendRequest(0xc000181890, {0x7ff65714d260, 0xc005282300})
	github.com/evanw/esbuild/cmd/esbuild/service.go:192 +0x12b fp=0xc0052c9588 sp=0xc0052c9518 pc=0x7ff65706fb6b
main.(*serviceType).convertPlugins.func2.4({{0xc004002800, 0x74}, {0x7ff6571cd3af, 0x4}, {0x0, 0x0}, {0x0, 0x0}, 0x0})
	github.com/evanw/esbuild/cmd/esbuild/service.go:1088 +0x836 fp=0xc0052c9808 sp=0xc0052c9588 pc=0x7ff657078356
github.com/evanw/esbuild/pkg/api.(*pluginImpl).onLoad.func1({{0x0, 0x0}, {{0xc004002800, 0x74}, {0x7ff6571cd3af, 0x4}, 
{0x0, 0x0}, {{0x0, 0x0}}, ...}})
	github.com/evanw/esbuild/pkg/api/api_impl.go:2014 +0x190 fp=0xc0052c9a70 sp=0xc0052c9808 pc=0x7ff657036ad0
github.com/evanw/esbuild/internal/bundler.runOnLoadPlugins({0xc000090240?, 0x2e2691fd271da60a?, 0xc0010e1560?}, 
{0x7ff6572bce40?, 0xc0000a6360}, 0xc0000901e0, {0xc0000beb60, 0xc0000aa390, 0xc0000aa3a8, 0xc0000a6340, ...}, ...)
	github.com/evanw/esbuild/internal/bundler/bundler.go:1203 +0xcd5 fp=0xc0052c9e10 sp=0xc0052c9a70 pc=0x7ff656f82835
github.com/evanw/esbuild/internal/bundler.parseFile({{0x7ff6572bce40, 0xc0000a6360}, {0xc0000beb60, 0xc0000aa390, 
0xc0000aa3a8, 0xc0000a6340, 0x6, 0xc0000a0450}, 0xc0004ae488, 0xc0000901e0, ...})
	github.com/evanw/esbuild/internal/bundler/bundler.go:163 +0x2b5 fp=0xc0052cb608 sp=0xc0052c9e10 pc=0x7ff656f777f5
github.com/evanw/esbuild/internal/bundler.(*scanner).maybeParseFile.gowrap1()
	github.com/evanw/esbuild/internal/bundler/bundler.go:1630 +0x2fa fp=0xc0052cbfe0 sp=0xc0052cb608 pc=0x7ff656f85a5a
runtime.goexit({})
	runtime/asm_amd64.s:1693 +0x1 fp=0xc0052cbfe8 sp=0xc0052cbfe0 pc=0x7ff656bcf221
created by github.com/evanw/esbuild/internal/bundler.(*scanner).maybeParseFile in goroutine 21
	github.com/evanw/esbuild/internal/bundler/bundler.go:1630 +0xd85

goroutine 1311 gp=0xc004d7e000 m=nil [chan receive]:
runtime.gopark(0xc004479bc0?, 0x2000000000070?, 0xe6?, 0x14?, 0x20b0ba21368?)
	runtime/proc.go:460 +0xce fp=0xc0052d1478 sp=0xc0052d1458 pc=0x7ff656bc72ce
runtime.chanrecv(0xc00528c380, 0xc0052d1550, 0x1)
	runtime/chan.go:667 +0x473 fp=0xc0052d14f0 sp=0xc0052d1478 pc=0x7ff656b5e593
runtime.chanrecv1(0x7ff65714d260?, 0xc005282360?)
	runtime/chan.go:509 +0x12 fp=0xc0052d1518 sp=0xc0052d14f0 pc=0x7ff656b5e0f2
main.(*serviceType).sendRequest(0xc000181890, {0x7ff65714d260, 0xc005282360})
	github.com/evanw/esbuild/cmd/esbuild/service.go:192 +0x12b fp=0xc0052d1588 sp=0xc0052d1518 pc=0x7ff65706fb6b
main.(*serviceType).convertPlugins.func2.4({{0xc004002b00, 0x76}, {0x7ff6571cd3af, 0x4}, {0x0, 0x0}, {0x0, 0x0}, 0x0})
	github.com/evanw/esbuild/cmd/esbuild/service.go:1088 +0x836 fp=0xc0052d1808 sp=0xc0052d1588 pc=0x7ff657078356
github.com/evanw/esbuild/pkg/api.(*pluginImpl).onLoad.func1({{0x0, 0x0}, {{0xc004002b00, 0x76}, {0x7ff6571cd3af, 0x4}, 
{0x0, 0x0}, {{0x0, 0x0}}, ...}})
	github.com/evanw/esbuild/pkg/api/api_impl.go:2014 +0x190 fp=0xc0052d1a70 sp=0xc0052d1808 pc=0x7ff657036ad0
github.com/evanw/esbuild/internal/bundler.runOnLoadPlugins({0xc000090240?, 0x2e2691fd271da60a?, 0xc0010e1560?}, 
{0x7ff6572bce40?, 0xc0000a6360}, 0xc0000901e0, {0xc0000beb60, 0xc0000aa390, 0xc0000aa3a8, 0xc0000a6340, ...}, ...)
	github.com/evanw/esbuild/internal/bundler/bundler.go:1203 +0xcd5 fp=0xc0052d1e10 sp=0xc0052d1a70 pc=0x7ff656f82835
github.com/evanw/esbuild/internal/bundler.parseFile({{0x7ff6572bce40, 0xc0000a6360}, {0xc0000beb60, 0xc0000aa390, 
0xc0000aa3a8, 0xc0000a6340, 0x6, 0xc0000a0450}, 0xc0004ae488, 0xc0000901e0, ...})
	github.com/evanw/esbuild/internal/bundler/bundler.go:163 +0x2b5 fp=0xc0052d3608 sp=0xc0052d1e10 pc=0x7ff656f777f5
github.com/evanw/esbuild/internal/bundler.(*scanner).maybeParseFile.gowrap1()
	github.com/evanw/esbuild/internal/bundler/bundler.go:1630 +0x2fa fp=0xc0052d3fe0 sp=0xc0052d3608 pc=0x7ff656f85a5a
runtime.goexit({})
	runtime/asm_amd64.s:1693 +0x1 fp=0xc0052d3fe8 sp=0xc0052d3fe0 pc=0x7ff656bcf221
created by github.com/evanw/esbuild/internal/bundler.(*scanner).maybeParseFile in goroutine 21
	github.com/evanw/esbuild/internal/bundler/bundler.go:1630 +0xd85

goroutine 1312 gp=0xc004d7e1c0 m=nil [chan receive]:
runtime.gopark(0xc0013857a0?, 0x2000000000070?, 0x74?, 0x19?, 0x20b0ba21c98?)
	runtime/proc.go:460 +0xce fp=0xc005137478 sp=0xc005137458 pc=0x7ff656bc72ce
runtime.chanrecv(0xc003a0bd50, 0xc005137550, 0x1)
	runtime/chan.go:667 +0x473 fp=0xc0051374f0 sp=0xc005137478 pc=0x7ff656b5e593
runtime.chanrecv1(0x7ff65714d260?, 0xc0047f9bc0?)
	runtime/chan.go:509 +0x12 fp=0xc005137518 sp=0xc0051374f0 pc=0x7ff656b5e0f2
main.(*serviceType).sendRequest(0xc000181890, {0x7ff65714d260, 0xc0047f9bc0})
	github.com/evanw/esbuild/cmd/esbuild/service.go:192 +0x12b fp=0xc005137588 sp=0xc005137518 pc=0x7ff65706fb6b
main.(*serviceType).convertPlugins.func2.4({{0xc004006af0, 0x6d}, {0x7ff6571cd3af, 0x4}, {0x0, 0x0}, {0x0, 0x0}, 0x0})
	github.com/evanw/esbuild/cmd/esbuild/service.go:1088 +0x836 fp=0xc005137808 sp=0xc005137588 pc=0x7ff657078356
github.com/evanw/esbuild/pkg/api.(*pluginImpl).onLoad.func1({{0x0, 0x0}, {{0xc004006af0, 0x6d}, {0x7ff6571cd3af, 0x4}, 
{0x0, 0x0}, {{0x0, 0x0}}, ...}})
	github.com/evanw/esbuild/pkg/api/api_impl.go:2014 +0x190 fp=0xc005137a70 sp=0xc005137808 pc=0x7ff657036ad0
github.com/evanw/esbuild/internal/bundler.runOnLoadPlugins({0xc000090240?, 0x0?, 0x0?}, {0x7ff6572bce40?, 
0xc0000a6360}, 0xc0000901e0, {0xc0000beb60, 0xc0000aa390, 0xc0000aa3a8, 0xc0000a6340, ...}, ...)
	github.com/evanw/esbuild/internal/bundler/bundler.go:1203 +0xcd5 fp=0xc005137e10 sp=0xc005137a70 pc=0x7ff656f82835
github.com/evanw/esbuild/internal/bundler.parseFile({{0x7ff6572bce40, 0xc0000a6360}, {0xc0000beb60, 0xc0000aa390, 
0xc0000aa3a8, 0xc0000a6340, 0x6, 0xc0000a0450}, 0xc0004ae488, 0xc0000901e0, ...})
	github.com/evanw/esbuild/internal/bundler/bundler.go:163 +0x2b5 fp=0xc005139608 sp=0xc005137e10 pc=0x7ff656f777f5
github.com/evanw/esbuild/internal/bundler.(*scanner).maybeParseFile.gowrap1()
	github.com/evanw/esbuild/internal/bundler/bundler.go:1630 +0x2fa fp=0xc005139fe0 sp=0xc005139608 pc=0x7ff656f85a5a
runtime.goexit({})
	runtime/asm_amd64.s:1693 +0x1 fp=0xc005139fe8 sp=0xc005139fe0 pc=0x7ff656bcf221
created by github.com/evanw/esbuild/internal/bundler.(*scanner).maybeParseFile in goroutine 21
	github.com/evanw/esbuild/internal/bundler/bundler.go:1630 +0xd85

goroutine 1313 gp=0xc004d7e380 m=nil [chan receive]:
runtime.gopark(0xc0013c21e0?, 0x2000000000070?, 0x65?, 0xf1?, 0x20b0ba20ed0?)
	runtime/proc.go:460 +0xce fp=0xc0054cd478 sp=0xc0054cd458 pc=0x7ff656bc72ce
runtime.chanrecv(0xc0044daee0, 0xc0054cd550, 0x1)
	runtime/chan.go:667 +0x473 fp=0xc0054cd4f0 sp=0xc0054cd478 pc=0x7ff656b5e593
runtime.chanrecv1(0x7ff65714d260?, 0xc005488300?)
	runtime/chan.go:509 +0x12 fp=0xc0054cd518 sp=0xc0054cd4f0 pc=0x7ff656b5e0f2
main.(*serviceType).sendRequest(0xc000181890, {0x7ff65714d260, 0xc005488300})
	github.com/evanw/esbuild/cmd/esbuild/service.go:192 +0x12b fp=0xc0054cd588 sp=0xc0054cd518 pc=0x7ff65706fb6b
main.(*serviceType).convertPlugins.func2.4({{0xc004002c00, 0x71}, {0x7ff6571cd3af, 0x4}, {0x0, 0x0}, {0x0, 0x0}, 0x0})
	github.com/evanw/esbuild/cmd/esbuild/service.go:1088 +0x836 fp=0xc0054cd808 sp=0xc0054cd588 pc=0x7ff657078356
github.com/evanw/esbuild/pkg/api.(*pluginImpl).onLoad.func1({{0x0, 0x0}, {{0xc004002c00, 0x71}, {0x7ff6571cd3af, 0x4}, 
{0x0, 0x0}, {{0x0, 0x0}}, ...}})
	github.com/evanw/esbuild/pkg/api/api_impl.go:2014 +0x190 fp=0xc0054cda70 sp=0xc0054cd808 pc=0x7ff657036ad0
github.com/evanw/esbuild/internal/bundler.runOnLoadPlugins({0xc000090240?, 0xc003825e28?, 0x8?}, {0x7ff6572bce40?, 
0xc0000a6360}, 0xc0000901e0, {0xc0000beb60, 0xc0000aa390, 0xc0000aa3a8, 0xc0000a6340, ...}, ...)
	github.com/evanw/esbuild/internal/bundler/bundler.go:1203 +0xcd5 fp=0xc0054cde10 sp=0xc0054cda70 pc=0x7ff656f82835
github.com/evanw/esbuild/internal/bundler.parseFile({{0x7ff6572bce40, 0xc0000a6360}, {0xc0000beb60, 0xc0000aa390, 
0xc0000aa3a8, 0xc0000a6340, 0x6, 0xc0000a0450}, 0xc0004ae488, 0xc0000901e0, ...})
	github.com/evanw/esbuild/internal/bundler/bundler.go:163 +0x2b5 fp=0xc0054cf608 sp=0xc0054cde10 pc=0x7ff656f777f5
github.com/evanw/esbuild/internal/bundler.(*scanner).maybeParseFile.gowrap1()
	github.com/evanw/esbuild/internal/bundler/bundler.go:1630 +0x2fa fp=0xc0054cffe0 sp=0xc0054cf608 pc=0x7ff656f85a5a
runtime.goexit({})
	runtime/asm_amd64.s:1693 +0x1 fp=0xc0054cffe8 sp=0xc0054cffe0 pc=0x7ff656bcf221
created by github.com/evanw/esbuild/internal/bundler.(*scanner).maybeParseFile in goroutine 21
	github.com/evanw/esbuild/internal/bundler/bundler.go:1630 +0xd85

goroutine 1314 gp=0xc004d7e540 m=nil [chan receive]:
runtime.gopark(0xc0009240c0?, 0x2000000000070?, 0xe1?, 0xde?, 0x20b0ba20ed0?)
	runtime/proc.go:460 +0xce fp=0xc0054d7478 sp=0xc0054d7458 pc=0x7ff656bc72ce
runtime.chanrecv(0xc0044daf50, 0xc0054d7550, 0x1)
	runtime/chan.go:667 +0x473 fp=0xc0054d74f0 sp=0xc0054d7478 pc=0x7ff656b5e593
runtime.chanrecv1(0x7ff65714d260?, 0xc005488360?)
	runtime/chan.go:509 +0x12 fp=0xc0054d7518 sp=0xc0054d74f0 pc=0x7ff656b5e0f2
main.(*serviceType).sendRequest(0xc000181890, {0x7ff65714d260, 0xc005488360})
	github.com/evanw/esbuild/cmd/esbuild/service.go:192 +0x12b fp=0xc0054d7588 sp=0xc0054d7518 pc=0x7ff65706fb6b
main.(*serviceType).convertPlugins.func2.4({{0xc004002e80, 0x75}, {0x7ff6571cd3af, 0x4}, {0x0, 0x0}, {0x0, 0x0}, 0x0})
	github.com/evanw/esbuild/cmd/esbuild/service.go:1088 +0x836 fp=0xc0054d7808 sp=0xc0054d7588 pc=0x7ff657078356
github.com/evanw/esbuild/pkg/api.(*pluginImpl).onLoad.func1({{0x0, 0x0}, {{0xc004002e80, 0x75}, {0x7ff6571cd3af, 0x4}, 
{0x0, 0x0}, {{0x0, 0x0}}, ...}})
	github.com/evanw/esbuild/pkg/api/api_impl.go:2014 +0x190 fp=0xc0054d7a70 sp=0xc0054d7808 pc=0x7ff657036ad0
github.com/evanw/esbuild/internal/bundler.runOnLoadPlugins({0xc000090240?, 0xc003825e28?, 0x8?}, {0x7ff6572bce40?, 
0xc0000a6360}, 0xc0000901e0, {0xc0000beb60, 0xc0000aa390, 0xc0000aa3a8, 0xc0000a6340, ...}, ...)
	github.com/evanw/esbuild/internal/bundler/bundler.go:1203 +0xcd5 fp=0xc0054d7e10 sp=0xc0054d7a70 pc=0x7ff656f82835
github.com/evanw/esbuild/internal/bundler.parseFile({{0x7ff6572bce40, 0xc0000a6360}, {0xc0000beb60, 0xc0000aa390, 
0xc0000aa3a8, 0xc0000a6340, 0x6, 0xc0000a0450}, 0xc0004ae488, 0xc0000901e0, ...})
	github.com/evanw/esbuild/internal/bundler/bundler.go:163 +0x2b5 fp=0xc0054d9608 sp=0xc0054d7e10 pc=0x7ff656f777f5
github.com/evanw/esbuild/internal/bundler.(*scanner).maybeParseFile.gowrap1()
	github.com/evanw/esbuild/internal/bundler/bundler.go:1630 +0x2fa fp=0xc0054d9fe0 sp=0xc0054d9608 pc=0x7ff656f85a5a
runtime.goexit({})
	runtime/asm_amd64.s:1693 +0x1 fp=0xc0054d9fe8 sp=0xc0054d9fe0 pc=0x7ff656bcf221
created by github.com/evanw/esbuild/internal/bundler.(*scanner).maybeParseFile in goroutine 21
	github.com/evanw/esbuild/internal/bundler/bundler.go:1630 +0xd85

goroutine 1315 gp=0xc004d7e700 m=nil [chan receive]:
runtime.gopark(0xc0003d3740?, 0x2000000000070?, 0x2e?, 0x1e?, 0x20b0ba20ed0?)
	runtime/proc.go:460 +0xce fp=0xc0054df478 sp=0xc0054df458 pc=0x7ff656bc72ce
runtime.chanrecv(0xc0044dafc0, 0xc0054df550, 0x1)
	runtime/chan.go:667 +0x473 fp=0xc0054df4f0 sp=0xc0054df478 pc=0x7ff656b5e593
runtime.chanrecv1(0x7ff65714d260?, 0xc0054883c0?)
	runtime/chan.go:509 +0x12 fp=0xc0054df518 sp=0xc0054df4f0 pc=0x7ff656b5e0f2
main.(*serviceType).sendRequest(0xc000181890, {0x7ff65714d260, 0xc0054883c0})
	github.com/evanw/esbuild/cmd/esbuild/service.go:192 +0x12b fp=0xc0054df588 sp=0xc0054df518 pc=0x7ff65706fb6b
main.(*serviceType).convertPlugins.func2.4({{0xc004007420, 0x70}, {0x7ff6571cd3af, 0x4}, {0x0, 0x0}, {0x0, 0x0}, 0x0})
	github.com/evanw/esbuild/cmd/esbuild/service.go:1088 +0x836 fp=0xc0054df808 sp=0xc0054df588 pc=0x7ff657078356
github.com/evanw/esbuild/pkg/api.(*pluginImpl).onLoad.func1({{0x0, 0x0}, {{0xc004007420, 0x70}, {0x7ff6571cd3af, 0x4}, 
{0x0, 0x0}, {{0x0, 0x0}}, ...}})
	github.com/evanw/esbuild/pkg/api/api_impl.go:2014 +0x190 fp=0xc0054dfa70 sp=0xc0054df808 pc=0x7ff657036ad0
github.com/evanw/esbuild/internal/bundler.runOnLoadPlugins({0xc000090240?, 0xc003825e28?, 0x8?}, {0x7ff6572bce40?, 
0xc0000a6360}, 0xc0000901e0, {0xc0000beb60, 0xc0000aa390, 0xc0000aa3a8, 0xc0000a6340, ...}, ...)
	github.com/evanw/esbuild/internal/bundler/bundler.go:1203 +0xcd5 fp=0xc0054dfe10 sp=0xc0054dfa70 pc=0x7ff656f82835
github.com/evanw/esbuild/internal/bundler.parseFile({{0x7ff6572bce40, 0xc0000a6360}, {0xc0000beb60, 0xc0000aa390, 
0xc0000aa3a8, 0xc0000a6340, 0x6, 0xc0000a0450}, 0xc0004ae488, 0xc0000901e0, ...})
	github.com/evanw/esbuild/internal/bundler/bundler.go:163 +0x2b5 fp=0xc0054e1608 sp=0xc0054dfe10 pc=0x7ff656f777f5
github.com/evanw/esbuild/internal/bundler.(*scanner).maybeParseFile.gowrap1()
	github.com/evanw/esbuild/internal/bundler/bundler.go:1630 +0x2fa fp=0xc0054e1fe0 sp=0xc0054e1608 pc=0x7ff656f85a5a
runtime.goexit({})
	runtime/asm_amd64.s:1693 +0x1 fp=0xc0054e1fe8 sp=0xc0054e1fe0 pc=0x7ff656bcf221
created by github.com/evanw/esbuild/internal/bundler.(*scanner).maybeParseFile in goroutine 21
	github.com/evanw/esbuild/internal/bundler/bundler.go:1630 +0xd85

goroutine 1316 gp=0xc004d7e8c0 m=nil [chan receive]:
runtime.gopark(0xc000046540?, 0x2000000000070?, 0x24?, 0xb2?, 0x20b0ba20ed0?)
	runtime/proc.go:460 +0xce fp=0xc0054e9478 sp=0xc0054e9458 pc=0x7ff656bc72ce
runtime.chanrecv(0xc0044db030, 0xc0054e9550, 0x1)
	runtime/chan.go:667 +0x473 fp=0xc0054e94f0 sp=0xc0054e9478 pc=0x7ff656b5e593
runtime.chanrecv1(0x7ff65714d260?, 0xc005488420?)
	runtime/chan.go:509 +0x12 fp=0xc0054e9518 sp=0xc0054e94f0 pc=0x7ff656b5e0f2
main.(*serviceType).sendRequest(0xc000181890, {0x7ff65714d260, 0xc005488420})
	github.com/evanw/esbuild/cmd/esbuild/service.go:192 +0x12b fp=0xc0054e9588 sp=0xc0054e9518 pc=0x7ff65706fb6b
main.(*serviceType).convertPlugins.func2.4({{0xc004003200, 0x7c}, {0x7ff6571cd3af, 0x4}, {0x0, 0x0}, {0x0, 0x0}, 0x0})
	github.com/evanw/esbuild/cmd/esbuild/service.go:1088 +0x836 fp=0xc0054e9808 sp=0xc0054e9588 pc=0x7ff657078356
github.com/evanw/esbuild/pkg/api.(*pluginImpl).onLoad.func1({{0x0, 0x0}, {{0xc004003200, 0x7c}, {0x7ff6571cd3af, 0x4}, 
{0x0, 0x0}, {{0x0, 0x0}}, ...}})
	github.com/evanw/esbuild/pkg/api/api_impl.go:2014 +0x190 fp=0xc0054e9a70 sp=0xc0054e9808 pc=0x7ff657036ad0
github.com/evanw/esbuild/internal/bundler.runOnLoadPlugins({0xc000090240?, 0xc003825e28?, 0x8?}, {0x7ff6572bce40?, 
0xc0000a6360}, 0xc0000901e0, {0xc0000beb60, 0xc0000aa390, 0xc0000aa3a8, 0xc0000a6340, ...}, ...)
	github.com/evanw/esbuild/internal/bundler/bundler.go:1203 +0xcd5 fp=0xc0054e9e10 sp=0xc0054e9a70 pc=0x7ff656f82835
github.com/evanw/esbuild/internal/bundler.parseFile({{0x7ff6572bce40, 0xc0000a6360}, {0xc0000beb60, 0xc0000aa390, 
0xc0000aa3a8, 0xc0000a6340, 0x6, 0xc0000a0450}, 0xc0004ae488, 0xc0000901e0, ...})
	github.com/evanw/esbuild/internal/bundler/bundler.go:163 +0x2b5 fp=0xc0054eb608 sp=0xc0054e9e10 pc=0x7ff656f777f5
github.com/evanw/esbuild/internal/bundler.(*scanner).maybeParseFile.gowrap1()
	github.com/evanw/esbuild/internal/bundler/bundler.go:1630 +0x2fa fp=0xc0054ebfe0 sp=0xc0054eb608 pc=0x7ff656f85a5a
runtime.goexit({})
	runtime/asm_amd64.s:1693 +0x1 fp=0xc0054ebfe8 sp=0xc0054ebfe0 pc=0x7ff656bcf221
created by github.com/evanw/esbuild/internal/bundler.(*scanner).maybeParseFile in goroutine 21
	github.com/evanw/esbuild/internal/bundler/bundler.go:1630 +0xd85

goroutine 1317 gp=0xc004d7ea80 m=nil [chan receive]:
runtime.gopark(0xc000090ae0?, 0x2000000000070?, 0x73?, 0xd4?, 0x20b0ba20ed0?)
	runtime/proc.go:460 +0xce fp=0xc0054f1478 sp=0xc0054f1458 pc=0x7ff656bc72ce
runtime.chanrecv(0xc0044db0a0, 0xc0054f1550, 0x1)
	runtime/chan.go:667 +0x473 fp=0xc0054f14f0 sp=0xc0054f1478 pc=0x7ff656b5e593
runtime.chanrecv1(0x7ff65714d260?, 0xc005488480?)
	runtime/chan.go:509 +0x12 fp=0xc0054f1518 sp=0xc0054f14f0 pc=0x7ff656b5e0f2
main.(*serviceType).sendRequest(0xc000181890, {0x7ff65714d260, 0xc005488480})
	github.com/evanw/esbuild/cmd/esbuild/service.go:192 +0x12b fp=0xc0054f1588 sp=0xc0054f1518 pc=0x7ff65706fb6b
main.(*serviceType).convertPlugins.func2.4({{0xc004003580, 0x7f}, {0x7ff6571cd3af, 0x4}, {0x0, 0x0}, {0x0, 0x0}, 0x0})
	github.com/evanw/esbuild/cmd/esbuild/service.go:1088 +0x836 fp=0xc0054f1808 sp=0xc0054f1588 pc=0x7ff657078356
github.com/evanw/esbuild/pkg/api.(*pluginImpl).onLoad.func1({{0x0, 0x0}, {{0xc004003580, 0x7f}, {0x7ff6571cd3af, 0x4}, 
{0x0, 0x0}, {{0x0, 0x0}}, ...}})
	github.com/evanw/esbuild/pkg/api/api_impl.go:2014 +0x190 fp=0xc0054f1a70 sp=0xc0054f1808 pc=0x7ff657036ad0
github.com/evanw/esbuild/internal/bundler.runOnLoadPlugins({0xc000090240?, 0xc003825e28?, 0x8?}, {0x7ff6572bce40?, 
0xc0000a6360}, 0xc0000901e0, {0xc0000beb60, 0xc0000aa390, 0xc0000aa3a8, 0xc0000a6340, ...}, ...)
	github.com/evanw/esbuild/internal/bundler/bundler.go:1203 +0xcd5 fp=0xc0054f1e10 sp=0xc0054f1a70 pc=0x7ff656f82835
github.com/evanw/esbuild/internal/bundler.parseFile({{0x7ff6572bce40, 0xc0000a6360}, {0xc0000beb60, 0xc0000aa390, 
0xc0000aa3a8, 0xc0000a6340, 0x6, 0xc0000a0450}, 0xc0004ae488, 0xc0000901e0, ...})
	github.com/evanw/esbuild/internal/bundler/bundler.go:163 +0x2b5 fp=0xc0054f3608 sp=0xc0054f1e10 pc=0x7ff656f777f5
github.com/evanw/esbuild/internal/bundler.(*scanner).maybeParseFile.gowrap1()
	github.com/evanw/esbuild/internal/bundler/bundler.go:1630 +0x2fa fp=0xc0054f3fe0 sp=0xc0054f3608 pc=0x7ff656f85a5a
runtime.goexit({})
	runtime/asm_amd64.s:1693 +0x1 fp=0xc0054f3fe8 sp=0xc0054f3fe0 pc=0x7ff656bcf221
created by github.com/evanw/esbuild/internal/bundler.(*scanner).maybeParseFile in goroutine 21
	github.com/evanw/esbuild/internal/bundler/bundler.go:1630 +0xd85

goroutine 1318 gp=0xc004d7ec40 m=nil [chan receive]:
runtime.gopark(0xc000924060?, 0x2000000000070?, 0xf5?, 0x6b?, 0x20b0ba20ed0?)
	runtime/proc.go:460 +0xce fp=0xc0054f9478 sp=0xc0054f9458 pc=0x7ff656bc72ce
runtime.chanrecv(0xc0044db110, 0xc0054f9550, 0x1)
	runtime/chan.go:667 +0x473 fp=0xc0054f94f0 sp=0xc0054f9478 pc=0x7ff656b5e593
runtime.chanrecv1(0x7ff65714d260?, 0xc0054884e0?)
	runtime/chan.go:509 +0x12 fp=0xc0054f9518 sp=0xc0054f94f0 pc=0x7ff656b5e0f2
main.(*serviceType).sendRequest(0xc000181890, {0x7ff65714d260, 0xc0054884e0})
	github.com/evanw/esbuild/cmd/esbuild/service.go:192 +0x12b fp=0xc0054f9588 sp=0xc0054f9518 pc=0x7ff65706fb6b
main.(*serviceType).convertPlugins.func2.4({{0xc004003700, 0x71}, {0x7ff6571cd3af, 0x4}, {0x0, 0x0}, {0x0, 0x0}, 0x0})
	github.com/evanw/esbuild/cmd/esbuild/service.go:1088 +0x836 fp=0xc0054f9808 sp=0xc0054f9588 pc=0x7ff657078356
github.com/evanw/esbuild/pkg/api.(*pluginImpl).onLoad.func1({{0x0, 0x0}, {{0xc004003700, 0x71}, {0x7ff6571cd3af, 0x4}, 
{0x0, 0x0}, {{0x0, 0x0}}, ...}})
	github.com/evanw/esbuild/pkg/api/api_impl.go:2014 +0x190 fp=0xc0054f9a70 sp=0xc0054f9808 pc=0x7ff657036ad0
github.com/evanw/esbuild/internal/bundler.runOnLoadPlugins({0xc000090240?, 0xc003825e28?, 0x8?}, {0x7ff6572bce40?, 
0xc0000a6360}, 0xc0000901e0, {0xc0000beb60, 0xc0000aa390, 0xc0000aa3a8, 0xc0000a6340, ...}, ...)
	github.com/evanw/esbuild/internal/bundler/bundler.go:1203 +0xcd5 fp=0xc0054f9e10 sp=0xc0054f9a70 pc=0x7ff656f82835
github.com/evanw/esbuild/internal/bundler.parseFile({{0x7ff6572bce40, 0xc0000a6360}, {0xc0000beb60, 0xc0000aa390, 
0xc0000aa3a8, 0xc0000a6340, 0x6, 0xc0000a0450}, 0xc0004ae488, 0xc0000901e0, ...})
	github.com/evanw/esbuild/internal/bundler/bundler.go:163 +0x2b5 fp=0xc0054fb608 sp=0xc0054f9e10 pc=0x7ff656f777f5
github.com/evanw/esbuild/internal/bundler.(*scanner).maybeParseFile.gowrap1()
	github.com/evanw/esbuild/internal/bundler/bundler.go:1630 +0x2fa fp=0xc0054fbfe0 sp=0xc0054fb608 pc=0x7ff656f85a5a
runtime.goexit({})
	runtime/asm_amd64.s:1693 +0x1 fp=0xc0054fbfe8 sp=0xc0054fbfe0 pc=0x7ff656bcf221
created by github.com/evanw/esbuild/internal/bundler.(*scanner).maybeParseFile in goroutine 21
	github.com/evanw/esbuild/internal/bundler/bundler.go:1630 +0xd85

goroutine 1319 gp=0xc004d7ee00 m=nil [chan receive]:
runtime.gopark(0xc000418840?, 0x2000000000070?, 0x70?, 0x37?, 0x20b0ba20ed0?)
	runtime/proc.go:460 +0xce fp=0xc005505478 sp=0xc005505458 pc=0x7ff656bc72ce
runtime.chanrecv(0xc0044db180, 0xc005505550, 0x1)
	runtime/chan.go:667 +0x473 fp=0xc0055054f0 sp=0xc005505478 pc=0x7ff656b5e593
runtime.chanrecv1(0x7ff65714d260?, 0xc005488540?)
	runtime/chan.go:509 +0x12 fp=0xc005505518 sp=0xc0055054f0 pc=0x7ff656b5e0f2
main.(*serviceType).sendRequest(0xc000181890, {0x7ff65714d260, 0xc005488540})
	github.com/evanw/esbuild/cmd/esbuild/service.go:192 +0x12b fp=0xc005505588 sp=0xc005505518 pc=0x7ff65706fb6b
main.(*serviceType).convertPlugins.func2.4({{0xc004007e30, 0x6f}, {0x7ff6571cd3af, 0x4}, {0x0, 0x0}, {0x0, 0x0}, 0x0})
	github.com/evanw/esbuild/cmd/esbuild/service.go:1088 +0x836 fp=0xc005505808 sp=0xc005505588 pc=0x7ff657078356
github.com/evanw/esbuild/pkg/api.(*pluginImpl).onLoad.func1({{0x0, 0x0}, {{0xc004007e30, 0x6f}, {0x7ff6571cd3af, 0x4}, 
{0x0, 0x0}, {{0x0, 0x0}}, ...}})
	github.com/evanw/esbuild/pkg/api/api_impl.go:2014 +0x190 fp=0xc005505a70 sp=0xc005505808 pc=0x7ff657036ad0
github.com/evanw/esbuild/internal/bundler.runOnLoadPlugins({0xc000090240?, 0xc003825e28?, 0x8?}, {0x7ff6572bce40?, 
0xc0000a6360}, 0xc0000901e0, {0xc0000beb60, 0xc0000aa390, 0xc0000aa3a8, 0xc0000a6340, ...}, ...)
	github.com/evanw/esbuild/internal/bundler/bundler.go:1203 +0xcd5 fp=0xc005505e10 sp=0xc005505a70 pc=0x7ff656f82835
github.com/evanw/esbuild/internal/bundler.parseFile({{0x7ff6572bce40, 0xc0000a6360}, {0xc0000beb60, 0xc0000aa390, 
0xc0000aa3a8, 0xc0000a6340, 0x6, 0xc0000a0450}, 0xc0004ae488, 0xc0000901e0, ...})
	github.com/evanw/esbuild/internal/bundler/bundler.go:163 +0x2b5 fp=0xc005507608 sp=0xc005505e10 pc=0x7ff656f777f5
github.com/evanw/esbuild/internal/bundler.(*scanner).maybeParseFile.gowrap1()
	github.com/evanw/esbuild/internal/bundler/bundler.go:1630 +0x2fa fp=0xc005507fe0 sp=0xc005507608 pc=0x7ff656f85a5a
runtime.goexit({})
	runtime/asm_amd64.s:1693 +0x1 fp=0xc005507fe8 sp=0xc005507fe0 pc=0x7ff656bcf221
created by github.com/evanw/esbuild/internal/bundler.(*scanner).maybeParseFile in goroutine 21
	github.com/evanw/esbuild/internal/bundler/bundler.go:1630 +0xd85

goroutine 1320 gp=0xc004d7efc0 m=nil [chan receive]:
runtime.gopark(0xc0012be420?, 0x2000000000070?, 0x5?, 0xfd?, 0x20b0ba20ed0?)
	runtime/proc.go:460 +0xce fp=0xc00550d478 sp=0xc00550d458 pc=0x7ff656bc72ce
runtime.chanrecv(0xc0044db1f0, 0xc00550d550, 0x1)
	runtime/chan.go:667 +0x473 fp=0xc00550d4f0 sp=0xc00550d478 pc=0x7ff656b5e593
runtime.chanrecv1(0x7ff65714d260?, 0xc0054885a0?)
	runtime/chan.go:509 +0x12 fp=0xc00550d518 sp=0xc00550d4f0 pc=0x7ff656b5e0f2
main.(*serviceType).sendRequest(0xc000181890, {0x7ff65714d260, 0xc0054885a0})
	github.com/evanw/esbuild/cmd/esbuild/service.go:192 +0x12b fp=0xc00550d588 sp=0xc00550d518 pc=0x7ff65706fb6b
main.(*serviceType).convertPlugins.func2.4({{0xc0040082a0, 0x6d}, {0x7ff6571cd3af, 0x4}, {0x0, 0x0}, {0x0, 0x0}, 0x0})
	github.com/evanw/esbuild/cmd/esbuild/service.go:1088 +0x836 fp=0xc00550d808 sp=0xc00550d588 pc=0x7ff657078356
github.com/evanw/esbuild/pkg/api.(*pluginImpl).onLoad.func1({{0x0, 0x0}, {{0xc0040082a0, 0x6d}, {0x7ff6571cd3af, 0x4}, 
{0x0, 0x0}, {{0x0, 0x0}}, ...}})
	github.com/evanw/esbuild/pkg/api/api_impl.go:2014 +0x190 fp=0xc00550da70 sp=0xc00550d808 pc=0x7ff657036ad0
github.com/evanw/esbuild/internal/bundler.runOnLoadPlugins({0xc000090240?, 0xc003825e28?, 0x8?}, {0x7ff6572bce40?, 
0xc0000a6360}, 0xc0000901e0, {0xc0000beb60, 0xc0000aa390, 0xc0000aa3a8, 0xc0000a6340, ...}, ...)
	github.com/evanw/esbuild/internal/bundler/bundler.go:1203 +0xcd5 fp=0xc00550de10 sp=0xc00550da70 pc=0x7ff656f82835
github.com/evanw/esbuild/internal/bundler.parseFile({{0x7ff6572bce40, 0xc0000a6360}, {0xc0000beb60, 0xc0000aa390, 
0xc0000aa3a8, 0xc0000a6340, 0x6, 0xc0000a0450}, 0xc0004ae488, 0xc0000901e0, ...})
	github.com/evanw/esbuild/internal/bundler/bundler.go:163 +0x2b5 fp=0xc00550f608 sp=0xc00550de10 pc=0x7ff656f777f5
github.com/evanw/esbuild/internal/bundler.(*scanner).maybeParseFile.gowrap1()
	github.com/evanw/esbuild/internal/bundler/bundler.go:1630 +0x2fa fp=0xc00550ffe0 sp=0xc00550f608 pc=0x7ff656f85a5a
runtime.goexit({})
	runtime/asm_amd64.s:1693 +0x1 fp=0xc00550ffe8 sp=0xc00550ffe0 pc=0x7ff656bcf221
created by github.com/evanw/esbuild/internal/bundler.(*scanner).maybeParseFile in goroutine 21
	github.com/evanw/esbuild/internal/bundler/bundler.go:1630 +0xd85

goroutine 1321 gp=0xc004d7f180 m=nil [chan receive]:
runtime.gopark(0xc000419140?, 0x2000000000070?, 0x60?, 0x77?, 0x20b0ba20ed0?)
	runtime/proc.go:460 +0xce fp=0xc005515478 sp=0xc005515458 pc=0x7ff656bc72ce
runtime.chanrecv(0xc0044db260, 0xc005515550, 0x1)
	runtime/chan.go:667 +0x473 fp=0xc0055154f0 sp=0xc005515478 pc=0x7ff656b5e593
runtime.chanrecv1(0x7ff65714d260?, 0xc005488600?)
	runtime/chan.go:509 +0x12 fp=0xc005515518 sp=0xc0055154f0 pc=0x7ff656b5e0f2
main.(*serviceType).sendRequest(0xc000181890, {0x7ff65714d260, 0xc005488600})
	github.com/evanw/esbuild/cmd/esbuild/service.go:192 +0x12b fp=0xc005515588 sp=0xc005515518 pc=0x7ff65706fb6b
main.(*serviceType).convertPlugins.func2.4({{0xc004008700, 0x6f}, {0x7ff6571cd3af, 0x4}, {0x0, 0x0}, {0x0, 0x0}, 0x0})
	github.com/evanw/esbuild/cmd/esbuild/service.go:1088 +0x836 fp=0xc005515808 sp=0xc005515588 pc=0x7ff657078356
github.com/evanw/esbuild/pkg/api.(*pluginImpl).onLoad.func1({{0x0, 0x0}, {{0xc004008700, 0x6f}, {0x7ff6571cd3af, 0x4}, 
{0x0, 0x0}, {{0x0, 0x0}}, ...}})
	github.com/evanw/esbuild/pkg/api/api_impl.go:2014 +0x190 fp=0xc005515a70 sp=0xc005515808 pc=0x7ff657036ad0
github.com/evanw/esbuild/internal/bundler.runOnLoadPlugins({0xc000090240?, 0xc003825e28?, 0x8?}, {0x7ff6572bce40?, 
0xc0000a6360}, 0xc0000901e0, {0xc0000beb60, 0xc0000aa390, 0xc0000aa3a8, 0xc0000a6340, ...}, ...)
	github.com/evanw/esbuild/internal/bundler/bundler.go:1203 +0xcd5 fp=0xc005515e10 sp=0xc005515a70 pc=0x7ff656f82835
github.com/evanw/esbuild/internal/bundler.parseFile({{0x7ff6572bce40, 0xc0000a6360}, {0xc0000beb60, 0xc0000aa390, 
0xc0000aa3a8, 0xc0000a6340, 0x6, 0xc0000a0450}, 0xc0004ae488, 0xc0000901e0, ...})
	github.com/evanw/esbuild/internal/bundler/bundler.go:163 +0x2b5 fp=0xc005517608 sp=0xc005515e10 pc=0x7ff656f777f5
github.com/evanw/esbuild/internal/bundler.(*scanner).maybeParseFile.gowrap1()
	github.com/evanw/esbuild/internal/bundler/bundler.go:1630 +0x2fa fp=0xc005517fe0 sp=0xc005517608 pc=0x7ff656f85a5a
runtime.goexit({})
	runtime/asm_amd64.s:1693 +0x1 fp=0xc005517fe8 sp=0xc005517fe0 pc=0x7ff656bcf221
created by github.com/evanw/esbuild/internal/bundler.(*scanner).maybeParseFile in goroutine 21
	github.com/evanw/esbuild/internal/bundler/bundler.go:1630 +0xd85

goroutine 1322 gp=0xc004d7f340 m=nil [chan receive]:
runtime.gopark(0xc000a06ae0?, 0x2000000000070?, 0x44?, 0xae?, 0x20b0ba20ed0?)
	runtime/proc.go:460 +0xce fp=0xc00551d478 sp=0xc00551d458 pc=0x7ff656bc72ce
runtime.chanrecv(0xc0044db2d0, 0xc00551d550, 0x1)
	runtime/chan.go:667 +0x473 fp=0xc00551d4f0 sp=0xc00551d478 pc=0x7ff656b5e593
runtime.chanrecv1(0x7ff65714d260?, 0xc005488660?)
	runtime/chan.go:509 +0x12 fp=0xc00551d518 sp=0xc00551d4f0 pc=0x7ff656b5e0f2
main.(*serviceType).sendRequest(0xc000181890, {0x7ff65714d260, 0xc005488660})
	github.com/evanw/esbuild/cmd/esbuild/service.go:192 +0x12b fp=0xc00551d588 sp=0xc00551d518 pc=0x7ff65706fb6b
main.(*serviceType).convertPlugins.func2.4({{0xc004003900, 0x72}, {0x7ff6571cd3af, 0x4}, {0x0, 0x0}, {0x0, 0x0}, 0x0})
	github.com/evanw/esbuild/cmd/esbuild/service.go:1088 +0x836 fp=0xc00551d808 sp=0xc00551d588 pc=0x7ff657078356
github.com/evanw/esbuild/pkg/api.(*pluginImpl).onLoad.func1({{0x0, 0x0}, {{0xc004003900, 0x72}, {0x7ff6571cd3af, 0x4}, 
{0x0, 0x0}, {{0x0, 0x0}}, ...}})
	github.com/evanw/esbuild/pkg/api/api_impl.go:2014 +0x190 fp=0xc00551da70 sp=0xc00551d808 pc=0x7ff657036ad0
github.com/evanw/esbuild/internal/bundler.runOnLoadPlugins({0xc000090240?, 0xc003825e28?, 0x8?}, {0x7ff6572bce40?, 
0xc0000a6360}, 0xc0000901e0, {0xc0000beb60, 0xc0000aa390, 0xc0000aa3a8, 0xc0000a6340, ...}, ...)
	github.com/evanw/esbuild/internal/bundler/bundler.go:1203 +0xcd5 fp=0xc00551de10 sp=0xc00551da70 pc=0x7ff656f82835
github.com/evanw/esbuild/internal/bundler.parseFile({{0x7ff6572bce40, 0xc0000a6360}, {0xc0000beb60, 0xc0000aa390, 
0xc0000aa3a8, 0xc0000a6340, 0x6, 0xc0000a0450}, 0xc0004ae488, 0xc0000901e0, ...})
	github.com/evanw/esbuild/internal/bundler/bundler.go:163 +0x2b5 fp=0xc00551f608 sp=0xc00551de10 pc=0x7ff656f777f5
github.com/evanw/esbuild/internal/bundler.(*scanner).maybeParseFile.gowrap1()
	github.com/evanw/esbuild/internal/bundler/bundler.go:1630 +0x2fa fp=0xc00551ffe0 sp=0xc00551f608 pc=0x7ff656f85a5a
runtime.goexit({})
	runtime/asm_amd64.s:1693 +0x1 fp=0xc00551ffe8 sp=0xc00551ffe0 pc=0x7ff656bcf221
created by github.com/evanw/esbuild/internal/bundler.(*scanner).maybeParseFile in goroutine 21
	github.com/evanw/esbuild/internal/bundler/bundler.go:1630 +0xd85

goroutine 1323 gp=0xc004d7f500 m=nil [chan receive]:
runtime.gopark(0xc0000462a0?, 0x2000000000070?, 0xdf?, 0x62?, 0x20b0ba20ed0?)
	runtime/proc.go:460 +0xce fp=0xc005525478 sp=0xc005525458 pc=0x7ff656bc72ce
runtime.chanrecv(0xc0044db340, 0xc005525550, 0x1)
	runtime/chan.go:667 +0x473 fp=0xc0055254f0 sp=0xc005525478 pc=0x7ff656b5e593
runtime.chanrecv1(0x7ff65714d260?, 0xc0054886c0?)
	runtime/chan.go:509 +0x12 fp=0xc005525518 sp=0xc0055254f0 pc=0x7ff656b5e0f2
main.(*serviceType).sendRequest(0xc000181890, {0x7ff65714d260, 0xc0054886c0})
	github.com/evanw/esbuild/cmd/esbuild/service.go:192 +0x12b fp=0xc005525588 sp=0xc005525518 pc=0x7ff65706fb6b
main.(*serviceType).convertPlugins.func2.4({{0xc004003b00, 0x72}, {0x7ff6571cd3af, 0x4}, {0x0, 0x0}, {0x0, 0x0}, 0x0})
	github.com/evanw/esbuild/cmd/esbuild/service.go:1088 +0x836 fp=0xc005525808 sp=0xc005525588 pc=0x7ff657078356
github.com/evanw/esbuild/pkg/api.(*pluginImpl).onLoad.func1({{0x0, 0x0}, {{0xc004003b00, 0x72}, {0x7ff6571cd3af, 0x4}, 
{0x0, 0x0}, {{0x0, 0x0}}, ...}})
	github.com/evanw/esbuild/pkg/api/api_impl.go:2014 +0x190 fp=0xc005525a70 sp=0xc005525808 pc=0x7ff657036ad0
github.com/evanw/esbuild/internal/bundler.runOnLoadPlugins({0xc000090240?, 0xc003825e28?, 0x8?}, {0x7ff6572bce40?, 
0xc0000a6360}, 0xc0000901e0, {0xc0000beb60, 0xc0000aa390, 0xc0000aa3a8, 0xc0000a6340, ...}, ...)
	github.com/evanw/esbuild/internal/bundler/bundler.go:1203 +0xcd5 fp=0xc005525e10 sp=0xc005525a70 pc=0x7ff656f82835
github.com/evanw/esbuild/internal/bundler.parseFile({{0x7ff6572bce40, 0xc0000a6360}, {0xc0000beb60, 0xc0000aa390, 
0xc0000aa3a8, 0xc0000a6340, 0x6, 0xc0000a0450}, 0xc0004ae488, 0xc0000901e0, ...})
	github.com/evanw/esbuild/internal/bundler/bundler.go:163 +0x2b5 fp=0xc005527608 sp=0xc005525e10 pc=0x7ff656f777f5
github.com/evanw/esbuild/internal/bundler.(*scanner).maybeParseFile.gowrap1()
	github.com/evanw/esbuild/internal/bundler/bundler.go:1630 +0x2fa fp=0xc005527fe0 sp=0xc005527608 pc=0x7ff656f85a5a
runtime.goexit({})
	runtime/asm_amd64.s:1693 +0x1 fp=0xc005527fe8 sp=0xc005527fe0 pc=0x7ff656bcf221
created by github.com/evanw/esbuild/internal/bundler.(*scanner).maybeParseFile in goroutine 21
	github.com/evanw/esbuild/internal/bundler/bundler.go:1630 +0xd85

goroutine 1324 gp=0xc004d7f6c0 m=nil [chan receive]:
runtime.gopark(0xc000090060?, 0x2000000000070?, 0xf3?, 0xde?, 0x20b0ba20ed0?)
	runtime/proc.go:460 +0xce fp=0xc00552d478 sp=0xc00552d458 pc=0x7ff656bc72ce
runtime.chanrecv(0xc0044db3b0, 0xc00552d550, 0x1)
	runtime/chan.go:667 +0x473 fp=0xc00552d4f0 sp=0xc00552d478 pc=0x7ff656b5e593
runtime.chanrecv1(0x7ff65714d260?, 0xc005488720?)
	runtime/chan.go:509 +0x12 fp=0xc00552d518 sp=0xc00552d4f0 pc=0x7ff656b5e0f2
main.(*serviceType).sendRequest(0xc000181890, {0x7ff65714d260, 0xc005488720})
	github.com/evanw/esbuild/cmd/esbuild/service.go:192 +0x12b fp=0xc00552d588 sp=0xc00552d518 pc=0x7ff65706fb6b
main.(*serviceType).convertPlugins.func2.4({{0xc0040090a0, 0x6e}, {0x7ff6571cd3af, 0x4}, {0x0, 0x0}, {0x0, 0x0}, 0x0})
	github.com/evanw/esbuild/cmd/esbuild/service.go:1088 +0x836 fp=0xc00552d808 sp=0xc00552d588 pc=0x7ff657078356
github.com/evanw/esbuild/pkg/api.(*pluginImpl).onLoad.func1({{0x0, 0x0}, {{0xc0040090a0, 0x6e}, {0x7ff6571cd3af, 0x4}, 
{0x0, 0x0}, {{0x0, 0x0}}, ...}})
	github.com/evanw/esbuild/pkg/api/api_impl.go:2014 +0x190 fp=0xc00552da70 sp=0xc00552d808 pc=0x7ff657036ad0
github.com/evanw/esbuild/internal/bundler.runOnLoadPlugins({0xc000090240?, 0xc003825e28?, 0x8?}, {0x7ff6572bce40?, 
0xc0000a6360}, 0xc0000901e0, {0xc0000beb60, 0xc0000aa390, 0xc0000aa3a8, 0xc0000a6340, ...}, ...)
	github.com/evanw/esbuild/internal/bundler/bundler.go:1203 +0xcd5 fp=0xc00552de10 sp=0xc00552da70 pc=0x7ff656f82835
github.com/evanw/esbuild/internal/bundler.parseFile({{0x7ff6572bce40, 0xc0000a6360}, {0xc0000beb60, 0xc0000aa390, 
0xc0000aa3a8, 0xc0000a6340, 0x6, 0xc0000a0450}, 0xc0004ae488, 0xc0000901e0, ...})
	github.com/evanw/esbuild/internal/bundler/bundler.go:163 +0x2b5 fp=0xc00552f608 sp=0xc00552de10 pc=0x7ff656f777f5
github.com/evanw/esbuild/internal/bundler.(*scanner).maybeParseFile.gowrap1()
	github.com/evanw/esbuild/internal/bundler/bundler.go:1630 +0x2fa fp=0xc00552ffe0 sp=0xc00552f608 pc=0x7ff656f85a5a
runtime.goexit({})
	runtime/asm_amd64.s:1693 +0x1 fp=0xc00552ffe8 sp=0xc00552ffe0 pc=0x7ff656bcf221
created by github.com/evanw/esbuild/internal/bundler.(*scanner).maybeParseFile in goroutine 21
	github.com/evanw/esbuild/internal/bundler/bundler.go:1630 +0xd85

goroutine 1325 gp=0xc004d7f880 m=nil [chan receive]:
runtime.gopark(0xc0003d2000?, 0x2000000000070?, 0x98?, 0xb4?, 0x20b0ba20ed0?)
	runtime/proc.go:460 +0xce fp=0xc005535478 sp=0xc005535458 pc=0x7ff656bc72ce
runtime.chanrecv(0xc0044db420, 0xc005535550, 0x1)
	runtime/chan.go:667 +0x473 fp=0xc0055354f0 sp=0xc005535478 pc=0x7ff656b5e593
runtime.chanrecv1(0x7ff65714d260?, 0xc005488780?)
	runtime/chan.go:509 +0x12 fp=0xc005535518 sp=0xc0055354f0 pc=0x7ff656b5e0f2
main.(*serviceType).sendRequest(0xc000181890, {0x7ff65714d260, 0xc005488780})
	github.com/evanw/esbuild/cmd/esbuild/service.go:192 +0x12b fp=0xc005535588 sp=0xc005535518 pc=0x7ff65706fb6b
main.(*serviceType).convertPlugins.func2.4({{0xc004009500, 0x6e}, {0x7ff6571cd3af, 0x4}, {0x0, 0x0}, {0x0, 0x0}, 0x0})
	github.com/evanw/esbuild/cmd/esbuild/service.go:1088 +0x836 fp=0xc005535808 sp=0xc005535588 pc=0x7ff657078356
github.com/evanw/esbuild/pkg/api.(*pluginImpl).onLoad.func1({{0x0, 0x0}, {{0xc004009500, 0x6e}, {0x7ff6571cd3af, 0x4}, 
{0x0, 0x0}, {{0x0, 0x0}}, ...}})
	github.com/evanw/esbuild/pkg/api/api_impl.go:2014 +0x190 fp=0xc005535a70 sp=0xc005535808 pc=0x7ff657036ad0
github.com/evanw/esbuild/internal/bundler.runOnLoadPlugins({0xc000090240?, 0xc003825e28?, 0x8?}, {0x7ff6572bce40?, 
0xc0000a6360}, 0xc0000901e0, {0xc0000beb60, 0xc0000aa390, 0xc0000aa3a8, 0xc0000a6340, ...}, ...)
	github.com/evanw/esbuild/internal/bundler/bundler.go:1203 +0xcd5 fp=0xc005535e10 sp=0xc005535a70 pc=0x7ff656f82835
github.com/evanw/esbuild/internal/bundler.parseFile({{0x7ff6572bce40, 0xc0000a6360}, {0xc0000beb60, 0xc0000aa390, 
0xc0000aa3a8, 0xc0000a6340, 0x6, 0xc0000a0450}, 0xc0004ae488, 0xc0000901e0, ...})
	github.com/evanw/esbuild/internal/bundler/bundler.go:163 +0x2b5 fp=0xc005537608 sp=0xc005535e10 pc=0x7ff656f777f5
github.com/evanw/esbuild/internal/bundler.(*scanner).maybeParseFile.gowrap1()
	github.com/evanw/esbuild/internal/bundler/bundler.go:1630 +0x2fa fp=0xc005537fe0 sp=0xc005537608 pc=0x7ff656f85a5a
runtime.goexit({})
	runtime/asm_amd64.s:1693 +0x1 fp=0xc005537fe8 sp=0xc005537fe0 pc=0x7ff656bcf221
created by github.com/evanw/esbuild/internal/bundler.(*scanner).maybeParseFile in goroutine 21
	github.com/evanw/esbuild/internal/bundler/bundler.go:1630 +0xd85

goroutine 1326 gp=0xc004d7fa40 m=nil [chan receive]:
runtime.gopark(0xc000318000?, 0x2000000000070?, 0xb9?, 0xe4?, 0x20b0ba20ed0?)
	runtime/proc.go:460 +0xce fp=0xc00553d478 sp=0xc00553d458 pc=0x7ff656bc72ce
runtime.chanrecv(0xc0044db490, 0xc00553d550, 0x1)
	runtime/chan.go:667 +0x473 fp=0xc00553d4f0 sp=0xc00553d478 pc=0x7ff656b5e593
runtime.chanrecv1(0x7ff65714d260?, 0xc0054887e0?)
	runtime/chan.go:509 +0x12 fp=0xc00553d518 sp=0xc00553d4f0 pc=0x7ff656b5e0f2
main.(*serviceType).sendRequest(0xc000181890, {0x7ff65714d260, 0xc0054887e0})
	github.com/evanw/esbuild/cmd/esbuild/service.go:192 +0x12b fp=0xc00553d588 sp=0xc00553d518 pc=0x7ff65706fb6b
main.(*serviceType).convertPlugins.func2.4({{0xc004009960, 0x70}, {0x7ff6571cd3af, 0x4}, {0x0, 0x0}, {0x0, 0x0}, 0x0})
	github.com/evanw/esbuild/cmd/esbuild/service.go:1088 +0x836 fp=0xc00553d808 sp=0xc00553d588 pc=0x7ff657078356
github.com/evanw/esbuild/pkg/api.(*pluginImpl).onLoad.func1({{0x0, 0x0}, {{0xc004009960, 0x70}, {0x7ff6571cd3af, 0x4}, 
{0x0, 0x0}, {{0x0, 0x0}}, ...}})
	github.com/evanw/esbuild/pkg/api/api_impl.go:2014 +0x190 fp=0xc00553da70 sp=0xc00553d808 pc=0x7ff657036ad0
github.com/evanw/esbuild/internal/bundler.runOnLoadPlugins({0xc000090240?, 0xc003825e28?, 0x8?}, {0x7ff6572bce40?, 
0xc0000a6360}, 0xc0000901e0, {0xc0000beb60, 0xc0000aa390, 0xc0000aa3a8, 0xc0000a6340, ...}, ...)
	github.com/evanw/esbuild/internal/bundler/bundler.go:1203 +0xcd5 fp=0xc00553de10 sp=0xc00553da70 pc=0x7ff656f82835
github.com/evanw/esbuild/internal/bundler.parseFile({{0x7ff6572bce40, 0xc0000a6360}, {0xc0000beb60, 0xc0000aa390, 
0xc0000aa3a8, 0xc0000a6340, 0x6, 0xc0000a0450}, 0xc0004ae488, 0xc0000901e0, ...})
	github.com/evanw/esbuild/internal/bundler/bundler.go:163 +0x2b5 fp=0xc00553f608 sp=0xc00553de10 pc=0x7ff656f777f5
github.com/evanw/esbuild/internal/bundler.(*scanner).maybeParseFile.gowrap1()
	github.com/evanw/esbuild/internal/bundler/bundler.go:1630 +0x2fa fp=0xc00553ffe0 sp=0xc00553f608 pc=0x7ff656f85a5a
runtime.goexit({})
	runtime/asm_amd64.s:1693 +0x1 fp=0xc00553ffe8 sp=0xc00553ffe0 pc=0x7ff656bcf221
created by github.com/evanw/esbuild/internal/bundler.(*scanner).maybeParseFile in goroutine 21
	github.com/evanw/esbuild/internal/bundler/bundler.go:1630 +0xd85

goroutine 1327 gp=0xc004d7fc00 m=nil [chan receive]:
runtime.gopark(0xc000318060?, 0x2000000000070?, 0xe6?, 0x5a?, 0x20b0ba20ed0?)
	runtime/proc.go:460 +0xce fp=0xc005545478 sp=0xc005545458 pc=0x7ff656bc72ce
runtime.chanrecv(0xc0044db500, 0xc005545550, 0x1)
	runtime/chan.go:667 +0x473 fp=0xc0055454f0 sp=0xc005545478 pc=0x7ff656b5e593
runtime.chanrecv1(0x7ff65714d260?, 0xc005488840?)
	runtime/chan.go:509 +0x12 fp=0xc005545518 sp=0xc0055454f0 pc=0x7ff656b5e0f2
main.(*serviceType).sendRequest(0xc000181890, {0x7ff65714d260, 0xc005488840})
	github.com/evanw/esbuild/cmd/esbuild/service.go:192 +0x12b fp=0xc005545588 sp=0xc005545518 pc=0x7ff65706fb6b
main.(*serviceType).convertPlugins.func2.4({{0xc004009dc0, 0x6c}, {0x7ff6571cd3af, 0x4}, {0x0, 0x0}, {0x0, 0x0}, 0x0})
	github.com/evanw/esbuild/cmd/esbuild/service.go:1088 +0x836 fp=0xc005545808 sp=0xc005545588 pc=0x7ff657078356
github.com/evanw/esbuild/pkg/api.(*pluginImpl).onLoad.func1({{0x0, 0x0}, {{0xc004009dc0, 0x6c}, {0x7ff6571cd3af, 0x4}, 
{0x0, 0x0}, {{0x0, 0x0}}, ...}})
	github.com/evanw/esbuild/pkg/api/api_impl.go:2014 +0x190 fp=0xc005545a70 sp=0xc005545808 pc=0x7ff657036ad0
github.com/evanw/esbuild/internal/bundler.runOnLoadPlugins({0xc000090240?, 0xc003825e28?, 0x8?}, {0x7ff6572bce40?, 
0xc0000a6360}, 0xc0000901e0, {0xc0000beb60, 0xc0000aa390, 0xc0000aa3a8, 0xc0000a6340, ...}, ...)
	github.com/evanw/esbuild/internal/bundler/bundler.go:1203 +0xcd5 fp=0xc005545e10 sp=0xc005545a70 pc=0x7ff656f82835
github.com/evanw/esbuild/internal/bundler.parseFile({{0x7ff6572bce40, 0xc0000a6360}, {0xc0000beb60, 0xc0000aa390, 
0xc0000aa3a8, 0xc0000a6340, 0x6, 0xc0000a0450}, 0xc0004ae488, 0xc0000901e0, ...})
	github.com/evanw/esbuild/internal/bundler/bundler.go:163 +0x2b5 fp=0xc005547608 sp=0xc005545e10 pc=0x7ff656f777f5
github.com/evanw/esbuild/internal/bundler.(*scanner).maybeParseFile.gowrap1()
	github.com/evanw/esbuild/internal/bundler/bundler.go:1630 +0x2fa fp=0xc005547fe0 sp=0xc005547608 pc=0x7ff656f85a5a
runtime.goexit({})
	runtime/asm_amd64.s:1693 +0x1 fp=0xc005547fe8 sp=0xc005547fe0 pc=0x7ff656bcf221
created by github.com/evanw/esbuild/internal/bundler.(*scanner).maybeParseFile in goroutine 21
	github.com/evanw/esbuild/internal/bundler/bundler.go:1630 +0xd85

goroutine 1328 gp=0xc004d7fdc0 m=nil [chan receive]:
runtime.gopark(0xc0012d8000?, 0x2000000000070?, 0x2c?, 0x11?, 0x20b0ba20ed0?)
	runtime/proc.go:460 +0xce fp=0xc00554d478 sp=0xc00554d458 pc=0x7ff656bc72ce
runtime.chanrecv(0xc0044db570, 0xc00554d550, 0x1)
	runtime/chan.go:667 +0x473 fp=0xc00554d4f0 sp=0xc00554d478 pc=0x7ff656b5e593
runtime.chanrecv1(0x7ff65714d260?, 0xc0054888a0?)
	runtime/chan.go:509 +0x12 fp=0xc00554d518 sp=0xc00554d4f0 pc=0x7ff656b5e0f2
main.(*serviceType).sendRequest(0xc000181890, {0x7ff65714d260, 0xc0054888a0})
	github.com/evanw/esbuild/cmd/esbuild/service.go:192 +0x12b fp=0xc00554d588 sp=0xc00554d518 pc=0x7ff65706fb6b
main.(*serviceType).convertPlugins.func2.4({{0xc004003c80, 0x71}, {0x7ff6571cd3af, 0x4}, {0x0, 0x0}, {0x0, 0x0}, 0x0})
	github.com/evanw/esbuild/cmd/esbuild/service.go:1088 +0x836 fp=0xc00554d808 sp=0xc00554d588 pc=0x7ff657078356
github.com/evanw/esbuild/pkg/api.(*pluginImpl).onLoad.func1({{0x0, 0x0}, {{0xc004003c80, 0x71}, {0x7ff6571cd3af, 0x4}, 
{0x0, 0x0}, {{0x0, 0x0}}, ...}})
	github.com/evanw/esbuild/pkg/api/api_impl.go:2014 +0x190 fp=0xc00554da70 sp=0xc00554d808 pc=0x7ff657036ad0
github.com/evanw/esbuild/internal/bundler.runOnLoadPlugins({0xc000090240?, 0xc003825e28?, 0x8?}, {0x7ff6572bce40?, 
0xc0000a6360}, 0xc0000901e0, {0xc0000beb60, 0xc0000aa390, 0xc0000aa3a8, 0xc0000a6340, ...}, ...)
	github.com/evanw/esbuild/internal/bundler/bundler.go:1203 +0xcd5 fp=0xc00554de10 sp=0xc00554da70 pc=0x7ff656f82835
github.com/evanw/esbuild/internal/bundler.parseFile({{0x7ff6572bce40, 0xc0000a6360}, {0xc0000beb60, 0xc0000aa390, 
0xc0000aa3a8, 0xc0000a6340, 0x6, 0xc0000a0450}, 0xc0004ae488, 0xc0000901e0, ...})
	github.com/evanw/esbuild/internal/bundler/bundler.go:163 +0x2b5 fp=0xc00554f608 sp=0xc00554de10 pc=0x7ff656f777f5
github.com/evanw/esbuild/internal/bundler.(*scanner).maybeParseFile.gowrap1()
	github.com/evanw/esbuild/internal/bundler/bundler.go:1630 +0x2fa fp=0xc00554ffe0 sp=0xc00554f608 pc=0x7ff656f85a5a
runtime.goexit({})
	runtime/asm_amd64.s:1693 +0x1 fp=0xc00554ffe8 sp=0xc00554ffe0 pc=0x7ff656bcf221
created by github.com/evanw/esbuild/internal/bundler.(*scanner).maybeParseFile in goroutine 21
	github.com/evanw/esbuild/internal/bundler/bundler.go:1630 +0xd85

goroutine 1329 gp=0xc004db0000 m=nil [chan receive]:
runtime.gopark(0xc000a06480?, 0x2000000000070?, 0x3?, 0x5d?, 0x20b0ba20ed0?)
	runtime/proc.go:460 +0xce fp=0xc005555478 sp=0xc005555458 pc=0x7ff656bc72ce
runtime.chanrecv(0xc0044db5e0, 0xc005555550, 0x1)
	runtime/chan.go:667 +0x473 fp=0xc0055554f0 sp=0xc005555478 pc=0x7ff656b5e593
runtime.chanrecv1(0x7ff65714d260?, 0xc005488900?)
	runtime/chan.go:509 +0x12 fp=0xc005555518 sp=0xc0055554f0 pc=0x7ff656b5e0f2
main.(*serviceType).sendRequest(0xc000181890, {0x7ff65714d260, 0xc005488900})
	github.com/evanw/esbuild/cmd/esbuild/service.go:192 +0x12b fp=0xc005555588 sp=0xc005555518 pc=0x7ff65706fb6b
main.(*serviceType).convertPlugins.func2.4({{0xc00400c540, 0x6d}, {0x7ff6571cd3af, 0x4}, {0x0, 0x0}, {0x0, 0x0}, 0x0})
	github.com/evanw/esbuild/cmd/esbuild/service.go:1088 +0x836 fp=0xc005555808 sp=0xc005555588 pc=0x7ff657078356
github.com/evanw/esbuild/pkg/api.(*pluginImpl).onLoad.func1({{0x0, 0x0}, {{0xc00400c540, 0x6d}, {0x7ff6571cd3af, 0x4}, 
{0x0, 0x0}, {{0x0, 0x0}}, ...}})
	github.com/evanw/esbuild/pkg/api/api_impl.go:2014 +0x190 fp=0xc005555a70 sp=0xc005555808 pc=0x7ff657036ad0
github.com/evanw/esbuild/internal/bundler.runOnLoadPlugins({0xc000090240?, 0xc003825e28?, 0x8?}, {0x7ff6572bce40?, 
0xc0000a6360}, 0xc0000901e0, {0xc0000beb60, 0xc0000aa390, 0xc0000aa3a8, 0xc0000a6340, ...}, ...)
	github.com/evanw/esbuild/internal/bundler/bundler.go:1203 +0xcd5 fp=0xc005555e10 sp=0xc005555a70 pc=0x7ff656f82835
github.com/evanw/esbuild/internal/bundler.parseFile({{0x7ff6572bce40, 0xc0000a6360}, {0xc0000beb60, 0xc0000aa390, 
0xc0000aa3a8, 0xc0000a6340, 0x6, 0xc0000a0450}, 0xc0004ae488, 0xc0000901e0, ...})
	github.com/evanw/esbuild/internal/bundler/bundler.go:163 +0x2b5 fp=0xc005557608 sp=0xc005555e10 pc=0x7ff656f777f5
github.com/evanw/esbuild/internal/bundler.(*scanner).maybeParseFile.gowrap1()
	github.com/evanw/esbuild/internal/bundler/bundler.go:1630 +0x2fa fp=0xc005557fe0 sp=0xc005557608 pc=0x7ff656f85a5a
runtime.goexit({})
	runtime/asm_amd64.s:1693 +0x1 fp=0xc005557fe8 sp=0xc005557fe0 pc=0x7ff656bcf221
created by github.com/evanw/esbuild/internal/bundler.(*scanner).maybeParseFile in goroutine 21
	github.com/evanw/esbuild/internal/bundler/bundler.go:1630 +0xd85

goroutine 1330 gp=0xc004db01c0 m=nil [chan receive]:
runtime.gopark(0xc000418ae0?, 0x2000000000070?, 0x65?, 0x37?, 0x20b0ba20ed0?)
	runtime/proc.go:460 +0xce fp=0xc00555d478 sp=0xc00555d458 pc=0x7ff656bc72ce
runtime.chanrecv(0xc0044db650, 0xc00555d550, 0x1)
	runtime/chan.go:667 +0x473 fp=0xc00555d4f0 sp=0xc00555d478 pc=0x7ff656b5e593
runtime.chanrecv1(0x7ff65714d260?, 0xc005488960?)
	runtime/chan.go:509 +0x12 fp=0xc00555d518 sp=0xc00555d4f0 pc=0x7ff656b5e0f2
main.(*serviceType).sendRequest(0xc000181890, {0x7ff65714d260, 0xc005488960})
	github.com/evanw/esbuild/cmd/esbuild/service.go:192 +0x12b fp=0xc00555d588 sp=0xc00555d518 pc=0x7ff65706fb6b
main.(*serviceType).convertPlugins.func2.4({{0xc00400c9a0, 0x6f}, {0x7ff6571cd3af, 0x4}, {0x0, 0x0}, {0x0, 0x0}, 0x0})
	github.com/evanw/esbuild/cmd/esbuild/service.go:1088 +0x836 fp=0xc00555d808 sp=0xc00555d588 pc=0x7ff657078356
github.com/evanw/esbuild/pkg/api.(*pluginImpl).onLoad.func1({{0x0, 0x0}, {{0xc00400c9a0, 0x6f}, {0x7ff6571cd3af, 0x4}, 
{0x0, 0x0}, {{0x0, 0x0}}, ...}})
	github.com/evanw/esbuild/pkg/api/api_impl.go:2014 +0x190 fp=0xc00555da70 sp=0xc00555d808 pc=0x7ff657036ad0
github.com/evanw/esbuild/internal/bundler.runOnLoadPlugins({0xc000090240?, 0xc003825e28?, 0x8?}, {0x7ff6572bce40?, 
0xc0000a6360}, 0xc0000901e0, {0xc0000beb60, 0xc0000aa390, 0xc0000aa3a8, 0xc0000a6340, ...}, ...)
	github.com/evanw/esbuild/internal/bundler/bundler.go:1203 +0xcd5 fp=0xc00555de10 sp=0xc00555da70 pc=0x7ff656f82835
github.com/evanw/esbuild/internal/bundler.parseFile({{0x7ff6572bce40, 0xc0000a6360}, {0xc0000beb60, 0xc0000aa390, 
0xc0000aa3a8, 0xc0000a6340, 0x6, 0xc0000a0450}, 0xc0004ae488, 0xc0000901e0, ...})
	github.com/evanw/esbuild/internal/bundler/bundler.go:163 +0x2b5 fp=0xc00555f608 sp=0xc00555de10 pc=0x7ff656f777f5
github.com/evanw/esbuild/internal/bundler.(*scanner).maybeParseFile.gowrap1()
	github.com/evanw/esbuild/internal/bundler/bundler.go:1630 +0x2fa fp=0xc00555ffe0 sp=0xc00555f608 pc=0x7ff656f85a5a
runtime.goexit({})
	runtime/asm_amd64.s:1693 +0x1 fp=0xc00555ffe8 sp=0xc00555ffe0 pc=0x7ff656bcf221
created by github.com/evanw/esbuild/internal/bundler.(*scanner).maybeParseFile in goroutine 21
	github.com/evanw/esbuild/internal/bundler/bundler.go:1630 +0xd85

goroutine 1331 gp=0xc004db0380 m=nil [chan receive]:
runtime.gopark(0xc000a06420?, 0x2000000000070?, 0xdd?, 0x4a?, 0x20b0ba20ed0?)
	runtime/proc.go:460 +0xce fp=0xc005565478 sp=0xc005565458 pc=0x7ff656bc72ce
runtime.chanrecv(0xc0044db6c0, 0xc005565550, 0x1)
	runtime/chan.go:667 +0x473 fp=0xc0055654f0 sp=0xc005565478 pc=0x7ff656b5e593
runtime.chanrecv1(0x7ff65714d260?, 0xc0054889c0?)
	runtime/chan.go:509 +0x12 fp=0xc005565518 sp=0xc0055654f0 pc=0x7ff656b5e0f2
main.(*serviceType).sendRequest(0xc000181890, {0x7ff65714d260, 0xc0054889c0})
	github.com/evanw/esbuild/cmd/esbuild/service.go:192 +0x12b fp=0xc005565588 sp=0xc005565518 pc=0x7ff65706fb6b
main.(*serviceType).convertPlugins.func2.4({{0xc00400e000, 0x76}, {0x7ff6571cd3af, 0x4}, {0x0, 0x0}, {0x0, 0x0}, 0x0})
	github.com/evanw/esbuild/cmd/esbuild/service.go:1088 +0x836 fp=0xc005565808 sp=0xc005565588 pc=0x7ff657078356
github.com/evanw/esbuild/pkg/api.(*pluginImpl).onLoad.func1({{0x0, 0x0}, {{0xc00400e000, 0x76}, {0x7ff6571cd3af, 0x4}, 
{0x0, 0x0}, {{0x0, 0x0}}, ...}})
	github.com/evanw/esbuild/pkg/api/api_impl.go:2014 +0x190 fp=0xc005565a70 sp=0xc005565808 pc=0x7ff657036ad0
github.com/evanw/esbuild/internal/bundler.runOnLoadPlugins({0xc000090240?, 0xc003825e28?, 0x8?}, {0x7ff6572bce40?, 
0xc0000a6360}, 0xc0000901e0, {0xc0000beb60, 0xc0000aa390, 0xc0000aa3a8, 0xc0000a6340, ...}, ...)
	github.com/evanw/esbuild/internal/bundler/bundler.go:1203 +0xcd5 fp=0xc005565e10 sp=0xc005565a70 pc=0x7ff656f82835
github.com/evanw/esbuild/internal/bundler.parseFile({{0x7ff6572bce40, 0xc0000a6360}, {0xc0000beb60, 0xc0000aa390, 
0xc0000aa3a8, 0xc0000a6340, 0x6, 0xc0000a0450}, 0xc0004ae488, 0xc0000901e0, ...})
	github.com/evanw/esbuild/internal/bundler/bundler.go:163 +0x2b5 fp=0xc005567608 sp=0xc005565e10 pc=0x7ff656f777f5
github.com/evanw/esbuild/internal/bundler.(*scanner).maybeParseFile.gowrap1()
	github.com/evanw/esbuild/internal/bundler/bundler.go:1630 +0x2fa fp=0xc005567fe0 sp=0xc005567608 pc=0x7ff656f85a5a
runtime.goexit({})
	runtime/asm_amd64.s:1693 +0x1 fp=0xc005567fe8 sp=0xc005567fe0 pc=0x7ff656bcf221
created by github.com/evanw/esbuild/internal/bundler.(*scanner).maybeParseFile in goroutine 21
	github.com/evanw/esbuild/internal/bundler/bundler.go:1630 +0xd85

goroutine 1332 gp=0xc004db0540 m=nil [chan receive]:
runtime.gopark(0xc000a063c0?, 0x2000000000070?, 0x4e?, 0x21?, 0x20b0ba20ed0?)
	runtime/proc.go:460 +0xce fp=0xc00556d478 sp=0xc00556d458 pc=0x7ff656bc72ce
runtime.chanrecv(0xc0044db730, 0xc00556d550, 0x1)
	runtime/chan.go:667 +0x473 fp=0xc00556d4f0 sp=0xc00556d478 pc=0x7ff656b5e593
runtime.chanrecv1(0x7ff65714d260?, 0xc005488a20?)
	runtime/chan.go:509 +0x12 fp=0xc00556d518 sp=0xc00556d4f0 pc=0x7ff656b5e0f2
main.(*serviceType).sendRequest(0xc000181890, {0x7ff65714d260, 0xc005488a20})
	github.com/evanw/esbuild/cmd/esbuild/service.go:192 +0x12b fp=0xc00556d588 sp=0xc00556d518 pc=0x7ff65706fb6b
main.(*serviceType).convertPlugins.func2.4({{0xc00400cf50, 0x6f}, {0x7ff6571cd3af, 0x4}, {0x0, 0x0}, {0x0, 0x0}, 0x0})
	github.com/evanw/esbuild/cmd/esbuild/service.go:1088 +0x836 fp=0xc00556d808 sp=0xc00556d588 pc=0x7ff657078356
github.com/evanw/esbuild/pkg/api.(*pluginImpl).onLoad.func1({{0x0, 0x0}, {{0xc00400cf50, 0x6f}, {0x7ff6571cd3af, 0x4}, 
{0x0, 0x0}, {{0x0, 0x0}}, ...}})
	github.com/evanw/esbuild/pkg/api/api_impl.go:2014 +0x190 fp=0xc00556da70 sp=0xc00556d808 pc=0x7ff657036ad0
github.com/evanw/esbuild/internal/bundler.runOnLoadPlugins({0xc000090240?, 0xc003825e28?, 0x8?}, {0x7ff6572bce40?, 
0xc0000a6360}, 0xc0000901e0, {0xc0000beb60, 0xc0000aa390, 0xc0000aa3a8, 0xc0000a6340, ...}, ...)
	github.com/evanw/esbuild/internal/bundler/bundler.go:1203 +0xcd5 fp=0xc00556de10 sp=0xc00556da70 pc=0x7ff656f82835
github.com/evanw/esbuild/internal/bundler.parseFile({{0x7ff6572bce40, 0xc0000a6360}, {0xc0000beb60, 0xc0000aa390, 
0xc0000aa3a8, 0xc0000a6340, 0x6, 0xc0000a0450}, 0xc0004ae488, 0xc0000901e0, ...})
	github.com/evanw/esbuild/internal/bundler/bundler.go:163 +0x2b5 fp=0xc00556f608 sp=0xc00556de10 pc=0x7ff656f777f5
github.com/evanw/esbuild/internal/bundler.(*scanner).maybeParseFile.gowrap1()
	github.com/evanw/esbuild/internal/bundler/bundler.go:1630 +0x2fa fp=0xc00556ffe0 sp=0xc00556f608 pc=0x7ff656f85a5a
runtime.goexit({})
	runtime/asm_amd64.s:1693 +0x1 fp=0xc00556ffe8 sp=0xc00556ffe0 pc=0x7ff656bcf221
created by github.com/evanw/esbuild/internal/bundler.(*scanner).maybeParseFile in goroutine 21
	github.com/evanw/esbuild/internal/bundler/bundler.go:1630 +0xd85

goroutine 1333 gp=0xc004db0700 m=nil [chan receive]:
runtime.gopark(0xc000a06360?, 0x2000000000070?, 0x8e?, 0x4a?, 0xc0055754b0?)
	runtime/proc.go:460 +0xce fp=0xc005575478 sp=0xc005575458 pc=0x7ff656bc72ce
runtime.chanrecv(0xc0044db7a0, 0xc005575550, 0x1)
	runtime/chan.go:667 +0x473 fp=0xc0055754f0 sp=0xc005575478 pc=0x7ff656b5e593
runtime.chanrecv1(0x7ff65714d260?, 0xc005488a80?)
	runtime/chan.go:509 +0x12 fp=0xc005575518 sp=0xc0055754f0 pc=0x7ff656b5e0f2
main.(*serviceType).sendRequest(0xc000181890, {0x7ff65714d260, 0xc005488a80})
	github.com/evanw/esbuild/cmd/esbuild/service.go:192 +0x12b fp=0xc005575588 sp=0xc005575518 pc=0x7ff65706fb6b
main.(*serviceType).convertPlugins.func2.4({{0xc00400d3b0, 0x6c}, {0x7ff6571cd3af, 0x4}, {0x0, 0x0}, {0x0, 0x0}, 0x0})
	github.com/evanw/esbuild/cmd/esbuild/service.go:1088 +0x836 fp=0xc005575808 sp=0xc005575588 pc=0x7ff657078356
github.com/evanw/esbuild/pkg/api.(*pluginImpl).onLoad.func1({{0x0, 0x0}, {{0xc00400d3b0, 0x6c}, {0x7ff6571cd3af, 0x4}, 
{0x0, 0x0}, {{0x0, 0x0}}, ...}})
	github.com/evanw/esbuild/pkg/api/api_impl.go:2014 +0x190 fp=0xc005575a70 sp=0xc005575808 pc=0x7ff657036ad0
github.com/evanw/esbuild/internal/bundler.runOnLoadPlugins({0xc000090240?, 0xc003825e28?, 0x8?}, {0x7ff6572bce40?, 
0xc0000a6360}, 0xc0000901e0, {0xc0000beb60, 0xc0000aa390, 0xc0000aa3a8, 0xc0000a6340, ...}, ...)
	github.com/evanw/esbuild/internal/bundler/bundler.go:1203 +0xcd5 fp=0xc005575e10 sp=0xc005575a70 pc=0x7ff656f82835
github.com/evanw/esbuild/internal/bundler.parseFile({{0x7ff6572bce40, 0xc0000a6360}, {0xc0000beb60, 0xc0000aa390, 
0xc0000aa3a8, 0xc0000a6340, 0x6, 0xc0000a0450}, 0xc0004ae488, 0xc0000901e0, ...})
	github.com/evanw/esbuild/internal/bundler/bundler.go:163 +0x2b5 fp=0xc005577608 sp=0xc005575e10 pc=0x7ff656f777f5
github.com/evanw/esbuild/internal/bundler.(*scanner).maybeParseFile.gowrap1()
	github.com/evanw/esbuild/internal/bundler/bundler.go:1630 +0x2fa fp=0xc005577fe0 sp=0xc005577608 pc=0x7ff656f85a5a
runtime.goexit({})
	runtime/asm_amd64.s:1693 +0x1 fp=0xc005577fe8 sp=0xc005577fe0 pc=0x7ff656bcf221
created by github.com/evanw/esbuild/internal/bundler.(*scanner).maybeParseFile in goroutine 21
	github.com/evanw/esbuild/internal/bundler/bundler.go:1630 +0xd85

goroutine 1334 gp=0xc004db08c0 m=nil [chan receive]:
runtime.gopark(0xc00040b020?, 0x7c?, 0x0?, 0x0?, 0x10?)
	runtime/proc.go:460 +0xce fp=0xc005595478 sp=0xc005595458 pc=0x7ff656bc72ce
runtime.chanrecv(0xc0044db880, 0xc005595550, 0x1)
	runtime/chan.go:667 +0x473 fp=0xc0055954f0 sp=0xc005595478 pc=0x7ff656b5e593
runtime.chanrecv1(0x7ff65714d260?, 0xc005488b40?)
	runtime/chan.go:509 +0x12 fp=0xc005595518 sp=0xc0055954f0 pc=0x7ff656b5e0f2
main.(*serviceType).sendRequest(0xc000181890, {0x7ff65714d260, 0xc005488b40})
	github.com/evanw/esbuild/cmd/esbuild/service.go:192 +0x12b fp=0xc005595588 sp=0xc005595518 pc=0x7ff65706fb6b
main.(*serviceType).convertPlugins.func2.4({{0xc00400d810, 0x6b}, {0x7ff6571cd3af, 0x4}, {0x0, 0x0}, {0x0, 0x0}, 0x0})
	github.com/evanw/esbuild/cmd/esbuild/service.go:1088 +0x836 fp=0xc005595808 sp=0xc005595588 pc=0x7ff657078356
github.com/evanw/esbuild/pkg/api.(*pluginImpl).onLoad.func1({{0x0, 0x0}, {{0xc00400d810, 0x6b}, {0x7ff6571cd3af, 0x4}, 
{0x0, 0x0}, {{0x0, 0x0}}, ...}})
	github.com/evanw/esbuild/pkg/api/api_impl.go:2014 +0x190 fp=0xc005595a70 sp=0xc005595808 pc=0x7ff657036ad0
github.com/evanw/esbuild/internal/bundler.runOnLoadPlugins({0xc000090240?, 0xc003825e28?, 0x8?}, {0x7ff6572bce40?, 
0xc0000a6360}, 0xc0000901e0, {0xc0000beb60, 0xc0000aa390, 0xc0000aa3a8, 0xc0000a6340, ...}, ...)
	github.com/evanw/esbuild/internal/bundler/bundler.go:1203 +0xcd5 fp=0xc005595e10 sp=0xc005595a70 pc=0x7ff656f82835
github.com/evanw/esbuild/internal/bundler.parseFile({{0x7ff6572bce40, 0xc0000a6360}, {0xc0000beb60, 0xc0000aa390, 
0xc0000aa3a8, 0xc0000a6340, 0x6, 0xc0000a0450}, 0xc0004ae488, 0xc0000901e0, ...})
	github.com/evanw/esbuild/internal/bundler/bundler.go:163 +0x2b5 fp=0xc005597608 sp=0xc005595e10 pc=0x7ff656f777f5
github.com/evanw/esbuild/internal/bundler.(*scanner).maybeParseFile.gowrap1()
	github.com/evanw/esbuild/internal/bundler/bundler.go:1630 +0x2fa fp=0xc005597fe0 sp=0xc005597608 pc=0x7ff656f85a5a
runtime.goexit({})
	runtime/asm_amd64.s:1693 +0x1 fp=0xc005597fe8 sp=0xc005597fe0 pc=0x7ff656bcf221
created by github.com/evanw/esbuild/internal/bundler.(*scanner).maybeParseFile in goroutine 21
	github.com/evanw/esbuild/internal/bundler/bundler.go:1630 +0xd85

goroutine 1335 gp=0xc004db0a80 m=nil [chan receive]:
runtime.gopark(0xc000620120?, 0x2000000000070?, 0x63?, 0xff?, 0x20b0ba20ed0?)
	runtime/proc.go:460 +0xce fp=0xc00559d478 sp=0xc00559d458 pc=0x7ff656bc72ce
runtime.chanrecv(0xc0044db8f0, 0xc00559d550, 0x1)
	runtime/chan.go:667 +0x473 fp=0xc00559d4f0 sp=0xc00559d478 pc=0x7ff656b5e593
runtime.chanrecv1(0x7ff65714d260?, 0xc005488ba0?)
	runtime/chan.go:509 +0x12 fp=0xc00559d518 sp=0xc00559d4f0 pc=0x7ff656b5e0f2
main.(*serviceType).sendRequest(0xc000181890, {0x7ff65714d260, 0xc005488ba0})
	github.com/evanw/esbuild/cmd/esbuild/service.go:192 +0x12b fp=0xc00559d588 sp=0xc00559d518 pc=0x7ff65706fb6b
main.(*serviceType).convertPlugins.func2.4({{0xc00400dc70, 0x6d}, {0x7ff6571cd3af, 0x4}, {0x0, 0x0}, {0x0, 0x0}, 0x0})
	github.com/evanw/esbuild/cmd/esbuild/service.go:1088 +0x836 fp=0xc00559d808 sp=0xc00559d588 pc=0x7ff657078356
github.com/evanw/esbuild/pkg/api.(*pluginImpl).onLoad.func1({{0x0, 0x0}, {{0xc00400dc70, 0x6d}, {0x7ff6571cd3af, 0x4}, 
{0x0, 0x0}, {{0x0, 0x0}}, ...}})
	github.com/evanw/esbuild/pkg/api/api_impl.go:2014 +0x190 fp=0xc00559da70 sp=0xc00559d808 pc=0x7ff657036ad0
github.com/evanw/esbuild/internal/bundler.runOnLoadPlugins({0xc000090240?, 0xc003825e28?, 0x8?}, {0x7ff6572bce40?, 
0xc0000a6360}, 0xc0000901e0, {0xc0000beb60, 0xc0000aa390, 0xc0000aa3a8, 0xc0000a6340, ...}, ...)
	github.com/evanw/esbuild/internal/bundler/bundler.go:1203 +0xcd5 fp=0xc00559de10 sp=0xc00559da70 pc=0x7ff656f82835
github.com/evanw/esbuild/internal/bundler.parseFile({{0x7ff6572bce40, 0xc0000a6360}, {0xc0000beb60, 0xc0000aa390, 
0xc0000aa3a8, 0xc0000a6340, 0x6, 0xc0000a0450}, 0xc0004ae488, 0xc0000901e0, ...})
	github.com/evanw/esbuild/internal/bundler/bundler.go:163 +0x2b5 fp=0xc00559f608 sp=0xc00559de10 pc=0x7ff656f777f5
github.com/evanw/esbuild/internal/bundler.(*scanner).maybeParseFile.gowrap1()
	github.com/evanw/esbuild/internal/bundler/bundler.go:1630 +0x2fa fp=0xc00559ffe0 sp=0xc00559f608 pc=0x7ff656f85a5a
runtime.goexit({})
	runtime/asm_amd64.s:1693 +0x1 fp=0xc00559ffe8 sp=0xc00559ffe0 pc=0x7ff656bcf221
created by github.com/evanw/esbuild/internal/bundler.(*scanner).maybeParseFile in goroutine 21
	github.com/evanw/esbuild/internal/bundler/bundler.go:1630 +0xd85

goroutine 1336 gp=0xc004db0c40 m=nil [chan receive]:
runtime.gopark(0xc0000904e0?, 0x2000000000070?, 0x2f?, 0xd6?, 0x20b0ba20ed0?)
	runtime/proc.go:460 +0xce fp=0xc0055a5478 sp=0xc0055a5458 pc=0x7ff656bc72ce
runtime.chanrecv(0xc0044db960, 0xc0055a5550, 0x1)
	runtime/chan.go:667 +0x473 fp=0xc0055a54f0 sp=0xc0055a5478 pc=0x7ff656b5e593
runtime.chanrecv1(0x7ff65714d260?, 0xc005488c00?)
	runtime/chan.go:509 +0x12 fp=0xc0055a5518 sp=0xc0055a54f0 pc=0x7ff656b5e0f2
main.(*serviceType).sendRequest(0xc000181890, {0x7ff65714d260, 0xc005488c00})
	github.com/evanw/esbuild/cmd/esbuild/service.go:192 +0x12b fp=0xc0055a5588 sp=0xc0055a5518 pc=0x7ff65706fb6b
main.(*serviceType).convertPlugins.func2.4({{0xc00400e200, 0x73}, {0x7ff6571cd3af, 0x4}, {0x0, 0x0}, {0x0, 0x0}, 0x0})
	github.com/evanw/esbuild/cmd/esbuild/service.go:1088 +0x836 fp=0xc0055a5808 sp=0xc0055a5588 pc=0x7ff657078356
github.com/evanw/esbuild/pkg/api.(*pluginImpl).onLoad.func1({{0x0, 0x0}, {{0xc00400e200, 0x73}, {0x7ff6571cd3af, 0x4}, 
{0x0, 0x0}, {{0x0, 0x0}}, ...}})
	github.com/evanw/esbuild/pkg/api/api_impl.go:2014 +0x190 fp=0xc0055a5a70 sp=0xc0055a5808 pc=0x7ff657036ad0
github.com/evanw/esbuild/internal/bundler.runOnLoadPlugins({0xc000090240?, 0xc003825e28?, 0x8?}, {0x7ff6572bce40?, 
0xc0000a6360}, 0xc0000901e0, {0xc0000beb60, 0xc0000aa390, 0xc0000aa3a8, 0xc0000a6340, ...}, ...)
	github.com/evanw/esbuild/internal/bundler/bundler.go:1203 +0xcd5 fp=0xc0055a5e10 sp=0xc0055a5a70 pc=0x7ff656f82835
github.com/evanw/esbuild/internal/bundler.parseFile({{0x7ff6572bce40, 0xc0000a6360}, {0xc0000beb60, 0xc0000aa390, 
0xc0000aa3a8, 0xc0000a6340, 0x6, 0xc0000a0450}, 0xc0004ae488, 0xc0000901e0, ...})
	github.com/evanw/esbuild/internal/bundler/bundler.go:163 +0x2b5 fp=0xc0055a7608 sp=0xc0055a5e10 pc=0x7ff656f777f5
github.com/evanw/esbuild/internal/bundler.(*scanner).maybeParseFile.gowrap1()
	github.com/evanw/esbuild/internal/bundler/bundler.go:1630 +0x2fa fp=0xc0055a7fe0 sp=0xc0055a7608 pc=0x7ff656f85a5a
runtime.goexit({})
	runtime/asm_amd64.s:1693 +0x1 fp=0xc0055a7fe8 sp=0xc0055a7fe0 pc=0x7ff656bcf221
created by github.com/evanw/esbuild/internal/bundler.(*scanner).maybeParseFile in goroutine 21
	github.com/evanw/esbuild/internal/bundler/bundler.go:1630 +0xd85

goroutine 1337 gp=0xc004db0e00 m=nil [chan receive]:
runtime.gopark(0xc0012bf140?, 0x4?, 0xd1?, 0xfc?, 0xc00423d4b0?)
	runtime/proc.go:460 +0xce fp=0xc00423d478 sp=0xc00423d458 pc=0x7ff656bc72ce
runtime.chanrecv(0xc0039df810, 0xc00423d550, 0x1)
	runtime/chan.go:667 +0x473 fp=0xc00423d4f0 sp=0xc00423d478 pc=0x7ff656b5e593
runtime.chanrecv1(0x7ff65714d260?, 0xc00421a450?)
	runtime/chan.go:509 +0x12 fp=0xc00423d518 sp=0xc00423d4f0 pc=0x7ff656b5e0f2
main.(*serviceType).sendRequest(0xc000181890, {0x7ff65714d260, 0xc00421a450})
	github.com/evanw/esbuild/cmd/esbuild/service.go:192 +0x12b fp=0xc00423d588 sp=0xc00423d518 pc=0x7ff65706fb6b
main.(*serviceType).convertPlugins.func2.4({{0xc004012380, 0x6b}, {0x7ff6571cd3af, 0x4}, {0x0, 0x0}, {0x0, 0x0}, 0x0})
	github.com/evanw/esbuild/cmd/esbuild/service.go:1088 +0x836 fp=0xc00423d808 sp=0xc00423d588 pc=0x7ff657078356
github.com/evanw/esbuild/pkg/api.(*pluginImpl).onLoad.func1({{0x0, 0x0}, {{0xc004012380, 0x6b}, {0x7ff6571cd3af, 0x4}, 
{0x0, 0x0}, {{0x0, 0x0}}, ...}})
	github.com/evanw/esbuild/pkg/api/api_impl.go:2014 +0x190 fp=0xc00423da70 sp=0xc00423d808 pc=0x7ff657036ad0
github.com/evanw/esbuild/internal/bundler.runOnLoadPlugins({0xc000090240?, 0xc0019dae00?, 0xc002595180?}, 
{0x7ff6572bce40?, 0xc0000a6360}, 0xc0000901e0, {0xc0000beb60, 0xc0000aa390, 0xc0000aa3a8, 0xc0000a6340, ...}, ...)
	github.com/evanw/esbuild/internal/bundler/bundler.go:1203 +0xcd5 fp=0xc00423de10 sp=0xc00423da70 pc=0x7ff656f82835
github.com/evanw/esbuild/internal/bundler.parseFile({{0x7ff6572bce40, 0xc0000a6360}, {0xc0000beb60, 0xc0000aa390, 
0xc0000aa3a8, 0xc0000a6340, 0x6, 0xc0000a0450}, 0xc0004ae488, 0xc0000901e0, ...})
	github.com/evanw/esbuild/internal/bundler/bundler.go:163 +0x2b5 fp=0xc00423f608 sp=0xc00423de10 pc=0x7ff656f777f5
github.com/evanw/esbuild/internal/bundler.(*scanner).maybeParseFile.gowrap1()
	github.com/evanw/esbuild/internal/bundler/bundler.go:1630 +0x2fa fp=0xc00423ffe0 sp=0xc00423f608 pc=0x7ff656f85a5a
runtime.goexit({})
	runtime/asm_amd64.s:1693 +0x1 fp=0xc00423ffe8 sp=0xc00423ffe0 pc=0x7ff656bcf221
created by github.com/evanw/esbuild/internal/bundler.(*scanner).maybeParseFile in goroutine 21
	github.com/evanw/esbuild/internal/bundler/bundler.go:1630 +0xd85

goroutine 1338 gp=0xc004db0fc0 m=nil [chan receive]:
runtime.gopark(0xc0011d22a0?, 0x2000000000070?, 0xad?, 0x6e?, 0x20b0ba205a0?)
	runtime/proc.go:460 +0xce fp=0xc004245478 sp=0xc004245458 pc=0x7ff656bc72ce
runtime.chanrecv(0xc0039df880, 0xc004245550, 0x1)
	runtime/chan.go:667 +0x473 fp=0xc0042454f0 sp=0xc004245478 pc=0x7ff656b5e593
runtime.chanrecv1(0x7ff65714d260?, 0xc00421a4b0?)
	runtime/chan.go:509 +0x12 fp=0xc004245518 sp=0xc0042454f0 pc=0x7ff656b5e0f2
main.(*serviceType).sendRequest(0xc000181890, {0x7ff65714d260, 0xc00421a4b0})
	github.com/evanw/esbuild/cmd/esbuild/service.go:192 +0x12b fp=0xc004245588 sp=0xc004245518 pc=0x7ff65706fb6b
main.(*serviceType).convertPlugins.func2.4({{0xc0040127e0, 0x70}, {0x7ff6571cd3af, 0x4}, {0x0, 0x0}, {0x0, 0x0}, 0x0})
	github.com/evanw/esbuild/cmd/esbuild/service.go:1088 +0x836 fp=0xc004245808 sp=0xc004245588 pc=0x7ff657078356
github.com/evanw/esbuild/pkg/api.(*pluginImpl).onLoad.func1({{0x0, 0x0}, {{0xc0040127e0, 0x70}, {0x7ff6571cd3af, 0x4}, 
{0x0, 0x0}, {{0x0, 0x0}}, ...}})
	github.com/evanw/esbuild/pkg/api/api_impl.go:2014 +0x190 fp=0xc004245a70 sp=0xc004245808 pc=0x7ff657036ad0
github.com/evanw/esbuild/internal/bundler.runOnLoadPlugins({0xc000090240?, 0xc0019dae00?, 0xc002595180?}, 
{0x7ff6572bce40?, 0xc0000a6360}, 0xc0000901e0, {0xc0000beb60, 0xc0000aa390, 0xc0000aa3a8, 0xc0000a6340, ...}, ...)
	github.com/evanw/esbuild/internal/bundler/bundler.go:1203 +0xcd5 fp=0xc004245e10 sp=0xc004245a70 pc=0x7ff656f82835
github.com/evanw/esbuild/internal/bundler.parseFile({{0x7ff6572bce40, 0xc0000a6360}, {0xc0000beb60, 0xc0000aa390, 
0xc0000aa3a8, 0xc0000a6340, 0x6, 0xc0000a0450}, 0xc0004ae488, 0xc0000901e0, ...})
	github.com/evanw/esbuild/internal/bundler/bundler.go:163 +0x2b5 fp=0xc004247608 sp=0xc004245e10 pc=0x7ff656f777f5
github.com/evanw/esbuild/internal/bundler.(*scanner).maybeParseFile.gowrap1()
	github.com/evanw/esbuild/internal/bundler/bundler.go:1630 +0x2fa fp=0xc004247fe0 sp=0xc004247608 pc=0x7ff656f85a5a
runtime.goexit({})
	runtime/asm_amd64.s:1693 +0x1 fp=0xc004247fe8 sp=0xc004247fe0 pc=0x7ff656bcf221
created by github.com/evanw/esbuild/internal/bundler.(*scanner).maybeParseFile in goroutine 21
	github.com/evanw/esbuild/internal/bundler/bundler.go:1630 +0xd85

goroutine 1339 gp=0xc004db1180 m=nil [chan receive]:
runtime.gopark(0xc0020ba060?, 0x2000000000070?, 0x96?, 0xaa?, 0x20b0ba205a0?)
	runtime/proc.go:460 +0xce fp=0xc00424d478 sp=0xc00424d458 pc=0x7ff656bc72ce
runtime.chanrecv(0xc0039df8f0, 0xc00424d550, 0x1)
	runtime/chan.go:667 +0x473 fp=0xc00424d4f0 sp=0xc00424d478 pc=0x7ff656b5e593
runtime.chanrecv1(0x7ff65714d260?, 0xc00421a510?)
	runtime/chan.go:509 +0x12 fp=0xc00424d518 sp=0xc00424d4f0 pc=0x7ff656b5e0f2
main.(*serviceType).sendRequest(0xc000181890, {0x7ff65714d260, 0xc00421a510})
	github.com/evanw/esbuild/cmd/esbuild/service.go:192 +0x12b fp=0xc00424d588 sp=0xc00424d518 pc=0x7ff65706fb6b
main.(*serviceType).convertPlugins.func2.4({{0xc004012c40, 0x6f}, {0x7ff6571cd3af, 0x4}, {0x0, 0x0}, {0x0, 0x0}, 0x0})
	github.com/evanw/esbuild/cmd/esbuild/service.go:1088 +0x836 fp=0xc00424d808 sp=0xc00424d588 pc=0x7ff657078356
github.com/evanw/esbuild/pkg/api.(*pluginImpl).onLoad.func1({{0x0, 0x0}, {{0xc004012c40, 0x6f}, {0x7ff6571cd3af, 0x4}, 
{0x0, 0x0}, {{0x0, 0x0}}, ...}})
	github.com/evanw/esbuild/pkg/api/api_impl.go:2014 +0x190 fp=0xc00424da70 sp=0xc00424d808 pc=0x7ff657036ad0
github.com/evanw/esbuild/internal/bundler.runOnLoadPlugins({0xc000090240?, 0xc0019dae00?, 0xc002595180?}, 
{0x7ff6572bce40?, 0xc0000a6360}, 0xc0000901e0, {0xc0000beb60, 0xc0000aa390, 0xc0000aa3a8, 0xc0000a6340, ...}, ...)
	github.com/evanw/esbuild/internal/bundler/bundler.go:1203 +0xcd5 fp=0xc00424de10 sp=0xc00424da70 pc=0x7ff656f82835
github.com/evanw/esbuild/internal/bundler.parseFile({{0x7ff6572bce40, 0xc0000a6360}, {0xc0000beb60, 0xc0000aa390, 
0xc0000aa3a8, 0xc0000a6340, 0x6, 0xc0000a0450}, 0xc0004ae488, 0xc0000901e0, ...})
	github.com/evanw/esbuild/internal/bundler/bundler.go:163 +0x2b5 fp=0xc00424f608 sp=0xc00424de10 pc=0x7ff656f777f5
github.com/evanw/esbuild/internal/bundler.(*scanner).maybeParseFile.gowrap1()
	github.com/evanw/esbuild/internal/bundler/bundler.go:1630 +0x2fa fp=0xc00424ffe0 sp=0xc00424f608 pc=0x7ff656f85a5a
runtime.goexit({})
	runtime/asm_amd64.s:1693 +0x1 fp=0xc00424ffe8 sp=0xc00424ffe0 pc=0x7ff656bcf221
created by github.com/evanw/esbuild/internal/bundler.(*scanner).maybeParseFile in goroutine 21
	github.com/evanw/esbuild/internal/bundler/bundler.go:1630 +0xd85

goroutine 1340 gp=0xc004db1340 m=nil [chan receive]:
runtime.gopark(0xc0007ce000?, 0x2000000000070?, 0x5?, 0xc5?, 0x20b0ba205a0?)
	runtime/proc.go:460 +0xce fp=0xc004255478 sp=0xc004255458 pc=0x7ff656bc72ce
runtime.chanrecv(0xc0039df960, 0xc004255550, 0x1)
	runtime/chan.go:667 +0x473 fp=0xc0042554f0 sp=0xc004255478 pc=0x7ff656b5e593
runtime.chanrecv1(0x7ff65714d260?, 0xc00421a570?)
	runtime/chan.go:509 +0x12 fp=0xc004255518 sp=0xc0042554f0 pc=0x7ff656b5e0f2
main.(*serviceType).sendRequest(0xc000181890, {0x7ff65714d260, 0xc00421a570})
	github.com/evanw/esbuild/cmd/esbuild/service.go:192 +0x12b fp=0xc004255588 sp=0xc004255518 pc=0x7ff65706fb6b
main.(*serviceType).convertPlugins.func2.4({{0xc0040130a0, 0x70}, {0x7ff6571cd3af, 0x4}, {0x0, 0x0}, {0x0, 0x0}, 0x0})
	github.com/evanw/esbuild/cmd/esbuild/service.go:1088 +0x836 fp=0xc004255808 sp=0xc004255588 pc=0x7ff657078356
github.com/evanw/esbuild/pkg/api.(*pluginImpl).onLoad.func1({{0x0, 0x0}, {{0xc0040130a0, 0x70}, {0x7ff6571cd3af, 0x4}, 
{0x0, 0x0}, {{0x0, 0x0}}, ...}})
	github.com/evanw/esbuild/pkg/api/api_impl.go:2014 +0x190 fp=0xc004255a70 sp=0xc004255808 pc=0x7ff657036ad0
github.com/evanw/esbuild/internal/bundler.runOnLoadPlugins({0xc000090240?, 0xc0019dae00?, 0xc002595180?}, 
{0x7ff6572bce40?, 0xc0000a6360}, 0xc0000901e0, {0xc0000beb60, 0xc0000aa390, 0xc0000aa3a8, 0xc0000a6340, ...}, ...)
	github.com/evanw/esbuild/internal/bundler/bundler.go:1203 +0xcd5 fp=0xc004255e10 sp=0xc004255a70 pc=0x7ff656f82835
github.com/evanw/esbuild/internal/bundler.parseFile({{0x7ff6572bce40, 0xc0000a6360}, {0xc0000beb60, 0xc0000aa390, 
0xc0000aa3a8, 0xc0000a6340, 0x6, 0xc0000a0450}, 0xc0004ae488, 0xc0000901e0, ...})
	github.com/evanw/esbuild/internal/bundler/bundler.go:163 +0x2b5 fp=0xc004257608 sp=0xc004255e10 pc=0x7ff656f777f5
github.com/evanw/esbuild/internal/bundler.(*scanner).maybeParseFile.gowrap1()
	github.com/evanw/esbuild/internal/bundler/bundler.go:1630 +0x2fa fp=0xc004257fe0 sp=0xc004257608 pc=0x7ff656f85a5a
runtime.goexit({})
	runtime/asm_amd64.s:1693 +0x1 fp=0xc004257fe8 sp=0xc004257fe0 pc=0x7ff656bcf221
created by github.com/evanw/esbuild/internal/bundler.(*scanner).maybeParseFile in goroutine 21
	github.com/evanw/esbuild/internal/bundler/bundler.go:1630 +0xd85

goroutine 1341 gp=0xc004db1500 m=nil [chan receive]:
runtime.gopark(0xc0009248a0?, 0x2000000000070?, 0x41?, 0xf0?, 0x20b0ba205a0?)
	runtime/proc.go:460 +0xce fp=0xc00425f478 sp=0xc00425f458 pc=0x7ff656bc72ce
runtime.chanrecv(0xc0039df9d0, 0xc00425f550, 0x1)
	runtime/chan.go:667 +0x473 fp=0xc00425f4f0 sp=0xc00425f478 pc=0x7ff656b5e593
runtime.chanrecv1(0x7ff65714d260?, 0xc00421a5d0?)
	runtime/chan.go:509 +0x12 fp=0xc00425f518 sp=0xc00425f4f0 pc=0x7ff656b5e0f2
main.(*serviceType).sendRequest(0xc000181890, {0x7ff65714d260, 0xc00421a5d0})
	github.com/evanw/esbuild/cmd/esbuild/service.go:192 +0x12b fp=0xc00425f588 sp=0xc00425f518 pc=0x7ff65706fb6b
main.(*serviceType).convertPlugins.func2.4({{0xc00400fe00, 0x72}, {0x7ff6571cd3af, 0x4}, {0x0, 0x0}, {0x0, 0x0}, 0x0})
	github.com/evanw/esbuild/cmd/esbuild/service.go:1088 +0x836 fp=0xc00425f808 sp=0xc00425f588 pc=0x7ff657078356
github.com/evanw/esbuild/pkg/api.(*pluginImpl).onLoad.func1({{0x0, 0x0}, {{0xc00400fe00, 0x72}, {0x7ff6571cd3af, 0x4}, 
{0x0, 0x0}, {{0x0, 0x0}}, ...}})
	github.com/evanw/esbuild/pkg/api/api_impl.go:2014 +0x190 fp=0xc00425fa70 sp=0xc00425f808 pc=0x7ff657036ad0
github.com/evanw/esbuild/internal/bundler.runOnLoadPlugins({0xc000090240?, 0xc0019dae00?, 0xc002595180?}, 
{0x7ff6572bce40?, 0xc0000a6360}, 0xc0000901e0, {0xc0000beb60, 0xc0000aa390, 0xc0000aa3a8, 0xc0000a6340, ...}, ...)
	github.com/evanw/esbuild/internal/bundler/bundler.go:1203 +0xcd5 fp=0xc00425fe10 sp=0xc00425fa70 pc=0x7ff656f82835
github.com/evanw/esbuild/internal/bundler.parseFile({{0x7ff6572bce40, 0xc0000a6360}, {0xc0000beb60, 0xc0000aa390, 
0xc0000aa3a8, 0xc0000a6340, 0x6, 0xc0000a0450}, 0xc0004ae488, 0xc0000901e0, ...})
	github.com/evanw/esbuild/internal/bundler/bundler.go:163 +0x2b5 fp=0xc004261608 sp=0xc00425fe10 pc=0x7ff656f777f5
github.com/evanw/esbuild/internal/bundler.(*scanner).maybeParseFile.gowrap1()
	github.com/evanw/esbuild/internal/bundler/bundler.go:1630 +0x2fa fp=0xc004261fe0 sp=0xc004261608 pc=0x7ff656f85a5a
runtime.goexit({})
	runtime/asm_amd64.s:1693 +0x1 fp=0xc004261fe8 sp=0xc004261fe0 pc=0x7ff656bcf221
created by github.com/evanw/esbuild/internal/bundler.(*scanner).maybeParseFile in goroutine 21
	github.com/evanw/esbuild/internal/bundler/bundler.go:1630 +0xd85

goroutine 1342 gp=0xc004db16c0 m=nil [chan receive]:
runtime.gopark(0xc0006b1620?, 0x2000000000070?, 0x23?, 0x2f?, 0x20b0ba205a0?)
	runtime/proc.go:460 +0xce fp=0xc004267478 sp=0xc004267458 pc=0x7ff656bc72ce
runtime.chanrecv(0xc0039dfa40, 0xc004267550, 0x1)
	runtime/chan.go:667 +0x473 fp=0xc0042674f0 sp=0xc004267478 pc=0x7ff656b5e593
runtime.chanrecv1(0x7ff65714d260?, 0xc00421a630?)
	runtime/chan.go:509 +0x12 fp=0xc004267518 sp=0xc0042674f0 pc=0x7ff656b5e0f2
main.(*serviceType).sendRequest(0xc000181890, {0x7ff65714d260, 0xc00421a630})
	github.com/evanw/esbuild/cmd/esbuild/service.go:192 +0x12b fp=0xc004267588 sp=0xc004267518 pc=0x7ff65706fb6b
main.(*serviceType).convertPlugins.func2.4({{0xc00400ff80, 0x71}, {0x7ff6571cd3af, 0x4}, {0x0, 0x0}, {0x0, 0x0}, 0x0})
	github.com/evanw/esbuild/cmd/esbuild/service.go:1088 +0x836 fp=0xc004267808 sp=0xc004267588 pc=0x7ff657078356
github.com/evanw/esbuild/pkg/api.(*pluginImpl).onLoad.func1({{0x0, 0x0}, {{0xc00400ff80, 0x71}, {0x7ff6571cd3af, 0x4}, 
{0x0, 0x0}, {{0x0, 0x0}}, ...}})
	github.com/evanw/esbuild/pkg/api/api_impl.go:2014 +0x190 fp=0xc004267a70 sp=0xc004267808 pc=0x7ff657036ad0
github.com/evanw/esbuild/internal/bundler.runOnLoadPlugins({0xc000090240?, 0xc0019dae00?, 0xc002595180?}, 
{0x7ff6572bce40?, 0xc0000a6360}, 0xc0000901e0, {0xc0000beb60, 0xc0000aa390, 0xc0000aa3a8, 0xc0000a6340, ...}, ...)
	github.com/evanw/esbuild/internal/bundler/bundler.go:1203 +0xcd5 fp=0xc004267e10 sp=0xc004267a70 pc=0x7ff656f82835
github.com/evanw/esbuild/internal/bundler.parseFile({{0x7ff6572bce40, 0xc0000a6360}, {0xc0000beb60, 0xc0000aa390, 
0xc0000aa3a8, 0xc0000a6340, 0x6, 0xc0000a0450}, 0xc0004ae488, 0xc0000901e0, ...})
	github.com/evanw/esbuild/internal/bundler/bundler.go:163 +0x2b5 fp=0xc004269608 sp=0xc004267e10 pc=0x7ff656f777f5
github.com/evanw/esbuild/internal/bundler.(*scanner).maybeParseFile.gowrap1()
	github.com/evanw/esbuild/internal/bundler/bundler.go:1630 +0x2fa fp=0xc004269fe0 sp=0xc004269608 pc=0x7ff656f85a5a
runtime.goexit({})
	runtime/asm_amd64.s:1693 +0x1 fp=0xc004269fe8 sp=0xc004269fe0 pc=0x7ff656bcf221
created by github.com/evanw/esbuild/internal/bundler.(*scanner).maybeParseFile in goroutine 21
	github.com/evanw/esbuild/internal/bundler/bundler.go:1630 +0xd85

goroutine 1343 gp=0xc004db1880 m=nil [chan receive]:
runtime.gopark(0xc0006b0a20?, 0x2000000000070?, 0x3?, 0xad?, 0x20b0ba205a0?)
	runtime/proc.go:460 +0xce fp=0xc004273478 sp=0xc004273458 pc=0x7ff656bc72ce
runtime.chanrecv(0xc0039dfab0, 0xc004273550, 0x1)
	runtime/chan.go:667 +0x473 fp=0xc0042734f0 sp=0xc004273478 pc=0x7ff656b5e593
runtime.chanrecv1(0x7ff65714d260?, 0xc00421a690?)
	runtime/chan.go:509 +0x12 fp=0xc004273518 sp=0xc0042734f0 pc=0x7ff656b5e0f2
main.(*serviceType).sendRequest(0xc000181890, {0x7ff65714d260, 0xc00421a690})
	github.com/evanw/esbuild/cmd/esbuild/service.go:192 +0x12b fp=0xc004273588 sp=0xc004273518 pc=0x7ff65706fb6b
main.(*serviceType).convertPlugins.func2.4({{0xc004036100, 0x71}, {0x7ff6571cd3af, 0x4}, {0x0, 0x0}, {0x0, 0x0}, 0x0})
	github.com/evanw/esbuild/cmd/esbuild/service.go:1088 +0x836 fp=0xc004273808 sp=0xc004273588 pc=0x7ff657078356
github.com/evanw/esbuild/pkg/api.(*pluginImpl).onLoad.func1({{0x0, 0x0}, {{0xc004036100, 0x71}, {0x7ff6571cd3af, 0x4}, 
{0x0, 0x0}, {{0x0, 0x0}}, ...}})
	github.com/evanw/esbuild/pkg/api/api_impl.go:2014 +0x190 fp=0xc004273a70 sp=0xc004273808 pc=0x7ff657036ad0
github.com/evanw/esbuild/internal/bundler.runOnLoadPlugins({0xc000090240?, 0xc0019dae00?, 0xc002595180?}, 
{0x7ff6572bce40?, 0xc0000a6360}, 0xc0000901e0, {0xc0000beb60, 0xc0000aa390, 0xc0000aa3a8, 0xc0000a6340, ...}, ...)
	github.com/evanw/esbuild/internal/bundler/bundler.go:1203 +0xcd5 fp=0xc004273e10 sp=0xc004273a70 pc=0x7ff656f82835
github.com/evanw/esbuild/internal/bundler.parseFile({{0x7ff6572bce40, 0xc0000a6360}, {0xc0000beb60, 0xc0000aa390, 
0xc0000aa3a8, 0xc0000a6340, 0x6, 0xc0000a0450}, 0xc0004ae488, 0xc0000901e0, ...})
	github.com/evanw/esbuild/internal/bundler/bundler.go:163 +0x2b5 fp=0xc004275608 sp=0xc004273e10 pc=0x7ff656f777f5
github.com/evanw/esbuild/internal/bundler.(*scanner).maybeParseFile.gowrap1()
	github.com/evanw/esbuild/internal/bundler/bundler.go:1630 +0x2fa fp=0xc004275fe0 sp=0xc004275608 pc=0x7ff656f85a5a
runtime.goexit({})
	runtime/asm_amd64.s:1693 +0x1 fp=0xc004275fe8 sp=0xc004275fe0 pc=0x7ff656bcf221
created by github.com/evanw/esbuild/internal/bundler.(*scanner).maybeParseFile in goroutine 21
	github.com/evanw/esbuild/internal/bundler/bundler.go:1630 +0xd85

goroutine 1344 gp=0xc004db1a40 m=nil [chan receive]:
runtime.gopark(0xc0012be0c0?, 0x2000000000070?, 0xfb?, 0x6a?, 0x20b00000002?)
	runtime/proc.go:460 +0xce fp=0xc005373478 sp=0xc005373458 pc=0x7ff656bc72ce
runtime.chanrecv(0xc004be8700, 0xc005373550, 0x1)
	runtime/chan.go:667 +0x473 fp=0xc0053734f0 sp=0xc005373478 pc=0x7ff656b5e593
runtime.chanrecv1(0x7ff65714d260?, 0xc004b99a40?)
	runtime/chan.go:509 +0x12 fp=0xc005373518 sp=0xc0053734f0 pc=0x7ff656b5e0f2
main.(*serviceType).sendRequest(0xc000181890, {0x7ff65714d260, 0xc004b99a40})
	github.com/evanw/esbuild/cmd/esbuild/service.go:192 +0x12b fp=0xc005373588 sp=0xc005373518 pc=0x7ff65706fb6b
main.(*serviceType).convertPlugins.func2.4({{0xc004034770, 0x6b}, {0x7ff6571cd3af, 0x4}, {0x0, 0x0}, {0x0, 0x0}, 0x0})
	github.com/evanw/esbuild/cmd/esbuild/service.go:1088 +0x836 fp=0xc005373808 sp=0xc005373588 pc=0x7ff657078356
github.com/evanw/esbuild/pkg/api.(*pluginImpl).onLoad.func1({{0x0, 0x0}, {{0xc004034770, 0x6b}, {0x7ff6571cd3af, 0x4}, 
{0x0, 0x0}, {{0x0, 0x0}}, ...}})
	github.com/evanw/esbuild/pkg/api/api_impl.go:2014 +0x190 fp=0xc005373a70 sp=0xc005373808 pc=0x7ff657036ad0
github.com/evanw/esbuild/internal/bundler.runOnLoadPlugins({0xc000090240?, 0x2e2691fd271da60a?, 0xc0010e1560?}, 
{0x7ff6572bce40?, 0xc0000a6360}, 0xc0000901e0, {0xc0000beb60, 0xc0000aa390, 0xc0000aa3a8, 0xc0000a6340, ...}, ...)
	github.com/evanw/esbuild/internal/bundler/bundler.go:1203 +0xcd5 fp=0xc005373e10 sp=0xc005373a70 pc=0x7ff656f82835
github.com/evanw/esbuild/internal/bundler.parseFile({{0x7ff6572bce40, 0xc0000a6360}, {0xc0000beb60, 0xc0000aa390, 
0xc0000aa3a8, 0xc0000a6340, 0x6, 0xc0000a0450}, 0xc0004ae488, 0xc0000901e0, ...})
	github.com/evanw/esbuild/internal/bundler/bundler.go:163 +0x2b5 fp=0xc005375608 sp=0xc005373e10 pc=0x7ff656f777f5
github.com/evanw/esbuild/internal/bundler.(*scanner).maybeParseFile.gowrap1()
	github.com/evanw/esbuild/internal/bundler/bundler.go:1630 +0x2fa fp=0xc005375fe0 sp=0xc005375608 pc=0x7ff656f85a5a
runtime.goexit({})
	runtime/asm_amd64.s:1693 +0x1 fp=0xc005375fe8 sp=0xc005375fe0 pc=0x7ff656bcf221
created by github.com/evanw/esbuild/internal/bundler.(*scanner).maybeParseFile in goroutine 21
	github.com/evanw/esbuild/internal/bundler/bundler.go:1630 +0xd85

goroutine 1345 gp=0xc004db1c00 m=nil [chan receive]:
runtime.gopark(0xc0012be060?, 0x2000000000070?, 0xda?, 0xc1?, 0x20b0ba22ef8?)
	runtime/proc.go:460 +0xce fp=0xc00537b478 sp=0xc00537b458 pc=0x7ff656bc72ce
runtime.chanrecv(0xc004be8770, 0xc00537b550, 0x1)
	runtime/chan.go:667 +0x473 fp=0xc00537b4f0 sp=0xc00537b478 pc=0x7ff656b5e593
runtime.chanrecv1(0x7ff65714d260?, 0xc004b99aa0?)
	runtime/chan.go:509 +0x12 fp=0xc00537b518 sp=0xc00537b4f0 pc=0x7ff656b5e0f2
main.(*serviceType).sendRequest(0xc000181890, {0x7ff65714d260, 0xc004b99aa0})
	github.com/evanw/esbuild/cmd/esbuild/service.go:192 +0x12b fp=0xc00537b588 sp=0xc00537b518 pc=0x7ff65706fb6b
main.(*serviceType).convertPlugins.func2.4({{0xc004036280, 0x71}, {0x7ff6571cd3af, 0x4}, {0x0, 0x0}, {0x0, 0x0}, 0x0})
	github.com/evanw/esbuild/cmd/esbuild/service.go:1088 +0x836 fp=0xc00537b808 sp=0xc00537b588 pc=0x7ff657078356
github.com/evanw/esbuild/pkg/api.(*pluginImpl).onLoad.func1({{0x0, 0x0}, {{0xc004036280, 0x71}, {0x7ff6571cd3af, 0x4}, 
{0x0, 0x0}, {{0x0, 0x0}}, ...}})
	github.com/evanw/esbuild/pkg/api/api_impl.go:2014 +0x190 fp=0xc00537ba70 sp=0xc00537b808 pc=0x7ff657036ad0
github.com/evanw/esbuild/internal/bundler.runOnLoadPlugins({0xc000090240?, 0x2e2691fd271da60a?, 0xc0010e1560?}, 
{0x7ff6572bce40?, 0xc0000a6360}, 0xc0000901e0, {0xc0000beb60, 0xc0000aa390, 0xc0000aa3a8, 0xc0000a6340, ...}, ...)
	github.com/evanw/esbuild/internal/bundler/bundler.go:1203 +0xcd5 fp=0xc00537be10 sp=0xc00537ba70 pc=0x7ff656f82835
github.com/evanw/esbuild/internal/bundler.parseFile({{0x7ff6572bce40, 0xc0000a6360}, {0xc0000beb60, 0xc0000aa390, 
0xc0000aa3a8, 0xc0000a6340, 0x6, 0xc0000a0450}, 0xc0004ae488, 0xc0000901e0, ...})
	github.com/evanw/esbuild/internal/bundler/bundler.go:163 +0x2b5 fp=0xc00537d608 sp=0xc00537be10 pc=0x7ff656f777f5
github.com/evanw/esbuild/internal/bundler.(*scanner).maybeParseFile.gowrap1()
	github.com/evanw/esbuild/internal/bundler/bundler.go:1630 +0x2fa fp=0xc00537dfe0 sp=0xc00537d608 pc=0x7ff656f85a5a
runtime.goexit({})
	runtime/asm_amd64.s:1693 +0x1 fp=0xc00537dfe8 sp=0xc00537dfe0 pc=0x7ff656bcf221
created by github.com/evanw/esbuild/internal/bundler.(*scanner).maybeParseFile in goroutine 21
	github.com/evanw/esbuild/internal/bundler/bundler.go:1630 +0xd85

goroutine 1346 gp=0xc004db1dc0 m=nil [chan receive]:
runtime.gopark(0xc001881e60?, 0x2000000000070?, 0x27?, 0x9?, 0x20b0ba22ef8?)
	runtime/proc.go:460 +0xce fp=0xc005585478 sp=0xc005585458 pc=0x7ff656bc72ce
runtime.chanrecv(0xc004be87e0, 0xc005585550, 0x1)
	runtime/chan.go:667 +0x473 fp=0xc0055854f0 sp=0xc005585478 pc=0x7ff656b5e593
runtime.chanrecv1(0x7ff65714d260?, 0xc004b99b00?)
	runtime/chan.go:509 +0x12 fp=0xc005585518 sp=0xc0055854f0 pc=0x7ff656b5e0f2
main.(*serviceType).sendRequest(0xc000181890, {0x7ff65714d260, 0xc004b99b00})
	github.com/evanw/esbuild/cmd/esbuild/service.go:192 +0x12b fp=0xc005585588 sp=0xc005585518 pc=0x7ff65706fb6b
main.(*serviceType).convertPlugins.func2.4({{0xc004036400, 0x71}, {0x7ff6571cd3af, 0x4}, {0x0, 0x0}, {0x0, 0x0}, 0x0})
	github.com/evanw/esbuild/cmd/esbuild/service.go:1088 +0x836 fp=0xc005585808 sp=0xc005585588 pc=0x7ff657078356
github.com/evanw/esbuild/pkg/api.(*pluginImpl).onLoad.func1({{0x0, 0x0}, {{0xc004036400, 0x71}, {0x7ff6571cd3af, 0x4}, 
{0x0, 0x0}, {{0x0, 0x0}}, ...}})
	github.com/evanw/esbuild/pkg/api/api_impl.go:2014 +0x190 fp=0xc005585a70 sp=0xc005585808 pc=0x7ff657036ad0
github.com/evanw/esbuild/internal/bundler.runOnLoadPlugins({0xc000090240?, 0x2e2691fd271da60a?, 0xc0010e1560?}, 
{0x7ff6572bce40?, 0xc0000a6360}, 0xc0000901e0, {0xc0000beb60, 0xc0000aa390, 0xc0000aa3a8, 0xc0000a6340, ...}, ...)
	github.com/evanw/esbuild/internal/bundler/bundler.go:1203 +0xcd5 fp=0xc005585e10 sp=0xc005585a70 pc=0x7ff656f82835
github.com/evanw/esbuild/internal/bundler.parseFile({{0x7ff6572bce40, 0xc0000a6360}, {0xc0000beb60, 0xc0000aa390, 
0xc0000aa3a8, 0xc0000a6340, 0x6, 0xc0000a0450}, 0xc0004ae488, 0xc0000901e0, ...})
	github.com/evanw/esbuild/internal/bundler/bundler.go:163 +0x2b5 fp=0xc005587608 sp=0xc005585e10 pc=0x7ff656f777f5
github.com/evanw/esbuild/internal/bundler.(*scanner).maybeParseFile.gowrap1()
	github.com/evanw/esbuild/internal/bundler/bundler.go:1630 +0x2fa fp=0xc005587fe0 sp=0xc005587608 pc=0x7ff656f85a5a
runtime.goexit({})
	runtime/asm_amd64.s:1693 +0x1 fp=0xc005587fe8 sp=0xc005587fe0 pc=0x7ff656bcf221
created by github.com/evanw/esbuild/internal/bundler.(*scanner).maybeParseFile in goroutine 21
	github.com/evanw/esbuild/internal/bundler/bundler.go:1630 +0xd85

goroutine 1347 gp=0xc004de0000 m=nil [chan receive]:
runtime.gopark(0xc001881c20?, 0x2000000000070?, 0xee?, 0xa3?, 0x20b0ba22ef8?)
	runtime/proc.go:460 +0xce fp=0xc00558d478 sp=0xc00558d458 pc=0x7ff656bc72ce
runtime.chanrecv(0xc004be8850, 0xc00558d550, 0x1)
	runtime/chan.go:667 +0x473 fp=0xc00558d4f0 sp=0xc00558d478 pc=0x7ff656b5e593
runtime.chanrecv1(0x7ff65714d260?, 0xc004b99b60?)
	runtime/chan.go:509 +0x12 fp=0xc00558d518 sp=0xc00558d4f0 pc=0x7ff656b5e0f2
main.(*serviceType).sendRequest(0xc000181890, {0x7ff65714d260, 0xc004b99b60})
	github.com/evanw/esbuild/cmd/esbuild/service.go:192 +0x12b fp=0xc00558d588 sp=0xc00558d518 pc=0x7ff65706fb6b
main.(*serviceType).convertPlugins.func2.4({{0xc004036780, 0x7d}, {0x7ff6571cd3af, 0x4}, {0x0, 0x0}, {0x0, 0x0}, 0x0})
	github.com/evanw/esbuild/cmd/esbuild/service.go:1088 +0x836 fp=0xc00558d808 sp=0xc00558d588 pc=0x7ff657078356
github.com/evanw/esbuild/pkg/api.(*pluginImpl).onLoad.func1({{0x0, 0x0}, {{0xc004036780, 0x7d}, {0x7ff6571cd3af, 0x4}, 
{0x0, 0x0}, {{0x0, 0x0}}, ...}})
	github.com/evanw/esbuild/pkg/api/api_impl.go:2014 +0x190 fp=0xc00558da70 sp=0xc00558d808 pc=0x7ff657036ad0
github.com/evanw/esbuild/internal/bundler.runOnLoadPlugins({0xc000090240?, 0x2e2691fd271da60a?, 0xc0010e1560?}, 
{0x7ff6572bce40?, 0xc0000a6360}, 0xc0000901e0, {0xc0000beb60, 0xc0000aa390, 0xc0000aa3a8, 0xc0000a6340, ...}, ...)
	github.com/evanw/esbuild/internal/bundler/bundler.go:1203 +0xcd5 fp=0xc00558de10 sp=0xc00558da70 pc=0x7ff656f82835
github.com/evanw/esbuild/internal/bundler.parseFile({{0x7ff6572bce40, 0xc0000a6360}, {0xc0000beb60, 0xc0000aa390, 
0xc0000aa3a8, 0xc0000a6340, 0x6, 0xc0000a0450}, 0xc0004ae488, 0xc0000901e0, ...})
	github.com/evanw/esbuild/internal/bundler/bundler.go:163 +0x2b5 fp=0xc00558f608 sp=0xc00558de10 pc=0x7ff656f777f5
github.com/evanw/esbuild/internal/bundler.(*scanner).maybeParseFile.gowrap1()
	github.com/evanw/esbuild/internal/bundler/bundler.go:1630 +0x2fa fp=0xc00558ffe0 sp=0xc00558f608 pc=0x7ff656f85a5a
runtime.goexit({})
	runtime/asm_amd64.s:1693 +0x1 fp=0xc00558ffe8 sp=0xc00558ffe0 pc=0x7ff656bcf221
created by github.com/evanw/esbuild/internal/bundler.(*scanner).maybeParseFile in goroutine 21
	github.com/evanw/esbuild/internal/bundler/bundler.go:1630 +0xd85

goroutine 1348 gp=0xc004de01c0 m=nil [chan receive]:
runtime.gopark(0xc001881a40?, 0x2000000000070?, 0xaf?, 0x77?, 0x20b0ba22ef8?)
	runtime/proc.go:460 +0xce fp=0xc005605478 sp=0xc005605458 pc=0x7ff656bc72ce
runtime.chanrecv(0xc004be88c0, 0xc005605550, 0x1)
	runtime/chan.go:667 +0x473 fp=0xc0056054f0 sp=0xc005605478 pc=0x7ff656b5e593
runtime.chanrecv1(0x7ff65714d260?, 0xc004b99bc0?)
	runtime/chan.go:509 +0x12 fp=0xc005605518 sp=0xc0056054f0 pc=0x7ff656b5e0f2
main.(*serviceType).sendRequest(0xc000181890, {0x7ff65714d260, 0xc004b99bc0})
	github.com/evanw/esbuild/cmd/esbuild/service.go:192 +0x12b fp=0xc005605588 sp=0xc005605518 pc=0x7ff65706fb6b
main.(*serviceType).convertPlugins.func2.4({{0xc004035340, 0x70}, {0x7ff6571cd3af, 0x4}, {0x0, 0x0}, {0x0, 0x0}, 0x0})
	github.com/evanw/esbuild/cmd/esbuild/service.go:1088 +0x836 fp=0xc005605808 sp=0xc005605588 pc=0x7ff657078356
github.com/evanw/esbuild/pkg/api.(*pluginImpl).onLoad.func1({{0x0, 0x0}, {{0xc004035340, 0x70}, {0x7ff6571cd3af, 0x4}, 
{0x0, 0x0}, {{0x0, 0x0}}, ...}})
	github.com/evanw/esbuild/pkg/api/api_impl.go:2014 +0x190 fp=0xc005605a70 sp=0xc005605808 pc=0x7ff657036ad0
github.com/evanw/esbuild/internal/bundler.runOnLoadPlugins({0xc000090240?, 0x2e2691fd271da60a?, 0xc0010e1560?}, 
{0x7ff6572bce40?, 0xc0000a6360}, 0xc0000901e0, {0xc0000beb60, 0xc0000aa390, 0xc0000aa3a8, 0xc0000a6340, ...}, ...)
	github.com/evanw/esbuild/internal/bundler/bundler.go:1203 +0xcd5 fp=0xc005605e10 sp=0xc005605a70 pc=0x7ff656f82835
github.com/evanw/esbuild/internal/bundler.parseFile({{0x7ff6572bce40, 0xc0000a6360}, {0xc0000beb60, 0xc0000aa390, 
0xc0000aa3a8, 0xc0000a6340, 0x6, 0xc0000a0450}, 0xc0004ae488, 0xc0000901e0, ...})
	github.com/evanw/esbuild/internal/bundler/bundler.go:163 +0x2b5 fp=0xc005607608 sp=0xc005605e10 pc=0x7ff656f777f5
github.com/evanw/esbuild/internal/bundler.(*scanner).maybeParseFile.gowrap1()
	github.com/evanw/esbuild/internal/bundler/bundler.go:1630 +0x2fa fp=0xc005607fe0 sp=0xc005607608 pc=0x7ff656f85a5a
runtime.goexit({})
	runtime/asm_amd64.s:1693 +0x1 fp=0xc005607fe8 sp=0xc005607fe0 pc=0x7ff656bcf221
created by github.com/evanw/esbuild/internal/bundler.(*scanner).maybeParseFile in goroutine 21
	github.com/evanw/esbuild/internal/bundler/bundler.go:1630 +0xd85

goroutine 1349 gp=0xc004de0380 m=nil [chan receive]:
runtime.gopark(0xc001881860?, 0x2000000000070?, 0x3d?, 0x1e?, 0x20b0ba22ef8?)
	runtime/proc.go:460 +0xce fp=0xc00560d478 sp=0xc00560d458 pc=0x7ff656bc72ce
runtime.chanrecv(0xc004be8930, 0xc00560d550, 0x1)
	runtime/chan.go:667 +0x473 fp=0xc00560d4f0 sp=0xc00560d478 pc=0x7ff656b5e593
runtime.chanrecv1(0x7ff65714d260?, 0xc004b99c20?)
	runtime/chan.go:509 +0x12 fp=0xc00560d518 sp=0xc00560d4f0 pc=0x7ff656b5e0f2
main.(*serviceType).sendRequest(0xc000181890, {0x7ff65714d260, 0xc004b99c20})
	github.com/evanw/esbuild/cmd/esbuild/service.go:192 +0x12b fp=0xc00560d588 sp=0xc00560d518 pc=0x7ff65706fb6b
main.(*serviceType).convertPlugins.func2.4({{0xc0040357a0, 0x6d}, {0x7ff6571cd3af, 0x4}, {0x0, 0x0}, {0x0, 0x0}, 0x0})
	github.com/evanw/esbuild/cmd/esbuild/service.go:1088 +0x836 fp=0xc00560d808 sp=0xc00560d588 pc=0x7ff657078356
github.com/evanw/esbuild/pkg/api.(*pluginImpl).onLoad.func1({{0x0, 0x0}, {{0xc0040357a0, 0x6d}, {0x7ff6571cd3af, 0x4}, 
{0x0, 0x0}, {{0x0, 0x0}}, ...}})
	github.com/evanw/esbuild/pkg/api/api_impl.go:2014 +0x190 fp=0xc00560da70 sp=0xc00560d808 pc=0x7ff657036ad0
github.com/evanw/esbuild/internal/bundler.runOnLoadPlugins({0xc000090240?, 0x2e2691fd271da60a?, 0xc0010e1560?}, 
{0x7ff6572bce40?, 0xc0000a6360}, 0xc0000901e0, {0xc0000beb60, 0xc0000aa390, 0xc0000aa3a8, 0xc0000a6340, ...}, ...)
	github.com/evanw/esbuild/internal/bundler/bundler.go:1203 +0xcd5 fp=0xc00560de10 sp=0xc00560da70 pc=0x7ff656f82835
github.com/evanw/esbuild/internal/bundler.parseFile({{0x7ff6572bce40, 0xc0000a6360}, {0xc0000beb60, 0xc0000aa390, 
0xc0000aa3a8, 0xc0000a6340, 0x6, 0xc0000a0450}, 0xc0004ae488, 0xc0000901e0, ...})
	github.com/evanw/esbuild/internal/bundler/bundler.go:163 +0x2b5 fp=0xc00560f608 sp=0xc00560de10 pc=0x7ff656f777f5
github.com/evanw/esbuild/internal/bundler.(*scanner).maybeParseFile.gowrap1()
	github.com/evanw/esbuild/internal/bundler/bundler.go:1630 +0x2fa fp=0xc00560ffe0 sp=0xc00560f608 pc=0x7ff656f85a5a
runtime.goexit({})
	runtime/asm_amd64.s:1693 +0x1 fp=0xc00560ffe8 sp=0xc00560ffe0 pc=0x7ff656bcf221
created by github.com/evanw/esbuild/internal/bundler.(*scanner).maybeParseFile in goroutine 21
	github.com/evanw/esbuild/internal/bundler/bundler.go:1630 +0xd85

goroutine 1350 gp=0xc004de0540 m=nil [chan receive]:
runtime.gopark(0xc0007ce1e0?, 0x2000000000070?, 0xb2?, 0x44?, 0x20b0ba20ed0?)
	runtime/proc.go:460 +0xce fp=0xc00557d478 sp=0xc00557d458 pc=0x7ff656bc72ce
runtime.chanrecv(0xc0044db810, 0xc00557d550, 0x1)
	runtime/chan.go:667 +0x473 fp=0xc00557d4f0 sp=0xc00557d478 pc=0x7ff656b5e593
runtime.chanrecv1(0x7ff65714d260?, 0xc005488ae0?)
	runtime/chan.go:509 +0x12 fp=0xc00557d518 sp=0xc00557d4f0 pc=0x7ff656b5e0f2
main.(*serviceType).sendRequest(0xc000181890, {0x7ff65714d260, 0xc005488ae0})
	github.com/evanw/esbuild/cmd/esbuild/service.go:192 +0x12b fp=0xc00557d588 sp=0xc00557d518 pc=0x7ff65706fb6b
main.(*serviceType).convertPlugins.func2.4({{0xc004035c00, 0x6f}, {0x7ff6571cd3af, 0x4}, {0x0, 0x0}, {0x0, 0x0}, 0x0})
	github.com/evanw/esbuild/cmd/esbuild/service.go:1088 +0x836 fp=0xc00557d808 sp=0xc00557d588 pc=0x7ff657078356
github.com/evanw/esbuild/pkg/api.(*pluginImpl).onLoad.func1({{0x0, 0x0}, {{0xc004035c00, 0x6f}, {0x7ff6571cd3af, 0x4}, 
{0x0, 0x0}, {{0x0, 0x0}}, ...}})
	github.com/evanw/esbuild/pkg/api/api_impl.go:2014 +0x190 fp=0xc00557da70 sp=0xc00557d808 pc=0x7ff657036ad0
github.com/evanw/esbuild/internal/bundler.runOnLoadPlugins({0xc000090240?, 0xc003825e28?, 0x8?}, {0x7ff6572bce40?, 
0xc0000a6360}, 0xc0000901e0, {0xc0000beb60, 0xc0000aa390, 0xc0000aa3a8, 0xc0000a6340, ...}, ...)
	github.com/evanw/esbuild/internal/bundler/bundler.go:1203 +0xcd5 fp=0xc00557de10 sp=0xc00557da70 pc=0x7ff656f82835
github.com/evanw/esbuild/internal/bundler.parseFile({{0x7ff6572bce40, 0xc0000a6360}, {0xc0000beb60, 0xc0000aa390, 
0xc0000aa3a8, 0xc0000a6340, 0x6, 0xc0000a0450}, 0xc0004ae488, 0xc0000901e0, ...})
	github.com/evanw/esbuild/internal/bundler/bundler.go:163 +0x2b5 fp=0xc00557f608 sp=0xc00557de10 pc=0x7ff656f777f5
github.com/evanw/esbuild/internal/bundler.(*scanner).maybeParseFile.gowrap1()
	github.com/evanw/esbuild/internal/bundler/bundler.go:1630 +0x2fa fp=0xc00557ffe0 sp=0xc00557f608 pc=0x7ff656f85a5a
runtime.goexit({})
	runtime/asm_amd64.s:1693 +0x1 fp=0xc00557ffe8 sp=0xc00557ffe0 pc=0x7ff656bcf221
created by github.com/evanw/esbuild/internal/bundler.(*scanner).maybeParseFile in goroutine 21
	github.com/evanw/esbuild/internal/bundler/bundler.go:1630 +0xd85

goroutine 1351 gp=0xc004de0700 m=nil [chan receive]:
runtime.gopark(0xc001881800?, 0x2000000000070?, 0x27?, 0x3f?, 0x20b0ba22ef8?)
	runtime/proc.go:460 +0xce fp=0xc005615478 sp=0xc005615458 pc=0x7ff656bc72ce
runtime.chanrecv(0xc004be89a0, 0xc005615550, 0x1)
	runtime/chan.go:667 +0x473 fp=0xc0056154f0 sp=0xc005615478 pc=0x7ff656b5e593
runtime.chanrecv1(0x7ff65714d260?, 0xc004b99c80?)
	runtime/chan.go:509 +0x12 fp=0xc005615518 sp=0xc0056154f0 pc=0x7ff656b5e0f2
main.(*serviceType).sendRequest(0xc000181890, {0x7ff65714d260, 0xc004b99c80})
	github.com/evanw/esbuild/cmd/esbuild/service.go:192 +0x12b fp=0xc005615588 sp=0xc005615518 pc=0x7ff65706fb6b
main.(*serviceType).convertPlugins.func2.4({{0xc004036b00, 0x77}, {0x7ff6571cd3af, 0x4}, {0x0, 0x0}, {0x0, 0x0}, 0x0})
	github.com/evanw/esbuild/cmd/esbuild/service.go:1088 +0x836 fp=0xc005615808 sp=0xc005615588 pc=0x7ff657078356
github.com/evanw/esbuild/pkg/api.(*pluginImpl).onLoad.func1({{0x0, 0x0}, {{0xc004036b00, 0x77}, {0x7ff6571cd3af, 0x4}, 
{0x0, 0x0}, {{0x0, 0x0}}, ...}})
	github.com/evanw/esbuild/pkg/api/api_impl.go:2014 +0x190 fp=0xc005615a70 sp=0xc005615808 pc=0x7ff657036ad0
github.com/evanw/esbuild/internal/bundler.runOnLoadPlugins({0xc000090240?, 0x2e2691fd271da60a?, 0xc0010e1560?}, 
{0x7ff6572bce40?, 0xc0000a6360}, 0xc0000901e0, {0xc0000beb60, 0xc0000aa390, 0xc0000aa3a8, 0xc0000a6340, ...}, ...)
	github.com/evanw/esbuild/internal/bundler/bundler.go:1203 +0xcd5 fp=0xc005615e10 sp=0xc005615a70 pc=0x7ff656f82835
github.com/evanw/esbuild/internal/bundler.parseFile({{0x7ff6572bce40, 0xc0000a6360}, {0xc0000beb60, 0xc0000aa390, 
0xc0000aa3a8, 0xc0000a6340, 0x6, 0xc0000a0450}, 0xc0004ae488, 0xc0000901e0, ...})
	github.com/evanw/esbuild/internal/bundler/bundler.go:163 +0x2b5 fp=0xc005617608 sp=0xc005615e10 pc=0x7ff656f777f5
github.com/evanw/esbuild/internal/bundler.(*scanner).maybeParseFile.gowrap1()
	github.com/evanw/esbuild/internal/bundler/bundler.go:1630 +0x2fa fp=0xc005617fe0 sp=0xc005617608 pc=0x7ff656f85a5a
runtime.goexit({})
	runtime/asm_amd64.s:1693 +0x1 fp=0xc005617fe8 sp=0xc005617fe0 pc=0x7ff656bcf221
created by github.com/evanw/esbuild/internal/bundler.(*scanner).maybeParseFile in goroutine 21
	github.com/evanw/esbuild/internal/bundler/bundler.go:1630 +0xd85

goroutine 1352 gp=0xc004de08c0 m=nil [chan receive]:
runtime.gopark(0xc0018816e0?, 0x2000000000070?, 0x63?, 0x72?, 0x20b0ba22ef8?)
	runtime/proc.go:460 +0xce fp=0xc00561d478 sp=0xc00561d458 pc=0x7ff656bc72ce
runtime.chanrecv(0xc004be8a10, 0xc00561d550, 0x1)
	runtime/chan.go:667 +0x473 fp=0xc00561d4f0 sp=0xc00561d478 pc=0x7ff656b5e593
runtime.chanrecv1(0x7ff65714d260?, 0xc004b99ce0?)
	runtime/chan.go:509 +0x12 fp=0xc00561d518 sp=0xc00561d4f0 pc=0x7ff656b5e0f2
main.(*serviceType).sendRequest(0xc000181890, {0x7ff65714d260, 0xc004b99ce0})
	github.com/evanw/esbuild/cmd/esbuild/service.go:192 +0x12b fp=0xc00561d588 sp=0xc00561d518 pc=0x7ff65706fb6b
main.(*serviceType).convertPlugins.func2.4({{0xc004036d00, 0x73}, {0x7ff6571cd3af, 0x4}, {0x0, 0x0}, {0x0, 0x0}, 0x0})
	github.com/evanw/esbuild/cmd/esbuild/service.go:1088 +0x836 fp=0xc00561d808 sp=0xc00561d588 pc=0x7ff657078356
github.com/evanw/esbuild/pkg/api.(*pluginImpl).onLoad.func1({{0x0, 0x0}, {{0xc004036d00, 0x73}, {0x7ff6571cd3af, 0x4}, 
{0x0, 0x0}, {{0x0, 0x0}}, ...}})
	github.com/evanw/esbuild/pkg/api/api_impl.go:2014 +0x190 fp=0xc00561da70 sp=0xc00561d808 pc=0x7ff657036ad0
github.com/evanw/esbuild/internal/bundler.runOnLoadPlugins({0xc000090240?, 0x2e2691fd271da60a?, 0xc0010e1560?}, 
{0x7ff6572bce40?, 0xc0000a6360}, 0xc0000901e0, {0xc0000beb60, 0xc0000aa390, 0xc0000aa3a8, 0xc0000a6340, ...}, ...)
	github.com/evanw/esbuild/internal/bundler/bundler.go:1203 +0xcd5 fp=0xc00561de10 sp=0xc00561da70 pc=0x7ff656f82835
github.com/evanw/esbuild/internal/bundler.parseFile({{0x7ff6572bce40, 0xc0000a6360}, {0xc0000beb60, 0xc0000aa390, 
0xc0000aa3a8, 0xc0000a6340, 0x6, 0xc0000a0450}, 0xc0004ae488, 0xc0000901e0, ...})
	github.com/evanw/esbuild/internal/bundler/bundler.go:163 +0x2b5 fp=0xc00561f608 sp=0xc00561de10 pc=0x7ff656f777f5
github.com/evanw/esbuild/internal/bundler.(*scanner).maybeParseFile.gowrap1()
	github.com/evanw/esbuild/internal/bundler/bundler.go:1630 +0x2fa fp=0xc00561ffe0 sp=0xc00561f608 pc=0x7ff656f85a5a
runtime.goexit({})
	runtime/asm_amd64.s:1693 +0x1 fp=0xc00561ffe8 sp=0xc00561ffe0 pc=0x7ff656bcf221
created by github.com/evanw/esbuild/internal/bundler.(*scanner).maybeParseFile in goroutine 21
	github.com/evanw/esbuild/internal/bundler/bundler.go:1630 +0xd85

goroutine 1353 gp=0xc004de0a80 m=nil [chan receive]:
runtime.gopark(0xc000419020?, 0x2000000000070?, 0x7b?, 0x24?, 0x20b0ba22ef8?)
	runtime/proc.go:460 +0xce fp=0xc005627478 sp=0xc005627458 pc=0x7ff656bc72ce
runtime.chanrecv(0xc004be8a80, 0xc005627550, 0x1)
	runtime/chan.go:667 +0x473 fp=0xc0056274f0 sp=0xc005627478 pc=0x7ff656b5e593
runtime.chanrecv1(0x7ff65714d260?, 0xc004b99d40?)
	runtime/chan.go:509 +0x12 fp=0xc005627518 sp=0xc0056274f0 pc=0x7ff656b5e0f2
main.(*serviceType).sendRequest(0xc000181890, {0x7ff65714d260, 0xc004b99d40})
	github.com/evanw/esbuild/cmd/esbuild/service.go:192 +0x12b fp=0xc005627588 sp=0xc005627518 pc=0x7ff65706fb6b
main.(*serviceType).convertPlugins.func2.4({{0xc004037000, 0x75}, {0x7ff6571cd3af, 0x4}, {0x0, 0x0}, {0x0, 0x0}, 0x0})
	github.com/evanw/esbuild/cmd/esbuild/service.go:1088 +0x836 fp=0xc005627808 sp=0xc005627588 pc=0x7ff657078356
github.com/evanw/esbuild/pkg/api.(*pluginImpl).onLoad.func1({{0x0, 0x0}, {{0xc004037000, 0x75}, {0x7ff6571cd3af, 0x4}, 
{0x0, 0x0}, {{0x0, 0x0}}, ...}})
	github.com/evanw/esbuild/pkg/api/api_impl.go:2014 +0x190 fp=0xc005627a70 sp=0xc005627808 pc=0x7ff657036ad0
github.com/evanw/esbuild/internal/bundler.runOnLoadPlugins({0xc000090240?, 0x2e2691fd271da60a?, 0xc0010e1560?}, 
{0x7ff6572bce40?, 0xc0000a6360}, 0xc0000901e0, {0xc0000beb60, 0xc0000aa390, 0xc0000aa3a8, 0xc0000a6340, ...}, ...)
	github.com/evanw/esbuild/internal/bundler/bundler.go:1203 +0xcd5 fp=0xc005627e10 sp=0xc005627a70 pc=0x7ff656f82835
github.com/evanw/esbuild/internal/bundler.parseFile({{0x7ff6572bce40, 0xc0000a6360}, {0xc0000beb60, 0xc0000aa390, 
0xc0000aa3a8, 0xc0000a6340, 0x6, 0xc0000a0450}, 0xc0004ae488, 0xc0000901e0, ...})
	github.com/evanw/esbuild/internal/bundler/bundler.go:163 +0x2b5 fp=0xc005629608 sp=0xc005627e10 pc=0x7ff656f777f5
github.com/evanw/esbuild/internal/bundler.(*scanner).maybeParseFile.gowrap1()
	github.com/evanw/esbuild/internal/bundler/bundler.go:1630 +0x2fa fp=0xc005629fe0 sp=0xc005629608 pc=0x7ff656f85a5a
runtime.goexit({})
	runtime/asm_amd64.s:1693 +0x1 fp=0xc005629fe8 sp=0xc005629fe0 pc=0x7ff656bcf221
created by github.com/evanw/esbuild/internal/bundler.(*scanner).maybeParseFile in goroutine 21
	github.com/evanw/esbuild/internal/bundler/bundler.go:1630 +0xd85

goroutine 1354 gp=0xc004de0c40 m=nil [chan receive]:
runtime.gopark(0xc000f1d4a0?, 0x2000000000070?, 0x24?, 0xcc?, 0x20b0ba22ef8?)
	runtime/proc.go:460 +0xce fp=0xc00562f478 sp=0xc00562f458 pc=0x7ff656bc72ce
runtime.chanrecv(0xc004be8af0, 0xc00562f550, 0x1)
	runtime/chan.go:667 +0x473 fp=0xc00562f4f0 sp=0xc00562f478 pc=0x7ff656b5e593
runtime.chanrecv1(0x7ff65714d260?, 0xc004b99da0?)
	runtime/chan.go:509 +0x12 fp=0xc00562f518 sp=0xc00562f4f0 pc=0x7ff656b5e0f2
main.(*serviceType).sendRequest(0xc000181890, {0x7ff65714d260, 0xc004b99da0})
	github.com/evanw/esbuild/cmd/esbuild/service.go:192 +0x12b fp=0xc00562f588 sp=0xc00562f518 pc=0x7ff65706fb6b
main.(*serviceType).convertPlugins.func2.4({{0xc004044620, 0x70}, {0x7ff6571cd3af, 0x4}, {0x0, 0x0}, {0x0, 0x0}, 0x0})
	github.com/evanw/esbuild/cmd/esbuild/service.go:1088 +0x836 fp=0xc00562f808 sp=0xc00562f588 pc=0x7ff657078356
github.com/evanw/esbuild/pkg/api.(*pluginImpl).onLoad.func1({{0x0, 0x0}, {{0xc004044620, 0x70}, {0x7ff6571cd3af, 0x4}, 
{0x0, 0x0}, {{0x0, 0x0}}, ...}})
	github.com/evanw/esbuild/pkg/api/api_impl.go:2014 +0x190 fp=0xc00562fa70 sp=0xc00562f808 pc=0x7ff657036ad0
github.com/evanw/esbuild/internal/bundler.runOnLoadPlugins({0xc000090240?, 0x2e2691fd271da60a?, 0xc0010e1560?}, 
{0x7ff6572bce40?, 0xc0000a6360}, 0xc0000901e0, {0xc0000beb60, 0xc0000aa390, 0xc0000aa3a8, 0xc0000a6340, ...}, ...)
	github.com/evanw/esbuild/internal/bundler/bundler.go:1203 +0xcd5 fp=0xc00562fe10 sp=0xc00562fa70 pc=0x7ff656f82835
github.com/evanw/esbuild/internal/bundler.parseFile({{0x7ff6572bce40, 0xc0000a6360}, {0xc0000beb60, 0xc0000aa390, 
0xc0000aa3a8, 0xc0000a6340, 0x6, 0xc0000a0450}, 0xc0004ae488, 0xc0000901e0, ...})
	github.com/evanw/esbuild/internal/bundler/bundler.go:163 +0x2b5 fp=0xc005631608 sp=0xc00562fe10 pc=0x7ff656f777f5
github.com/evanw/esbuild/internal/bundler.(*scanner).maybeParseFile.gowrap1()
	github.com/evanw/esbuild/internal/bundler/bundler.go:1630 +0x2fa fp=0xc005631fe0 sp=0xc005631608 pc=0x7ff656f85a5a
runtime.goexit({})
	runtime/asm_amd64.s:1693 +0x1 fp=0xc005631fe8 sp=0xc005631fe0 pc=0x7ff656bcf221
created by github.com/evanw/esbuild/internal/bundler.(*scanner).maybeParseFile in goroutine 21
	github.com/evanw/esbuild/internal/bundler/bundler.go:1630 +0xd85

goroutine 1355 gp=0xc004de0e00 m=nil [chan receive]:
runtime.gopark(0xc000924120?, 0x2000000000070?, 0x58?, 0xf6?, 0x20b0ba22ef8?)
	runtime/proc.go:460 +0xce fp=0xc005637478 sp=0xc005637458 pc=0x7ff656bc72ce
runtime.chanrecv(0xc004be8b60, 0xc005637550, 0x1)
	runtime/chan.go:667 +0x473 fp=0xc0056374f0 sp=0xc005637478 pc=0x7ff656b5e593
runtime.chanrecv1(0x7ff65714d260?, 0xc004b99e00?)
	runtime/chan.go:509 +0x12 fp=0xc005637518 sp=0xc0056374f0 pc=0x7ff656b5e0f2
main.(*serviceType).sendRequest(0xc000181890, {0x7ff65714d260, 0xc004b99e00})
	github.com/evanw/esbuild/cmd/esbuild/service.go:192 +0x12b fp=0xc005637588 sp=0xc005637518 pc=0x7ff65706fb6b
main.(*serviceType).convertPlugins.func2.4({{0xc004044a80, 0x6e}, {0x7ff6571cd3af, 0x4}, {0x0, 0x0}, {0x0, 0x0}, 0x0})
	github.com/evanw/esbuild/cmd/esbuild/service.go:1088 +0x836 fp=0xc005637808 sp=0xc005637588 pc=0x7ff657078356
github.com/evanw/esbuild/pkg/api.(*pluginImpl).onLoad.func1({{0x0, 0x0}, {{0xc004044a80, 0x6e}, {0x7ff6571cd3af, 0x4}, 
{0x0, 0x0}, {{0x0, 0x0}}, ...}})
	github.com/evanw/esbuild/pkg/api/api_impl.go:2014 +0x190 fp=0xc005637a70 sp=0xc005637808 pc=0x7ff657036ad0
github.com/evanw/esbuild/internal/bundler.runOnLoadPlugins({0xc000090240?, 0x2e2691fd271da60a?, 0xc0010e1560?}, 
{0x7ff6572bce40?, 0xc0000a6360}, 0xc0000901e0, {0xc0000beb60, 0xc0000aa390, 0xc0000aa3a8, 0xc0000a6340, ...}, ...)
	github.com/evanw/esbuild/internal/bundler/bundler.go:1203 +0xcd5 fp=0xc005637e10 sp=0xc005637a70 pc=0x7ff656f82835
github.com/evanw/esbuild/internal/bundler.parseFile({{0x7ff6572bce40, 0xc0000a6360}, {0xc0000beb60, 0xc0000aa390, 
0xc0000aa3a8, 0xc0000a6340, 0x6, 0xc0000a0450}, 0xc0004ae488, 0xc0000901e0, ...})
	github.com/evanw/esbuild/internal/bundler/bundler.go:163 +0x2b5 fp=0xc005639608 sp=0xc005637e10 pc=0x7ff656f777f5
github.com/evanw/esbuild/internal/bundler.(*scanner).maybeParseFile.gowrap1()
	github.com/evanw/esbuild/internal/bundler/bundler.go:1630 +0x2fa fp=0xc005639fe0 sp=0xc005639608 pc=0x7ff656f85a5a
runtime.goexit({})
	runtime/asm_amd64.s:1693 +0x1 fp=0xc005639fe8 sp=0xc005639fe0 pc=0x7ff656bcf221
created by github.com/evanw/esbuild/internal/bundler.(*scanner).maybeParseFile in goroutine 21
	github.com/evanw/esbuild/internal/bundler/bundler.go:1630 +0xd85

goroutine 1356 gp=0xc004de0fc0 m=nil [chan receive]:
runtime.gopark(0xc000a06300?, 0x2000000000070?, 0xef?, 0x74?, 0x20b0ba20ed0?)
	runtime/proc.go:460 +0xce fp=0xc0055ad478 sp=0xc0055ad458 pc=0x7ff656bc72ce
runtime.chanrecv(0xc0044db9d0, 0xc0055ad550, 0x1)
	runtime/chan.go:667 +0x473 fp=0xc0055ad4f0 sp=0xc0055ad478 pc=0x7ff656b5e593
runtime.chanrecv1(0x7ff65714d260?, 0xc005488c60?)
	runtime/chan.go:509 +0x12 fp=0xc0055ad518 sp=0xc0055ad4f0 pc=0x7ff656b5e0f2
main.(*serviceType).sendRequest(0xc000181890, {0x7ff65714d260, 0xc005488c60})
	github.com/evanw/esbuild/cmd/esbuild/service.go:192 +0x12b fp=0xc0055ad588 sp=0xc0055ad518 pc=0x7ff65706fb6b
main.(*serviceType).convertPlugins.func2.4({{0xc004044ee0, 0x6e}, {0x7ff6571cd3af, 0x4}, {0x0, 0x0}, {0x0, 0x0}, 0x0})
	github.com/evanw/esbuild/cmd/esbuild/service.go:1088 +0x836 fp=0xc0055ad808 sp=0xc0055ad588 pc=0x7ff657078356
github.com/evanw/esbuild/pkg/api.(*pluginImpl).onLoad.func1({{0x0, 0x0}, {{0xc004044ee0, 0x6e}, {0x7ff6571cd3af, 0x4}, 
{0x0, 0x0}, {{0x0, 0x0}}, ...}})
	github.com/evanw/esbuild/pkg/api/api_impl.go:2014 +0x190 fp=0xc0055ada70 sp=0xc0055ad808 pc=0x7ff657036ad0
github.com/evanw/esbuild/internal/bundler.runOnLoadPlugins({0xc000090240?, 0xc003825e28?, 0x8?}, {0x7ff6572bce40?, 
0xc0000a6360}, 0xc0000901e0, {0xc0000beb60, 0xc0000aa390, 0xc0000aa3a8, 0xc0000a6340, ...}, ...)
	github.com/evanw/esbuild/internal/bundler/bundler.go:1203 +0xcd5 fp=0xc0055ade10 sp=0xc0055ada70 pc=0x7ff656f82835
github.com/evanw/esbuild/internal/bundler.parseFile({{0x7ff6572bce40, 0xc0000a6360}, {0xc0000beb60, 0xc0000aa390, 
0xc0000aa3a8, 0xc0000a6340, 0x6, 0xc0000a0450}, 0xc0004ae488, 0xc0000901e0, ...})
	github.com/evanw/esbuild/internal/bundler/bundler.go:163 +0x2b5 fp=0xc0055af608 sp=0xc0055ade10 pc=0x7ff656f777f5
github.com/evanw/esbuild/internal/bundler.(*scanner).maybeParseFile.gowrap1()
	github.com/evanw/esbuild/internal/bundler/bundler.go:1630 +0x2fa fp=0xc0055affe0 sp=0xc0055af608 pc=0x7ff656f85a5a
runtime.goexit({})
	runtime/asm_amd64.s:1693 +0x1 fp=0xc0055affe8 sp=0xc0055affe0 pc=0x7ff656bcf221
created by github.com/evanw/esbuild/internal/bundler.(*scanner).maybeParseFile in goroutine 21
	github.com/evanw/esbuild/internal/bundler/bundler.go:1630 +0xd85

goroutine 1357 gp=0xc004de1180 m=nil [chan receive]:
runtime.gopark(0xc000a06240?, 0x2000000000070?, 0xcb?, 0xa2?, 0x20b0ba20ed0?)
	runtime/proc.go:460 +0xce fp=0xc0055b5478 sp=0xc0055b5458 pc=0x7ff656bc72ce
runtime.chanrecv(0xc0044dba40, 0xc0055b5550, 0x1)
	runtime/chan.go:667 +0x473 fp=0xc0055b54f0 sp=0xc0055b5478 pc=0x7ff656b5e593
runtime.chanrecv1(0x7ff65714d260?, 0xc005488cc0?)
	runtime/chan.go:509 +0x12 fp=0xc0055b5518 sp=0xc0055b54f0 pc=0x7ff656b5e0f2
main.(*serviceType).sendRequest(0xc000181890, {0x7ff65714d260, 0xc005488cc0})
	github.com/evanw/esbuild/cmd/esbuild/service.go:192 +0x12b fp=0xc0055b5588 sp=0xc0055b5518 pc=0x7ff65706fb6b
main.(*serviceType).convertPlugins.func2.4({{0xc004037200, 0x72}, {0x7ff6571cd3af, 0x4}, {0x0, 0x0}, {0x0, 0x0}, 0x0})
	github.com/evanw/esbuild/cmd/esbuild/service.go:1088 +0x836 fp=0xc0055b5808 sp=0xc0055b5588 pc=0x7ff657078356
github.com/evanw/esbuild/pkg/api.(*pluginImpl).onLoad.func1({{0x0, 0x0}, {{0xc004037200, 0x72}, {0x7ff6571cd3af, 0x4}, 
{0x0, 0x0}, {{0x0, 0x0}}, ...}})
	github.com/evanw/esbuild/pkg/api/api_impl.go:2014 +0x190 fp=0xc0055b5a70 sp=0xc0055b5808 pc=0x7ff657036ad0
github.com/evanw/esbuild/internal/bundler.runOnLoadPlugins({0xc000090240?, 0xc003825e28?, 0x8?}, {0x7ff6572bce40?, 
0xc0000a6360}, 0xc0000901e0, {0xc0000beb60, 0xc0000aa390, 0xc0000aa3a8, 0xc0000a6340, ...}, ...)
	github.com/evanw/esbuild/internal/bundler/bundler.go:1203 +0xcd5 fp=0xc0055b5e10 sp=0xc0055b5a70 pc=0x7ff656f82835
github.com/evanw/esbuild/internal/bundler.parseFile({{0x7ff6572bce40, 0xc0000a6360}, {0xc0000beb60, 0xc0000aa390, 
0xc0000aa3a8, 0xc0000a6340, 0x6, 0xc0000a0450}, 0xc0004ae488, 0xc0000901e0, ...})
	github.com/evanw/esbuild/internal/bundler/bundler.go:163 +0x2b5 fp=0xc0055b7608 sp=0xc0055b5e10 pc=0x7ff656f777f5
github.com/evanw/esbuild/internal/bundler.(*scanner).maybeParseFile.gowrap1()
	github.com/evanw/esbuild/internal/bundler/bundler.go:1630 +0x2fa fp=0xc0055b7fe0 sp=0xc0055b7608 pc=0x7ff656f85a5a
runtime.goexit({})
	runtime/asm_amd64.s:1693 +0x1 fp=0xc0055b7fe8 sp=0xc0055b7fe0 pc=0x7ff656bcf221
created by github.com/evanw/esbuild/internal/bundler.(*scanner).maybeParseFile in goroutine 21
	github.com/evanw/esbuild/internal/bundler/bundler.go:1630 +0xd85

goroutine 1358 gp=0xc004de1340 m=nil [chan receive]:
runtime.gopark(0xc0007ce0c0?, 0x2000000000070?, 0x42?, 0x11?, 0x20b0ba20ed0?)
	runtime/proc.go:460 +0xce fp=0xc0055bd478 sp=0xc0055bd458 pc=0x7ff656bc72ce
runtime.chanrecv(0xc0044dbab0, 0xc0055bd550, 0x1)
	runtime/chan.go:667 +0x473 fp=0xc0055bd4f0 sp=0xc0055bd478 pc=0x7ff656b5e593
runtime.chanrecv1(0x7ff65714d260?, 0xc005488d20?)
	runtime/chan.go:509 +0x12 fp=0xc0055bd518 sp=0xc0055bd4f0 pc=0x7ff656b5e0f2
main.(*serviceType).sendRequest(0xc000181890, {0x7ff65714d260, 0xc005488d20})
	github.com/evanw/esbuild/cmd/esbuild/service.go:192 +0x12b fp=0xc0055bd588 sp=0xc0055bd518 pc=0x7ff65706fb6b
main.(*serviceType).convertPlugins.func2.4({{0xc0040455e0, 0x6d}, {0x7ff6571cd3af, 0x4}, {0x0, 0x0}, {0x0, 0x0}, 0x0})
	github.com/evanw/esbuild/cmd/esbuild/service.go:1088 +0x836 fp=0xc0055bd808 sp=0xc0055bd588 pc=0x7ff657078356
github.com/evanw/esbuild/pkg/api.(*pluginImpl).onLoad.func1({{0x0, 0x0}, {{0xc0040455e0, 0x6d}, {0x7ff6571cd3af, 0x4}, 
{0x0, 0x0}, {{0x0, 0x0}}, ...}})
	github.com/evanw/esbuild/pkg/api/api_impl.go:2014 +0x190 fp=0xc0055bda70 sp=0xc0055bd808 pc=0x7ff657036ad0
github.com/evanw/esbuild/internal/bundler.runOnLoadPlugins({0xc000090240?, 0xc003825e28?, 0x8?}, {0x7ff6572bce40?, 
0xc0000a6360}, 0xc0000901e0, {0xc0000beb60, 0xc0000aa390, 0xc0000aa3a8, 0xc0000a6340, ...}, ...)
	github.com/evanw/esbuild/internal/bundler/bundler.go:1203 +0xcd5 fp=0xc0055bde10 sp=0xc0055bda70 pc=0x7ff656f82835
github.com/evanw/esbuild/internal/bundler.parseFile({{0x7ff6572bce40, 0xc0000a6360}, {0xc0000beb60, 0xc0000aa390, 
0xc0000aa3a8, 0xc0000a6340, 0x6, 0xc0000a0450}, 0xc0004ae488, 0xc0000901e0, ...})
	github.com/evanw/esbuild/internal/bundler/bundler.go:163 +0x2b5 fp=0xc0055bf608 sp=0xc0055bde10 pc=0x7ff656f777f5
github.com/evanw/esbuild/internal/bundler.(*scanner).maybeParseFile.gowrap1()
	github.com/evanw/esbuild/internal/bundler/bundler.go:1630 +0x2fa fp=0xc0055bffe0 sp=0xc0055bf608 pc=0x7ff656f85a5a
runtime.goexit({})
	runtime/asm_amd64.s:1693 +0x1 fp=0xc0055bffe8 sp=0xc0055bffe0 pc=0x7ff656bcf221
created by github.com/evanw/esbuild/internal/bundler.(*scanner).maybeParseFile in goroutine 21
	github.com/evanw/esbuild/internal/bundler/bundler.go:1630 +0xd85

goroutine 1359 gp=0xc004de1500 m=nil [chan receive]:
runtime.gopark(0xc000a06180?, 0x2000000000070?, 0xfc?, 0xdf?, 0x20b00000000?)
	runtime/proc.go:460 +0xce fp=0xc0055c5478 sp=0xc0055c5458 pc=0x7ff656bc72ce
runtime.chanrecv(0xc0044dbb20, 0xc0055c5550, 0x1)
	runtime/chan.go:667 +0x473 fp=0xc0055c54f0 sp=0xc0055c5478 pc=0x7ff656b5e593
runtime.chanrecv1(0x7ff65714d260?, 0xc005488d80?)
	runtime/chan.go:509 +0x12 fp=0xc0055c5518 sp=0xc0055c54f0 pc=0x7ff656b5e0f2
main.(*serviceType).sendRequest(0xc000181890, {0x7ff65714d260, 0xc005488d80})
	github.com/evanw/esbuild/cmd/esbuild/service.go:192 +0x12b fp=0xc0055c5588 sp=0xc0055c5518 pc=0x7ff65706fb6b
main.(*serviceType).convertPlugins.func2.4({{0xc004037380, 0x71}, {0x7ff6571cd3af, 0x4}, {0x0, 0x0}, {0x0, 0x0}, 0x0})
	github.com/evanw/esbuild/cmd/esbuild/service.go:1088 +0x836 fp=0xc0055c5808 sp=0xc0055c5588 pc=0x7ff657078356
github.com/evanw/esbuild/pkg/api.(*pluginImpl).onLoad.func1({{0x0, 0x0}, {{0xc004037380, 0x71}, {0x7ff6571cd3af, 0x4}, 
{0x0, 0x0}, {{0x0, 0x0}}, ...}})
	github.com/evanw/esbuild/pkg/api/api_impl.go:2014 +0x190 fp=0xc0055c5a70 sp=0xc0055c5808 pc=0x7ff657036ad0
github.com/evanw/esbuild/internal/bundler.runOnLoadPlugins({0xc000090240?, 0xc003825e28?, 0x8?}, {0x7ff6572bce40?, 
0xc0000a6360}, 0xc0000901e0, {0xc0000beb60, 0xc0000aa390, 0xc0000aa3a8, 0xc0000a6340, ...}, ...)
	github.com/evanw/esbuild/internal/bundler/bundler.go:1203 +0xcd5 fp=0xc0055c5e10 sp=0xc0055c5a70 pc=0x7ff656f82835
github.com/evanw/esbuild/internal/bundler.parseFile({{0x7ff6572bce40, 0xc0000a6360}, {0xc0000beb60, 0xc0000aa390, 
0xc0000aa3a8, 0xc0000a6340, 0x6, 0xc0000a0450}, 0xc0004ae488, 0xc0000901e0, ...})
	github.com/evanw/esbuild/internal/bundler/bundler.go:163 +0x2b5 fp=0xc0055c7608 sp=0xc0055c5e10 pc=0x7ff656f777f5
github.com/evanw/esbuild/internal/bundler.(*scanner).maybeParseFile.gowrap1()
	github.com/evanw/esbuild/internal/bundler/bundler.go:1630 +0x2fa fp=0xc0055c7fe0 sp=0xc0055c7608 pc=0x7ff656f85a5a
runtime.goexit({})
	runtime/asm_amd64.s:1693 +0x1 fp=0xc0055c7fe8 sp=0xc0055c7fe0 pc=0x7ff656bcf221
created by github.com/evanw/esbuild/internal/bundler.(*scanner).maybeParseFile in goroutine 21
	github.com/evanw/esbuild/internal/bundler/bundler.go:1630 +0xd85

goroutine 1360 gp=0xc004de16c0 m=nil [chan receive]:
runtime.gopark(0xc000418300?, 0x2000000000070?, 0x4a?, 0xa5?, 0x20b0ba20ed0?)
	runtime/proc.go:460 +0xce fp=0xc0055cd478 sp=0xc0055cd458 pc=0x7ff656bc72ce
runtime.chanrecv(0xc0044dbb90, 0xc0055cd550, 0x1)
	runtime/chan.go:667 +0x473 fp=0xc0055cd4f0 sp=0xc0055cd478 pc=0x7ff656b5e593
runtime.chanrecv1(0x7ff65714d260?, 0xc005488de0?)
	runtime/chan.go:509 +0x12 fp=0xc0055cd518 sp=0xc0055cd4f0 pc=0x7ff656b5e0f2
main.(*serviceType).sendRequest(0xc000181890, {0x7ff65714d260, 0xc005488de0})
	github.com/evanw/esbuild/cmd/esbuild/service.go:192 +0x12b fp=0xc0055cd588 sp=0xc0055cd518 pc=0x7ff65706fb6b
main.(*serviceType).convertPlugins.func2.4({{0xc004045d50, 0x70}, {0x7ff6571cd3af, 0x4}, {0x0, 0x0}, {0x0, 0x0}, 0x0})
	github.com/evanw/esbuild/cmd/esbuild/service.go:1088 +0x836 fp=0xc0055cd808 sp=0xc0055cd588 pc=0x7ff657078356
github.com/evanw/esbuild/pkg/api.(*pluginImpl).onLoad.func1({{0x0, 0x0}, {{0xc004045d50, 0x70}, {0x7ff6571cd3af, 0x4}, 
{0x0, 0x0}, {{0x0, 0x0}}, ...}})
	github.com/evanw/esbuild/pkg/api/api_impl.go:2014 +0x190 fp=0xc0055cda70 sp=0xc0055cd808 pc=0x7ff657036ad0
github.com/evanw/esbuild/internal/bundler.runOnLoadPlugins({0xc000090240?, 0xc003825e28?, 0x8?}, {0x7ff6572bce40?, 
0xc0000a6360}, 0xc0000901e0, {0xc0000beb60, 0xc0000aa390, 0xc0000aa3a8, 0xc0000a6340, ...}, ...)
	github.com/evanw/esbuild/internal/bundler/bundler.go:1203 +0xcd5 fp=0xc0055cde10 sp=0xc0055cda70 pc=0x7ff656f82835
github.com/evanw/esbuild/internal/bundler.parseFile({{0x7ff6572bce40, 0xc0000a6360}, {0xc0000beb60, 0xc0000aa390, 
0xc0000aa3a8, 0xc0000a6340, 0x6, 0xc0000a0450}, 0xc0004ae488, 0xc0000901e0, ...})
	github.com/evanw/esbuild/internal/bundler/bundler.go:163 +0x2b5 fp=0xc0055cf608 sp=0xc0055cde10 pc=0x7ff656f777f5
github.com/evanw/esbuild/internal/bundler.(*scanner).maybeParseFile.gowrap1()
	github.com/evanw/esbuild/internal/bundler/bundler.go:1630 +0x2fa fp=0xc0055cffe0 sp=0xc0055cf608 pc=0x7ff656f85a5a
runtime.goexit({})
	runtime/asm_amd64.s:1693 +0x1 fp=0xc0055cffe8 sp=0xc0055cffe0 pc=0x7ff656bcf221
created by github.com/evanw/esbuild/internal/bundler.(*scanner).maybeParseFile in goroutine 21
	github.com/evanw/esbuild/internal/bundler/bundler.go:1630 +0xd85

goroutine 1361 gp=0xc004de1880 m=nil [chan receive]:
runtime.gopark(0xc0004184e0?, 0x2000000000070?, 0xc3?, 0x8f?, 0x20b0ba20ed0?)
	runtime/proc.go:460 +0xce fp=0xc0055d7478 sp=0xc0055d7458 pc=0x7ff656bc72ce
runtime.chanrecv(0xc0044dbc00, 0xc0055d7550, 0x1)
	runtime/chan.go:667 +0x473 fp=0xc0055d74f0 sp=0xc0055d7478 pc=0x7ff656b5e593
runtime.chanrecv1(0x7ff65714d260?, 0xc005488e40?)
	runtime/chan.go:509 +0x12 fp=0xc0055d7518 sp=0xc0055d74f0 pc=0x7ff656b5e0f2
main.(*serviceType).sendRequest(0xc000181890, {0x7ff65714d260, 0xc005488e40})
	github.com/evanw/esbuild/cmd/esbuild/service.go:192 +0x12b fp=0xc0055d7588 sp=0xc0055d7518 pc=0x7ff65706fb6b
main.(*serviceType).convertPlugins.func2.4({{0xc0040461c0, 0x6e}, {0x7ff6571cd3af, 0x4}, {0x0, 0x0}, {0x0, 0x0}, 0x0})
	github.com/evanw/esbuild/cmd/esbuild/service.go:1088 +0x836 fp=0xc0055d7808 sp=0xc0055d7588 pc=0x7ff657078356
github.com/evanw/esbuild/pkg/api.(*pluginImpl).onLoad.func1({{0x0, 0x0}, {{0xc0040461c0, 0x6e}, {0x7ff6571cd3af, 0x4}, 
{0x0, 0x0}, {{0x0, 0x0}}, ...}})
	github.com/evanw/esbuild/pkg/api/api_impl.go:2014 +0x190 fp=0xc0055d7a70 sp=0xc0055d7808 pc=0x7ff657036ad0
github.com/evanw/esbuild/internal/bundler.runOnLoadPlugins({0xc000090240?, 0xc003825e28?, 0x8?}, {0x7ff6572bce40?, 
0xc0000a6360}, 0xc0000901e0, {0xc0000beb60, 0xc0000aa390, 0xc0000aa3a8, 0xc0000a6340, ...}, ...)
	github.com/evanw/esbuild/internal/bundler/bundler.go:1203 +0xcd5 fp=0xc0055d7e10 sp=0xc0055d7a70 pc=0x7ff656f82835
github.com/evanw/esbuild/internal/bundler.parseFile({{0x7ff6572bce40, 0xc0000a6360}, {0xc0000beb60, 0xc0000aa390, 
0xc0000aa3a8, 0xc0000a6340, 0x6, 0xc0000a0450}, 0xc0004ae488, 0xc0000901e0, ...})
	github.com/evanw/esbuild/internal/bundler/bundler.go:163 +0x2b5 fp=0xc0055d9608 sp=0xc0055d7e10 pc=0x7ff656f777f5
github.com/evanw/esbuild/internal/bundler.(*scanner).maybeParseFile.gowrap1()
	github.com/evanw/esbuild/internal/bundler/bundler.go:1630 +0x2fa fp=0xc0055d9fe0 sp=0xc0055d9608 pc=0x7ff656f85a5a
runtime.goexit({})
	runtime/asm_amd64.s:1693 +0x1 fp=0xc0055d9fe8 sp=0xc0055d9fe0 pc=0x7ff656bcf221
created by github.com/evanw/esbuild/internal/bundler.(*scanner).maybeParseFile in goroutine 21
	github.com/evanw/esbuild/internal/bundler/bundler.go:1630 +0xd85

goroutine 1362 gp=0xc004de1a40 m=nil [chan receive]:
runtime.gopark(0xc0003d25a0?, 0x2000000000070?, 0xa0?, 0xef?, 0x20b0ba20ed0?)
	runtime/proc.go:460 +0xce fp=0xc0055e3478 sp=0xc0055e3458 pc=0x7ff656bc72ce
runtime.chanrecv(0xc0044dbc70, 0xc0055e3550, 0x1)
	runtime/chan.go:667 +0x473 fp=0xc0055e34f0 sp=0xc0055e3478 pc=0x7ff656b5e593
runtime.chanrecv1(0x7ff65714d260?, 0xc005488ea0?)
	runtime/chan.go:509 +0x12 fp=0xc0055e3518 sp=0xc0055e34f0 pc=0x7ff656b5e0f2
main.(*serviceType).sendRequest(0xc000181890, {0x7ff65714d260, 0xc005488ea0})
	github.com/evanw/esbuild/cmd/esbuild/service.go:192 +0x12b fp=0xc0055e3588 sp=0xc0055e3518 pc=0x7ff65706fb6b
main.(*serviceType).convertPlugins.func2.4({{0xc004037580, 0x72}, {0x7ff6571cd3af, 0x4}, {0x0, 0x0}, {0x0, 0x0}, 0x0})
	github.com/evanw/esbuild/cmd/esbuild/service.go:1088 +0x836 fp=0xc0055e3808 sp=0xc0055e3588 pc=0x7ff657078356
github.com/evanw/esbuild/pkg/api.(*pluginImpl).onLoad.func1({{0x0, 0x0}, {{0xc004037580, 0x72}, {0x7ff6571cd3af, 0x4}, 
{0x0, 0x0}, {{0x0, 0x0}}, ...}})
	github.com/evanw/esbuild/pkg/api/api_impl.go:2014 +0x190 fp=0xc0055e3a70 sp=0xc0055e3808 pc=0x7ff657036ad0
github.com/evanw/esbuild/internal/bundler.runOnLoadPlugins({0xc000090240?, 0xc003825e28?, 0x8?}, {0x7ff6572bce40?, 
0xc0000a6360}, 0xc0000901e0, {0xc0000beb60, 0xc0000aa390, 0xc0000aa3a8, 0xc0000a6340, ...}, ...)
	github.com/evanw/esbuild/internal/bundler/bundler.go:1203 +0xcd5 fp=0xc0055e3e10 sp=0xc0055e3a70 pc=0x7ff656f82835
github.com/evanw/esbuild/internal/bundler.parseFile({{0x7ff6572bce40, 0xc0000a6360}, {0xc0000beb60, 0xc0000aa390, 
0xc0000aa3a8, 0xc0000a6340, 0x6, 0xc0000a0450}, 0xc0004ae488, 0xc0000901e0, ...})
	github.com/evanw/esbuild/internal/bundler/bundler.go:163 +0x2b5 fp=0xc0055e5608 sp=0xc0055e3e10 pc=0x7ff656f777f5
github.com/evanw/esbuild/internal/bundler.(*scanner).maybeParseFile.gowrap1()
	github.com/evanw/esbuild/internal/bundler/bundler.go:1630 +0x2fa fp=0xc0055e5fe0 sp=0xc0055e5608 pc=0x7ff656f85a5a
runtime.goexit({})
	runtime/asm_amd64.s:1693 +0x1 fp=0xc0055e5fe8 sp=0xc0055e5fe0 pc=0x7ff656bcf221
created by github.com/evanw/esbuild/internal/bundler.(*scanner).maybeParseFile in goroutine 21
	github.com/evanw/esbuild/internal/bundler/bundler.go:1630 +0xd85

goroutine 1363 gp=0xc004de1c00 m=nil [chan receive]:
runtime.gopark(0xc0006b0120?, 0x2000000000070?, 0x6e?, 0x29?, 0x20b00000002?)
	runtime/proc.go:460 +0xce fp=0xc0055ed478 sp=0xc0055ed458 pc=0x7ff656bc72ce
runtime.chanrecv(0xc0044dbce0, 0xc0055ed550, 0x1)
	runtime/chan.go:667 +0x473 fp=0xc0055ed4f0 sp=0xc0055ed478 pc=0x7ff656b5e593
runtime.chanrecv1(0x7ff65714d260?, 0xc005488f00?)
	runtime/chan.go:509 +0x12 fp=0xc0055ed518 sp=0xc0055ed4f0 pc=0x7ff656b5e0f2
main.(*serviceType).sendRequest(0xc000181890, {0x7ff65714d260, 0xc005488f00})
	github.com/evanw/esbuild/cmd/esbuild/service.go:192 +0x12b fp=0xc0055ed588 sp=0xc0055ed518 pc=0x7ff65706fb6b
main.(*serviceType).convertPlugins.func2.4({{0xc0040468c0, 0x6c}, {0x7ff6571cd3af, 0x4}, {0x0, 0x0}, {0x0, 0x0}, 0x0})
	github.com/evanw/esbuild/cmd/esbuild/service.go:1088 +0x836 fp=0xc0055ed808 sp=0xc0055ed588 pc=0x7ff657078356
github.com/evanw/esbuild/pkg/api.(*pluginImpl).onLoad.func1({{0x0, 0x0}, {{0xc0040468c0, 0x6c}, {0x7ff6571cd3af, 0x4}, 
{0x0, 0x0}, {{0x0, 0x0}}, ...}})
	github.com/evanw/esbuild/pkg/api/api_impl.go:2014 +0x190 fp=0xc0055eda70 sp=0xc0055ed808 pc=0x7ff657036ad0
github.com/evanw/esbuild/internal/bundler.runOnLoadPlugins({0xc000090240?, 0xc003825e28?, 0x8?}, {0x7ff6572bce40?, 
0xc0000a6360}, 0xc0000901e0, {0xc0000beb60, 0xc0000aa390, 0xc0000aa3a8, 0xc0000a6340, ...}, ...)
	github.com/evanw/esbuild/internal/bundler/bundler.go:1203 +0xcd5 fp=0xc0055ede10 sp=0xc0055eda70 pc=0x7ff656f82835
github.com/evanw/esbuild/internal/bundler.parseFile({{0x7ff6572bce40, 0xc0000a6360}, {0xc0000beb60, 0xc0000aa390, 
0xc0000aa3a8, 0xc0000a6340, 0x6, 0xc0000a0450}, 0xc0004ae488, 0xc0000901e0, ...})
	github.com/evanw/esbuild/internal/bundler/bundler.go:163 +0x2b5 fp=0xc0055ef608 sp=0xc0055ede10 pc=0x7ff656f777f5
github.com/evanw/esbuild/internal/bundler.(*scanner).maybeParseFile.gowrap1()
	github.com/evanw/esbuild/internal/bundler/bundler.go:1630 +0x2fa fp=0xc0055effe0 sp=0xc0055ef608 pc=0x7ff656f85a5a
runtime.goexit({})
	runtime/asm_amd64.s:1693 +0x1 fp=0xc0055effe8 sp=0xc0055effe0 pc=0x7ff656bcf221
created by github.com/evanw/esbuild/internal/bundler.(*scanner).maybeParseFile in goroutine 21
	github.com/evanw/esbuild/internal/bundler/bundler.go:1630 +0xd85

goroutine 1364 gp=0xc004de1dc0 m=nil [chan receive]:
runtime.gopark(0xc00040aea0?, 0x2000000000070?, 0x81?, 0x79?, 0x20b0ba20ed0?)
	runtime/proc.go:460 +0xce fp=0xc0055f7478 sp=0xc0055f7458 pc=0x7ff656bc72ce
runtime.chanrecv(0xc0044dbd50, 0xc0055f7550, 0x1)
	runtime/chan.go:667 +0x473 fp=0xc0055f74f0 sp=0xc0055f7478 pc=0x7ff656b5e593
runtime.chanrecv1(0x7ff65714d260?, 0xc005488f60?)
	runtime/chan.go:509 +0x12 fp=0xc0055f7518 sp=0xc0055f74f0 pc=0x7ff656b5e0f2
main.(*serviceType).sendRequest(0xc000181890, {0x7ff65714d260, 0xc005488f60})
	github.com/evanw/esbuild/cmd/esbuild/service.go:192 +0x12b fp=0xc0055f7588 sp=0xc0055f7518 pc=0x7ff65706fb6b
main.(*serviceType).convertPlugins.func2.4({{0xc0007adc00, 0x75}, {0x7ff6571cd3af, 0x4}, {0x0, 0x0}, {0x0, 0x0}, 0x0})
	github.com/evanw/esbuild/cmd/esbuild/service.go:1088 +0x836 fp=0xc0055f7808 sp=0xc0055f7588 pc=0x7ff657078356
github.com/evanw/esbuild/pkg/api.(*pluginImpl).onLoad.func1({{0x0, 0x0}, {{0xc0007adc00, 0x75}, {0x7ff6571cd3af, 0x4}, 
{0x0, 0x0}, {{0x0, 0x0}}, ...}})
	github.com/evanw/esbuild/pkg/api/api_impl.go:2014 +0x190 fp=0xc0055f7a70 sp=0xc0055f7808 pc=0x7ff657036ad0
github.com/evanw/esbuild/internal/bundler.runOnLoadPlugins({0xc000090240?, 0xc003825e28?, 0x8?}, {0x7ff6572bce40?, 
0xc0000a6360}, 0xc0000901e0, {0xc0000beb60, 0xc0000aa390, 0xc0000aa3a8, 0xc0000a6340, ...}, ...)
	github.com/evanw/esbuild/internal/bundler/bundler.go:1203 +0xcd5 fp=0xc0055f7e10 sp=0xc0055f7a70 pc=0x7ff656f82835
github.com/evanw/esbuild/internal/bundler.parseFile({{0x7ff6572bce40, 0xc0000a6360}, {0xc0000beb60, 0xc0000aa390, 
0xc0000aa3a8, 0xc0000a6340, 0x6, 0xc0000a0450}, 0xc0004ae488, 0xc0000901e0, ...})
	github.com/evanw/esbuild/internal/bundler/bundler.go:163 +0x2b5 fp=0xc0055f9608 sp=0xc0055f7e10 pc=0x7ff656f777f5
github.com/evanw/esbuild/internal/bundler.(*scanner).maybeParseFile.gowrap1()
	github.com/evanw/esbuild/internal/bundler/bundler.go:1630 +0x2fa fp=0xc0055f9fe0 sp=0xc0055f9608 pc=0x7ff656f85a5a
runtime.goexit({})
	runtime/asm_amd64.s:1693 +0x1 fp=0xc0055f9fe8 sp=0xc0055f9fe0 pc=0x7ff656bcf221
created by github.com/evanw/esbuild/internal/bundler.(*scanner).maybeParseFile in goroutine 21
	github.com/evanw/esbuild/internal/bundler/bundler.go:1630 +0xd85

goroutine 1365 gp=0xc004dfc000 m=nil [chan receive]:
runtime.gopark(0xc0006b01e0?, 0x2000000000070?, 0xa9?, 0x13?, 0x20b0ba20ed0?)
	runtime/proc.go:460 +0xce fp=0xc00579d478 sp=0xc00579d458 pc=0x7ff656bc72ce
runtime.chanrecv(0xc0044dbdc0, 0xc00579d550, 0x1)
	runtime/chan.go:667 +0x473 fp=0xc00579d4f0 sp=0xc00579d478 pc=0x7ff656b5e593
runtime.chanrecv1(0x7ff65714d260?, 0xc005488fc0?)
	runtime/chan.go:509 +0x12 fp=0xc00579d518 sp=0xc00579d4f0 pc=0x7ff656b5e0f2
main.(*serviceType).sendRequest(0xc000181890, {0x7ff65714d260, 0xc005488fc0})
	github.com/evanw/esbuild/cmd/esbuild/service.go:192 +0x12b fp=0xc00579d588 sp=0xc00579d518 pc=0x7ff65706fb6b
main.(*serviceType).convertPlugins.func2.4({{0xc00487d0a0, 0x6d}, {0x7ff6571cd3af, 0x4}, {0x0, 0x0}, {0x0, 0x0}, 0x0})
	github.com/evanw/esbuild/cmd/esbuild/service.go:1088 +0x836 fp=0xc00579d808 sp=0xc00579d588 pc=0x7ff657078356
github.com/evanw/esbuild/pkg/api.(*pluginImpl).onLoad.func1({{0x0, 0x0}, {{0xc00487d0a0, 0x6d}, {0x7ff6571cd3af, 0x4}, 
{0x0, 0x0}, {{0x0, 0x0}}, ...}})
	github.com/evanw/esbuild/pkg/api/api_impl.go:2014 +0x190 fp=0xc00579da70 sp=0xc00579d808 pc=0x7ff657036ad0
github.com/evanw/esbuild/internal/bundler.runOnLoadPlugins({0xc000090240?, 0xc003825e28?, 0x8?}, {0x7ff6572bce40?, 
0xc0000a6360}, 0xc0000901e0, {0xc0000beb60, 0xc0000aa390, 0xc0000aa3a8, 0xc0000a6340, ...}, ...)
	github.com/evanw/esbuild/internal/bundler/bundler.go:1203 +0xcd5 fp=0xc00579de10 sp=0xc00579da70 pc=0x7ff656f82835
github.com/evanw/esbuild/internal/bundler.parseFile({{0x7ff6572bce40, 0xc0000a6360}, {0xc0000beb60, 0xc0000aa390, 
0xc0000aa3a8, 0xc0000a6340, 0x6, 0xc0000a0450}, 0xc0004ae488, 0xc0000901e0, ...})
	github.com/evanw/esbuild/internal/bundler/bundler.go:163 +0x2b5 fp=0xc00579f608 sp=0xc00579de10 pc=0x7ff656f777f5
github.com/evanw/esbuild/internal/bundler.(*scanner).maybeParseFile.gowrap1()
	github.com/evanw/esbuild/internal/bundler/bundler.go:1630 +0x2fa fp=0xc00579ffe0 sp=0xc00579f608 pc=0x7ff656f85a5a
runtime.goexit({})
	runtime/asm_amd64.s:1693 +0x1 fp=0xc00579ffe8 sp=0xc00579ffe0 pc=0x7ff656bcf221
created by github.com/evanw/esbuild/internal/bundler.(*scanner).maybeParseFile in goroutine 21
	github.com/evanw/esbuild/internal/bundler/bundler.go:1630 +0xd85

goroutine 1366 gp=0xc004dfc1c0 m=nil [chan receive]:
runtime.gopark(0xc000090d20?, 0x2000000000070?, 0xf2?, 0x56?, 0x20b0ba205a0?)
	runtime/proc.go:460 +0xce fp=0xc00427d478 sp=0xc00427d458 pc=0x7ff656bc72ce
runtime.chanrecv(0xc0039dfb20, 0xc00427d550, 0x1)
	runtime/chan.go:667 +0x473 fp=0xc00427d4f0 sp=0xc00427d478 pc=0x7ff656b5e593
runtime.chanrecv1(0x7ff65714d260?, 0xc00421a6f0?)
	runtime/chan.go:509 +0x12 fp=0xc00427d518 sp=0xc00427d4f0 pc=0x7ff656b5e0f2
main.(*serviceType).sendRequest(0xc000181890, {0x7ff65714d260, 0xc00421a6f0})
	github.com/evanw/esbuild/cmd/esbuild/service.go:192 +0x12b fp=0xc00427d588 sp=0xc00427d518 pc=0x7ff65706fb6b
main.(*serviceType).convertPlugins.func2.4({{0xc00484cf80, 0x73}, {0x7ff6571cd3af, 0x4}, {0x0, 0x0}, {0x0, 0x0}, 0x0})
	github.com/evanw/esbuild/cmd/esbuild/service.go:1088 +0x836 fp=0xc00427d808 sp=0xc00427d588 pc=0x7ff657078356
github.com/evanw/esbuild/pkg/api.(*pluginImpl).onLoad.func1({{0x0, 0x0}, {{0xc00484cf80, 0x73}, {0x7ff6571cd3af, 0x4}, 
{0x0, 0x0}, {{0x0, 0x0}}, ...}})
	github.com/evanw/esbuild/pkg/api/api_impl.go:2014 +0x190 fp=0xc00427da70 sp=0xc00427d808 pc=0x7ff657036ad0
github.com/evanw/esbuild/internal/bundler.runOnLoadPlugins({0xc000090240?, 0xc0019dae00?, 0xc002595180?}, 
{0x7ff6572bce40?, 0xc0000a6360}, 0xc0000901e0, {0xc0000beb60, 0xc0000aa390, 0xc0000aa3a8, 0xc0000a6340, ...}, ...)
	github.com/evanw/esbuild/internal/bundler/bundler.go:1203 +0xcd5 fp=0xc00427de10 sp=0xc00427da70 pc=0x7ff656f82835
github.com/evanw/esbuild/internal/bundler.parseFile({{0x7ff6572bce40, 0xc0000a6360}, {0xc0000beb60, 0xc0000aa390, 
0xc0000aa3a8, 0xc0000a6340, 0x6, 0xc0000a0450}, 0xc0004ae488, 0xc0000901e0, ...})
	github.com/evanw/esbuild/internal/bundler/bundler.go:163 +0x2b5 fp=0xc00427f608 sp=0xc00427de10 pc=0x7ff656f777f5
github.com/evanw/esbuild/internal/bundler.(*scanner).maybeParseFile.gowrap1()
	github.com/evanw/esbuild/internal/bundler/bundler.go:1630 +0x2fa fp=0xc00427ffe0 sp=0xc00427f608 pc=0x7ff656f85a5a
runtime.goexit({})
	runtime/asm_amd64.s:1693 +0x1 fp=0xc00427ffe8 sp=0xc00427ffe0 pc=0x7ff656bcf221
created by github.com/evanw/esbuild/internal/bundler.(*scanner).maybeParseFile in goroutine 21
	github.com/evanw/esbuild/internal/bundler/bundler.go:1630 +0xd85

goroutine 1367 gp=0xc004dfc380 m=nil [chan receive]:
runtime.gopark(0xc0003d2060?, 0x2000000000070?, 0xec?, 0xe5?, 0x20b0ba205a0?)
	runtime/proc.go:460 +0xce fp=0xc005685478 sp=0xc005685458 pc=0x7ff656bc72ce
runtime.chanrecv(0xc0039dfb90, 0xc005685550, 0x1)
	runtime/chan.go:667 +0x473 fp=0xc0056854f0 sp=0xc005685478 pc=0x7ff656b5e593
runtime.chanrecv1(0x7ff65714d260?, 0xc00421a750?)
	runtime/chan.go:509 +0x12 fp=0xc005685518 sp=0xc0056854f0 pc=0x7ff656b5e0f2
main.(*serviceType).sendRequest(0xc000181890, {0x7ff65714d260, 0xc00421a750})
	github.com/evanw/esbuild/cmd/esbuild/service.go:192 +0x12b fp=0xc005685588 sp=0xc005685518 pc=0x7ff65706fb6b
main.(*serviceType).convertPlugins.func2.4({{0xc004a084d0, 0x6e}, {0x7ff6571cd3af, 0x4}, {0x0, 0x0}, {0x0, 0x0}, 0x0})
	github.com/evanw/esbuild/cmd/esbuild/service.go:1088 +0x836 fp=0xc005685808 sp=0xc005685588 pc=0x7ff657078356
github.com/evanw/esbuild/pkg/api.(*pluginImpl).onLoad.func1({{0x0, 0x0}, {{0xc004a084d0, 0x6e}, {0x7ff6571cd3af, 0x4}, 
{0x0, 0x0}, {{0x0, 0x0}}, ...}})
	github.com/evanw/esbuild/pkg/api/api_impl.go:2014 +0x190 fp=0xc005685a70 sp=0xc005685808 pc=0x7ff657036ad0
github.com/evanw/esbuild/internal/bundler.runOnLoadPlugins({0xc000090240?, 0xc0019dae00?, 0xc002595180?}, 
{0x7ff6572bce40?, 0xc0000a6360}, 0xc0000901e0, {0xc0000beb60, 0xc0000aa390, 0xc0000aa3a8, 0xc0000a6340, ...}, ...)
	github.com/evanw/esbuild/internal/bundler/bundler.go:1203 +0xcd5 fp=0xc005685e10 sp=0xc005685a70 pc=0x7ff656f82835
github.com/evanw/esbuild/internal/bundler.parseFile({{0x7ff6572bce40, 0xc0000a6360}, {0xc0000beb60, 0xc0000aa390, 
0xc0000aa3a8, 0xc0000a6340, 0x6, 0xc0000a0450}, 0xc0004ae488, 0xc0000901e0, ...})
	github.com/evanw/esbuild/internal/bundler/bundler.go:163 +0x2b5 fp=0xc005687608 sp=0xc005685e10 pc=0x7ff656f777f5
github.com/evanw/esbuild/internal/bundler.(*scanner).maybeParseFile.gowrap1()
	github.com/evanw/esbuild/internal/bundler/bundler.go:1630 +0x2fa fp=0xc005687fe0 sp=0xc005687608 pc=0x7ff656f85a5a
runtime.goexit({})
	runtime/asm_amd64.s:1693 +0x1 fp=0xc005687fe8 sp=0xc005687fe0 pc=0x7ff656bcf221
created by github.com/evanw/esbuild/internal/bundler.(*scanner).maybeParseFile in goroutine 21
	github.com/evanw/esbuild/internal/bundler/bundler.go:1630 +0xd85

goroutine 1368 gp=0xc004dfc540 m=nil [chan receive]:
runtime.gopark(0xc001385920?, 0x2000000000070?, 0x6a?, 0xeb?, 0x20b0ba205a0?)
	runtime/proc.go:460 +0xce fp=0xc00568d478 sp=0xc00568d458 pc=0x7ff656bc72ce
runtime.chanrecv(0xc0039dfc00, 0xc00568d550, 0x1)
	runtime/chan.go:667 +0x473 fp=0xc00568d4f0 sp=0xc00568d478 pc=0x7ff656b5e593
runtime.chanrecv1(0x7ff65714d260?, 0xc00421a7b0?)
	runtime/chan.go:509 +0x12 fp=0xc00568d518 sp=0xc00568d4f0 pc=0x7ff656b5e0f2
main.(*serviceType).sendRequest(0xc000181890, {0x7ff65714d260, 0xc00421a7b0})
	github.com/evanw/esbuild/cmd/esbuild/service.go:192 +0x12b fp=0xc00568d588 sp=0xc00568d518 pc=0x7ff65706fb6b
main.(*serviceType).convertPlugins.func2.4({{0xc004a08930, 0x6c}, {0x7ff6571cd3af, 0x4}, {0x0, 0x0}, {0x0, 0x0}, 0x0})
	github.com/evanw/esbuild/cmd/esbuild/service.go:1088 +0x836 fp=0xc00568d808 sp=0xc00568d588 pc=0x7ff657078356
github.com/evanw/esbuild/pkg/api.(*pluginImpl).onLoad.func1({{0x0, 0x0}, {{0xc004a08930, 0x6c}, {0x7ff6571cd3af, 0x4}, 
{0x0, 0x0}, {{0x0, 0x0}}, ...}})
	github.com/evanw/esbuild/pkg/api/api_impl.go:2014 +0x190 fp=0xc00568da70 sp=0xc00568d808 pc=0x7ff657036ad0
github.com/evanw/esbuild/internal/bundler.runOnLoadPlugins({0xc000090240?, 0xc0019dae00?, 0xc002595180?}, 
{0x7ff6572bce40?, 0xc0000a6360}, 0xc0000901e0, {0xc0000beb60, 0xc0000aa390, 0xc0000aa3a8, 0xc0000a6340, ...}, ...)
	github.com/evanw/esbuild/internal/bundler/bundler.go:1203 +0xcd5 fp=0xc00568de10 sp=0xc00568da70 pc=0x7ff656f82835
github.com/evanw/esbuild/internal/bundler.parseFile({{0x7ff6572bce40, 0xc0000a6360}, {0xc0000beb60, 0xc0000aa390, 
0xc0000aa3a8, 0xc0000a6340, 0x6, 0xc0000a0450}, 0xc0004ae488, 0xc0000901e0, ...})
	github.com/evanw/esbuild/internal/bundler/bundler.go:163 +0x2b5 fp=0xc00568f608 sp=0xc00568de10 pc=0x7ff656f777f5
github.com/evanw/esbuild/internal/bundler.(*scanner).maybeParseFile.gowrap1()
	github.com/evanw/esbuild/internal/bundler/bundler.go:1630 +0x2fa fp=0xc00568ffe0 sp=0xc00568f608 pc=0x7ff656f85a5a
runtime.goexit({})
	runtime/asm_amd64.s:1693 +0x1 fp=0xc00568ffe8 sp=0xc00568ffe0 pc=0x7ff656bcf221
created by github.com/evanw/esbuild/internal/bundler.(*scanner).maybeParseFile in goroutine 21
	github.com/evanw/esbuild/internal/bundler/bundler.go:1630 +0xd85

goroutine 1369 gp=0xc004dfc700 m=nil [chan receive]:
runtime.gopark(0xc001a17080?, 0x2000000000070?, 0xe7?, 0x6b?, 0x20b0ba205a0?)
	runtime/proc.go:460 +0xce fp=0xc005695478 sp=0xc005695458 pc=0x7ff656bc72ce
runtime.chanrecv(0xc0039dfc70, 0xc005695550, 0x1)
	runtime/chan.go:667 +0x473 fp=0xc0056954f0 sp=0xc005695478 pc=0x7ff656b5e593
runtime.chanrecv1(0x7ff65714d260?, 0xc00421a810?)
	runtime/chan.go:509 +0x12 fp=0xc005695518 sp=0xc0056954f0 pc=0x7ff656b5e0f2
main.(*serviceType).sendRequest(0xc000181890, {0x7ff65714d260, 0xc00421a810})
	github.com/evanw/esbuild/cmd/esbuild/service.go:192 +0x12b fp=0xc005695588 sp=0xc005695518 pc=0x7ff65706fb6b
main.(*serviceType).convertPlugins.func2.4({{0xc004a08d90, 0x70}, {0x7ff6571cd3af, 0x4}, {0x0, 0x0}, {0x0, 0x0}, 0x0})
	github.com/evanw/esbuild/cmd/esbuild/service.go:1088 +0x836 fp=0xc005695808 sp=0xc005695588 pc=0x7ff657078356
github.com/evanw/esbuild/pkg/api.(*pluginImpl).onLoad.func1({{0x0, 0x0}, {{0xc004a08d90, 0x70}, {0x7ff6571cd3af, 0x4}, 
{0x0, 0x0}, {{0x0, 0x0}}, ...}})
	github.com/evanw/esbuild/pkg/api/api_impl.go:2014 +0x190 fp=0xc005695a70 sp=0xc005695808 pc=0x7ff657036ad0
github.com/evanw/esbuild/internal/bundler.runOnLoadPlugins({0xc000090240?, 0xc0019dae00?, 0xc002595180?}, 
{0x7ff6572bce40?, 0xc0000a6360}, 0xc0000901e0, {0xc0000beb60, 0xc0000aa390, 0xc0000aa3a8, 0xc0000a6340, ...}, ...)
	github.com/evanw/esbuild/internal/bundler/bundler.go:1203 +0xcd5 fp=0xc005695e10 sp=0xc005695a70 pc=0x7ff656f82835
github.com/evanw/esbuild/internal/bundler.parseFile({{0x7ff6572bce40, 0xc0000a6360}, {0xc0000beb60, 0xc0000aa390, 
0xc0000aa3a8, 0xc0000a6340, 0x6, 0xc0000a0450}, 0xc0004ae488, 0xc0000901e0, ...})
	github.com/evanw/esbuild/internal/bundler/bundler.go:163 +0x2b5 fp=0xc005697608 sp=0xc005695e10 pc=0x7ff656f777f5
github.com/evanw/esbuild/internal/bundler.(*scanner).maybeParseFile.gowrap1()
	github.com/evanw/esbuild/internal/bundler/bundler.go:1630 +0x2fa fp=0xc005697fe0 sp=0xc005697608 pc=0x7ff656f85a5a
runtime.goexit({})
	runtime/asm_amd64.s:1693 +0x1 fp=0xc005697fe8 sp=0xc005697fe0 pc=0x7ff656bcf221
created by github.com/evanw/esbuild/internal/bundler.(*scanner).maybeParseFile in goroutine 21
	github.com/evanw/esbuild/internal/bundler/bundler.go:1630 +0xd85

goroutine 1370 gp=0xc004dfc8c0 m=nil [chan receive]:
runtime.gopark(0xc000f1c000?, 0x2000000000070?, 0x96?, 0x9e?, 0x20b0ba22ef8?)
	runtime/proc.go:460 +0xce fp=0xc00563f478 sp=0xc00563f458 pc=0x7ff656bc72ce
runtime.chanrecv(0xc004be8bd0, 0xc00563f550, 0x1)
	runtime/chan.go:667 +0x473 fp=0xc00563f4f0 sp=0xc00563f478 pc=0x7ff656b5e593
runtime.chanrecv1(0x7ff65714d260?, 0xc004b99e60?)
	runtime/chan.go:509 +0x12 fp=0xc00563f518 sp=0xc00563f4f0 pc=0x7ff656b5e0f2
main.(*serviceType).sendRequest(0xc000181890, {0x7ff65714d260, 0xc004b99e60})
	github.com/evanw/esbuild/cmd/esbuild/service.go:192 +0x12b fp=0xc00563f588 sp=0xc00563f518 pc=0x7ff65706fb6b
main.(*serviceType).convertPlugins.func2.4({{0xc00484d100, 0x71}, {0x7ff6571cd3af, 0x4}, {0x0, 0x0}, {0x0, 0x0}, 0x0})
	github.com/evanw/esbuild/cmd/esbuild/service.go:1088 +0x836 fp=0xc00563f808 sp=0xc00563f588 pc=0x7ff657078356
github.com/evanw/esbuild/pkg/api.(*pluginImpl).onLoad.func1({{0x0, 0x0}, {{0xc00484d100, 0x71}, {0x7ff6571cd3af, 0x4}, 
{0x0, 0x0}, {{0x0, 0x0}}, ...}})
	github.com/evanw/esbuild/pkg/api/api_impl.go:2014 +0x190 fp=0xc00563fa70 sp=0xc00563f808 pc=0x7ff657036ad0
github.com/evanw/esbuild/internal/bundler.runOnLoadPlugins({0xc000090240?, 0x2e2691fd271da60a?, 0xc0010e1560?}, 
{0x7ff6572bce40?, 0xc0000a6360}, 0xc0000901e0, {0xc0000beb60, 0xc0000aa390, 0xc0000aa3a8, 0xc0000a6340, ...}, ...)
	github.com/evanw/esbuild/internal/bundler/bundler.go:1203 +0xcd5 fp=0xc00563fe10 sp=0xc00563fa70 pc=0x7ff656f82835
github.com/evanw/esbuild/internal/bundler.parseFile({{0x7ff6572bce40, 0xc0000a6360}, {0xc0000beb60, 0xc0000aa390, 
0xc0000aa3a8, 0xc0000a6340, 0x6, 0xc0000a0450}, 0xc0004ae488, 0xc0000901e0, ...})
	github.com/evanw/esbuild/internal/bundler/bundler.go:163 +0x2b5 fp=0xc005641608 sp=0xc00563fe10 pc=0x7ff656f777f5
github.com/evanw/esbuild/internal/bundler.(*scanner).maybeParseFile.gowrap1()
	github.com/evanw/esbuild/internal/bundler/bundler.go:1630 +0x2fa fp=0xc005641fe0 sp=0xc005641608 pc=0x7ff656f85a5a
runtime.goexit({})
	runtime/asm_amd64.s:1693 +0x1 fp=0xc005641fe8 sp=0xc005641fe0 pc=0x7ff656bcf221
created by github.com/evanw/esbuild/internal/bundler.(*scanner).maybeParseFile in goroutine 21
	github.com/evanw/esbuild/internal/bundler/bundler.go:1630 +0xd85

goroutine 1371 gp=0xc004dfca80 m=nil [chan receive]:
runtime.gopark(0xc004b85a40?, 0x2000000000070?, 0xd1?, 0xce?, 0x20b0ba22ef8?)
	runtime/proc.go:460 +0xce fp=0xc005647478 sp=0xc005647458 pc=0x7ff656bc72ce
runtime.chanrecv(0xc004be8c40, 0xc005647550, 0x1)
	runtime/chan.go:667 +0x473 fp=0xc0056474f0 sp=0xc005647478 pc=0x7ff656b5e593
runtime.chanrecv1(0x7ff65714d260?, 0xc004b99ec0?)
	runtime/chan.go:509 +0x12 fp=0xc005647518 sp=0xc0056474f0 pc=0x7ff656b5e0f2
main.(*serviceType).sendRequest(0xc000181890, {0x7ff65714d260, 0xc004b99ec0})
	github.com/evanw/esbuild/cmd/esbuild/service.go:192 +0x12b fp=0xc005647588 sp=0xc005647518 pc=0x7ff65706fb6b
main.(*serviceType).convertPlugins.func2.4({{0xc00484d280, 0x71}, {0x7ff6571cd3af, 0x4}, {0x0, 0x0}, {0x0, 0x0}, 0x0})
	github.com/evanw/esbuild/cmd/esbuild/service.go:1088 +0x836 fp=0xc005647808 sp=0xc005647588 pc=0x7ff657078356
github.com/evanw/esbuild/pkg/api.(*pluginImpl).onLoad.func1({{0x0, 0x0}, {{0xc00484d280, 0x71}, {0x7ff6571cd3af, 0x4}, 
{0x0, 0x0}, {{0x0, 0x0}}, ...}})
	github.com/evanw/esbuild/pkg/api/api_impl.go:2014 +0x190 fp=0xc005647a70 sp=0xc005647808 pc=0x7ff657036ad0
github.com/evanw/esbuild/internal/bundler.runOnLoadPlugins({0xc000090240?, 0x2e2691fd271da60a?, 0xc0010e1560?}, 
{0x7ff6572bce40?, 0xc0000a6360}, 0xc0000901e0, {0xc0000beb60, 0xc0000aa390, 0xc0000aa3a8, 0xc0000a6340, ...}, ...)
	github.com/evanw/esbuild/internal/bundler/bundler.go:1203 +0xcd5 fp=0xc005647e10 sp=0xc005647a70 pc=0x7ff656f82835
github.com/evanw/esbuild/internal/bundler.parseFile({{0x7ff6572bce40, 0xc0000a6360}, {0xc0000beb60, 0xc0000aa390, 
0xc0000aa3a8, 0xc0000a6340, 0x6, 0xc0000a0450}, 0xc0004ae488, 0xc0000901e0, ...})
	github.com/evanw/esbuild/internal/bundler/bundler.go:163 +0x2b5 fp=0xc005649608 sp=0xc005647e10 pc=0x7ff656f777f5
github.com/evanw/esbuild/internal/bundler.(*scanner).maybeParseFile.gowrap1()
	github.com/evanw/esbuild/internal/bundler/bundler.go:1630 +0x2fa fp=0xc005649fe0 sp=0xc005649608 pc=0x7ff656f85a5a
runtime.goexit({})
	runtime/asm_amd64.s:1693 +0x1 fp=0xc005649fe8 sp=0xc005649fe0 pc=0x7ff656bcf221
created by github.com/evanw/esbuild/internal/bundler.(*scanner).maybeParseFile in goroutine 21
	github.com/evanw/esbuild/internal/bundler/bundler.go:1630 +0xd85

goroutine 1372 gp=0xc004dfcc40 m=nil [chan receive]:
runtime.gopark(0xc004b85aa0?, 0x2000000000070?, 0xbc?, 0xac?, 0x20b0ba22ef8?)
	runtime/proc.go:460 +0xce fp=0xc00564f478 sp=0xc00564f458 pc=0x7ff656bc72ce
runtime.chanrecv(0xc004be8cb0, 0xc00564f550, 0x1)
	runtime/chan.go:667 +0x473 fp=0xc00564f4f0 sp=0xc00564f478 pc=0x7ff656b5e593
runtime.chanrecv1(0x7ff65714d260?, 0xc004b99f20?)
	runtime/chan.go:509 +0x12 fp=0xc00564f518 sp=0xc00564f4f0 pc=0x7ff656b5e0f2
main.(*serviceType).sendRequest(0xc000181890, {0x7ff65714d260, 0xc004b99f20})
	github.com/evanw/esbuild/cmd/esbuild/service.go:192 +0x12b fp=0xc00564f588 sp=0xc00564f518 pc=0x7ff65706fb6b
main.(*serviceType).convertPlugins.func2.4({{0xc00484d400, 0x71}, {0x7ff6571cd3af, 0x4}, {0x0, 0x0}, {0x0, 0x0}, 0x0})
	github.com/evanw/esbuild/cmd/esbuild/service.go:1088 +0x836 fp=0xc00564f808 sp=0xc00564f588 pc=0x7ff657078356
github.com/evanw/esbuild/pkg/api.(*pluginImpl).onLoad.func1({{0x0, 0x0}, {{0xc00484d400, 0x71}, {0x7ff6571cd3af, 0x4}, 
{0x0, 0x0}, {{0x0, 0x0}}, ...}})
	github.com/evanw/esbuild/pkg/api/api_impl.go:2014 +0x190 fp=0xc00564fa70 sp=0xc00564f808 pc=0x7ff657036ad0
github.com/evanw/esbuild/internal/bundler.runOnLoadPlugins({0xc000090240?, 0x2e2691fd271da60a?, 0xc0010e1560?}, 
{0x7ff6572bce40?, 0xc0000a6360}, 0xc0000901e0, {0xc0000beb60, 0xc0000aa390, 0xc0000aa3a8, 0xc0000a6340, ...}, ...)
	github.com/evanw/esbuild/internal/bundler/bundler.go:1203 +0xcd5 fp=0xc00564fe10 sp=0xc00564fa70 pc=0x7ff656f82835
github.com/evanw/esbuild/internal/bundler.parseFile({{0x7ff6572bce40, 0xc0000a6360}, {0xc0000beb60, 0xc0000aa390, 
0xc0000aa3a8, 0xc0000a6340, 0x6, 0xc0000a0450}, 0xc0004ae488, 0xc0000901e0, ...})
	github.com/evanw/esbuild/internal/bundler/bundler.go:163 +0x2b5 fp=0xc005651608 sp=0xc00564fe10 pc=0x7ff656f777f5
github.com/evanw/esbuild/internal/bundler.(*scanner).maybeParseFile.gowrap1()
	github.com/evanw/esbuild/internal/bundler/bundler.go:1630 +0x2fa fp=0xc005651fe0 sp=0xc005651608 pc=0x7ff656f85a5a
runtime.goexit({})
	runtime/asm_amd64.s:1693 +0x1 fp=0xc005651fe8 sp=0xc005651fe0 pc=0x7ff656bcf221
created by github.com/evanw/esbuild/internal/bundler.(*scanner).maybeParseFile in goroutine 21
	github.com/evanw/esbuild/internal/bundler/bundler.go:1630 +0xd85

goroutine 1373 gp=0xc004dfce00 m=nil [chan receive]:
runtime.gopark(0xc004b85b00?, 0x2000000000070?, 0x32?, 0xcf?, 0x20b0ba22ef8?)
	runtime/proc.go:460 +0xce fp=0xc005659478 sp=0xc005659458 pc=0x7ff656bc72ce
runtime.chanrecv(0xc004be8d20, 0xc005659550, 0x1)
	runtime/chan.go:667 +0x473 fp=0xc0056594f0 sp=0xc005659478 pc=0x7ff656b5e593
runtime.chanrecv1(0x7ff65714d260?, 0xc00565c000?)
	runtime/chan.go:509 +0x12 fp=0xc005659518 sp=0xc0056594f0 pc=0x7ff656b5e0f2
main.(*serviceType).sendRequest(0xc000181890, {0x7ff65714d260, 0xc00565c000})
	github.com/evanw/esbuild/cmd/esbuild/service.go:192 +0x12b fp=0xc005659588 sp=0xc005659518 pc=0x7ff65706fb6b
main.(*serviceType).convertPlugins.func2.4({{0xc00484d600, 0x73}, {0x7ff6571cd3af, 0x4}, {0x0, 0x0}, {0x0, 0x0}, 0x0})
	github.com/evanw/esbuild/cmd/esbuild/service.go:1088 +0x836 fp=0xc005659808 sp=0xc005659588 pc=0x7ff657078356
github.com/evanw/esbuild/pkg/api.(*pluginImpl).onLoad.func1({{0x0, 0x0}, {{0xc00484d600, 0x73}, {0x7ff6571cd3af, 0x4}, 
{0x0, 0x0}, {{0x0, 0x0}}, ...}})
	github.com/evanw/esbuild/pkg/api/api_impl.go:2014 +0x190 fp=0xc005659a70 sp=0xc005659808 pc=0x7ff657036ad0
github.com/evanw/esbuild/internal/bundler.runOnLoadPlugins({0xc000090240?, 0x2e2691fd271da60a?, 0xc0010e1560?}, 
{0x7ff6572bce40?, 0xc0000a6360}, 0xc0000901e0, {0xc0000beb60, 0xc0000aa390, 0xc0000aa3a8, 0xc0000a6340, ...}, ...)
	github.com/evanw/esbuild/internal/bundler/bundler.go:1203 +0xcd5 fp=0xc005659e10 sp=0xc005659a70 pc=0x7ff656f82835
github.com/evanw/esbuild/internal/bundler.parseFile({{0x7ff6572bce40, 0xc0000a6360}, {0xc0000beb60, 0xc0000aa390, 
0xc0000aa3a8, 0xc0000a6340, 0x6, 0xc0000a0450}, 0xc0004ae488, 0xc0000901e0, ...})
	github.com/evanw/esbuild/internal/bundler/bundler.go:163 +0x2b5 fp=0xc00565b608 sp=0xc005659e10 pc=0x7ff656f777f5
github.com/evanw/esbuild/internal/bundler.(*scanner).maybeParseFile.gowrap1()
	github.com/evanw/esbuild/internal/bundler/bundler.go:1630 +0x2fa fp=0xc00565bfe0 sp=0xc00565b608 pc=0x7ff656f85a5a
runtime.goexit({})
	runtime/asm_amd64.s:1693 +0x1 fp=0xc00565bfe8 sp=0xc00565bfe0 pc=0x7ff656bcf221
created by github.com/evanw/esbuild/internal/bundler.(*scanner).maybeParseFile in goroutine 21
	github.com/evanw/esbuild/internal/bundler/bundler.go:1630 +0xd85

goroutine 1374 gp=0xc004dfcfc0 m=nil [chan receive]:
runtime.gopark(0xc004479c20?, 0x2000000000070?, 0xc8?, 0x7c?, 0x20b0ba21368?)
	runtime/proc.go:460 +0xce fp=0xc0052d9478 sp=0xc0052d9458 pc=0x7ff656bc72ce
runtime.chanrecv(0xc00528c3f0, 0xc0052d9550, 0x1)
	runtime/chan.go:667 +0x473 fp=0xc0052d94f0 sp=0xc0052d9478 pc=0x7ff656b5e593
runtime.chanrecv1(0x7ff65714d260?, 0xc0052823c0?)
	runtime/chan.go:509 +0x12 fp=0xc0052d9518 sp=0xc0052d94f0 pc=0x7ff656b5e0f2
main.(*serviceType).sendRequest(0xc000181890, {0x7ff65714d260, 0xc0052823c0})
	github.com/evanw/esbuild/cmd/esbuild/service.go:192 +0x12b fp=0xc0052d9588 sp=0xc0052d9518 pc=0x7ff65706fb6b
main.(*serviceType).convertPlugins.func2.4({{0xc00484d780, 0x71}, {0x7ff6571cd3af, 0x4}, {0x0, 0x0}, {0x0, 0x0}, 0x0})
	github.com/evanw/esbuild/cmd/esbuild/service.go:1088 +0x836 fp=0xc0052d9808 sp=0xc0052d9588 pc=0x7ff657078356
github.com/evanw/esbuild/pkg/api.(*pluginImpl).onLoad.func1({{0x0, 0x0}, {{0xc00484d780, 0x71}, {0x7ff6571cd3af, 0x4}, 
{0x0, 0x0}, {{0x0, 0x0}}, ...}})
	github.com/evanw/esbuild/pkg/api/api_impl.go:2014 +0x190 fp=0xc0052d9a70 sp=0xc0052d9808 pc=0x7ff657036ad0
github.com/evanw/esbuild/internal/bundler.runOnLoadPlugins({0xc000090240?, 0x2e2691fd271da60a?, 0xc0010e1560?}, 
{0x7ff6572bce40?, 0xc0000a6360}, 0xc0000901e0, {0xc0000beb60, 0xc0000aa390, 0xc0000aa3a8, 0xc0000a6340, ...}, ...)
	github.com/evanw/esbuild/internal/bundler/bundler.go:1203 +0xcd5 fp=0xc0052d9e10 sp=0xc0052d9a70 pc=0x7ff656f82835
github.com/evanw/esbuild/internal/bundler.parseFile({{0x7ff6572bce40, 0xc0000a6360}, {0xc0000beb60, 0xc0000aa390, 
0xc0000aa3a8, 0xc0000a6340, 0x6, 0xc0000a0450}, 0xc0004ae488, 0xc0000901e0, ...})
	github.com/evanw/esbuild/internal/bundler/bundler.go:163 +0x2b5 fp=0xc0052db608 sp=0xc0052d9e10 pc=0x7ff656f777f5
github.com/evanw/esbuild/internal/bundler.(*scanner).maybeParseFile.gowrap1()
	github.com/evanw/esbuild/internal/bundler/bundler.go:1630 +0x2fa fp=0xc0052dbfe0 sp=0xc0052db608 pc=0x7ff656f85a5a
runtime.goexit({})
	runtime/asm_amd64.s:1693 +0x1 fp=0xc0052dbfe8 sp=0xc0052dbfe0 pc=0x7ff656bcf221
created by github.com/evanw/esbuild/internal/bundler.(*scanner).maybeParseFile in goroutine 21
	github.com/evanw/esbuild/internal/bundler/bundler.go:1630 +0xd85

goroutine 1375 gp=0xc004dfd180 m=nil [chan receive]:
runtime.gopark(0xc004479c80?, 0x2000000000070?, 0x27?, 0x90?, 0xc0052e14b0?)
	runtime/proc.go:460 +0xce fp=0xc0052e1478 sp=0xc0052e1458 pc=0x7ff656bc72ce
runtime.chanrecv(0xc00528c460, 0xc0052e1550, 0x1)
	runtime/chan.go:667 +0x473 fp=0xc0052e14f0 sp=0xc0052e1478 pc=0x7ff656b5e593
runtime.chanrecv1(0x7ff65714d260?, 0xc005282420?)
	runtime/chan.go:509 +0x12 fp=0xc0052e1518 sp=0xc0052e14f0 pc=0x7ff656b5e0f2
main.(*serviceType).sendRequest(0xc000181890, {0x7ff65714d260, 0xc005282420})
	github.com/evanw/esbuild/cmd/esbuild/service.go:192 +0x12b fp=0xc0052e1588 sp=0xc0052e1518 pc=0x7ff65706fb6b
main.(*serviceType).convertPlugins.func2.4({{0xc00484d900, 0x71}, {0x7ff6571cd3af, 0x4}, {0x0, 0x0}, {0x0, 0x0}, 0x0})
	github.com/evanw/esbuild/cmd/esbuild/service.go:1088 +0x836 fp=0xc0052e1808 sp=0xc0052e1588 pc=0x7ff657078356
github.com/evanw/esbuild/pkg/api.(*pluginImpl).onLoad.func1({{0x0, 0x0}, {{0xc00484d900, 0x71}, {0x7ff6571cd3af, 0x4}, 
{0x0, 0x0}, {{0x0, 0x0}}, ...}})
	github.com/evanw/esbuild/pkg/api/api_impl.go:2014 +0x190 fp=0xc0052e1a70 sp=0xc0052e1808 pc=0x7ff657036ad0
github.com/evanw/esbuild/internal/bundler.runOnLoadPlugins({0xc000090240?, 0x2e2691fd271da60a?, 0xc0010e1560?}, 
{0x7ff6572bce40?, 0xc0000a6360}, 0xc0000901e0, {0xc0000beb60, 0xc0000aa390, 0xc0000aa3a8, 0xc0000a6340, ...}, ...)
	github.com/evanw/esbuild/internal/bundler/bundler.go:1203 +0xcd5 fp=0xc0052e1e10 sp=0xc0052e1a70 pc=0x7ff656f82835
github.com/evanw/esbuild/internal/bundler.parseFile({{0x7ff6572bce40, 0xc0000a6360}, {0xc0000beb60, 0xc0000aa390, 
0xc0000aa3a8, 0xc0000a6340, 0x6, 0xc0000a0450}, 0xc0004ae488, 0xc0000901e0, ...})
	github.com/evanw/esbuild/internal/bundler/bundler.go:163 +0x2b5 fp=0xc0052e3608 sp=0xc0052e1e10 pc=0x7ff656f777f5
github.com/evanw/esbuild/internal/bundler.(*scanner).maybeParseFile.gowrap1()
	github.com/evanw/esbuild/internal/bundler/bundler.go:1630 +0x2fa fp=0xc0052e3fe0 sp=0xc0052e3608 pc=0x7ff656f85a5a
runtime.goexit({})
	runtime/asm_amd64.s:1693 +0x1 fp=0xc0052e3fe8 sp=0xc0052e3fe0 pc=0x7ff656bcf221
created by github.com/evanw/esbuild/internal/bundler.(*scanner).maybeParseFile in goroutine 21
	github.com/evanw/esbuild/internal/bundler/bundler.go:1630 +0xd85

goroutine 1376 gp=0xc004dfd340 m=nil [chan receive]:
runtime.gopark(0xc004479ce0?, 0x2000000000070?, 0x5f?, 0x2e?, 0x20b0ba21368?)
	runtime/proc.go:460 +0xce fp=0xc0052e9478 sp=0xc0052e9458 pc=0x7ff656bc72ce
runtime.chanrecv(0xc00528c4d0, 0xc0052e9550, 0x1)
	runtime/chan.go:667 +0x473 fp=0xc0052e94f0 sp=0xc0052e9478 pc=0x7ff656b5e593
runtime.chanrecv1(0x7ff65714d260?, 0xc005282480?)
	runtime/chan.go:509 +0x12 fp=0xc0052e9518 sp=0xc0052e94f0 pc=0x7ff656b5e0f2
main.(*serviceType).sendRequest(0xc000181890, {0x7ff65714d260, 0xc005282480})
	github.com/evanw/esbuild/cmd/esbuild/service.go:192 +0x12b fp=0xc0052e9588 sp=0xc0052e9518 pc=0x7ff65706fb6b
main.(*serviceType).convertPlugins.func2.4({{0xc00484db00, 0x73}, {0x7ff6571cd3af, 0x4}, {0x0, 0x0}, {0x0, 0x0}, 0x0})
	github.com/evanw/esbuild/cmd/esbuild/service.go:1088 +0x836 fp=0xc0052e9808 sp=0xc0052e9588 pc=0x7ff657078356
github.com/evanw/esbuild/pkg/api.(*pluginImpl).onLoad.func1({{0x0, 0x0}, {{0xc00484db00, 0x73}, {0x7ff6571cd3af, 0x4}, 
{0x0, 0x0}, {{0x0, 0x0}}, ...}})
	github.com/evanw/esbuild/pkg/api/api_impl.go:2014 +0x190 fp=0xc0052e9a70 sp=0xc0052e9808 pc=0x7ff657036ad0
github.com/evanw/esbuild/internal/bundler.runOnLoadPlugins({0xc000090240?, 0x2e2691fd271da60a?, 0xc0010e1560?}, 
{0x7ff6572bce40?, 0xc0000a6360}, 0xc0000901e0, {0xc0000beb60, 0xc0000aa390, 0xc0000aa3a8, 0xc0000a6340, ...}, ...)
	github.com/evanw/esbuild/internal/bundler/bundler.go:1203 +0xcd5 fp=0xc0052e9e10 sp=0xc0052e9a70 pc=0x7ff656f82835
github.com/evanw/esbuild/internal/bundler.parseFile({{0x7ff6572bce40, 0xc0000a6360}, {0xc0000beb60, 0xc0000aa390, 
0xc0000aa3a8, 0xc0000a6340, 0x6, 0xc0000a0450}, 0xc0004ae488, 0xc0000901e0, ...})
	github.com/evanw/esbuild/internal/bundler/bundler.go:163 +0x2b5 fp=0xc0052eb608 sp=0xc0052e9e10 pc=0x7ff656f777f5
github.com/evanw/esbuild/internal/bundler.(*scanner).maybeParseFile.gowrap1()
	github.com/evanw/esbuild/internal/bundler/bundler.go:1630 +0x2fa fp=0xc0052ebfe0 sp=0xc0052eb608 pc=0x7ff656f85a5a
runtime.goexit({})
	runtime/asm_amd64.s:1693 +0x1 fp=0xc0052ebfe8 sp=0xc0052ebfe0 pc=0x7ff656bcf221
created by github.com/evanw/esbuild/internal/bundler.(*scanner).maybeParseFile in goroutine 21
	github.com/evanw/esbuild/internal/bundler/bundler.go:1630 +0xd85

goroutine 1377 gp=0xc004dfd500 m=nil [chan receive]:
runtime.gopark(0xc001e05b60?, 0x2000000000070?, 0x20?, 0xf3?, 0x20b0ba205a0?)
	runtime/proc.go:460 +0xce fp=0xc00569d478 sp=0xc00569d458 pc=0x7ff656bc72ce
runtime.chanrecv(0xc0039dfce0, 0xc00569d550, 0x1)
	runtime/chan.go:667 +0x473 fp=0xc00569d4f0 sp=0xc00569d478 pc=0x7ff656b5e593
runtime.chanrecv1(0x7ff65714d260?, 0xc00421a870?)
	runtime/chan.go:509 +0x12 fp=0xc00569d518 sp=0xc00569d4f0 pc=0x7ff656b5e0f2
main.(*serviceType).sendRequest(0xc000181890, {0x7ff65714d260, 0xc00421a870})
	github.com/evanw/esbuild/cmd/esbuild/service.go:192 +0x12b fp=0xc00569d588 sp=0xc00569d518 pc=0x7ff65706fb6b
main.(*serviceType).convertPlugins.func2.4({{0xc00484dd00, 0x72}, {0x7ff6571cd3af, 0x4}, {0x0, 0x0}, {0x0, 0x0}, 0x0})
	github.com/evanw/esbuild/cmd/esbuild/service.go:1088 +0x836 fp=0xc00569d808 sp=0xc00569d588 pc=0x7ff657078356
github.com/evanw/esbuild/pkg/api.(*pluginImpl).onLoad.func1({{0x0, 0x0}, {{0xc00484dd00, 0x72}, {0x7ff6571cd3af, 0x4}, 
{0x0, 0x0}, {{0x0, 0x0}}, ...}})
	github.com/evanw/esbuild/pkg/api/api_impl.go:2014 +0x190 fp=0xc00569da70 sp=0xc00569d808 pc=0x7ff657036ad0
github.com/evanw/esbuild/internal/bundler.runOnLoadPlugins({0xc000090240?, 0xc0019dae00?, 0xc002595180?}, 
{0x7ff6572bce40?, 0xc0000a6360}, 0xc0000901e0, {0xc0000beb60, 0xc0000aa390, 0xc0000aa3a8, 0xc0000a6340, ...}, ...)
	github.com/evanw/esbuild/internal/bundler/bundler.go:1203 +0xcd5 fp=0xc00569de10 sp=0xc00569da70 pc=0x7ff656f82835
github.com/evanw/esbuild/internal/bundler.parseFile({{0x7ff6572bce40, 0xc0000a6360}, {0xc0000beb60, 0xc0000aa390, 
0xc0000aa3a8, 0xc0000a6340, 0x6, 0xc0000a0450}, 0xc0004ae488, 0xc0000901e0, ...})
	github.com/evanw/esbuild/internal/bundler/bundler.go:163 +0x2b5 fp=0xc00569f608 sp=0xc00569de10 pc=0x7ff656f777f5
github.com/evanw/esbuild/internal/bundler.(*scanner).maybeParseFile.gowrap1()
	github.com/evanw/esbuild/internal/bundler/bundler.go:1630 +0x2fa fp=0xc00569ffe0 sp=0xc00569f608 pc=0x7ff656f85a5a
runtime.goexit({})
	runtime/asm_amd64.s:1693 +0x1 fp=0xc00569ffe8 sp=0xc00569ffe0 pc=0x7ff656bcf221
created by github.com/evanw/esbuild/internal/bundler.(*scanner).maybeParseFile in goroutine 21
	github.com/evanw/esbuild/internal/bundler/bundler.go:1630 +0xd85

goroutine 1378 gp=0xc004dfd6c0 m=nil [chan receive]:
runtime.gopark(0xc001e05b00?, 0x2000000000070?, 0xef?, 0x3f?, 0x20b0ba205a0?)
	runtime/proc.go:460 +0xce fp=0xc0056a5478 sp=0xc0056a5458 pc=0x7ff656bc72ce
runtime.chanrecv(0xc0039dfd50, 0xc0056a5550, 0x1)
	runtime/chan.go:667 +0x473 fp=0xc0056a54f0 sp=0xc0056a5478 pc=0x7ff656b5e593
runtime.chanrecv1(0x7ff65714d260?, 0xc00421a8d0?)
	runtime/chan.go:509 +0x12 fp=0xc0056a5518 sp=0xc0056a54f0 pc=0x7ff656b5e0f2
main.(*serviceType).sendRequest(0xc000181890, {0x7ff65714d260, 0xc00421a8d0})
	github.com/evanw/esbuild/cmd/esbuild/service.go:192 +0x12b fp=0xc0056a5588 sp=0xc0056a5518 pc=0x7ff65706fb6b
main.(*serviceType).convertPlugins.func2.4({{0xc004a0a930, 0x6c}, {0x7ff6571cd3af, 0x4}, {0x0, 0x0}, {0x0, 0x0}, 0x0})
	github.com/evanw/esbuild/cmd/esbuild/service.go:1088 +0x836 fp=0xc0056a5808 sp=0xc0056a5588 pc=0x7ff657078356
github.com/evanw/esbuild/pkg/api.(*pluginImpl).onLoad.func1({{0x0, 0x0}, {{0xc004a0a930, 0x6c}, {0x7ff6571cd3af, 0x4}, 
{0x0, 0x0}, {{0x0, 0x0}}, ...}})
	github.com/evanw/esbuild/pkg/api/api_impl.go:2014 +0x190 fp=0xc0056a5a70 sp=0xc0056a5808 pc=0x7ff657036ad0
github.com/evanw/esbuild/internal/bundler.runOnLoadPlugins({0xc000090240?, 0xc0019dae00?, 0xc002595180?}, 
{0x7ff6572bce40?, 0xc0000a6360}, 0xc0000901e0, {0xc0000beb60, 0xc0000aa390, 0xc0000aa3a8, 0xc0000a6340, ...}, ...)
	github.com/evanw/esbuild/internal/bundler/bundler.go:1203 +0xcd5 fp=0xc0056a5e10 sp=0xc0056a5a70 pc=0x7ff656f82835
github.com/evanw/esbuild/internal/bundler.parseFile({{0x7ff6572bce40, 0xc0000a6360}, {0xc0000beb60, 0xc0000aa390, 
0xc0000aa3a8, 0xc0000a6340, 0x6, 0xc0000a0450}, 0xc0004ae488, 0xc0000901e0, ...})
	github.com/evanw/esbuild/internal/bundler/bundler.go:163 +0x2b5 fp=0xc0056a7608 sp=0xc0056a5e10 pc=0x7ff656f777f5
github.com/evanw/esbuild/internal/bundler.(*scanner).maybeParseFile.gowrap1()
	github.com/evanw/esbuild/internal/bundler/bundler.go:1630 +0x2fa fp=0xc0056a7fe0 sp=0xc0056a7608 pc=0x7ff656f85a5a
runtime.goexit({})
	runtime/asm_amd64.s:1693 +0x1 fp=0xc0056a7fe8 sp=0xc0056a7fe0 pc=0x7ff656bcf221
created by github.com/evanw/esbuild/internal/bundler.(*scanner).maybeParseFile in goroutine 21
	github.com/evanw/esbuild/internal/bundler/bundler.go:1630 +0xd85

goroutine 1379 gp=0xc004dfd880 m=nil [chan receive]:
runtime.gopark(0xc0003182a0?, 0x2000000000070?, 0xe?, 0x56?, 0x20b0ba205a0?)
	runtime/proc.go:460 +0xce fp=0xc0056ad478 sp=0xc0056ad458 pc=0x7ff656bc72ce
runtime.chanrecv(0xc0039dfdc0, 0xc0056ad550, 0x1)
	runtime/chan.go:667 +0x473 fp=0xc0056ad4f0 sp=0xc0056ad478 pc=0x7ff656b5e593
runtime.chanrecv1(0x7ff65714d260?, 0xc00421a930?)
	runtime/chan.go:509 +0x12 fp=0xc0056ad518 sp=0xc0056ad4f0 pc=0x7ff656b5e0f2
main.(*serviceType).sendRequest(0xc000181890, {0x7ff65714d260, 0xc00421a930})
	github.com/evanw/esbuild/cmd/esbuild/service.go:192 +0x12b fp=0xc0056ad588 sp=0xc0056ad518 pc=0x7ff65706fb6b
main.(*serviceType).convertPlugins.func2.4({{0xc004a0ad90, 0x70}, {0x7ff6571cd3af, 0x4}, {0x0, 0x0}, {0x0, 0x0}, 0x0})
	github.com/evanw/esbuild/cmd/esbuild/service.go:1088 +0x836 fp=0xc0056ad808 sp=0xc0056ad588 pc=0x7ff657078356
github.com/evanw/esbuild/pkg/api.(*pluginImpl).onLoad.func1({{0x0, 0x0}, {{0xc004a0ad90, 0x70}, {0x7ff6571cd3af, 0x4}, 
{0x0, 0x0}, {{0x0, 0x0}}, ...}})
	github.com/evanw/esbuild/pkg/api/api_impl.go:2014 +0x190 fp=0xc0056ada70 sp=0xc0056ad808 pc=0x7ff657036ad0
github.com/evanw/esbuild/internal/bundler.runOnLoadPlugins({0xc000090240?, 0xc0019dae00?, 0xc002595180?}, 
{0x7ff6572bce40?, 0xc0000a6360}, 0xc0000901e0, {0xc0000beb60, 0xc0000aa390, 0xc0000aa3a8, 0xc0000a6340, ...}, ...)
	github.com/evanw/esbuild/internal/bundler/bundler.go:1203 +0xcd5 fp=0xc0056ade10 sp=0xc0056ada70 pc=0x7ff656f82835
github.com/evanw/esbuild/internal/bundler.parseFile({{0x7ff6572bce40, 0xc0000a6360}, {0xc0000beb60, 0xc0000aa390, 
0xc0000aa3a8, 0xc0000a6340, 0x6, 0xc0000a0450}, 0xc0004ae488, 0xc0000901e0, ...})
	github.com/evanw/esbuild/internal/bundler/bundler.go:163 +0x2b5 fp=0xc0056af608 sp=0xc0056ade10 pc=0x7ff656f777f5
github.com/evanw/esbuild/internal/bundler.(*scanner).maybeParseFile.gowrap1()
	github.com/evanw/esbuild/internal/bundler/bundler.go:1630 +0x2fa fp=0xc0056affe0 sp=0xc0056af608 pc=0x7ff656f85a5a
runtime.goexit({})
	runtime/asm_amd64.s:1693 +0x1 fp=0xc0056affe8 sp=0xc0056affe0 pc=0x7ff656bcf221
created by github.com/evanw/esbuild/internal/bundler.(*scanner).maybeParseFile in goroutine 21
	github.com/evanw/esbuild/internal/bundler/bundler.go:1630 +0xd85

goroutine 1380 gp=0xc004dfda40 m=nil [chan receive]:
runtime.gopark(0xc004b85b60?, 0x2000000000070?, 0xbe?, 0xdc?, 0x20b0ba22ef8?)
	runtime/proc.go:460 +0xce fp=0xc005663478 sp=0xc005663458 pc=0x7ff656bc72ce
runtime.chanrecv(0xc004be8d90, 0xc005663550, 0x1)
	runtime/chan.go:667 +0x473 fp=0xc0056634f0 sp=0xc005663478 pc=0x7ff656b5e593
runtime.chanrecv1(0x7ff65714d260?, 0xc00565c060?)
	runtime/chan.go:509 +0x12 fp=0xc005663518 sp=0xc0056634f0 pc=0x7ff656b5e0f2
main.(*serviceType).sendRequest(0xc000181890, {0x7ff65714d260, 0xc00565c060})
	github.com/evanw/esbuild/cmd/esbuild/service.go:192 +0x12b fp=0xc005663588 sp=0xc005663518 pc=0x7ff65706fb6b
main.(*serviceType).convertPlugins.func2.4({{0xc00484de80, 0x71}, {0x7ff6571cd3af, 0x4}, {0x0, 0x0}, {0x0, 0x0}, 0x0})
	github.com/evanw/esbuild/cmd/esbuild/service.go:1088 +0x836 fp=0xc005663808 sp=0xc005663588 pc=0x7ff657078356
github.com/evanw/esbuild/pkg/api.(*pluginImpl).onLoad.func1({{0x0, 0x0}, {{0xc00484de80, 0x71}, {0x7ff6571cd3af, 0x4}, 
{0x0, 0x0}, {{0x0, 0x0}}, ...}})
	github.com/evanw/esbuild/pkg/api/api_impl.go:2014 +0x190 fp=0xc005663a70 sp=0xc005663808 pc=0x7ff657036ad0
github.com/evanw/esbuild/internal/bundler.runOnLoadPlugins({0xc000090240?, 0x2e2691fd271da60a?, 0xc0010e1560?}, 
{0x7ff6572bce40?, 0xc0000a6360}, 0xc0000901e0, {0xc0000beb60, 0xc0000aa390, 0xc0000aa3a8, 0xc0000a6340, ...}, ...)
	github.com/evanw/esbuild/internal/bundler/bundler.go:1203 +0xcd5 fp=0xc005663e10 sp=0xc005663a70 pc=0x7ff656f82835
github.com/evanw/esbuild/internal/bundler.parseFile({{0x7ff6572bce40, 0xc0000a6360}, {0xc0000beb60, 0xc0000aa390, 
0xc0000aa3a8, 0xc0000a6340, 0x6, 0xc0000a0450}, 0xc0004ae488, 0xc0000901e0, ...})
	github.com/evanw/esbuild/internal/bundler/bundler.go:163 +0x2b5 fp=0xc005665608 sp=0xc005663e10 pc=0x7ff656f777f5
github.com/evanw/esbuild/internal/bundler.(*scanner).maybeParseFile.gowrap1()
	github.com/evanw/esbuild/internal/bundler/bundler.go:1630 +0x2fa fp=0xc005665fe0 sp=0xc005665608 pc=0x7ff656f85a5a
runtime.goexit({})
	runtime/asm_amd64.s:1693 +0x1 fp=0xc005665fe8 sp=0xc005665fe0 pc=0x7ff656bcf221
created by github.com/evanw/esbuild/internal/bundler.(*scanner).maybeParseFile in goroutine 21
	github.com/evanw/esbuild/internal/bundler/bundler.go:1630 +0xd85

goroutine 1381 gp=0xc004dfdc00 m=nil [chan receive]:
runtime.gopark(0xc004b85bc0?, 0x2000000000070?, 0x3f?, 0x3e?, 0x20b0ba22ef8?)
	runtime/proc.go:460 +0xce fp=0xc00566b478 sp=0xc00566b458 pc=0x7ff656bc72ce
runtime.chanrecv(0xc004be8e00, 0xc00566b550, 0x1)
	runtime/chan.go:667 +0x473 fp=0xc00566b4f0 sp=0xc00566b478 pc=0x7ff656b5e593
runtime.chanrecv1(0x7ff65714d260?, 0xc00565c0c0?)
	runtime/chan.go:509 +0x12 fp=0xc00566b518 sp=0xc00566b4f0 pc=0x7ff656b5e0f2
main.(*serviceType).sendRequest(0xc000181890, {0x7ff65714d260, 0xc00565c0c0})
	github.com/evanw/esbuild/cmd/esbuild/service.go:192 +0x12b fp=0xc00566b588 sp=0xc00566b518 pc=0x7ff65706fb6b
main.(*serviceType).convertPlugins.func2.4({{0xc004a10000, 0x71}, {0x7ff6571cd3af, 0x4}, {0x0, 0x0}, {0x0, 0x0}, 0x0})
	github.com/evanw/esbuild/cmd/esbuild/service.go:1088 +0x836 fp=0xc00566b808 sp=0xc00566b588 pc=0x7ff657078356
github.com/evanw/esbuild/pkg/api.(*pluginImpl).onLoad.func1({{0x0, 0x0}, {{0xc004a10000, 0x71}, {0x7ff6571cd3af, 0x4}, 
{0x0, 0x0}, {{0x0, 0x0}}, ...}})
	github.com/evanw/esbuild/pkg/api/api_impl.go:2014 +0x190 fp=0xc00566ba70 sp=0xc00566b808 pc=0x7ff657036ad0
github.com/evanw/esbuild/internal/bundler.runOnLoadPlugins({0xc000090240?, 0x2e2691fd271da60a?, 0xc0010e1560?}, 
{0x7ff6572bce40?, 0xc0000a6360}, 0xc0000901e0, {0xc0000beb60, 0xc0000aa390, 0xc0000aa3a8, 0xc0000a6340, ...}, ...)
	github.com/evanw/esbuild/internal/bundler/bundler.go:1203 +0xcd5 fp=0xc00566be10 sp=0xc00566ba70 pc=0x7ff656f82835
github.com/evanw/esbuild/internal/bundler.parseFile({{0x7ff6572bce40, 0xc0000a6360}, {0xc0000beb60, 0xc0000aa390, 
0xc0000aa3a8, 0xc0000a6340, 0x6, 0xc0000a0450}, 0xc0004ae488, 0xc0000901e0, ...})
	github.com/evanw/esbuild/internal/bundler/bundler.go:163 +0x2b5 fp=0xc00566d608 sp=0xc00566be10 pc=0x7ff656f777f5
github.com/evanw/esbuild/internal/bundler.(*scanner).maybeParseFile.gowrap1()
	github.com/evanw/esbuild/internal/bundler/bundler.go:1630 +0x2fa fp=0xc00566dfe0 sp=0xc00566d608 pc=0x7ff656f85a5a
runtime.goexit({})
	runtime/asm_amd64.s:1693 +0x1 fp=0xc00566dfe8 sp=0xc00566dfe0 pc=0x7ff656bcf221
created by github.com/evanw/esbuild/internal/bundler.(*scanner).maybeParseFile in goroutine 21
	github.com/evanw/esbuild/internal/bundler/bundler.go:1630 +0xd85

goroutine 1382 gp=0xc004dfddc0 m=nil [chan receive]:
runtime.gopark(0xc004b85c20?, 0x2000000000070?, 0xca?, 0x24?, 0x20b0ba22ef8?)
	runtime/proc.go:460 +0xce fp=0xc005673478 sp=0xc005673458 pc=0x7ff656bc72ce
runtime.chanrecv(0xc004be8e70, 0xc005673550, 0x1)
	runtime/chan.go:667 +0x473 fp=0xc0056734f0 sp=0xc005673478 pc=0x7ff656b5e593
runtime.chanrecv1(0x7ff65714d260?, 0xc00565c120?)
	runtime/chan.go:509 +0x12 fp=0xc005673518 sp=0xc0056734f0 pc=0x7ff656b5e0f2
main.(*serviceType).sendRequest(0xc000181890, {0x7ff65714d260, 0xc00565c120})
	github.com/evanw/esbuild/cmd/esbuild/service.go:192 +0x12b fp=0xc005673588 sp=0xc005673518 pc=0x7ff65706fb6b
main.(*serviceType).convertPlugins.func2.4({{0xc004a0b810, 0x6b}, {0x7ff6571cd3af, 0x4}, {0x0, 0x0}, {0x0, 0x0}, 0x0})
	github.com/evanw/esbuild/cmd/esbuild/service.go:1088 +0x836 fp=0xc005673808 sp=0xc005673588 pc=0x7ff657078356
github.com/evanw/esbuild/pkg/api.(*pluginImpl).onLoad.func1({{0x0, 0x0}, {{0xc004a0b810, 0x6b}, {0x7ff6571cd3af, 0x4}, 
{0x0, 0x0}, {{0x0, 0x0}}, ...}})
	github.com/evanw/esbuild/pkg/api/api_impl.go:2014 +0x190 fp=0xc005673a70 sp=0xc005673808 pc=0x7ff657036ad0
github.com/evanw/esbuild/internal/bundler.runOnLoadPlugins({0xc000090240?, 0x2e2691fd271da60a?, 0xc0010e1560?}, 
{0x7ff6572bce40?, 0xc0000a6360}, 0xc0000901e0, {0xc0000beb60, 0xc0000aa390, 0xc0000aa3a8, 0xc0000a6340, ...}, ...)
	github.com/evanw/esbuild/internal/bundler/bundler.go:1203 +0xcd5 fp=0xc005673e10 sp=0xc005673a70 pc=0x7ff656f82835
github.com/evanw/esbuild/internal/bundler.parseFile({{0x7ff6572bce40, 0xc0000a6360}, {0xc0000beb60, 0xc0000aa390, 
0xc0000aa3a8, 0xc0000a6340, 0x6, 0xc0000a0450}, 0xc0004ae488, 0xc0000901e0, ...})
	github.com/evanw/esbuild/internal/bundler/bundler.go:163 +0x2b5 fp=0xc005675608 sp=0xc005673e10 pc=0x7ff656f777f5
github.com/evanw/esbuild/internal/bundler.(*scanner).maybeParseFile.gowrap1()
	github.com/evanw/esbuild/internal/bundler/bundler.go:1630 +0x2fa fp=0xc005675fe0 sp=0xc005675608 pc=0x7ff656f85a5a
runtime.goexit({})
	runtime/asm_amd64.s:1693 +0x1 fp=0xc005675fe8 sp=0xc005675fe0 pc=0x7ff656bcf221
created by github.com/evanw/esbuild/internal/bundler.(*scanner).maybeParseFile in goroutine 21
	github.com/evanw/esbuild/internal/bundler/bundler.go:1630 +0xd85

goroutine 1383 gp=0xc004e6c000 m=nil [chan receive]:
runtime.gopark(0xc0003180c0?, 0x2000000000070?, 0xc0?, 0x89?, 0x20b0ba205a0?)
	runtime/proc.go:460 +0xce fp=0xc0056b5478 sp=0xc0056b5458 pc=0x7ff656bc72ce
runtime.chanrecv(0xc0039dfe30, 0xc0056b5550, 0x1)
	runtime/chan.go:667 +0x473 fp=0xc0056b54f0 sp=0xc0056b5478 pc=0x7ff656b5e593
runtime.chanrecv1(0x7ff65714d260?, 0xc00421a990?)
	runtime/chan.go:509 +0x12 fp=0xc0056b5518 sp=0xc0056b54f0 pc=0x7ff656b5e0f2
main.(*serviceType).sendRequest(0xc000181890, {0x7ff65714d260, 0xc00421a990})
	github.com/evanw/esbuild/cmd/esbuild/service.go:192 +0x12b fp=0xc0056b5588 sp=0xc0056b5518 pc=0x7ff65706fb6b
main.(*serviceType).convertPlugins.func2.4({{0xc004a0bc70, 0x70}, {0x7ff6571cd3af, 0x4}, {0x0, 0x0}, {0x0, 0x0}, 0x0})
	github.com/evanw/esbuild/cmd/esbuild/service.go:1088 +0x836 fp=0xc0056b5808 sp=0xc0056b5588 pc=0x7ff657078356
github.com/evanw/esbuild/pkg/api.(*pluginImpl).onLoad.func1({{0x0, 0x0}, {{0xc004a0bc70, 0x70}, {0x7ff6571cd3af, 0x4}, 
{0x0, 0x0}, {{0x0, 0x0}}, ...}})
	github.com/evanw/esbuild/pkg/api/api_impl.go:2014 +0x190 fp=0xc0056b5a70 sp=0xc0056b5808 pc=0x7ff657036ad0
github.com/evanw/esbuild/internal/bundler.runOnLoadPlugins({0xc000090240?, 0xc0019dae00?, 0xc002595180?}, 
{0x7ff6572bce40?, 0xc0000a6360}, 0xc0000901e0, {0xc0000beb60, 0xc0000aa390, 0xc0000aa3a8, 0xc0000a6340, ...}, ...)
	github.com/evanw/esbuild/internal/bundler/bundler.go:1203 +0xcd5 fp=0xc0056b5e10 sp=0xc0056b5a70 pc=0x7ff656f82835
github.com/evanw/esbuild/internal/bundler.parseFile({{0x7ff6572bce40, 0xc0000a6360}, {0xc0000beb60, 0xc0000aa390, 
0xc0000aa3a8, 0xc0000a6340, 0x6, 0xc0000a0450}, 0xc0004ae488, 0xc0000901e0, ...})
	github.com/evanw/esbuild/internal/bundler/bundler.go:163 +0x2b5 fp=0xc0056b7608 sp=0xc0056b5e10 pc=0x7ff656f777f5
github.com/evanw/esbuild/internal/bundler.(*scanner).maybeParseFile.gowrap1()
	github.com/evanw/esbuild/internal/bundler/bundler.go:1630 +0x2fa fp=0xc0056b7fe0 sp=0xc0056b7608 pc=0x7ff656f85a5a
runtime.goexit({})
	runtime/asm_amd64.s:1693 +0x1 fp=0xc0056b7fe8 sp=0xc0056b7fe0 pc=0x7ff656bcf221
created by github.com/evanw/esbuild/internal/bundler.(*scanner).maybeParseFile in goroutine 21
	github.com/evanw/esbuild/internal/bundler/bundler.go:1630 +0xd85

goroutine 1384 gp=0xc004e6c1c0 m=nil [chan receive]:
runtime.gopark(0xc000090de0?, 0x2000000000070?, 0xc4?, 0x83?, 0x20b0ba205a0?)
	runtime/proc.go:460 +0xce fp=0xc0056bd478 sp=0xc0056bd458 pc=0x7ff656bc72ce
runtime.chanrecv(0xc0039dfea0, 0xc0056bd550, 0x1)
	runtime/chan.go:667 +0x473 fp=0xc0056bd4f0 sp=0xc0056bd478 pc=0x7ff656b5e593
runtime.chanrecv1(0x7ff65714d260?, 0xc00421a9f0?)
	runtime/chan.go:509 +0x12 fp=0xc0056bd518 sp=0xc0056bd4f0 pc=0x7ff656b5e0f2
main.(*serviceType).sendRequest(0xc000181890, {0x7ff65714d260, 0xc00421a9f0})
	github.com/evanw/esbuild/cmd/esbuild/service.go:192 +0x12b fp=0xc0056bd588 sp=0xc0056bd518 pc=0x7ff65706fb6b
main.(*serviceType).convertPlugins.func2.4({{0xc004a10300, 0x74}, {0x7ff6571cd3af, 0x4}, {0x0, 0x0}, {0x0, 0x0}, 0x0})
	github.com/evanw/esbuild/cmd/esbuild/service.go:1088 +0x836 fp=0xc0056bd808 sp=0xc0056bd588 pc=0x7ff657078356
github.com/evanw/esbuild/pkg/api.(*pluginImpl).onLoad.func1({{0x0, 0x0}, {{0xc004a10300, 0x74}, {0x7ff6571cd3af, 0x4}, 
{0x0, 0x0}, {{0x0, 0x0}}, ...}})
	github.com/evanw/esbuild/pkg/api/api_impl.go:2014 +0x190 fp=0xc0056bda70 sp=0xc0056bd808 pc=0x7ff657036ad0
github.com/evanw/esbuild/internal/bundler.runOnLoadPlugins({0xc000090240?, 0xc0019dae00?, 0xc002595180?}, 
{0x7ff6572bce40?, 0xc0000a6360}, 0xc0000901e0, {0xc0000beb60, 0xc0000aa390, 0xc0000aa3a8, 0xc0000a6340, ...}, ...)
	github.com/evanw/esbuild/internal/bundler/bundler.go:1203 +0xcd5 fp=0xc0056bde10 sp=0xc0056bda70 pc=0x7ff656f82835
github.com/evanw/esbuild/internal/bundler.parseFile({{0x7ff6572bce40, 0xc0000a6360}, {0xc0000beb60, 0xc0000aa390, 
0xc0000aa3a8, 0xc0000a6340, 0x6, 0xc0000a0450}, 0xc0004ae488, 0xc0000901e0, ...})
	github.com/evanw/esbuild/internal/bundler/bundler.go:163 +0x2b5 fp=0xc0056bf608 sp=0xc0056bde10 pc=0x7ff656f777f5
github.com/evanw/esbuild/internal/bundler.(*scanner).maybeParseFile.gowrap1()
	github.com/evanw/esbuild/internal/bundler/bundler.go:1630 +0x2fa fp=0xc0056bffe0 sp=0xc0056bf608 pc=0x7ff656f85a5a
runtime.goexit({})
	runtime/asm_amd64.s:1693 +0x1 fp=0xc0056bffe8 sp=0xc0056bffe0 pc=0x7ff656bcf221
created by github.com/evanw/esbuild/internal/bundler.(*scanner).maybeParseFile in goroutine 21
	github.com/evanw/esbuild/internal/bundler/bundler.go:1630 +0xd85

goroutine 1385 gp=0xc004e6c380 m=nil [chan receive]:
runtime.gopark(0xc00040aa80?, 0x2000000000070?, 0xb4?, 0x3a?, 0x20b0ba205a0?)
	runtime/proc.go:460 +0xce fp=0xc0056c5478 sp=0xc0056c5458 pc=0x7ff656bc72ce
runtime.chanrecv(0xc0039dff10, 0xc0056c5550, 0x1)
	runtime/chan.go:667 +0x473 fp=0xc0056c54f0 sp=0xc0056c5478 pc=0x7ff656b5e593
runtime.chanrecv1(0x7ff65714d260?, 0xc00421aa50?)
	runtime/chan.go:509 +0x12 fp=0xc0056c5518 sp=0xc0056c54f0 pc=0x7ff656b5e0f2
main.(*serviceType).sendRequest(0xc000181890, {0x7ff65714d260, 0xc00421aa50})
	github.com/evanw/esbuild/cmd/esbuild/service.go:192 +0x12b fp=0xc0056c5588 sp=0xc0056c5518 pc=0x7ff65706fb6b
main.(*serviceType).convertPlugins.func2.4({{0xc004a10600, 0x74}, {0x7ff6571cd3af, 0x4}, {0x0, 0x0}, {0x0, 0x0}, 0x0})
	github.com/evanw/esbuild/cmd/esbuild/service.go:1088 +0x836 fp=0xc0056c5808 sp=0xc0056c5588 pc=0x7ff657078356
github.com/evanw/esbuild/pkg/api.(*pluginImpl).onLoad.func1({{0x0, 0x0}, {{0xc004a10600, 0x74}, {0x7ff6571cd3af, 0x4}, 
{0x0, 0x0}, {{0x0, 0x0}}, ...}})
	github.com/evanw/esbuild/pkg/api/api_impl.go:2014 +0x190 fp=0xc0056c5a70 sp=0xc0056c5808 pc=0x7ff657036ad0
github.com/evanw/esbuild/internal/bundler.runOnLoadPlugins({0xc000090240?, 0xc0019dae00?, 0xc002595180?}, 
{0x7ff6572bce40?, 0xc0000a6360}, 0xc0000901e0, {0xc0000beb60, 0xc0000aa390, 0xc0000aa3a8, 0xc0000a6340, ...}, ...)
	github.com/evanw/esbuild/internal/bundler/bundler.go:1203 +0xcd5 fp=0xc0056c5e10 sp=0xc0056c5a70 pc=0x7ff656f82835
github.com/evanw/esbuild/internal/bundler.parseFile({{0x7ff6572bce40, 0xc0000a6360}, {0xc0000beb60, 0xc0000aa390, 
0xc0000aa3a8, 0xc0000a6340, 0x6, 0xc0000a0450}, 0xc0004ae488, 0xc0000901e0, ...})
	github.com/evanw/esbuild/internal/bundler/bundler.go:163 +0x2b5 fp=0xc0056c7608 sp=0xc0056c5e10 pc=0x7ff656f777f5
github.com/evanw/esbuild/internal/bundler.(*scanner).maybeParseFile.gowrap1()
	github.com/evanw/esbuild/internal/bundler/bundler.go:1630 +0x2fa fp=0xc0056c7fe0 sp=0xc0056c7608 pc=0x7ff656f85a5a
runtime.goexit({})
	runtime/asm_amd64.s:1693 +0x1 fp=0xc0056c7fe8 sp=0xc0056c7fe0 pc=0x7ff656bcf221
created by github.com/evanw/esbuild/internal/bundler.(*scanner).maybeParseFile in goroutine 21
	github.com/evanw/esbuild/internal/bundler/bundler.go:1630 +0xd85

goroutine 1386 gp=0xc004e6c540 m=nil [chan receive]:
runtime.gopark(0xc004b85c80?, 0x2000000000070?, 0x2?, 0xa9?, 0x20b0ba22ef8?)
	runtime/proc.go:460 +0xce fp=0xc00567b478 sp=0xc00567b458 pc=0x7ff656bc72ce
runtime.chanrecv(0xc004be8ee0, 0xc00567b550, 0x1)
	runtime/chan.go:667 +0x473 fp=0xc00567b4f0 sp=0xc00567b478 pc=0x7ff656b5e593
runtime.chanrecv1(0x7ff65714d260?, 0xc00565c180?)
	runtime/chan.go:509 +0x12 fp=0xc00567b518 sp=0xc00567b4f0 pc=0x7ff656b5e0f2
main.(*serviceType).sendRequest(0xc000181890, {0x7ff65714d260, 0xc00565c180})
	github.com/evanw/esbuild/cmd/esbuild/service.go:192 +0x12b fp=0xc00567b588 sp=0xc00567b518 pc=0x7ff65706fb6b
main.(*serviceType).convertPlugins.func2.4({{0xc004a10900, 0x74}, {0x7ff6571cd3af, 0x4}, {0x0, 0x0}, {0x0, 0x0}, 0x0})
	github.com/evanw/esbuild/cmd/esbuild/service.go:1088 +0x836 fp=0xc00567b808 sp=0xc00567b588 pc=0x7ff657078356
github.com/evanw/esbuild/pkg/api.(*pluginImpl).onLoad.func1({{0x0, 0x0}, {{0xc004a10900, 0x74}, {0x7ff6571cd3af, 0x4}, 
{0x0, 0x0}, {{0x0, 0x0}}, ...}})
	github.com/evanw/esbuild/pkg/api/api_impl.go:2014 +0x190 fp=0xc00567ba70 sp=0xc00567b808 pc=0x7ff657036ad0
github.com/evanw/esbuild/internal/bundler.runOnLoadPlugins({0xc000090240?, 0x2e2691fd271da60a?, 0xc0010e1560?}, 
{0x7ff6572bce40?, 0xc0000a6360}, 0xc0000901e0, {0xc0000beb60, 0xc0000aa390, 0xc0000aa3a8, 0xc0000a6340, ...}, ...)
	github.com/evanw/esbuild/internal/bundler/bundler.go:1203 +0xcd5 fp=0xc00567be10 sp=0xc00567ba70 pc=0x7ff656f82835
github.com/evanw/esbuild/internal/bundler.parseFile({{0x7ff6572bce40, 0xc0000a6360}, {0xc0000beb60, 0xc0000aa390, 
0xc0000aa3a8, 0xc0000a6340, 0x6, 0xc0000a0450}, 0xc0004ae488, 0xc0000901e0, ...})
	github.com/evanw/esbuild/internal/bundler/bundler.go:163 +0x2b5 fp=0xc00567d608 sp=0xc00567be10 pc=0x7ff656f777f5
github.com/evanw/esbuild/internal/bundler.(*scanner).maybeParseFile.gowrap1()
	github.com/evanw/esbuild/internal/bundler/bundler.go:1630 +0x2fa fp=0xc00567dfe0 sp=0xc00567d608 pc=0x7ff656f85a5a
runtime.goexit({})
	runtime/asm_amd64.s:1693 +0x1 fp=0xc00567dfe8 sp=0xc00567dfe0 pc=0x7ff656bcf221
created by github.com/evanw/esbuild/internal/bundler.(*scanner).maybeParseFile in goroutine 21
	github.com/evanw/esbuild/internal/bundler/bundler.go:1630 +0xd85

goroutine 1387 gp=0xc004e6c700 m=nil [chan receive]:
runtime.gopark(0xc0003d2120?, 0x2000000000070?, 0x66?, 0x21?, 0x20b0ba23390?)
	runtime/proc.go:460 +0xce fp=0xc005065478 sp=0xc005065458 pc=0x7ff656bc72ce
runtime.chanrecv(0xc005049340, 0xc005065550, 0x1)
	runtime/chan.go:667 +0x473 fp=0xc0050654f0 sp=0xc005065478 pc=0x7ff656b5e593
runtime.chanrecv1(0x7ff65714d260?, 0xc0050580c0?)
	runtime/chan.go:509 +0x12 fp=0xc005065518 sp=0xc0050654f0 pc=0x7ff656b5e0f2
main.(*serviceType).sendRequest(0xc000181890, {0x7ff65714d260, 0xc0050580c0})
	github.com/evanw/esbuild/cmd/esbuild/service.go:192 +0x12b fp=0xc005065588 sp=0xc005065518 pc=0x7ff65706fb6b
main.(*serviceType).convertPlugins.func2.4({{0xc004a10b00, 0x73}, {0x7ff6571cd3af, 0x4}, {0x0, 0x0}, {0x0, 0x0}, 0x0})
	github.com/evanw/esbuild/cmd/esbuild/service.go:1088 +0x836 fp=0xc005065808 sp=0xc005065588 pc=0x7ff657078356
github.com/evanw/esbuild/pkg/api.(*pluginImpl).onLoad.func1({{0x0, 0x0}, {{0xc004a10b00, 0x73}, {0x7ff6571cd3af, 0x4}, 
{0x0, 0x0}, {{0x0, 0x0}}, ...}})
	github.com/evanw/esbuild/pkg/api/api_impl.go:2014 +0x190 fp=0xc005065a70 sp=0xc005065808 pc=0x7ff657036ad0
github.com/evanw/esbuild/internal/bundler.runOnLoadPlugins({0xc000090240?, 0x2e2691fd271da60a?, 0xc0010e1560?}, 
{0x7ff6572bce40?, 0xc0000a6360}, 0xc0000901e0, {0xc0000beb60, 0xc0000aa390, 0xc0000aa3a8, 0xc0000a6340, ...}, ...)
	github.com/evanw/esbuild/internal/bundler/bundler.go:1203 +0xcd5 fp=0xc005065e10 sp=0xc005065a70 pc=0x7ff656f82835
github.com/evanw/esbuild/internal/bundler.parseFile({{0x7ff6572bce40, 0xc0000a6360}, {0xc0000beb60, 0xc0000aa390, 
0xc0000aa3a8, 0xc0000a6340, 0x6, 0xc0000a0450}, 0xc0004ae488, 0xc0000901e0, ...})
	github.com/evanw/esbuild/internal/bundler/bundler.go:163 +0x2b5 fp=0xc005067608 sp=0xc005065e10 pc=0x7ff656f777f5
github.com/evanw/esbuild/internal/bundler.(*scanner).maybeParseFile.gowrap1()
	github.com/evanw/esbuild/internal/bundler/bundler.go:1630 +0x2fa fp=0xc005067fe0 sp=0xc005067608 pc=0x7ff656f85a5a
runtime.goexit({})
	runtime/asm_amd64.s:1693 +0x1 fp=0xc005067fe8 sp=0xc005067fe0 pc=0x7ff656bcf221
created by github.com/evanw/esbuild/internal/bundler.(*scanner).maybeParseFile in goroutine 21
	github.com/evanw/esbuild/internal/bundler/bundler.go:1630 +0xd85

goroutine 1388 gp=0xc004e6c8c0 m=nil [chan receive]:
runtime.gopark(0xc001f26900?, 0x2000000000070?, 0x2?, 0xb9?, 0x20b0ba23390?)
	runtime/proc.go:460 +0xce fp=0xc00506f478 sp=0xc00506f458 pc=0x7ff656bc72ce
runtime.chanrecv(0xc0050493b0, 0xc00506f550, 0x1)
	runtime/chan.go:667 +0x473 fp=0xc00506f4f0 sp=0xc00506f478 pc=0x7ff656b5e593
runtime.chanrecv1(0x7ff65714d260?, 0xc005058120?)
	runtime/chan.go:509 +0x12 fp=0xc00506f518 sp=0xc00506f4f0 pc=0x7ff656b5e0f2
main.(*serviceType).sendRequest(0xc000181890, {0x7ff65714d260, 0xc005058120})
	github.com/evanw/esbuild/cmd/esbuild/service.go:192 +0x12b fp=0xc00506f588 sp=0xc00506f518 pc=0x7ff65706fb6b
main.(*serviceType).convertPlugins.func2.4({{0xc004a10c80, 0x71}, {0x7ff6571cd3af, 0x4}, {0x0, 0x0}, {0x0, 0x0}, 0x0})
	github.com/evanw/esbuild/cmd/esbuild/service.go:1088 +0x836 fp=0xc00506f808 sp=0xc00506f588 pc=0x7ff657078356
github.com/evanw/esbuild/pkg/api.(*pluginImpl).onLoad.func1({{0x0, 0x0}, {{0xc004a10c80, 0x71}, {0x7ff6571cd3af, 0x4}, 
{0x0, 0x0}, {{0x0, 0x0}}, ...}})
	github.com/evanw/esbuild/pkg/api/api_impl.go:2014 +0x190 fp=0xc00506fa70 sp=0xc00506f808 pc=0x7ff657036ad0
github.com/evanw/esbuild/internal/bundler.runOnLoadPlugins({0xc000090240?, 0x2e2691fd271da60a?, 0xc0010e1560?}, 
{0x7ff6572bce40?, 0xc0000a6360}, 0xc0000901e0, {0xc0000beb60, 0xc0000aa390, 0xc0000aa3a8, 0xc0000a6340, ...}, ...)
	github.com/evanw/esbuild/internal/bundler/bundler.go:1203 +0xcd5 fp=0xc00506fe10 sp=0xc00506fa70 pc=0x7ff656f82835
github.com/evanw/esbuild/internal/bundler.parseFile({{0x7ff6572bce40, 0xc0000a6360}, {0xc0000beb60, 0xc0000aa390, 
0xc0000aa3a8, 0xc0000a6340, 0x6, 0xc0000a0450}, 0xc0004ae488, 0xc0000901e0, ...})
	github.com/evanw/esbuild/internal/bundler/bundler.go:163 +0x2b5 fp=0xc005071608 sp=0xc00506fe10 pc=0x7ff656f777f5
github.com/evanw/esbuild/internal/bundler.(*scanner).maybeParseFile.gowrap1()
	github.com/evanw/esbuild/internal/bundler/bundler.go:1630 +0x2fa fp=0xc005071fe0 sp=0xc005071608 pc=0x7ff656f85a5a
runtime.goexit({})
	runtime/asm_amd64.s:1693 +0x1 fp=0xc005071fe8 sp=0xc005071fe0 pc=0x7ff656bcf221
created by github.com/evanw/esbuild/internal/bundler.(*scanner).maybeParseFile in goroutine 21
	github.com/evanw/esbuild/internal/bundler/bundler.go:1630 +0xd85

goroutine 1389 gp=0xc004e6ca80 m=nil [chan receive]:
runtime.gopark(0xc0018815c0?, 0x2000000000070?, 0xd9?, 0x47?, 0x20b0ba23390?)
	runtime/proc.go:460 +0xce fp=0xc005077478 sp=0xc005077458 pc=0x7ff656bc72ce
runtime.chanrecv(0xc005049420, 0xc005077550, 0x1)
	runtime/chan.go:667 +0x473 fp=0xc0050774f0 sp=0xc005077478 pc=0x7ff656b5e593
runtime.chanrecv1(0x7ff65714d260?, 0xc005058180?)
	runtime/chan.go:509 +0x12 fp=0xc005077518 sp=0xc0050774f0 pc=0x7ff656b5e0f2
main.(*serviceType).sendRequest(0xc000181890, {0x7ff65714d260, 0xc005058180})
	github.com/evanw/esbuild/cmd/esbuild/service.go:192 +0x12b fp=0xc005077588 sp=0xc005077518 pc=0x7ff65706fb6b
main.(*serviceType).convertPlugins.func2.4({{0xc004a12bd0, 0x6f}, {0x7ff6571cd3af, 0x4}, {0x0, 0x0}, {0x0, 0x0}, 0x0})
	github.com/evanw/esbuild/cmd/esbuild/service.go:1088 +0x836 fp=0xc005077808 sp=0xc005077588 pc=0x7ff657078356
github.com/evanw/esbuild/pkg/api.(*pluginImpl).onLoad.func1({{0x0, 0x0}, {{0xc004a12bd0, 0x6f}, {0x7ff6571cd3af, 0x4}, 
{0x0, 0x0}, {{0x0, 0x0}}, ...}})
	github.com/evanw/esbuild/pkg/api/api_impl.go:2014 +0x190 fp=0xc005077a70 sp=0xc005077808 pc=0x7ff657036ad0
github.com/evanw/esbuild/internal/bundler.runOnLoadPlugins({0xc000090240?, 0x2e2691fd271da60a?, 0xc0010e1560?}, 
{0x7ff6572bce40?, 0xc0000a6360}, 0xc0000901e0, {0xc0000beb60, 0xc0000aa390, 0xc0000aa3a8, 0xc0000a6340, ...}, ...)
	github.com/evanw/esbuild/internal/bundler/bundler.go:1203 +0xcd5 fp=0xc005077e10 sp=0xc005077a70 pc=0x7ff656f82835
github.com/evanw/esbuild/internal/bundler.parseFile({{0x7ff6572bce40, 0xc0000a6360}, {0xc0000beb60, 0xc0000aa390, 
0xc0000aa3a8, 0xc0000a6340, 0x6, 0xc0000a0450}, 0xc0004ae488, 0xc0000901e0, ...})
	github.com/evanw/esbuild/internal/bundler/bundler.go:163 +0x2b5 fp=0xc005079608 sp=0xc005077e10 pc=0x7ff656f777f5
github.com/evanw/esbuild/internal/bundler.(*scanner).maybeParseFile.gowrap1()
	github.com/evanw/esbuild/internal/bundler/bundler.go:1630 +0x2fa fp=0xc005079fe0 sp=0xc005079608 pc=0x7ff656f85a5a
runtime.goexit({})
	runtime/asm_amd64.s:1693 +0x1 fp=0xc005079fe8 sp=0xc005079fe0 pc=0x7ff656bcf221
created by github.com/evanw/esbuild/internal/bundler.(*scanner).maybeParseFile in goroutine 21
	github.com/evanw/esbuild/internal/bundler/bundler.go:1630 +0xd85

goroutine 1390 gp=0xc004e6cc40 m=nil [chan receive]:
runtime.gopark(0xc004b85ce0?, 0x2000000000070?, 0x26?, 0xe9?, 0x20b0ba22ef8?)
	runtime/proc.go:460 +0xce fp=0xc00571d478 sp=0xc00571d458 pc=0x7ff656bc72ce
runtime.chanrecv(0xc004be8f50, 0xc00571d550, 0x1)
	runtime/chan.go:667 +0x473 fp=0xc00571d4f0 sp=0xc00571d478 pc=0x7ff656b5e593
runtime.chanrecv1(0x7ff65714d260?, 0xc00565c1e0?)
	runtime/chan.go:509 +0x12 fp=0xc00571d518 sp=0xc00571d4f0 pc=0x7ff656b5e0f2
main.(*serviceType).sendRequest(0xc000181890, {0x7ff65714d260, 0xc00565c1e0})
	github.com/evanw/esbuild/cmd/esbuild/service.go:192 +0x12b fp=0xc00571d588 sp=0xc00571d518 pc=0x7ff65706fb6b
main.(*serviceType).convertPlugins.func2.4({{0xc004a13030, 0x6e}, {0x7ff6571cd3af, 0x4}, {0x0, 0x0}, {0x0, 0x0}, 0x0})
	github.com/evanw/esbuild/cmd/esbuild/service.go:1088 +0x836 fp=0xc00571d808 sp=0xc00571d588 pc=0x7ff657078356
github.com/evanw/esbuild/pkg/api.(*pluginImpl).onLoad.func1({{0x0, 0x0}, {{0xc004a13030, 0x6e}, {0x7ff6571cd3af, 0x4}, 
{0x0, 0x0}, {{0x0, 0x0}}, ...}})
	github.com/evanw/esbuild/pkg/api/api_impl.go:2014 +0x190 fp=0xc00571da70 sp=0xc00571d808 pc=0x7ff657036ad0
github.com/evanw/esbuild/internal/bundler.runOnLoadPlugins({0xc000090240?, 0x2e2691fd271da60a?, 0xc0010e1560?}, 
{0x7ff6572bce40?, 0xc0000a6360}, 0xc0000901e0, {0xc0000beb60, 0xc0000aa390, 0xc0000aa3a8, 0xc0000a6340, ...}, ...)
	github.com/evanw/esbuild/internal/bundler/bundler.go:1203 +0xcd5 fp=0xc00571de10 sp=0xc00571da70 pc=0x7ff656f82835
github.com/evanw/esbuild/internal/bundler.parseFile({{0x7ff6572bce40, 0xc0000a6360}, {0xc0000beb60, 0xc0000aa390, 
0xc0000aa3a8, 0xc0000a6340, 0x6, 0xc0000a0450}, 0xc0004ae488, 0xc0000901e0, ...})
	github.com/evanw/esbuild/internal/bundler/bundler.go:163 +0x2b5 fp=0xc00571f608 sp=0xc00571de10 pc=0x7ff656f777f5
github.com/evanw/esbuild/internal/bundler.(*scanner).maybeParseFile.gowrap1()
	github.com/evanw/esbuild/internal/bundler/bundler.go:1630 +0x2fa fp=0xc00571ffe0 sp=0xc00571f608 pc=0x7ff656f85a5a
runtime.goexit({})
	runtime/asm_amd64.s:1693 +0x1 fp=0xc00571ffe8 sp=0xc00571ffe0 pc=0x7ff656bcf221
created by github.com/evanw/esbuild/internal/bundler.(*scanner).maybeParseFile in goroutine 21
	github.com/evanw/esbuild/internal/bundler/bundler.go:1630 +0xd85

goroutine 1391 gp=0xc004e6ce00 m=nil [chan receive]:
runtime.gopark(0xc004b85d40?, 0x2000000000070?, 0xdf?, 0x1b?, 0x20b0ba22ef8?)
	runtime/proc.go:460 +0xce fp=0xc00572d478 sp=0xc00572d458 pc=0x7ff656bc72ce
runtime.chanrecv(0xc004be8fc0, 0xc00572d550, 0x1)
	runtime/chan.go:667 +0x473 fp=0xc00572d4f0 sp=0xc00572d478 pc=0x7ff656b5e593
runtime.chanrecv1(0x7ff65714d260?, 0xc00565c240?)
	runtime/chan.go:509 +0x12 fp=0xc00572d518 sp=0xc00572d4f0 pc=0x7ff656b5e0f2
main.(*serviceType).sendRequest(0xc000181890, {0x7ff65714d260, 0xc00565c240})
	github.com/evanw/esbuild/cmd/esbuild/service.go:192 +0x12b fp=0xc00572d588 sp=0xc00572d518 pc=0x7ff65706fb6b
main.(*serviceType).convertPlugins.func2.4({{0xc004a10e80, 0x73}, {0x7ff6571cd3af, 0x4}, {0x0, 0x0}, {0x0, 0x0}, 0x0})
	github.com/evanw/esbuild/cmd/esbuild/service.go:1088 +0x836 fp=0xc00572d808 sp=0xc00572d588 pc=0x7ff657078356
github.com/evanw/esbuild/pkg/api.(*pluginImpl).onLoad.func1({{0x0, 0x0}, {{0xc004a10e80, 0x73}, {0x7ff6571cd3af, 0x4}, 
{0x0, 0x0}, {{0x0, 0x0}}, ...}})
	github.com/evanw/esbuild/pkg/api/api_impl.go:2014 +0x190 fp=0xc00572da70 sp=0xc00572d808 pc=0x7ff657036ad0
github.com/evanw/esbuild/internal/bundler.runOnLoadPlugins({0xc000090240?, 0x2e2691fd271da60a?, 0xc0010e1560?}, 
{0x7ff6572bce40?, 0xc0000a6360}, 0xc0000901e0, {0xc0000beb60, 0xc0000aa390, 0xc0000aa3a8, 0xc0000a6340, ...}, ...)
	github.com/evanw/esbuild/internal/bundler/bundler.go:1203 +0xcd5 fp=0xc00572de10 sp=0xc00572da70 pc=0x7ff656f82835
github.com/evanw/esbuild/internal/bundler.parseFile({{0x7ff6572bce40, 0xc0000a6360}, {0xc0000beb60, 0xc0000aa390, 
0xc0000aa3a8, 0xc0000a6340, 0x6, 0xc0000a0450}, 0xc0004ae488, 0xc0000901e0, ...})
	github.com/evanw/esbuild/internal/bundler/bundler.go:163 +0x2b5 fp=0xc00572f608 sp=0xc00572de10 pc=0x7ff656f777f5
github.com/evanw/esbuild/internal/bundler.(*scanner).maybeParseFile.gowrap1()
	github.com/evanw/esbuild/internal/bundler/bundler.go:1630 +0x2fa fp=0xc00572ffe0 sp=0xc00572f608 pc=0x7ff656f85a5a
runtime.goexit({})
	runtime/asm_amd64.s:1693 +0x1 fp=0xc00572ffe8 sp=0xc00572ffe0 pc=0x7ff656bcf221
created by github.com/evanw/esbuild/internal/bundler.(*scanner).maybeParseFile in goroutine 21
	github.com/evanw/esbuild/internal/bundler/bundler.go:1630 +0xd85

goroutine 1392 gp=0xc004e6cfc0 m=nil [chan receive]:
runtime.gopark(0xc0013c2a20?, 0x2000000000070?, 0xe7?, 0xd8?, 0x20b0ba20a38?)
	runtime/proc.go:460 +0xce fp=0xc005725478 sp=0xc005725458 pc=0x7ff656bc72ce
runtime.chanrecv(0xc0050fc150, 0xc005725550, 0x1)
	runtime/chan.go:667 +0x473 fp=0xc0057254f0 sp=0xc005725478 pc=0x7ff656b5e593
runtime.chanrecv1(0x7ff65714d260?, 0xc0050b2f00?)
	runtime/chan.go:509 +0x12 fp=0xc005725518 sp=0xc0057254f0 pc=0x7ff656b5e0f2
main.(*serviceType).sendRequest(0xc000181890, {0x7ff65714d260, 0xc0050b2f00})
	github.com/evanw/esbuild/cmd/esbuild/service.go:192 +0x12b fp=0xc005725588 sp=0xc005725518 pc=0x7ff65706fb6b
main.(*serviceType).convertPlugins.func2.4({{0xc004a11080, 0x72}, {0x7ff6571cd3af, 0x4}, {0x0, 0x0}, {0x0, 0x0}, 0x0})
	github.com/evanw/esbuild/cmd/esbuild/service.go:1088 +0x836 fp=0xc005725808 sp=0xc005725588 pc=0x7ff657078356
github.com/evanw/esbuild/pkg/api.(*pluginImpl).onLoad.func1({{0x0, 0x0}, {{0xc004a11080, 0x72}, {0x7ff6571cd3af, 0x4}, 
{0x0, 0x0}, {{0x0, 0x0}}, ...}})
	github.com/evanw/esbuild/pkg/api/api_impl.go:2014 +0x190 fp=0xc005725a70 sp=0xc005725808 pc=0x7ff657036ad0
github.com/evanw/esbuild/internal/bundler.runOnLoadPlugins({0xc000090240?, 0x0?, 0x0?}, {0x7ff6572bce40?, 
0xc0000a6360}, 0xc0000901e0, {0xc0000beb60, 0xc0000aa390, 0xc0000aa3a8, 0xc0000a6340, ...}, ...)
	github.com/evanw/esbuild/internal/bundler/bundler.go:1203 +0xcd5 fp=0xc005725e10 sp=0xc005725a70 pc=0x7ff656f82835
github.com/evanw/esbuild/internal/bundler.parseFile({{0x7ff6572bce40, 0xc0000a6360}, {0xc0000beb60, 0xc0000aa390, 
0xc0000aa3a8, 0xc0000a6340, 0x6, 0xc0000a0450}, 0xc0004ae488, 0xc0000901e0, ...})
	github.com/evanw/esbuild/internal/bundler/bundler.go:163 +0x2b5 fp=0xc005727608 sp=0xc005725e10 pc=0x7ff656f777f5
github.com/evanw/esbuild/internal/bundler.(*scanner).maybeParseFile.gowrap1()
	github.com/evanw/esbuild/internal/bundler/bundler.go:1630 +0x2fa fp=0xc005727fe0 sp=0xc005727608 pc=0x7ff656f85a5a
runtime.goexit({})
	runtime/asm_amd64.s:1693 +0x1 fp=0xc005727fe8 sp=0xc005727fe0 pc=0x7ff656bcf221
created by github.com/evanw/esbuild/internal/bundler.(*scanner).maybeParseFile in goroutine 21
	github.com/evanw/esbuild/internal/bundler/bundler.go:1630 +0xd85

goroutine 1393 gp=0xc004e6d180 m=nil [chan receive]:
runtime.gopark(0xc00483ede0?, 0x2000000000070?, 0x61?, 0xb0?, 0x20b0ba22ef8?)
	runtime/proc.go:460 +0xce fp=0xc005805478 sp=0xc005805458 pc=0x7ff656bc72ce
runtime.chanrecv(0xc0057a4070, 0xc005805550, 0x1)
	runtime/chan.go:667 +0x473 fp=0xc0058054f0 sp=0xc005805478 pc=0x7ff656b5e593
runtime.chanrecv1(0x7ff65714d260?, 0xc0036f6060?)
	runtime/chan.go:509 +0x12 fp=0xc005805518 sp=0xc0058054f0 pc=0x7ff656b5e0f2
main.(*serviceType).sendRequest(0xc000181890, {0x7ff65714d260, 0xc0036f6060})
	github.com/evanw/esbuild/cmd/esbuild/service.go:192 +0x12b fp=0xc005805588 sp=0xc005805518 pc=0x7ff65706fb6b
main.(*serviceType).convertPlugins.func2.4({{0xc004a11380, 0x74}, {0x7ff6571cd3af, 0x4}, {0x0, 0x0}, {0x0, 0x0}, 0x0})
	github.com/evanw/esbuild/cmd/esbuild/service.go:1088 +0x836 fp=0xc005805808 sp=0xc005805588 pc=0x7ff657078356
github.com/evanw/esbuild/pkg/api.(*pluginImpl).onLoad.func1({{0x0, 0x0}, {{0xc004a11380, 0x74}, {0x7ff6571cd3af, 0x4}, 
{0x0, 0x0}, {{0x0, 0x0}}, ...}})
	github.com/evanw/esbuild/pkg/api/api_impl.go:2014 +0x190 fp=0xc005805a70 sp=0xc005805808 pc=0x7ff657036ad0
github.com/evanw/esbuild/internal/bundler.runOnLoadPlugins({0xc000090240?, 0x0?, 0x0?}, {0x7ff6572bce40?, 
0xc0000a6360}, 0xc0000901e0, {0xc0000beb60, 0xc0000aa390, 0xc0000aa3a8, 0xc0000a6340, ...}, ...)
	github.com/evanw/esbuild/internal/bundler/bundler.go:1203 +0xcd5 fp=0xc005805e10 sp=0xc005805a70 pc=0x7ff656f82835
github.com/evanw/esbuild/internal/bundler.parseFile({{0x7ff6572bce40, 0xc0000a6360}, {0xc0000beb60, 0xc0000aa390, 
0xc0000aa3a8, 0xc0000a6340, 0x6, 0xc0000a0450}, 0xc0004ae488, 0xc0000901e0, ...})
	github.com/evanw/esbuild/internal/bundler/bundler.go:163 +0x2b5 fp=0xc005807608 sp=0xc005805e10 pc=0x7ff656f777f5
github.com/evanw/esbuild/internal/bundler.(*scanner).maybeParseFile.gowrap1()
	github.com/evanw/esbuild/internal/bundler/bundler.go:1630 +0x2fa fp=0xc005807fe0 sp=0xc005807608 pc=0x7ff656f85a5a
runtime.goexit({})
	runtime/asm_amd64.s:1693 +0x1 fp=0xc005807fe8 sp=0xc005807fe0 pc=0x7ff656bcf221
created by github.com/evanw/esbuild/internal/bundler.(*scanner).maybeParseFile in goroutine 21
	github.com/evanw/esbuild/internal/bundler/bundler.go:1630 +0xd85

goroutine 1394 gp=0xc004e6d340 m=nil [chan receive]:
runtime.gopark(0xc004b85da0?, 0x2000000000070?, 0x9e?, 0x6f?, 0x20b0ba22ef8?)
	runtime/proc.go:460 +0xce fp=0xc005735478 sp=0xc005735458 pc=0x7ff656bc72ce
runtime.chanrecv(0xc004be9030, 0xc005735550, 0x1)
	runtime/chan.go:667 +0x473 fp=0xc0057354f0 sp=0xc005735478 pc=0x7ff656b5e593
runtime.chanrecv1(0x7ff65714d260?, 0xc00565c2a0?)
	runtime/chan.go:509 +0x12 fp=0xc005735518 sp=0xc0057354f0 pc=0x7ff656b5e0f2
main.(*serviceType).sendRequest(0xc000181890, {0x7ff65714d260, 0xc00565c2a0})
	github.com/evanw/esbuild/cmd/esbuild/service.go:192 +0x12b fp=0xc005735588 sp=0xc005735518 pc=0x7ff65706fb6b
main.(*serviceType).convertPlugins.func2.4({{0xc004a11580, 0x72}, {0x7ff6571cd3af, 0x4}, {0x0, 0x0}, {0x0, 0x0}, 0x0})
	github.com/evanw/esbuild/cmd/esbuild/service.go:1088 +0x836 fp=0xc005735808 sp=0xc005735588 pc=0x7ff657078356
github.com/evanw/esbuild/pkg/api.(*pluginImpl).onLoad.func1({{0x0, 0x0}, {{0xc004a11580, 0x72}, {0x7ff6571cd3af, 0x4}, 
{0x0, 0x0}, {{0x0, 0x0}}, ...}})
	github.com/evanw/esbuild/pkg/api/api_impl.go:2014 +0x190 fp=0xc005735a70 sp=0xc005735808 pc=0x7ff657036ad0
github.com/evanw/esbuild/internal/bundler.runOnLoadPlugins({0xc000090240?, 0x2e2691fd271da60a?, 0xc0010e1560?}, 
{0x7ff6572bce40?, 0xc0000a6360}, 0xc0000901e0, {0xc0000beb60, 0xc0000aa390, 0xc0000aa3a8, 0xc0000a6340, ...}, ...)
	github.com/evanw/esbuild/internal/bundler/bundler.go:1203 +0xcd5 fp=0xc005735e10 sp=0xc005735a70 pc=0x7ff656f82835
github.com/evanw/esbuild/internal/bundler.parseFile({{0x7ff6572bce40, 0xc0000a6360}, {0xc0000beb60, 0xc0000aa390, 
0xc0000aa3a8, 0xc0000a6340, 0x6, 0xc0000a0450}, 0xc0004ae488, 0xc0000901e0, ...})
	github.com/evanw/esbuild/internal/bundler/bundler.go:163 +0x2b5 fp=0xc005737608 sp=0xc005735e10 pc=0x7ff656f777f5
github.com/evanw/esbuild/internal/bundler.(*scanner).maybeParseFile.gowrap1()
	github.com/evanw/esbuild/internal/bundler/bundler.go:1630 +0x2fa fp=0xc005737fe0 sp=0xc005737608 pc=0x7ff656f85a5a
runtime.goexit({})
	runtime/asm_amd64.s:1693 +0x1 fp=0xc005737fe8 sp=0xc005737fe0 pc=0x7ff656bcf221
created by github.com/evanw/esbuild/internal/bundler.(*scanner).maybeParseFile in goroutine 21
	github.com/evanw/esbuild/internal/bundler/bundler.go:1630 +0xd85

goroutine 1395 gp=0xc004e6d500 m=nil [chan receive]:
runtime.gopark(0xc004b85e00?, 0x2000000000070?, 0x3f?, 0x32?, 0x20b0ba22ef8?)
	runtime/proc.go:460 +0xce fp=0xc00573d478 sp=0xc00573d458 pc=0x7ff656bc72ce
runtime.chanrecv(0xc004be90a0, 0xc00573d550, 0x1)
	runtime/chan.go:667 +0x473 fp=0xc00573d4f0 sp=0xc00573d478 pc=0x7ff656b5e593
runtime.chanrecv1(0x7ff65714d260?, 0xc00565c300?)
	runtime/chan.go:509 +0x12 fp=0xc00573d518 sp=0xc00573d4f0 pc=0x7ff656b5e0f2
main.(*serviceType).sendRequest(0xc000181890, {0x7ff65714d260, 0xc00565c300})
	github.com/evanw/esbuild/cmd/esbuild/service.go:192 +0x12b fp=0xc00573d588 sp=0xc00573d518 pc=0x7ff65706fb6b
main.(*serviceType).convertPlugins.func2.4({{0xc004a11900, 0x76}, {0x7ff6571cd3af, 0x4}, {0x0, 0x0}, {0x0, 0x0}, 0x0})
	github.com/evanw/esbuild/cmd/esbuild/service.go:1088 +0x836 fp=0xc00573d808 sp=0xc00573d588 pc=0x7ff657078356
github.com/evanw/esbuild/pkg/api.(*pluginImpl).onLoad.func1({{0x0, 0x0}, {{0xc004a11900, 0x76}, {0x7ff6571cd3af, 0x4}, 
{0x0, 0x0}, {{0x0, 0x0}}, ...}})
	github.com/evanw/esbuild/pkg/api/api_impl.go:2014 +0x190 fp=0xc00573da70 sp=0xc00573d808 pc=0x7ff657036ad0
github.com/evanw/esbuild/internal/bundler.runOnLoadPlugins({0xc000090240?, 0x2e2691fd271da60a?, 0xc0010e1560?}, 
{0x7ff6572bce40?, 0xc0000a6360}, 0xc0000901e0, {0xc0000beb60, 0xc0000aa390, 0xc0000aa3a8, 0xc0000a6340, ...}, ...)
	github.com/evanw/esbuild/internal/bundler/bundler.go:1203 +0xcd5 fp=0xc00573de10 sp=0xc00573da70 pc=0x7ff656f82835
github.com/evanw/esbuild/internal/bundler.parseFile({{0x7ff6572bce40, 0xc0000a6360}, {0xc0000beb60, 0xc0000aa390, 
0xc0000aa3a8, 0xc0000a6340, 0x6, 0xc0000a0450}, 0xc0004ae488, 0xc0000901e0, ...})
	github.com/evanw/esbuild/internal/bundler/bundler.go:163 +0x2b5 fp=0xc00573f608 sp=0xc00573de10 pc=0x7ff656f777f5
github.com/evanw/esbuild/internal/bundler.(*scanner).maybeParseFile.gowrap1()
	github.com/evanw/esbuild/internal/bundler/bundler.go:1630 +0x2fa fp=0xc00573ffe0 sp=0xc00573f608 pc=0x7ff656f85a5a
runtime.goexit({})
	runtime/asm_amd64.s:1693 +0x1 fp=0xc00573ffe8 sp=0xc00573ffe0 pc=0x7ff656bcf221
created by github.com/evanw/esbuild/internal/bundler.(*scanner).maybeParseFile in goroutine 21
	github.com/evanw/esbuild/internal/bundler/bundler.go:1630 +0xd85

goroutine 1396 gp=0xc004e6d6c0 m=nil [chan receive]:
runtime.gopark(0xc00040aae0?, 0x2000000000070?, 0xe6?, 0xc0?, 0x20b0ba205a0?)
	runtime/proc.go:460 +0xce fp=0xc0056cd478 sp=0xc0056cd458 pc=0x7ff656bc72ce
runtime.chanrecv(0xc0039dff80, 0xc0056cd550, 0x1)
	runtime/chan.go:667 +0x473 fp=0xc0056cd4f0 sp=0xc0056cd478 pc=0x7ff656b5e593
runtime.chanrecv1(0x7ff65714d260?, 0xc00421aab0?)
	runtime/chan.go:509 +0x12 fp=0xc0056cd518 sp=0xc0056cd4f0 pc=0x7ff656b5e0f2
main.(*serviceType).sendRequest(0xc000181890, {0x7ff65714d260, 0xc00421aab0})
	github.com/evanw/esbuild/cmd/esbuild/service.go:192 +0x12b fp=0xc0056cd588 sp=0xc0056cd518 pc=0x7ff65706fb6b
main.(*serviceType).convertPlugins.func2.4({{0xc004a13f80, 0x6e}, {0x7ff6571cd3af, 0x4}, {0x0, 0x0}, {0x0, 0x0}, 0x0})
	github.com/evanw/esbuild/cmd/esbuild/service.go:1088 +0x836 fp=0xc0056cd808 sp=0xc0056cd588 pc=0x7ff657078356
github.com/evanw/esbuild/pkg/api.(*pluginImpl).onLoad.func1({{0x0, 0x0}, {{0xc004a13f80, 0x6e}, {0x7ff6571cd3af, 0x4}, 
{0x0, 0x0}, {{0x0, 0x0}}, ...}})
	github.com/evanw/esbuild/pkg/api/api_impl.go:2014 +0x190 fp=0xc0056cda70 sp=0xc0056cd808 pc=0x7ff657036ad0
github.com/evanw/esbuild/internal/bundler.runOnLoadPlugins({0xc000090240?, 0xc0019dae00?, 0xc002595180?}, 
{0x7ff6572bce40?, 0xc0000a6360}, 0xc0000901e0, {0xc0000beb60, 0xc0000aa390, 0xc0000aa3a8, 0xc0000a6340, ...}, ...)
	github.com/evanw/esbuild/internal/bundler/bundler.go:1203 +0xcd5 fp=0xc0056cde10 sp=0xc0056cda70 pc=0x7ff656f82835
github.com/evanw/esbuild/internal/bundler.parseFile({{0x7ff6572bce40, 0xc0000a6360}, {0xc0000beb60, 0xc0000aa390, 
0xc0000aa3a8, 0xc0000a6340, 0x6, 0xc0000a0450}, 0xc0004ae488, 0xc0000901e0, ...})
	github.com/evanw/esbuild/internal/bundler/bundler.go:163 +0x2b5 fp=0xc0056cf608 sp=0xc0056cde10 pc=0x7ff656f777f5
github.com/evanw/esbuild/internal/bundler.(*scanner).maybeParseFile.gowrap1()
	github.com/evanw/esbuild/internal/bundler/bundler.go:1630 +0x2fa fp=0xc0056cffe0 sp=0xc0056cf608 pc=0x7ff656f85a5a
runtime.goexit({})
	runtime/asm_amd64.s:1693 +0x1 fp=0xc0056cffe8 sp=0xc0056cffe0 pc=0x7ff656bcf221
created by github.com/evanw/esbuild/internal/bundler.(*scanner).maybeParseFile in goroutine 21
	github.com/evanw/esbuild/internal/bundler/bundler.go:1630 +0xd85

goroutine 1397 gp=0xc004e6d880 m=nil [chan receive]:
runtime.gopark(0x5f?, 0xc001964ea0?, 0xdf?, 0xaf?, 0xc0005574c8?)
	runtime/proc.go:460 +0xce fp=0xc000557478 sp=0xc000557458 pc=0x7ff656bc72ce
runtime.chanrecv(0xc004de3340, 0xc000557550, 0x1)
	runtime/chan.go:667 +0x473 fp=0xc0005574f0 sp=0xc000557478 pc=0x7ff656b5e593
runtime.chanrecv1(0x7ff65714d260?, 0xc00486e9c0?)
	runtime/chan.go:509 +0x12 fp=0xc000557518 sp=0xc0005574f0 pc=0x7ff656b5e0f2
main.(*serviceType).sendRequest(0xc000181890, {0x7ff65714d260, 0xc00486e9c0})
	github.com/evanw/esbuild/cmd/esbuild/service.go:192 +0x12b fp=0xc000557588 sp=0xc000557518 pc=0x7ff65706fb6b
main.(*serviceType).convertPlugins.func2.4({{0xc004a183f0, 0x6f}, {0x7ff6571cd3af, 0x4}, {0x0, 0x0}, {0x0, 0x0}, 0x0})
	github.com/evanw/esbuild/cmd/esbuild/service.go:1088 +0x836 fp=0xc000557808 sp=0xc000557588 pc=0x7ff657078356
github.com/evanw/esbuild/pkg/api.(*pluginImpl).onLoad.func1({{0x0, 0x0}, {{0xc004a183f0, 0x6f}, {0x7ff6571cd3af, 0x4}, 
{0x0, 0x0}, {{0x0, 0x0}}, ...}})
	github.com/evanw/esbuild/pkg/api/api_impl.go:2014 +0x190 fp=0xc000557a70 sp=0xc000557808 pc=0x7ff657036ad0
github.com/evanw/esbuild/internal/bundler.runOnLoadPlugins({0xc000090240?, 0x0?, 0x0?}, {0x7ff6572bce40?, 
0xc0000a6360}, 0xc0000901e0, {0xc0000beb60, 0xc0000aa390, 0xc0000aa3a8, 0xc0000a6340, ...}, ...)
	github.com/evanw/esbuild/internal/bundler/bundler.go:1203 +0xcd5 fp=0xc000557e10 sp=0xc000557a70 pc=0x7ff656f82835
github.com/evanw/esbuild/internal/bundler.parseFile({{0x7ff6572bce40, 0xc0000a6360}, {0xc0000beb60, 0xc0000aa390, 
0xc0000aa3a8, 0xc0000a6340, 0x6, 0xc0000a0450}, 0xc0004ae488, 0xc0000901e0, ...})
	github.com/evanw/esbuild/internal/bundler/bundler.go:163 +0x2b5 fp=0xc000559608 sp=0xc000557e10 pc=0x7ff656f777f5
github.com/evanw/esbuild/internal/bundler.(*scanner).maybeParseFile.gowrap1()
	github.com/evanw/esbuild/internal/bundler/bundler.go:1630 +0x2fa fp=0xc000559fe0 sp=0xc000559608 pc=0x7ff656f85a5a
runtime.goexit({})
	runtime/asm_amd64.s:1693 +0x1 fp=0xc000559fe8 sp=0xc000559fe0 pc=0x7ff656bcf221
created by github.com/evanw/esbuild/internal/bundler.(*scanner).maybeParseFile in goroutine 21
	github.com/evanw/esbuild/internal/bundler/bundler.go:1630 +0xd85

goroutine 1221 gp=0xc003c16540 m=nil [chan send]:
runtime.gopark(0xc004d81770?, 0xc005ff6ea0?, 0xd0?, 0x3f?, 0x7ff656f59bde?)
	runtime/proc.go:460 +0xce fp=0xc0068a3ce0 sp=0xc0068a3cc0 pc=0x7ff656bc72ce
runtime.chansend(0xc000136000, 0x7ff6572b1690, 0x1, 0xc002019d78?)
	runtime/chan.go:283 +0x3cb fp=0xc0068a3d50 sp=0xc0068a3ce0 pc=0x7ff656b5d58b
runtime.chansend1(0xc002019de0?, 0x7ff656b660f4?)
	runtime/chan.go:161 +0x17 fp=0xc0068a3d80 sp=0xc0068a3d50 pc=0x7ff656b5d1b7
github.com/evanw/esbuild/internal/fs.BeforeFileOpen(...)
	github.com/evanw/esbuild/internal/fs/fs.go:245
github.com/evanw/esbuild/internal/fs.(*realFS).readdir(0xc0000da080, {0xc0064f0ba0, 0x51})
	github.com/evanw/esbuild/internal/fs/fs_real.go:351 +0x6c fp=0xc0068a3e18 sp=0xc0068a3d80 pc=0x7ff656c9c32c
github.com/evanw/esbuild/internal/fs.(*realFS).ReadDirectory(0xc0000da080, {0xc0064f0ba0, 0x51})
	github.com/evanw/esbuild/internal/fs/fs_real.go:146 +0x177 fp=0xc0068a3fa8 sp=0xc0068a3e18 pc=0x7ff656c9a637
github.com/evanw/esbuild/internal/fs.(*zipFS).ReadDirectory(0xc0000a6120, {0xc0064f0ba0, 0x51})
	github.com/evanw/esbuild/internal/fs/fs_zip.go:188 +0xbf fp=0xc0068a40e8 sp=0xc0068a3fa8 pc=0x7ff656c9e7df
github.com/evanw/esbuild/internal/resolver.resolverQuery.dirInfoUncached({0xc0047fb208?, 0xc0009e4f00?, 0x0?, 0x51?}, 
{0xc0064f0ba0, 0x51})
	github.com/evanw/esbuild/internal/resolver/resolver.go:1547 +0x11b fp=0xc0068a43c8 sp=0xc0068a40e8 pc=0x7ff656f5841b
github.com/evanw/esbuild/internal/resolver.resolverQuery.dirInfoCached({0xc0047fb208?, 0xc0009e4f00?, 0x0?, 0x0?}, 
{0xc0064f0ba0, 0x51})
	github.com/evanw/esbuild/internal/resolver/resolver.go:1174 +0xee fp=0xc0068a44d0 sp=0xc0068a43c8 pc=0x7ff656f5420e
github.com/evanw/esbuild/internal/resolver.resolverQuery.dirInfoUncached({0xc0047fb208?, 0xc0009e4f00?, 0x0?, 0x5a?}, 
{0xc0064f0b40, 0x5a})
	github.com/evanw/esbuild/internal/resolver/resolver.go:1538 +0xe5 fp=0xc0068a47b0 sp=0xc0068a44d0 pc=0x7ff656f583e5
github.com/evanw/esbuild/internal/resolver.resolverQuery.dirInfoCached({0xc0047fb208?, 0xc0009e4f00?, 0x0?, 0x78?}, 
{0xc0064f0b40, 0x5a})
	github.com/evanw/esbuild/internal/resolver/resolver.go:1174 +0xee fp=0xc0068a48b8 sp=0xc0068a47b0 pc=0x7ff656f5420e
github.com/evanw/esbuild/internal/resolver.resolverQuery.dirInfoUncached({0xc0047fb208?, 0xc0009e4f00?, 0x0?, 0x64?}, 
{0xc0059ed490, 0x64})
	github.com/evanw/esbuild/internal/resolver/resolver.go:1538 +0xe5 fp=0xc0068a4b98 sp=0xc0068a48b8 pc=0x7ff656f583e5
github.com/evanw/esbuild/internal/resolver.resolverQuery.dirInfoCached({0xc0047fb208?, 0xc0009e4f00?, 0x0?, 0x0?}, 
{0xc0059ed490, 0x64})
	github.com/evanw/esbuild/internal/resolver/resolver.go:1174 +0xee fp=0xc0068a4ca0 sp=0xc0068a4b98 pc=0x7ff656f5420e
github.com/evanw/esbuild/internal/resolver.resolverQuery.finalizeResolve({0xc0047fb208?, 0xc0009e4f00?, 0x0?, 0x0?}, 
0xc0059df8c0)
	github.com/evanw/esbuild/internal/resolver/resolver.go:842 +0x6f1 fp=0xc0068a4e50 sp=0xc0068a4ca0 pc=0x7ff656f510d1
github.com/evanw/esbuild/internal/resolver.(*Resolver).Resolve(0xc0047fb208, {0xc003c3c640, 0x36}, {0xc003a0b960, 
0x6f}, 0x1)
	github.com/evanw/esbuild/internal/resolver/resolver.go:572 +0x1a1a fp=0xc0068a5220 sp=0xc0068a4e50 pc=0x7ff656f4ca9a
github.com/evanw/esbuild/internal/bundler.RunOnResolvePlugins({_, _, _}, _, {0xc0047f9980, 0xc0047e9800, 0xc0047e9818, 
0xc0047e9830, 0x3, 0xc0047f9950}, ...)
	github.com/evanw/esbuild/internal/bundler/bundler.go:1154 +0x36a fp=0xc0068a5690 sp=0xc0068a5220 pc=0x7ff656f80e0a
github.com/evanw/esbuild/pkg/api.loadPlugins.func2({0xc003a0b960, 0x6f}, {{0xc005100390, 0x10}, {0x0, 0x0}, {0x0, 
0x0}, {0xc003c3c640, 0x36}, ...})
	github.com/evanw/esbuild/pkg/api/api_impl.go:2114 +0x4be fp=0xc0068a5d18 sp=0xc0068a5690 pc=0x7ff65703809e
main.(*serviceType).convertPlugins.func2.1(0x9b, 0xc0047f80f0)
	github.com/evanw/esbuild/cmd/esbuild/service.go:944 +0x665 fp=0xc0068a5f50 sp=0xc0068a5d18 pc=0x7ff65707a885
main.(*serviceType).handleIncomingPacket.func4()
	github.com/evanw/esbuild/cmd/esbuild/service.go:262 +0xa4 fp=0xc0068a5fe0 sp=0xc0068a5f50 pc=0x7ff6570740a4
runtime.goexit({})
	runtime/asm_amd64.s:1693 +0x1 fp=0xc0068a5fe8 sp=0xc0068a5fe0 pc=0x7ff656bcf221
created by main.(*serviceType).handleIncomingPacket in goroutine 1
	github.com/evanw/esbuild/cmd/esbuild/service.go:257 +0x156e

goroutine 1222 gp=0xc003c16700 m=nil [chan send]:
runtime.gopark(0xc0060dce40?, 0xc0000ca080?, 0x0?, 0x0?, 0xc0000ca080?)
	runtime/proc.go:460 +0xce fp=0xc003990300 sp=0xc0039902e0 pc=0x7ff656bc72ce
runtime.chansend(0xc000136000, 0x7ff6572b1690, 0x1, 0x7ff656c9c852?)
	runtime/chan.go:283 +0x3cb fp=0xc003990370 sp=0xc003990300 pc=0x7ff656b5d58b
runtime.chansend1(0xc0000ca080?, 0xc0039903f8?)
	runtime/chan.go:161 +0x17 fp=0xc0039903a0 sp=0xc003990370 pc=0x7ff656b5d1b7
github.com/evanw/esbuild/internal/fs.BeforeFileOpen(...)
	github.com/evanw/esbuild/internal/fs/fs.go:245
github.com/evanw/esbuild/internal/fs.(*realFS).kind(0xc0000da080, {0xc001a62d20?, 0xc0039904c0?}, {0xc002e67210?, 
0x7ff65714de40?})
	github.com/evanw/esbuild/internal/fs/fs_real.go:413 +0xb3 fp=0xc003990440 sp=0xc0039903a0 pc=0x7ff656c9c793
github.com/evanw/esbuild/internal/fs.(*zipFS).kind(0xc?, {0xc001a62d20?, 0x50?}, {0xc002e67210?, 0x7ff6571d2411?})
	github.com/evanw/esbuild/internal/fs/fs_zip.go:330 +0x28 fp=0xc003990478 sp=0xc003990440 pc=0x7ff656c9fa08
github.com/evanw/esbuild/internal/fs.(*Entry).Kind(0xc005a9fb40, {0x7ff6572bce40?, 0xc0000a6120?})
	github.com/evanw/esbuild/internal/fs/fs.go:37 +0xc3 fp=0xc0039904d0 sp=0xc003990478 pc=0x7ff656c97f83
github.com/evanw/esbuild/internal/resolver.resolverQuery.dirInfoUncached({0xc0047fb688?, 0xc003a743c0?, 0x0?, 0x50?}, 
{0xc001a62d20, 0x50})
	github.com/evanw/esbuild/internal/resolver/resolver.go:1618 +0xf2c fp=0xc0039907b0 sp=0xc0039904d0 pc=0x7ff656f5922c
github.com/evanw/esbuild/internal/resolver.resolverQuery.dirInfoCached({0xc0047fb688?, 0xc003a743c0?, 0x0?, 0x78?}, 
{0xc001a62d20, 0x50})
	github.com/evanw/esbuild/internal/resolver/resolver.go:1174 +0xee fp=0xc0039908b8 sp=0xc0039907b0 pc=0x7ff656f5420e
github.com/evanw/esbuild/internal/resolver.resolverQuery.dirInfoUncached({0xc0047fb688?, 0xc003a743c0?, 0x0?, 0x59?}, 
{0xc001a61440, 0x59})
	github.com/evanw/esbuild/internal/resolver/resolver.go:1538 +0xe5 fp=0xc003990b98 sp=0xc0039908b8 pc=0x7ff656f583e5
github.com/evanw/esbuild/internal/resolver.resolverQuery.dirInfoCached({0xc0047fb688?, 0xc003a743c0?, 0x0?, 0xc0?}, 
{0xc001a61440, 0x59})
	github.com/evanw/esbuild/internal/resolver/resolver.go:1174 +0xee fp=0xc003990ca0 sp=0xc003990b98 pc=0x7ff656f5420e
github.com/evanw/esbuild/internal/resolver.resolverQuery.finalizeResolve({0xc0047fb688?, 0xc003a743c0?, 0x0?, 0x0?}, 
0xc005b05e60)
	github.com/evanw/esbuild/internal/resolver/resolver.go:842 +0x6f1 fp=0xc003990e50 sp=0xc003990ca0 pc=0x7ff656f510d1
github.com/evanw/esbuild/internal/resolver.(*Resolver).Resolve(0xc0047fb688, {0xc003c3c680, 0x36}, {0xc003a0b9d0, 
0x63}, 0x1)
	github.com/evanw/esbuild/internal/resolver/resolver.go:572 +0x1a1a fp=0xc003991220 sp=0xc003990e50 pc=0x7ff656f4ca9a
github.com/evanw/esbuild/internal/bundler.RunOnResolvePlugins({_, _, _}, _, {0xc0047f9aa0, 0xc0047e9860, 0xc0047e9878, 
0xc0047e9890, 0x3, 0xc0047f9a70}, ...)
	github.com/evanw/esbuild/internal/bundler/bundler.go:1154 +0x36a fp=0xc003991690 sp=0xc003991220 pc=0x7ff656f80e0a
github.com/evanw/esbuild/pkg/api.loadPlugins.func2({0xc003a0b9d0, 0x63}, {{0xc0051003f0, 0x10}, {0x0, 0x0}, {0x0, 
0x0}, {0xc003c3c680, 0x36}, ...})
	github.com/evanw/esbuild/pkg/api/api_impl.go:2114 +0x4be fp=0xc003991d18 sp=0xc003991690 pc=0x7ff65703809e
main.(*serviceType).convertPlugins.func2.1(0x9c, 0xc0047f8120)
	github.com/evanw/esbuild/cmd/esbuild/service.go:944 +0x665 fp=0xc003991f50 sp=0xc003991d18 pc=0x7ff65707a885
main.(*serviceType).handleIncomingPacket.func4()
	github.com/evanw/esbuild/cmd/esbuild/service.go:262 +0xa4 fp=0xc003991fe0 sp=0xc003991f50 pc=0x7ff6570740a4
runtime.goexit({})
	runtime/asm_amd64.s:1693 +0x1 fp=0xc003991fe8 sp=0xc003991fe0 pc=0x7ff656bcf221
created by main.(*serviceType).handleIncomingPacket in goroutine 1
	github.com/evanw/esbuild/cmd/esbuild/service.go:257 +0x156e

goroutine 1426 gp=0xc003c168c0 m=nil [runnable]:
runtime.gopark(0xc0069028a0?, 0xc0000ca080?, 0x0?, 0x0?, 0xc0000ca080?)
	runtime/proc.go:460 +0xce fp=0xc001c4f748 sp=0xc001c4f728 pc=0x7ff656bc72ce
runtime.chansend(0xc000136000, 0x7ff6572b1690, 0x1, 0x7ff656c9c852?)
	runtime/chan.go:283 +0x3cb fp=0xc001c4f7b8 sp=0xc001c4f748 pc=0x7ff656b5d58b
runtime.chansend1(0xc0000ca080?, 0xc001c4f840?)
	runtime/chan.go:161 +0x17 fp=0xc001c4f7e8 sp=0xc001c4f7b8 pc=0x7ff656b5d1b7
github.com/evanw/esbuild/internal/fs.BeforeFileOpen(...)
	github.com/evanw/esbuild/internal/fs/fs.go:245
github.com/evanw/esbuild/internal/fs.(*realFS).kind(0xc0000da080, {0xc004d9eaf0?, 0xc001c4f908?}, {0xc00376cf50?, 
0x7ff65714de40?})
	github.com/evanw/esbuild/internal/fs/fs_real.go:413 +0xb3 fp=0xc001c4f888 sp=0xc001c4f7e8 pc=0x7ff656c9c793
github.com/evanw/esbuild/internal/fs.(*zipFS).kind(0xc?, {0xc004d9eaf0?, 0x48?}, {0xc00376cf50?, 0x7ff6571d2411?})
	github.com/evanw/esbuild/internal/fs/fs_zip.go:330 +0x28 fp=0xc001c4f8c0 sp=0xc001c4f888 pc=0x7ff656c9fa08
github.com/evanw/esbuild/internal/fs.(*Entry).Kind(0xc001d9adc0, {0x7ff6572bce40?, 0xc0000a6120?})
	github.com/evanw/esbuild/internal/fs/fs.go:37 +0xc3 fp=0xc001c4f918 sp=0xc001c4f8c0 pc=0x7ff656c97f83
github.com/evanw/esbuild/internal/resolver.resolverQuery.dirInfoUncached({0xc001a7a488?, 0xc001d08f00?, 0x0?, 0x48?}, 
{0xc004d9eaf0, 0x48})
	github.com/evanw/esbuild/internal/resolver/resolver.go:1618 +0xf2c fp=0xc001c4fbf8 sp=0xc001c4f918 pc=0x7ff656f5922c
github.com/evanw/esbuild/internal/resolver.resolverQuery.dirInfoCached({0xc001a7a488?, 0xc001d08f00?, 0x0?, 0x9e?}, 
{0xc004d9eaf0, 0x48})
	github.com/evanw/esbuild/internal/resolver/resolver.go:1174 +0xee fp=0xc001c4fd00 sp=0xc001c4fbf8 pc=0x7ff656f5420e
github.com/evanw/esbuild/internal/resolver.resolverQuery.dirInfoUncached({0xc001a7a488?, 0xc001d08f00?, 0x0?, 0x4d?}, 
{0xc004d9ea00, 0x4d})
	github.com/evanw/esbuild/internal/resolver/resolver.go:1538 +0xe5 fp=0xc001c4ffe0 sp=0xc001c4fd00 pc=0x7ff656f583e5
github.com/evanw/esbuild/internal/resolver.resolverQuery.dirInfoCached({0xc001a7a488?, 0xc001d08f00?, 0x0?, 0x2f?}, 
{0xc004d9ea00, 0x4d})
	github.com/evanw/esbuild/internal/resolver/resolver.go:1174 +0xee fp=0xc001c500e8 sp=0xc001c4ffe0 pc=0x7ff656f5420e
github.com/evanw/esbuild/internal/resolver.resolverQuery.dirInfoUncached({0xc001a7a488?, 0xc001d08f00?, 0x0?, 0x51?}, 
{0xc00668c720, 0x51})
	github.com/evanw/esbuild/internal/resolver/resolver.go:1538 +0xe5 fp=0xc001c503c8 sp=0xc001c500e8 pc=0x7ff656f583e5
github.com/evanw/esbuild/internal/resolver.resolverQuery.dirInfoCached({0xc001a7a488?, 0xc001d08f00?, 0x0?, 0x0?}, 
{0xc00668c720, 0x51})
	github.com/evanw/esbuild/internal/resolver/resolver.go:1174 +0xee fp=0xc001c504d0 sp=0xc001c503c8 pc=0x7ff656f5420e
github.com/evanw/esbuild/internal/resolver.resolverQuery.dirInfoUncached({0xc001a7a488?, 0xc001d08f00?, 0x0?, 0x5a?}, 
{0xc00668c6c0, 0x5a})
	github.com/evanw/esbuild/internal/resolver/resolver.go:1538 +0xe5 fp=0xc001c507b0 sp=0xc001c504d0 pc=0x7ff656f583e5
github.com/evanw/esbuild/internal/resolver.resolverQuery.dirInfoCached({0xc001a7a488?, 0xc001d08f00?, 0x0?, 0x78?}, 
{0xc00668c6c0, 0x5a})
	github.com/evanw/esbuild/internal/resolver/resolver.go:1174 +0xee fp=0xc001c508b8 sp=0xc001c507b0 pc=0x7ff656f5420e
github.com/evanw/esbuild/internal/resolver.resolverQuery.dirInfoUncached({0xc001a7a488?, 0xc001d08f00?, 0x0?, 0x64?}, 
{0xc0067a4c40, 0x64})
	github.com/evanw/esbuild/internal/resolver/resolver.go:1538 +0xe5 fp=0xc001c50b98 sp=0xc001c508b8 pc=0x7ff656f583e5
github.com/evanw/esbuild/internal/resolver.resolverQuery.dirInfoCached({0xc001a7a488?, 0xc001d08f00?, 0x0?, 0x0?}, 
{0xc0067a4c40, 0x64})
	github.com/evanw/esbuild/internal/resolver/resolver.go:1174 +0xee fp=0xc001c50ca0 sp=0xc001c50b98 pc=0x7ff656f5420e
github.com/evanw/esbuild/internal/resolver.resolverQuery.finalizeResolve({0xc001a7a488?, 0xc001d08f00?, 0x0?, 0x0?}, 
0xc0050a7560)
	github.com/evanw/esbuild/internal/resolver/resolver.go:842 +0x6f1 fp=0xc001c50e50 sp=0xc001c50ca0 pc=0x7ff656f510d1
github.com/evanw/esbuild/internal/resolver.(*Resolver).Resolve(0xc001a7a488, {0xc004eebac0, 0x36}, {0xc0032a2280, 
0x7c}, 0x1)
	github.com/evanw/esbuild/internal/resolver/resolver.go:572 +0x1a1a fp=0xc001c51220 sp=0xc001c50e50 pc=0x7ff656f4ca9a
github.com/evanw/esbuild/internal/bundler.RunOnResolvePlugins({_, _, _}, _, {0xc0054896e0, 0xc005159710, 0xc005159728, 
0xc005159740, 0x3, 0xc0054896b0}, ...)
	github.com/evanw/esbuild/internal/bundler/bundler.go:1154 +0x36a fp=0xc001c51690 sp=0xc001c51220 pc=0x7ff656f80e0a
github.com/evanw/esbuild/pkg/api.loadPlugins.func2({0xc0032a2280, 0x7c}, {{0xc0054259f0, 0x10}, {0x0, 0x0}, {0x0, 
0x0}, {0xc004eebac0, 0x36}, ...})
	github.com/evanw/esbuild/pkg/api/api_impl.go:2114 +0x4be fp=0xc001c51d18 sp=0xc001c51690 pc=0x7ff65703809e
main.(*serviceType).convertPlugins.func2.1(0xa2, 0xc005059140)
	github.com/evanw/esbuild/cmd/esbuild/service.go:944 +0x665 fp=0xc001c51f50 sp=0xc001c51d18 pc=0x7ff65707a885
main.(*serviceType).handleIncomingPacket.func4()
	github.com/evanw/esbuild/cmd/esbuild/service.go:262 +0xa4 fp=0xc001c51fe0 sp=0xc001c51f50 pc=0x7ff6570740a4
runtime.goexit({})
	runtime/asm_amd64.s:1693 +0x1 fp=0xc001c51fe8 sp=0xc001c51fe0 pc=0x7ff656bcf221
created by main.(*serviceType).handleIncomingPacket in goroutine 1
	github.com/evanw/esbuild/cmd/esbuild/service.go:257 +0x156e

goroutine 1224 gp=0xc003c16a80 m=nil [chan send]:
runtime.gopark(0xc001822540?, 0xc000b287a0?, 0x68?, 0x87?, 0xc0000ca080?)
	runtime/proc.go:460 +0xce fp=0xc000b286d8 sp=0xc000b286b8 pc=0x7ff656bc72ce
runtime.chansend(0xc000136000, 0x7ff6572b1690, 0x1, 0x0?)
	runtime/chan.go:283 +0x3cb fp=0xc000b28748 sp=0xc000b286d8 pc=0x7ff656b5d58b
runtime.chansend1(0xc0000ca080?, 0xc0065120e0?)
	runtime/chan.go:161 +0x17 fp=0xc000b28778 sp=0xc000b28748 pc=0x7ff656b5d1b7
github.com/evanw/esbuild/internal/fs.BeforeFileOpen(...)
	github.com/evanw/esbuild/internal/fs/fs.go:245
github.com/evanw/esbuild/internal/fs.(*realFS).kind(0xc0000da080, {0xc00504eea0?, 0x9?}, {0xc004969d80?, 
0xc000b288a8?})
	github.com/evanw/esbuild/internal/fs/fs_real.go:413 +0xb3 fp=0xc000b28818 sp=0xc000b28778 pc=0x7ff656c9c793
github.com/evanw/esbuild/internal/fs.(*zipFS).kind(0xc005f46ed0?, {0xc00504eea0?, 0x9?}, {0xc004969d80?, 0x5a?})
	github.com/evanw/esbuild/internal/fs/fs_zip.go:330 +0x28 fp=0xc000b28850 sp=0xc000b28818 pc=0x7ff656c9fa08
github.com/evanw/esbuild/internal/fs.(*Entry).Symlink(0xc002c95dc0, {0x7ff6572bce40?, 0xc0000a6120?})
	github.com/evanw/esbuild/internal/fs/fs.go:47 +0xc3 fp=0xc000b288b8 sp=0xc000b28850 pc=0x7ff656c98143
github.com/evanw/esbuild/internal/resolver.resolverQuery.dirInfoUncached({0xc005150488?, 0xc003b4a0a0?, 0x0?, 0x64?}, 
{0xc0065120e0, 0x64})
	github.com/evanw/esbuild/internal/resolver/resolver.go:1601 +0x9ae fp=0xc000b28b98 sp=0xc000b288b8 pc=0x7ff656f58cae
github.com/evanw/esbuild/internal/resolver.resolverQuery.dirInfoCached({0xc005150488?, 0xc003b4a0a0?, 0x0?, 0xa0?}, 
{0xc0065120e0, 0x64})
	github.com/evanw/esbuild/internal/resolver/resolver.go:1174 +0xee fp=0xc000b28ca0 sp=0xc000b28b98 pc=0x7ff656f5420e
github.com/evanw/esbuild/internal/resolver.resolverQuery.finalizeResolve({0xc005150488?, 0xc003b4a0a0?, 0x0?, 0x0?}, 
0xc0029cefc0)
	github.com/evanw/esbuild/internal/resolver/resolver.go:842 +0x6f1 fp=0xc000b28e50 sp=0xc000b28ca0 pc=0x7ff656f510d1
github.com/evanw/esbuild/internal/resolver.(*Resolver).Resolve(0xc005150488, {0xc003c3c6c0, 0x36}, {0xc003a0ba40, 
0x6b}, 0x1)
	github.com/evanw/esbuild/internal/resolver/resolver.go:572 +0x1a1a fp=0xc000b29220 sp=0xc000b28e50 pc=0x7ff656f4ca9a
github.com/evanw/esbuild/internal/bundler.RunOnResolvePlugins({_, _, _}, _, {0xc005170060, 0xc005158af8, 0xc005158b10, 
0xc005158b28, 0x3, 0xc005170030}, ...)
	github.com/evanw/esbuild/internal/bundler/bundler.go:1154 +0x36a fp=0xc000b29690 sp=0xc000b29220 pc=0x7ff656f80e0a
github.com/evanw/esbuild/pkg/api.loadPlugins.func2({0xc003a0ba40, 0x6b}, {{0xc005100470, 0x10}, {0x0, 0x0}, {0x0, 
0x0}, {0xc003c3c6c0, 0x36}, ...})
	github.com/evanw/esbuild/pkg/api/api_impl.go:2114 +0x4be fp=0xc000b29d18 sp=0xc000b29690 pc=0x7ff65703809e
main.(*serviceType).convertPlugins.func2.1(0x9d, 0xc0047f81b0)
	github.com/evanw/esbuild/cmd/esbuild/service.go:944 +0x665 fp=0xc000b29f50 sp=0xc000b29d18 pc=0x7ff65707a885
main.(*serviceType).handleIncomingPacket.func4()
	github.com/evanw/esbuild/cmd/esbuild/service.go:262 +0xa4 fp=0xc000b29fe0 sp=0xc000b29f50 pc=0x7ff6570740a4
runtime.goexit({})
	runtime/asm_amd64.s:1693 +0x1 fp=0xc000b29fe8 sp=0xc000b29fe0 pc=0x7ff656bcf221
created by main.(*serviceType).handleIncomingPacket in goroutine 1
	github.com/evanw/esbuild/cmd/esbuild/service.go:257 +0x156e

goroutine 1233 gp=0xc003c16c40 m=nil [runnable]:
runtime.gopark(0xc0035ae150?, 0x1b?, 0xd8?, 0xc6?, 0xc0000ca080?)
	runtime/proc.go:460 +0xce fp=0xc00104c3b0 sp=0xc00104c390 pc=0x7ff656bc72ce
runtime.chansend(0xc000136000, 0x7ff6572b1690, 0x1, 0xc006757dc0?)
	runtime/chan.go:283 +0x3cb fp=0xc00104c420 sp=0xc00104c3b0 pc=0x7ff656b5d58b
runtime.chansend1(0xc0000ca080?, 0x10000000?)
	runtime/chan.go:161 +0x17 fp=0xc00104c450 sp=0xc00104c420 pc=0x7ff656b5d1b7
github.com/evanw/esbuild/internal/fs.BeforeFileOpen(...)
	github.com/evanw/esbuild/internal/fs/fs.go:245
github.com/evanw/esbuild/internal/fs.(*realFS).kind(0xc0000da080, {0xc006512e00?, 0xc00104c570?}, {0xc006646718?, 
0x7ff65714de40?})
	github.com/evanw/esbuild/internal/fs/fs_real.go:413 +0xb3 fp=0xc00104c4f0 sp=0xc00104c450 pc=0x7ff656c9c793
github.com/evanw/esbuild/internal/fs.(*zipFS).kind(0x8?, {0xc006512e00?, 0x64?}, {0xc006646718?, 0xc0056d8a05?})
	github.com/evanw/esbuild/internal/fs/fs_zip.go:330 +0x28 fp=0xc00104c528 sp=0xc00104c4f0 pc=0x7ff656c9fa08
github.com/evanw/esbuild/internal/fs.(*Entry).Kind(0xc006757b00, {0x7ff6572bce40?, 0xc0000a6120?})
	github.com/evanw/esbuild/internal/fs/fs.go:37 +0xc3 fp=0xc00104c580 sp=0xc00104c528 pc=0x7ff656c97f83
github.com/evanw/esbuild/internal/resolver.resolverQuery.loadAsFile.func1({0xc0056d8a05, 0x8})
	github.com/evanw/esbuild/internal/resolver/resolver.go:1759 +0x267 fp=0xc00104c670 sp=0xc00104c580 pc=0x7ff656f5ae67
github.com/evanw/esbuild/internal/resolver.resolverQuery.loadAsFile({0xc0004afb08?, 0xc004297d10?, 0x0?, 0x6b?}, 
{0xc0056d89a0, 0x6d}, {0xc004f2dbd0, 0x5, 0x1b656c9c852?})
	github.com/evanw/esbuild/internal/resolver/resolver.go:1817 +0x8bc fp=0xc00104c8e0 sp=0xc00104c670 pc=0x7ff656f5a5dc
github.com/evanw/esbuild/internal/resolver.resolverQuery.loadAsFileOrDirectory({0xc0004afb08?, 0xc004297d10?, 0x0?, 
0x6d?}, {0xc0056d89a0, 0x6d})
	github.com/evanw/esbuild/internal/resolver/resolver.go:1930 +0x173 fp=0xc00104ca88 sp=0xc00104c8e0 pc=0x7ff656f5c1f3
github.com/evanw/esbuild/internal/resolver.resolverQuery.resolveWithoutSymlinks({0xc0004afb08?, 0xc004297d10?, 0x0?, 
0x0?}, {0xc004eeba80, 0x36}, 0xc006786800, {0xc0056d89a0, 0x6d})
	github.com/evanw/esbuild/internal/resolver/resolver.go:981 +0x4f1 fp=0xc00104ce50 sp=0xc00104ca88 pc=0x7ff656f52651
github.com/evanw/esbuild/internal/resolver.(*Resolver).Resolve(0xc0004afb08, {0xc004eeba80, 0x36}, {0xc0056d89a0, 
0x6d}, 0x1)
	github.com/evanw/esbuild/internal/resolver/resolver.go:548 +0x16f9 fp=0xc00104d220 sp=0xc00104ce50 pc=0x7ff656f4c779
github.com/evanw/esbuild/internal/bundler.RunOnResolvePlugins({_, _, _}, _, {0xc0054895c0, 0xc0051596b0, 0xc0051596c8, 
0xc0051596e0, 0x3, 0xc005489590}, ...)
	github.com/evanw/esbuild/internal/bundler/bundler.go:1154 +0x36a fp=0xc00104d690 sp=0xc00104d220 pc=0x7ff656f80e0a
github.com/evanw/esbuild/pkg/api.loadPlugins.func2({0xc0056d89a0, 0x6d}, {{0xc005425990, 0x10}, {0x0, 0x0}, {0x0, 
0x0}, {0xc004eeba80, 0x36}, ...})
	github.com/evanw/esbuild/pkg/api/api_impl.go:2114 +0x4be fp=0xc00104dd18 sp=0xc00104d690 pc=0x7ff65703809e
main.(*serviceType).convertPlugins.func2.1(0xa1, 0xc005059110)
	github.com/evanw/esbuild/cmd/esbuild/service.go:944 +0x665 fp=0xc00104df50 sp=0xc00104dd18 pc=0x7ff65707a885
main.(*serviceType).handleIncomingPacket.func4()
	github.com/evanw/esbuild/cmd/esbuild/service.go:262 +0xa4 fp=0xc00104dfe0 sp=0xc00104df50 pc=0x7ff6570740a4
runtime.goexit({})
	runtime/asm_amd64.s:1693 +0x1 fp=0xc00104dfe8 sp=0xc00104dfe0 pc=0x7ff656bcf221
created by main.(*serviceType).handleIncomingPacket in goroutine 1
	github.com/evanw/esbuild/cmd/esbuild/service.go:257 +0x156e

goroutine 1231 gp=0xc003c16e00 m=nil [chan send]:
runtime.gopark(0xc0068182d0?, 0xc0032e9b30?, 0xe8?, 0xbb?, 0x7ff656f59bde?)
	runtime/proc.go:460 +0xce fp=0xc00665b8f8 sp=0xc00665b8d8 pc=0x7ff656bc72ce
runtime.chansend(0xc000136000, 0x7ff6572b1690, 0x1, 0x7ff656c308a5?)
	runtime/chan.go:283 +0x3cb fp=0xc00665b968 sp=0xc00665b8f8 pc=0x7ff656b5d58b
runtime.chansend1(0x7ff6571b92e0?, 0xc001d9fd01?)
	runtime/chan.go:161 +0x17 fp=0xc00665b998 sp=0xc00665b968 pc=0x7ff656b5d1b7
github.com/evanw/esbuild/internal/fs.BeforeFileOpen(...)
	github.com/evanw/esbuild/internal/fs/fs.go:245
github.com/evanw/esbuild/internal/fs.(*realFS).readdir(0xc0000da080, {0xc006818230, 0x4d})
	github.com/evanw/esbuild/internal/fs/fs_real.go:351 +0x6c fp=0xc00665ba30 sp=0xc00665b998 pc=0x7ff656c9c32c
github.com/evanw/esbuild/internal/fs.(*realFS).ReadDirectory(0xc0000da080, {0xc006818230, 0x4d})
	github.com/evanw/esbuild/internal/fs/fs_real.go:146 +0x177 fp=0xc00665bbc0 sp=0xc00665ba30 pc=0x7ff656c9a637
github.com/evanw/esbuild/internal/fs.(*zipFS).ReadDirectory(0xc0000a6120, {0xc006818230, 0x4d})
	github.com/evanw/esbuild/internal/fs/fs_zip.go:188 +0xbf fp=0xc00665bd00 sp=0xc00665bbc0 pc=0x7ff656c9e7df
github.com/evanw/esbuild/internal/resolver.resolverQuery.dirInfoUncached({0xc0033fc908?, 0xc004297b80?, 0x0?, 0x4d?}, 
{0xc006818230, 0x4d})
	github.com/evanw/esbuild/internal/resolver/resolver.go:1547 +0x11b fp=0xc00665bfe0 sp=0xc00665bd00 pc=0x7ff656f5841b
github.com/evanw/esbuild/internal/resolver.resolverQuery.dirInfoCached({0xc0033fc908?, 0xc004297b80?, 0x0?, 0x2f?}, 
{0xc006818230, 0x4d})
	github.com/evanw/esbuild/internal/resolver/resolver.go:1174 +0xee fp=0xc00665c0e8 sp=0xc00665bfe0 pc=0x7ff656f5420e
github.com/evanw/esbuild/internal/resolver.resolverQuery.dirInfoUncached({0xc0033fc908?, 0xc004297b80?, 0x0?, 0x51?}, 
{0xc005e5a840, 0x51})
	github.com/evanw/esbuild/internal/resolver/resolver.go:1538 +0xe5 fp=0xc00665c3c8 sp=0xc00665c0e8 pc=0x7ff656f583e5
github.com/evanw/esbuild/internal/resolver.resolverQuery.dirInfoCached({0xc0033fc908?, 0xc004297b80?, 0x0?, 0x0?}, 
{0xc005e5a840, 0x51})
	github.com/evanw/esbuild/internal/resolver/resolver.go:1174 +0xee fp=0xc00665c4d0 sp=0xc00665c3c8 pc=0x7ff656f5420e
github.com/evanw/esbuild/internal/resolver.resolverQuery.dirInfoUncached({0xc0033fc908?, 0xc004297b80?, 0x0?, 0x5a?}, 
{0xc005e5a7e0, 0x5a})
	github.com/evanw/esbuild/internal/resolver/resolver.go:1538 +0xe5 fp=0xc00665c7b0 sp=0xc00665c4d0 pc=0x7ff656f583e5
github.com/evanw/esbuild/internal/resolver.resolverQuery.dirInfoCached({0xc0033fc908?, 0xc004297b80?, 0x0?, 0x78?}, 
{0xc005e5a7e0, 0x5a})
	github.com/evanw/esbuild/internal/resolver/resolver.go:1174 +0xee fp=0xc00665c8b8 sp=0xc00665c7b0 pc=0x7ff656f5420e
github.com/evanw/esbuild/internal/resolver.resolverQuery.dirInfoUncached({0xc0033fc908?, 0xc004297b80?, 0x0?, 0x5f?}, 
{0xc005e5a780, 0x5f})
	github.com/evanw/esbuild/internal/resolver/resolver.go:1538 +0xe5 fp=0xc00665cb98 sp=0xc00665c8b8 pc=0x7ff656f583e5
github.com/evanw/esbuild/internal/resolver.resolverQuery.dirInfoCached({0xc0033fc908?, 0xc004297b80?, 0x0?, 0x80?}, 
{0xc005e5a780, 0x5f})
	github.com/evanw/esbuild/internal/resolver/resolver.go:1174 +0xee fp=0xc00665cca0 sp=0xc00665cb98 pc=0x7ff656f5420e
github.com/evanw/esbuild/internal/resolver.resolverQuery.finalizeResolve({0xc0033fc908?, 0xc004297b80?, 0x0?, 0x0?}, 
0xc0051fc120)
	github.com/evanw/esbuild/internal/resolver/resolver.go:842 +0x6f1 fp=0xc00665ce50 sp=0xc00665cca0 pc=0x7ff656f510d1
github.com/evanw/esbuild/internal/resolver.(*Resolver).Resolve(0xc0033fc908, {0xc004eeba00, 0x36}, {0xc0032a2180, 
0x7a}, 0x1)
	github.com/evanw/esbuild/internal/resolver/resolver.go:572 +0x1a1a fp=0xc00665d220 sp=0xc00665ce50 pc=0x7ff656f4ca9a
github.com/evanw/esbuild/internal/bundler.RunOnResolvePlugins({_, _, _}, _, {0xc00565c690, 0xc00362a138, 0xc00362a150, 
0xc00362a168, 0x3, 0xc00565c660}, ...)
	github.com/evanw/esbuild/internal/bundler/bundler.go:1154 +0x36a fp=0xc00665d690 sp=0xc00665d220 pc=0x7ff656f80e0a
github.com/evanw/esbuild/pkg/api.loadPlugins.func2({0xc0032a2180, 0x7a}, {{0xc0054258d0, 0x10}, {0x0, 0x0}, {0x0, 
0x0}, {0xc004eeba00, 0x36}, ...})
	github.com/evanw/esbuild/pkg/api/api_impl.go:2114 +0x4be fp=0xc00665dd18 sp=0xc00665d690 pc=0x7ff65703809e
main.(*serviceType).convertPlugins.func2.1(0x9f, 0xc0050590b0)
	github.com/evanw/esbuild/cmd/esbuild/service.go:944 +0x665 fp=0xc00665df50 sp=0xc00665dd18 pc=0x7ff65707a885
main.(*serviceType).handleIncomingPacket.func4()
	github.com/evanw/esbuild/cmd/esbuild/service.go:262 +0xa4 fp=0xc00665dfe0 sp=0xc00665df50 pc=0x7ff6570740a4
runtime.goexit({})
	runtime/asm_amd64.s:1693 +0x1 fp=0xc00665dfe8 sp=0xc00665dfe0 pc=0x7ff656bcf221
created by main.(*serviceType).handleIncomingPacket in goroutine 1
	github.com/evanw/esbuild/cmd/esbuild/service.go:257 +0x156e

goroutine 1230 gp=0xc003c16fc0 m=nil [chan send]:
runtime.gopark(0x0?, 0x0?, 0x0?, 0x0?, 0x0?)
	runtime/proc.go:460 +0xce fp=0xc00666d128 sp=0xc00666d108 pc=0x7ff656bc72ce
runtime.chansend(0xc000136000, 0x7ff6572b1690, 0x1, 0x0?)
	runtime/chan.go:283 +0x3cb fp=0xc00666d198 sp=0xc00666d128 pc=0x7ff656b5d58b
runtime.chansend1(0x0?, 0x0?)
	runtime/chan.go:161 +0x17 fp=0xc00666d1c8 sp=0xc00666d198 pc=0x7ff656b5d1b7
github.com/evanw/esbuild/internal/fs.BeforeFileOpen(...)
	github.com/evanw/esbuild/internal/fs/fs.go:245
github.com/evanw/esbuild/internal/fs.(*realFS).readdir(0xc0000da080, {0xc006818af0, 0x43})
	github.com/evanw/esbuild/internal/fs/fs_real.go:351 +0x6c fp=0xc00666d260 sp=0xc00666d1c8 pc=0x7ff656c9c32c
github.com/evanw/esbuild/internal/fs.(*realFS).ReadDirectory(0xc0000da080, {0xc006818af0, 0x43})
	github.com/evanw/esbuild/internal/fs/fs_real.go:146 +0x177 fp=0xc00666d3f0 sp=0xc00666d260 pc=0x7ff656c9a637
github.com/evanw/esbuild/internal/fs.(*zipFS).ReadDirectory(0xc0000a6120, {0xc006818af0, 0x43})
	github.com/evanw/esbuild/internal/fs/fs_zip.go:188 +0xbf fp=0xc00666d530 sp=0xc00666d3f0 pc=0x7ff656c9e7df
github.com/evanw/esbuild/internal/resolver.resolverQuery.dirInfoUncached({0xc0033fc488?, 0xc0032109b0?, 0x0?, 0x43?}, 
{0xc006818af0, 0x43})
	github.com/evanw/esbuild/internal/resolver/resolver.go:1547 +0x11b fp=0xc00666d810 sp=0xc00666d530 pc=0x7ff656f5841b
github.com/evanw/esbuild/internal/resolver.resolverQuery.dirInfoCached({0xc0033fc488?, 0xc0032109b0?, 0x0?, 0x9e?}, 
{0xc006818af0, 0x43})
	github.com/evanw/esbuild/internal/resolver/resolver.go:1174 +0xee fp=0xc00666d918 sp=0xc00666d810 pc=0x7ff656f5420e
github.com/evanw/esbuild/internal/resolver.resolverQuery.dirInfoUncached({0xc0033fc488?, 0xc0032109b0?, 0x0?, 0x48?}, 
{0xc006818aa0, 0x48})
	github.com/evanw/esbuild/internal/resolver/resolver.go:1538 +0xe5 fp=0xc00666dbf8 sp=0xc00666d918 pc=0x7ff656f583e5
github.com/evanw/esbuild/internal/resolver.resolverQuery.dirInfoCached({0xc0033fc488?, 0xc0032109b0?, 0x0?, 0x9e?}, 
{0xc006818aa0, 0x48})
	github.com/evanw/esbuild/internal/resolver/resolver.go:1174 +0xee fp=0xc00666dd00 sp=0xc00666dbf8 pc=0x7ff656f5420e
github.com/evanw/esbuild/internal/resolver.resolverQuery.dirInfoUncached({0xc0033fc488?, 0xc0032109b0?, 0x0?, 0x4d?}, 
{0xc006818a50, 0x4d})
	github.com/evanw/esbuild/internal/resolver/resolver.go:1538 +0xe5 fp=0xc00666dfe0 sp=0xc00666dd00 pc=0x7ff656f583e5
github.com/evanw/esbuild/internal/resolver.resolverQuery.dirInfoCached({0xc0033fc488?, 0xc0032109b0?, 0x0?, 0x2f?}, 
{0xc006818a50, 0x4d})
	github.com/evanw/esbuild/internal/resolver/resolver.go:1174 +0xee fp=0xc00666e0e8 sp=0xc00666dfe0 pc=0x7ff656f5420e
github.com/evanw/esbuild/internal/resolver.resolverQuery.dirInfoUncached({0xc0033fc488?, 0xc0032109b0?, 0x0?, 0x51?}, 
{0xc005e5aa80, 0x51})
	github.com/evanw/esbuild/internal/resolver/resolver.go:1538 +0xe5 fp=0xc00666e3c8 sp=0xc00666e0e8 pc=0x7ff656f583e5
github.com/evanw/esbuild/internal/resolver.resolverQuery.dirInfoCached({0xc0033fc488?, 0xc0032109b0?, 0x0?, 0x0?}, 
{0xc005e5aa80, 0x51})
	github.com/evanw/esbuild/internal/resolver/resolver.go:1174 +0xee fp=0xc00666e4d0 sp=0xc00666e3c8 pc=0x7ff656f5420e
github.com/evanw/esbuild/internal/resolver.resolverQuery.dirInfoUncached({0xc0033fc488?, 0xc0032109b0?, 0x0?, 0x5a?}, 
{0xc005e5aa20, 0x5a})
	github.com/evanw/esbuild/internal/resolver/resolver.go:1538 +0xe5 fp=0xc00666e7b0 sp=0xc00666e4d0 pc=0x7ff656f583e5
github.com/evanw/esbuild/internal/resolver.resolverQuery.dirInfoCached({0xc0033fc488?, 0xc0032109b0?, 0x0?, 0x78?}, 
{0xc005e5aa20, 0x5a})
	github.com/evanw/esbuild/internal/resolver/resolver.go:1174 +0xee fp=0xc00666e8b8 sp=0xc00666e7b0 pc=0x7ff656f5420e
github.com/evanw/esbuild/internal/resolver.resolverQuery.dirInfoUncached({0xc0033fc488?, 0xc0032109b0?, 0x0?, 0x64?}, 
{0xc006416690, 0x64})
	github.com/evanw/esbuild/internal/resolver/resolver.go:1538 +0xe5 fp=0xc00666eb98 sp=0xc00666e8b8 pc=0x7ff656f583e5
github.com/evanw/esbuild/internal/resolver.resolverQuery.dirInfoCached({0xc0033fc488?, 0xc0032109b0?, 0x0?, 0xb0?}, 
{0xc006416690, 0x64})
	github.com/evanw/esbuild/internal/resolver/resolver.go:1174 +0xee fp=0xc00666eca0 sp=0xc00666eb98 pc=0x7ff656f5420e
github.com/evanw/esbuild/internal/resolver.resolverQuery.finalizeResolve({0xc0033fc488?, 0xc0032109b0?, 0x0?, 0x0?}, 
0xc0051fcea0)
	github.com/evanw/esbuild/internal/resolver/resolver.go:842 +0x6f1 fp=0xc00666ee50 sp=0xc00666eca0 pc=0x7ff656f510d1
github.com/evanw/esbuild/internal/resolver.(*Resolver).Resolve(0xc0033fc488, {0xc004eeb9c0, 0x36}, {0xc0056d8930, 
0x6d}, 0x1)
	github.com/evanw/esbuild/internal/resolver/resolver.go:572 +0x1a1a fp=0xc00666f220 sp=0xc00666ee50 pc=0x7ff656f4ca9a
github.com/evanw/esbuild/internal/bundler.RunOnResolvePlugins({_, _, _}, _, {0xc00565c570, 0xc00362a0d8, 0xc00362a0f0, 
0xc00362a108, 0x3, 0xc00565c540}, ...)
	github.com/evanw/esbuild/internal/bundler/bundler.go:1154 +0x36a fp=0xc00666f690 sp=0xc00666f220 pc=0x7ff656f80e0a
github.com/evanw/esbuild/pkg/api.loadPlugins.func2({0xc0056d8930, 0x6d}, {{0xc005425870, 0x10}, {0x0, 0x0}, {0x0, 
0x0}, {0xc004eeb9c0, 0x36}, ...})
	github.com/evanw/esbuild/pkg/api/api_impl.go:2114 +0x4be fp=0xc00666fd18 sp=0xc00666f690 pc=0x7ff65703809e
main.(*serviceType).convertPlugins.func2.1(0x9e, 0xc005059080)
	github.com/evanw/esbuild/cmd/esbuild/service.go:944 +0x665 fp=0xc00666ff50 sp=0xc00666fd18 pc=0x7ff65707a885
main.(*serviceType).handleIncomingPacket.func4()
	github.com/evanw/esbuild/cmd/esbuild/service.go:262 +0xa4 fp=0xc00666ffe0 sp=0xc00666ff50 pc=0x7ff6570740a4
runtime.goexit({})
	runtime/asm_amd64.s:1693 +0x1 fp=0xc00666ffe8 sp=0xc00666ffe0 pc=0x7ff656bcf221
created by main.(*serviceType).handleIncomingPacket in goroutine 1
	github.com/evanw/esbuild/cmd/esbuild/service.go:257 +0x156e

goroutine 1427 gp=0xc003c17180 m=nil [runnable]:
runtime.cgocall(0x7ff656bd0a40, 0xc001d29358)
	runtime/cgocall.go:167 +0x3e fp=0xc000f820f0 sp=0xc000f82088 pc=0x7ff656bc467e
runtime.syscall_syscalln(0x900?, 0xc001d29008?, {0xc000f82138?, 0xc000f82158?, 0x7ff656bc504c?})
	runtime/syscall_windows.go:521 +0x4e fp=0xc000f82110 sp=0xc000f820f0 pc=0x7ff656bb0bee
syscall.Syscall6(0xc000f82101?, 0x7ff656c0760f?, 0xc0067728b8?, 0x12?, 0x8f?, 0x470?, 0x2?, 0x48?)
	runtime/syscall_windows.go:463 +0x38 fp=0xc000f82178 sp=0xc000f82110 pc=0x7ff656bcb038
internal/syscall/windows.GetFileInformationByHandleEx(0x12a0, 0xa, 0x12?, 0x10000)
	internal/syscall/windows/zsyscall_windows.go:323 +0x73 fp=0xc000f821d8 sp=0xc000f82178 pc=0x7ff656c216f3
os.(*File).readdir(0xc005e500c0, 0xffffffffffffffff, 0x0)
	os/dir_windows.go:125 +0x2bf fp=0xc000f822d0 sp=0xc000f821d8 pc=0x7ff656c2ad1f
os.(*File).Readdirnames(0xc0064f0ae0?, 0x0?)
	os/dir.go:73 +0x1a fp=0xc000f82308 sp=0xc000f822d0 pc=0x7ff656c2a8da
github.com/evanw/esbuild/internal/fs.(*realFS).readdir(0xc0000da080, {0xc0064f0ae0, 0x5f})
	github.com/evanw/esbuild/internal/fs/fs_real.go:362 +0xfd fp=0xc000f823a0 sp=0xc000f82308 pc=0x7ff656c9c3bd
github.com/evanw/esbuild/internal/fs.(*realFS).ReadDirectory(0xc0000da080, {0xc0064f0ae0, 0x5f})
	github.com/evanw/esbuild/internal/fs/fs_real.go:146 +0x177 fp=0xc000f82530 sp=0xc000f823a0 pc=0x7ff656c9a637
github.com/evanw/esbuild/internal/fs.(*zipFS).ReadDirectory(0xc0000a6120, {0xc0064f0ae0, 0x5f})
	github.com/evanw/esbuild/internal/fs/fs_zip.go:188 +0xbf fp=0xc000f82670 sp=0xc000f82530 pc=0x7ff656c9e7df
github.com/evanw/esbuild/internal/resolver.resolverQuery.loadAsFile({0xc001a7a908?, 0xc0032da960?, 0x0?, 0x6b?}, 
{0xc0056d8a10, 0x6d}, {0xc004f2ddb0, 0x5, 0x1b656c9c852?})
	github.com/evanw/esbuild/internal/resolver/resolver.go:1741 +0x31e fp=0xc000f828e0 sp=0xc000f82670 pc=0x7ff656f5a03e
github.com/evanw/esbuild/internal/resolver.resolverQuery.loadAsFileOrDirectory({0xc001a7a908?, 0xc0032da960?, 0x0?, 
0x60?}, {0xc0056d8a10, 0x6d})
	github.com/evanw/esbuild/internal/resolver/resolver.go:1930 +0x173 fp=0xc000f82a88 sp=0xc000f828e0 pc=0x7ff656f5c1f3
github.com/evanw/esbuild/internal/resolver.resolverQuery.resolveWithoutSymlinks({0xc001a7a908?, 0xc0032da960?, 0x0?, 
0x0?}, {0xc004eebb00, 0x36}, 0xc005bef680, {0xc0056d8a10, 0x6d})
	github.com/evanw/esbuild/internal/resolver/resolver.go:981 +0x4f1 fp=0xc000f82e50 sp=0xc000f82a88 pc=0x7ff656f52651
github.com/evanw/esbuild/internal/resolver.(*Resolver).Resolve(0xc001a7a908, {0xc004eebb00, 0x36}, {0xc0056d8a10, 
0x6d}, 0x1)
	github.com/evanw/esbuild/internal/resolver/resolver.go:548 +0x16f9 fp=0xc000f83220 sp=0xc000f82e50 pc=0x7ff656f4c779
github.com/evanw/esbuild/internal/bundler.RunOnResolvePlugins({_, _, _}, _, {0xc005489830, 0xc005159770, 0xc005159788, 
0xc0051597a0, 0x3, 0xc005489800}, ...)
	github.com/evanw/esbuild/internal/bundler/bundler.go:1154 +0x36a fp=0xc000f83690 sp=0xc000f83220 pc=0x7ff656f80e0a
github.com/evanw/esbuild/pkg/api.loadPlugins.func2({0xc0056d8a10, 0x6d}, {{0xc005425a50, 0x10}, {0x0, 0x0}, {0x0, 
0x0}, {0xc004eebb00, 0x36}, ...})
	github.com/evanw/esbuild/pkg/api/api_impl.go:2114 +0x4be fp=0xc000f83d18 sp=0xc000f83690 pc=0x7ff65703809e
main.(*serviceType).convertPlugins.func2.1(0xa3, 0xc005059170)
	github.com/evanw/esbuild/cmd/esbuild/service.go:944 +0x665 fp=0xc000f83f50 sp=0xc000f83d18 pc=0x7ff65707a885
main.(*serviceType).handleIncomingPacket.func4()
	github.com/evanw/esbuild/cmd/esbuild/service.go:262 +0xa4 fp=0xc000f83fe0 sp=0xc000f83f50 pc=0x7ff6570740a4
runtime.goexit({})
	runtime/asm_amd64.s:1693 +0x1 fp=0xc000f83fe8 sp=0xc000f83fe0 pc=0x7ff656bcf221
created by main.(*serviceType).handleIncomingPacket in goroutine 1
	github.com/evanw/esbuild/cmd/esbuild/service.go:257 +0x156e

goroutine 1428 gp=0xc003ae8700 m=nil [chan send]:
runtime.gopark(0xc005bc5e00?, 0x4?, 0xb0?, 0x3b?, 0xc0000ca080?)
	runtime/proc.go:460 +0xce fp=0xc003633b20 sp=0xc003633b00 pc=0x7ff656bc72ce
runtime.chansend(0xc000136000, 0x7ff6572b1690, 0x1, 0x0?)
	runtime/chan.go:283 +0x3cb fp=0xc003633b90 sp=0xc003633b20 pc=0x7ff656b5d58b
runtime.chansend1(0xc0000ca080?, 0xc005bc5810?)
	runtime/chan.go:161 +0x17 fp=0xc003633bc0 sp=0xc003633b90 pc=0x7ff656b5d1b7
github.com/evanw/esbuild/internal/fs.BeforeFileOpen(...)
	github.com/evanw/esbuild/internal/fs/fs.go:245
github.com/evanw/esbuild/internal/fs.(*realFS).kind(0xc0000da080, {0xc005bc5860?, 0x4?}, {0xc0038934a8?, 
0xc003633cf0?})
	github.com/evanw/esbuild/internal/fs/fs_real.go:413 +0xb3 fp=0xc003633c60 sp=0xc003633bc0 pc=0x7ff656c9c793
github.com/evanw/esbuild/internal/fs.(*zipFS).kind(0xc0064a5770?, {0xc005bc5860?, 0x4?}, {0xc0038934a8?, 0x43?})
	github.com/evanw/esbuild/internal/fs/fs_zip.go:330 +0x28 fp=0xc003633c98 sp=0xc003633c60 pc=0x7ff656c9fa08
github.com/evanw/esbuild/internal/fs.(*Entry).Symlink(0xc0027edec0, {0x7ff6572bce40?, 0xc0000a6120?})
	github.com/evanw/esbuild/internal/fs/fs.go:47 +0xc3 fp=0xc003633d00 sp=0xc003633c98 pc=0x7ff656c98143
github.com/evanw/esbuild/internal/resolver.resolverQuery.dirInfoUncached({0xc001a7bb08?, 0xc0053ff040?, 0x0?, 0x48?}, 
{0xc005bc5810, 0x48})
	github.com/evanw/esbuild/internal/resolver/resolver.go:1601 +0x9ae fp=0xc003633fe0 sp=0xc003633d00 pc=0x7ff656f58cae
github.com/evanw/esbuild/internal/resolver.resolverQuery.dirInfoCached({0xc001a7bb08?, 0xc0053ff040?, 0x0?, 0x2f?}, 
{0xc005bc5810, 0x48})
	github.com/evanw/esbuild/internal/resolver/resolver.go:1174 +0xee fp=0xc0036340e8 sp=0xc003633fe0 pc=0x7ff656f5420e
github.com/evanw/esbuild/internal/resolver.resolverQuery.dirInfoUncached({0xc001a7bb08?, 0xc0053ff040?, 0x0?, 0x4d?}, 
{0xc005bc57c0, 0x4d})
	github.com/evanw/esbuild/internal/resolver/resolver.go:1538 +0xe5 fp=0xc0036343c8 sp=0xc0036340e8 pc=0x7ff656f583e5
github.com/evanw/esbuild/internal/resolver.resolverQuery.dirInfoCached({0xc001a7bb08?, 0xc0053ff040?, 0x0?, 0x0?}, 
{0xc005bc57c0, 0x4d})
	github.com/evanw/esbuild/internal/resolver/resolver.go:1174 +0xee fp=0xc0036344d0 sp=0xc0036343c8 pc=0x7ff656f5420e
github.com/evanw/esbuild/internal/resolver.resolverQuery.dirInfoUncached({0xc001a7bb08?, 0xc0053ff040?, 0x0?, 0x51?}, 
{0xc006902540, 0x51})
	github.com/evanw/esbuild/internal/resolver/resolver.go:1538 +0xe5 fp=0xc0036347b0 sp=0xc0036344d0 pc=0x7ff656f583e5
github.com/evanw/esbuild/internal/resolver.resolverQuery.dirInfoCached({0xc001a7bb08?, 0xc0053ff040?, 0x0?, 0x78?}, 
{0xc006902540, 0x51})
	github.com/evanw/esbuild/internal/resolver/resolver.go:1174 +0xee fp=0xc0036348b8 sp=0xc0036347b0 pc=0x7ff656f5420e
github.com/evanw/esbuild/internal/resolver.resolverQuery.dirInfoUncached({0xc001a7bb08?, 0xc0053ff040?, 0x0?, 0x5a?}, 
{0xc0069024e0, 0x5a})
	github.com/evanw/esbuild/internal/resolver/resolver.go:1538 +0xe5 fp=0xc003634b98 sp=0xc0036348b8 pc=0x7ff656f583e5
github.com/evanw/esbuild/internal/resolver.resolverQuery.dirInfoCached({0xc001a7bb08?, 0xc0053ff040?, 0x0?, 0x40?}, 
{0xc0069024e0, 0x5a})
	github.com/evanw/esbuild/internal/resolver/resolver.go:1174 +0xee fp=0xc003634ca0 sp=0xc003634b98 pc=0x7ff656f5420e
github.com/evanw/esbuild/internal/resolver.resolverQuery.finalizeResolve({0xc001a7bb08?, 0xc0053ff040?, 0x0?, 0x0?}, 
0xc004276c60)
	github.com/evanw/esbuild/internal/resolver/resolver.go:842 +0x6f1 fp=0xc003634e50 sp=0xc003634ca0 pc=0x7ff656f510d1
github.com/evanw/esbuild/internal/resolver.(*Resolver).Resolve(0xc001a7bb08, {0xc004eebb40, 0x36}, {0xc0056d8a80, 
0x67}, 0x1)
	github.com/evanw/esbuild/internal/resolver/resolver.go:572 +0x1a1a fp=0xc003635220 sp=0xc003634e50 pc=0x7ff656f4ca9a
github.com/evanw/esbuild/internal/bundler.RunOnResolvePlugins({_, _, _}, _, {0xc005489950, 0xc0051597d0, 0xc0051597e8, 
0xc005159800, 0x3, 0xc005489920}, ...)
	github.com/evanw/esbuild/internal/bundler/bundler.go:1154 +0x36a fp=0xc003635690 sp=0xc003635220 pc=0x7ff656f80e0a
github.com/evanw/esbuild/pkg/api.loadPlugins.func2({0xc0056d8a80, 0x67}, {{0xc005425ab0, 0x10}, {0x0, 0x0}, {0x0, 
0x0}, {0xc004eebb40, 0x36}, ...})
	github.com/evanw/esbuild/pkg/api/api_impl.go:2114 +0x4be fp=0xc003635d18 sp=0xc003635690 pc=0x7ff65703809e
main.(*serviceType).convertPlugins.func2.1(0xa4, 0xc0050591a0)
	github.com/evanw/esbuild/cmd/esbuild/service.go:944 +0x665 fp=0xc003635f50 sp=0xc003635d18 pc=0x7ff65707a885
main.(*serviceType).handleIncomingPacket.func4()
	github.com/evanw/esbuild/cmd/esbuild/service.go:262 +0xa4 fp=0xc003635fe0 sp=0xc003635f50 pc=0x7ff6570740a4
runtime.goexit({})
	runtime/asm_amd64.s:1693 +0x1 fp=0xc003635fe8 sp=0xc003635fe0 pc=0x7ff656bcf221
created by main.(*serviceType).handleIncomingPacket in goroutine 1
	github.com/evanw/esbuild/cmd/esbuild/service.go:257 +0x156e

goroutine 1429 gp=0xc003ae88c0 m=nil [chan send]:
runtime.gopark(0xc0060dcd20?, 0xc0000ca080?, 0x0?, 0x0?, 0xc0000ca080?)
	runtime/proc.go:460 +0xce fp=0xc002095748 sp=0xc002095728 pc=0x7ff656bc72ce
runtime.chansend(0xc000136000, 0x7ff6572b1690, 0x1, 0x7ff656c9c852?)
	runtime/chan.go:283 +0x3cb fp=0xc0020957b8 sp=0xc002095748 pc=0x7ff656b5d58b
runtime.chansend1(0xc0000ca080?, 0xc002095840?)
	runtime/chan.go:161 +0x17 fp=0xc0020957e8 sp=0xc0020957b8 pc=0x7ff656b5d1b7
github.com/evanw/esbuild/internal/fs.BeforeFileOpen(...)
	github.com/evanw/esbuild/internal/fs/fs.go:245
github.com/evanw/esbuild/internal/fs.(*realFS).kind(0xc0000da080, {0xc006462ff0?, 0xc002095908?}, {0xc002e670b0?, 
0x7ff65714de40?})
	github.com/evanw/esbuild/internal/fs/fs_real.go:413 +0xb3 fp=0xc002095888 sp=0xc0020957e8 pc=0x7ff656c9c793
github.com/evanw/esbuild/internal/fs.(*zipFS).kind(0xc?, {0xc006462ff0?, 0x48?}, {0xc002e670b0?, 0x7ff6571d2411?})
	github.com/evanw/esbuild/internal/fs/fs_zip.go:330 +0x28 fp=0xc0020958c0 sp=0xc002095888 pc=0x7ff656c9fa08
github.com/evanw/esbuild/internal/fs.(*Entry).Kind(0xc005a9f7c0, {0x7ff6572bce40?, 0xc0000a6120?})
	github.com/evanw/esbuild/internal/fs/fs.go:37 +0xc3 fp=0xc002095918 sp=0xc0020958c0 pc=0x7ff656c97f83
github.com/evanw/esbuild/internal/resolver.resolverQuery.dirInfoUncached({0xc0027f0488?, 0xc002a9f4f0?, 0x0?, 0x48?}, 
{0xc006462ff0, 0x48})
	github.com/evanw/esbuild/internal/resolver/resolver.go:1618 +0xf2c fp=0xc002095bf8 sp=0xc002095918 pc=0x7ff656f5922c
github.com/evanw/esbuild/internal/resolver.resolverQuery.dirInfoCached({0xc0027f0488?, 0xc002a9f4f0?, 0x0?, 0x9e?}, 
{0xc006462ff0, 0x48})
	github.com/evanw/esbuild/internal/resolver/resolver.go:1174 +0xee fp=0xc002095d00 sp=0xc002095bf8 pc=0x7ff656f5420e
github.com/evanw/esbuild/internal/resolver.resolverQuery.dirInfoUncached({0xc0027f0488?, 0xc002a9f4f0?, 0x0?, 0x4d?}, 
{0xc006462fa0, 0x4d})
	github.com/evanw/esbuild/internal/resolver/resolver.go:1538 +0xe5 fp=0xc002095fe0 sp=0xc002095d00 pc=0x7ff656f583e5
github.com/evanw/esbuild/internal/resolver.resolverQuery.dirInfoCached({0xc0027f0488?, 0xc002a9f4f0?, 0x0?, 0x2f?}, 
{0xc006462fa0, 0x4d})
	github.com/evanw/esbuild/internal/resolver/resolver.go:1174 +0xee fp=0xc0020960e8 sp=0xc002095fe0 pc=0x7ff656f5420e
github.com/evanw/esbuild/internal/resolver.resolverQuery.dirInfoUncached({0xc0027f0488?, 0xc002a9f4f0?, 0x0?, 0x51?}, 
{0xc00608d440, 0x51})
	github.com/evanw/esbuild/internal/resolver/resolver.go:1538 +0xe5 fp=0xc0020963c8 sp=0xc0020960e8 pc=0x7ff656f583e5
github.com/evanw/esbuild/internal/resolver.resolverQuery.dirInfoCached({0xc0027f0488?, 0xc002a9f4f0?, 0x0?, 0x0?}, 
{0xc00608d440, 0x51})
	github.com/evanw/esbuild/internal/resolver/resolver.go:1174 +0xee fp=0xc0020964d0 sp=0xc0020963c8 pc=0x7ff656f5420e
github.com/evanw/esbuild/internal/resolver.resolverQuery.dirInfoUncached({0xc0027f0488?, 0xc002a9f4f0?, 0x0?, 0x5a?}, 
{0xc00608d3e0, 0x5a})
	github.com/evanw/esbuild/internal/resolver/resolver.go:1538 +0xe5 fp=0xc0020967b0 sp=0xc0020964d0 pc=0x7ff656f583e5
github.com/evanw/esbuild/internal/resolver.resolverQuery.dirInfoCached({0xc0027f0488?, 0xc002a9f4f0?, 0x0?, 0x78?}, 
{0xc00608d3e0, 0x5a})
	github.com/evanw/esbuild/internal/resolver/resolver.go:1174 +0xee fp=0xc0020968b8 sp=0xc0020967b0 pc=0x7ff656f5420e
github.com/evanw/esbuild/internal/resolver.resolverQuery.dirInfoUncached({0xc0027f0488?, 0xc002a9f4f0?, 0x0?, 0x5f?}, 
{0xc00608d380, 0x5f})
	github.com/evanw/esbuild/internal/resolver/resolver.go:1538 +0xe5 fp=0xc002096b98 sp=0xc0020968b8 pc=0x7ff656f583e5
github.com/evanw/esbuild/internal/resolver.resolverQuery.dirInfoCached({0xc0027f0488?, 0xc002a9f4f0?, 0x0?, 0xf0?}, 
{0xc00608d380, 0x5f})
	github.com/evanw/esbuild/internal/resolver/resolver.go:1174 +0xee fp=0xc002096ca0 sp=0xc002096b98 pc=0x7ff656f5420e
github.com/evanw/esbuild/internal/resolver.resolverQuery.finalizeResolve({0xc0027f0488?, 0xc002a9f4f0?, 0x0?, 0x0?}, 
0xc00457ed80)
	github.com/evanw/esbuild/internal/resolver/resolver.go:842 +0x6f1 fp=0xc002096e50 sp=0xc002096ca0 pc=0x7ff656f510d1
github.com/evanw/esbuild/internal/resolver.(*Resolver).Resolve(0xc0027f0488, {0xc004eebb80, 0x36}, {0xc0056d8af0, 
0x70}, 0x1)
	github.com/evanw/esbuild/internal/resolver/resolver.go:572 +0x1a1a fp=0xc002097220 sp=0xc002096e50 pc=0x7ff656f4ca9a
github.com/evanw/esbuild/internal/bundler.RunOnResolvePlugins({_, _, _}, _, {0xc005489b60, 0xc005159ba8, 0xc005159bc0, 
0xc005159bd8, 0x3, 0xc005489b30}, ...)
	github.com/evanw/esbuild/internal/bundler/bundler.go:1154 +0x36a fp=0xc002097690 sp=0xc002097220 pc=0x7ff656f80e0a
github.com/evanw/esbuild/pkg/api.loadPlugins.func2({0xc0056d8af0, 0x70}, {{0xc005425b10, 0x10}, {0x0, 0x0}, {0x0, 
0x0}, {0xc004eebb80, 0x36}, ...})
	github.com/evanw/esbuild/pkg/api/api_impl.go:2114 +0x4be fp=0xc002097d18 sp=0xc002097690 pc=0x7ff65703809e
main.(*serviceType).convertPlugins.func2.1(0xa5, 0xc0050591d0)
	github.com/evanw/esbuild/cmd/esbuild/service.go:944 +0x665 fp=0xc002097f50 sp=0xc002097d18 pc=0x7ff65707a885
main.(*serviceType).handleIncomingPacket.func4()
	github.com/evanw/esbuild/cmd/esbuild/service.go:262 +0xa4 fp=0xc002097fe0 sp=0xc002097f50 pc=0x7ff6570740a4
runtime.goexit({})
	runtime/asm_amd64.s:1693 +0x1 fp=0xc002097fe8 sp=0xc002097fe0 pc=0x7ff656bcf221
created by main.(*serviceType).handleIncomingPacket in goroutine 1
	github.com/evanw/esbuild/cmd/esbuild/service.go:257 +0x156e

goroutine 1430 gp=0xc003ae8a80 m=nil [chan send]:
runtime.gopark(0xc0065a9740?, 0xc0000ca080?, 0x0?, 0x0?, 0xc0000ca080?)
	runtime/proc.go:460 +0xce fp=0xc0031b5b30 sp=0xc0031b5b10 pc=0x7ff656bc72ce
runtime.chansend(0xc000136000, 0x7ff6572b1690, 0x1, 0x7ff656c9c852?)
	runtime/chan.go:283 +0x3cb fp=0xc0031b5ba0 sp=0xc0031b5b30 pc=0x7ff656b5d58b
runtime.chansend1(0xc0000ca080?, 0xc0031b5c28?)
	runtime/chan.go:161 +0x17 fp=0xc0031b5bd0 sp=0xc0031b5ba0 pc=0x7ff656b5d1b7
github.com/evanw/esbuild/internal/fs.BeforeFileOpen(...)
	github.com/evanw/esbuild/internal/fs/fs.go:245
github.com/evanw/esbuild/internal/fs.(*realFS).kind(0xc0000da080, {0xc005bc5590?, 0xc0031b5cf0?}, {0xc003f67ed0?, 
0x7ff65714de40?})
	github.com/evanw/esbuild/internal/fs/fs_real.go:413 +0xb3 fp=0xc0031b5c70 sp=0xc0031b5bd0 pc=0x7ff656c9c793
github.com/evanw/esbuild/internal/fs.(*zipFS).kind(0xc?, {0xc005bc5590?, 0x48?}, {0xc003f67ed0?, 0x7ff6571d2411?})
	github.com/evanw/esbuild/internal/fs/fs_zip.go:330 +0x28 fp=0xc0031b5ca8 sp=0xc0031b5c70 pc=0x7ff656c9fa08
github.com/evanw/esbuild/internal/fs.(*Entry).Kind(0xc00219c0c0, {0x7ff6572bce40?, 0xc0000a6120?})
	github.com/evanw/esbuild/internal/fs/fs.go:37 +0xc3 fp=0xc0031b5d00 sp=0xc0031b5ca8 pc=0x7ff656c97f83
github.com/evanw/esbuild/internal/resolver.resolverQuery.dirInfoUncached({0xc0027f0908?, 0xc00353bae0?, 0x0?, 0x48?}, 
{0xc005bc5590, 0x48})
	github.com/evanw/esbuild/internal/resolver/resolver.go:1618 +0xf2c fp=0xc0031b5fe0 sp=0xc0031b5d00 pc=0x7ff656f5922c
github.com/evanw/esbuild/internal/resolver.resolverQuery.dirInfoCached({0xc0027f0908?, 0xc00353bae0?, 0x0?, 0x2f?}, 
{0xc005bc5590, 0x48})
	github.com/evanw/esbuild/internal/resolver/resolver.go:1174 +0xee fp=0xc0031b60e8 sp=0xc0031b5fe0 pc=0x7ff656f5420e
github.com/evanw/esbuild/internal/resolver.resolverQuery.dirInfoUncached({0xc0027f0908?, 0xc00353bae0?, 0x0?, 0x4d?}, 
{0xc005bc5540, 0x4d})
	github.com/evanw/esbuild/internal/resolver/resolver.go:1538 +0xe5 fp=0xc0031b63c8 sp=0xc0031b60e8 pc=0x7ff656f583e5
github.com/evanw/esbuild/internal/resolver.resolverQuery.dirInfoCached({0xc0027f0908?, 0xc00353bae0?, 0x0?, 0x0?}, 
{0xc005bc5540, 0x4d})
	github.com/evanw/esbuild/internal/resolver/resolver.go:1174 +0xee fp=0xc0031b64d0 sp=0xc0031b63c8 pc=0x7ff656f5420e
github.com/evanw/esbuild/internal/resolver.resolverQuery.dirInfoUncached({0xc0027f0908?, 0xc00353bae0?, 0x0?, 0x51?}, 
{0xc006902480, 0x51})
	github.com/evanw/esbuild/internal/resolver/resolver.go:1538 +0xe5 fp=0xc0031b67b0 sp=0xc0031b64d0 pc=0x7ff656f583e5
github.com/evanw/esbuild/internal/resolver.resolverQuery.dirInfoCached({0xc0027f0908?, 0xc00353bae0?, 0x0?, 0x78?}, 
{0xc006902480, 0x51})
	github.com/evanw/esbuild/internal/resolver/resolver.go:1174 +0xee fp=0xc0031b68b8 sp=0xc0031b67b0 pc=0x7ff656f5420e
github.com/evanw/esbuild/internal/resolver.resolverQuery.dirInfoUncached({0xc0027f0908?, 0xc00353bae0?, 0x0?, 0x5a?}, 
{0xc006902420, 0x5a})
	github.com/evanw/esbuild/internal/resolver/resolver.go:1538 +0xe5 fp=0xc0031b6b98 sp=0xc0031b68b8 pc=0x7ff656f583e5
github.com/evanw/esbuild/internal/resolver.resolverQuery.dirInfoCached({0xc0027f0908?, 0xc00353bae0?, 0x0?, 0xe0?}, 
{0xc006902420, 0x5a})
	github.com/evanw/esbuild/internal/resolver/resolver.go:1174 +0xee fp=0xc0031b6ca0 sp=0xc0031b6b98 pc=0x7ff656f5420e
github.com/evanw/esbuild/internal/resolver.resolverQuery.finalizeResolve({0xc0027f0908?, 0xc00353bae0?, 0x0?, 0x0?}, 
0xc004276900)
	github.com/evanw/esbuild/internal/resolver/resolver.go:842 +0x6f1 fp=0xc0031b6e50 sp=0xc0031b6ca0 pc=0x7ff656f510d1
github.com/evanw/esbuild/internal/resolver.(*Resolver).Resolve(0xc0027f0908, {0xc004eebbc0, 0x36}, {0xc0056d8b60, 
0x6a}, 0x1)
	github.com/evanw/esbuild/internal/resolver/resolver.go:572 +0x1a1a fp=0xc0031b7220 sp=0xc0031b6e50 pc=0x7ff656f4ca9a
github.com/evanw/esbuild/internal/bundler.RunOnResolvePlugins({_, _, _}, _, {0xc005489c80, 0xc005159c08, 0xc005159c20, 
0xc005159c38, 0x3, 0xc005489c50}, ...)
	github.com/evanw/esbuild/internal/bundler/bundler.go:1154 +0x36a fp=0xc0031b7690 sp=0xc0031b7220 pc=0x7ff656f80e0a
github.com/evanw/esbuild/pkg/api.loadPlugins.func2({0xc0056d8b60, 0x6a}, {{0xc005425b70, 0x10}, {0x0, 0x0}, {0x0, 
0x0}, {0xc004eebbc0, 0x36}, ...})
	github.com/evanw/esbuild/pkg/api/api_impl.go:2114 +0x4be fp=0xc0031b7d18 sp=0xc0031b7690 pc=0x7ff65703809e
main.(*serviceType).convertPlugins.func2.1(0xa6, 0xc005059200)
	github.com/evanw/esbuild/cmd/esbuild/service.go:944 +0x665 fp=0xc0031b7f50 sp=0xc0031b7d18 pc=0x7ff65707a885
main.(*serviceType).handleIncomingPacket.func4()
	github.com/evanw/esbuild/cmd/esbuild/service.go:262 +0xa4 fp=0xc0031b7fe0 sp=0xc0031b7f50 pc=0x7ff6570740a4
runtime.goexit({})
	runtime/asm_amd64.s:1693 +0x1 fp=0xc0031b7fe8 sp=0xc0031b7fe0 pc=0x7ff656bcf221
created by main.(*serviceType).handleIncomingPacket in goroutine 1
	github.com/evanw/esbuild/cmd/esbuild/service.go:257 +0x156e

goroutine 1431 gp=0xc003ae8c40 m=nil [chan send]:
runtime.gopark(0xc005e03e00?, 0x4?, 0xc8?, 0x57?, 0xc0000ca080?)
	runtime/proc.go:460 +0xce fp=0xc002fe5738 sp=0xc002fe5718 pc=0x7ff656bc72ce
runtime.chansend(0xc000136000, 0x7ff6572b1690, 0x1, 0x0?)
	runtime/chan.go:283 +0x3cb fp=0xc002fe57a8 sp=0xc002fe5738 pc=0x7ff656b5d58b
runtime.chansend1(0xc0000ca080?, 0xc004d9eff0?)
	runtime/chan.go:161 +0x17 fp=0xc002fe57d8 sp=0xc002fe57a8 pc=0x7ff656b5d1b7
github.com/evanw/esbuild/internal/fs.BeforeFileOpen(...)
	github.com/evanw/esbuild/internal/fs/fs.go:245
github.com/evanw/esbuild/internal/fs.(*realFS).kind(0xc0000da080, {0xc004d9f220?, 0x4?}, {0xc002b15038?, 
0xc002fe5908?})
	github.com/evanw/esbuild/internal/fs/fs_real.go:413 +0xb3 fp=0xc002fe5878 sp=0xc002fe57d8 pc=0x7ff656c9c793
github.com/evanw/esbuild/internal/fs.(*zipFS).kind(0xc005d9d8f0?, {0xc004d9f220?, 0x4?}, {0xc002b15038?, 0x43?})
	github.com/evanw/esbuild/internal/fs/fs_zip.go:330 +0x28 fp=0xc002fe58b0 sp=0xc002fe5878 pc=0x7ff656c9fa08
github.com/evanw/esbuild/internal/fs.(*Entry).Symlink(0xc00218d0c0, {0x7ff6572bce40?, 0xc0000a6120?})
	github.com/evanw/esbuild/internal/fs/fs.go:47 +0xc3 fp=0xc002fe5918 sp=0xc002fe58b0 pc=0x7ff656c98143
github.com/evanw/esbuild/internal/resolver.resolverQuery.dirInfoUncached({0xc0027f1208?, 0xc005d67bd0?, 0x0?, 0x48?}, 
{0xc004d9eff0, 0x48})
	github.com/evanw/esbuild/internal/resolver/resolver.go:1601 +0x9ae fp=0xc002fe5bf8 sp=0xc002fe5918 pc=0x7ff656f58cae
github.com/evanw/esbuild/internal/resolver.resolverQuery.dirInfoCached({0xc0027f1208?, 0xc005d67bd0?, 0x0?, 0x9e?}, 
{0xc004d9eff0, 0x48})
	github.com/evanw/esbuild/internal/resolver/resolver.go:1174 +0xee fp=0xc002fe5d00 sp=0xc002fe5bf8 pc=0x7ff656f5420e
github.com/evanw/esbuild/internal/resolver.resolverQuery.dirInfoUncached({0xc0027f1208?, 0xc005d67bd0?, 0x0?, 0x4d?}, 
{0xc004d9ef50, 0x4d})
	github.com/evanw/esbuild/internal/resolver/resolver.go:1538 +0xe5 fp=0xc002fe5fe0 sp=0xc002fe5d00 pc=0x7ff656f583e5
github.com/evanw/esbuild/internal/resolver.resolverQuery.dirInfoCached({0xc0027f1208?, 0xc005d67bd0?, 0x0?, 0x2f?}, 
{0xc004d9ef50, 0x4d})
	github.com/evanw/esbuild/internal/resolver/resolver.go:1174 +0xee fp=0xc002fe60e8 sp=0xc002fe5fe0 pc=0x7ff656f5420e
github.com/evanw/esbuild/internal/resolver.resolverQuery.dirInfoUncached({0xc0027f1208?, 0xc005d67bd0?, 0x0?, 0x51?}, 
{0xc00668c8a0, 0x51})
	github.com/evanw/esbuild/internal/resolver/resolver.go:1538 +0xe5 fp=0xc002fe63c8 sp=0xc002fe60e8 pc=0x7ff656f583e5
github.com/evanw/esbuild/internal/resolver.resolverQuery.dirInfoCached({0xc0027f1208?, 0xc005d67bd0?, 0x0?, 0x0?}, 
{0xc00668c8a0, 0x51})
	github.com/evanw/esbuild/internal/resolver/resolver.go:1174 +0xee fp=0xc002fe64d0 sp=0xc002fe63c8 pc=0x7ff656f5420e
github.com/evanw/esbuild/internal/resolver.resolverQuery.dirInfoUncached({0xc0027f1208?, 0xc005d67bd0?, 0x0?, 0x5a?}, 
{0xc00668c840, 0x5a})
	github.com/evanw/esbuild/internal/resolver/resolver.go:1538 +0xe5 fp=0xc002fe67b0 sp=0xc002fe64d0 pc=0x7ff656f583e5
github.com/evanw/esbuild/internal/resolver.resolverQuery.dirInfoCached({0xc0027f1208?, 0xc005d67bd0?, 0x0?, 0x78?}, 
{0xc00668c840, 0x5a})
	github.com/evanw/esbuild/internal/resolver/resolver.go:1174 +0xee fp=0xc002fe68b8 sp=0xc002fe67b0 pc=0x7ff656f5420e
github.com/evanw/esbuild/internal/resolver.resolverQuery.dirInfoUncached({0xc0027f1208?, 0xc005d67bd0?, 0x0?, 0x65?}, 
{0xc0067a5030, 0x65})
	github.com/evanw/esbuild/internal/resolver/resolver.go:1538 +0xe5 fp=0xc002fe6b98 sp=0xc002fe68b8 pc=0x7ff656f583e5
github.com/evanw/esbuild/internal/resolver.resolverQuery.dirInfoCached({0xc0027f1208?, 0xc005d67bd0?, 0x0?, 0xd0?}, 
{0xc0067a5030, 0x65})
	github.com/evanw/esbuild/internal/resolver/resolver.go:1174 +0xee fp=0xc002fe6ca0 sp=0xc002fe6b98 pc=0x7ff656f5420e
github.com/evanw/esbuild/internal/resolver.resolverQuery.finalizeResolve({0xc0027f1208?, 0xc005d67bd0?, 0x0?, 0x0?}, 
0xc0037a2120)
	github.com/evanw/esbuild/internal/resolver/resolver.go:842 +0x6f1 fp=0xc002fe6e50 sp=0xc002fe6ca0 pc=0x7ff656f510d1
github.com/evanw/esbuild/internal/resolver.(*Resolver).Resolve(0xc0027f1208, {0xc004eebc00, 0x36}, {0xc0056d8bd0, 
0x6e}, 0x1)
	github.com/evanw/esbuild/internal/resolver/resolver.go:572 +0x1a1a fp=0xc002fe7220 sp=0xc002fe6e50 pc=0x7ff656f4ca9a
github.com/evanw/esbuild/internal/bundler.RunOnResolvePlugins({_, _, _}, _, {0xc005489da0, 0xc005159c68, 0xc005159c80, 
0xc005159c98, 0x3, 0xc005489d70}, ...)
	github.com/evanw/esbuild/internal/bundler/bundler.go:1154 +0x36a fp=0xc002fe7690 sp=0xc002fe7220 pc=0x7ff656f80e0a
github.com/evanw/esbuild/pkg/api.loadPlugins.func2({0xc0056d8bd0, 0x6e}, {{0xc005425bd0, 0x10}, {0x0, 0x0}, {0x0, 
0x0}, {0xc004eebc00, 0x36}, ...})
	github.com/evanw/esbuild/pkg/api/api_impl.go:2114 +0x4be fp=0xc002fe7d18 sp=0xc002fe7690 pc=0x7ff65703809e
main.(*serviceType).convertPlugins.func2.1(0xa7, 0xc005059230)
	github.com/evanw/esbuild/cmd/esbuild/service.go:944 +0x665 fp=0xc002fe7f50 sp=0xc002fe7d18 pc=0x7ff65707a885
main.(*serviceType).handleIncomingPacket.func4()
	github.com/evanw/esbuild/cmd/esbuild/service.go:262 +0xa4 fp=0xc002fe7fe0 sp=0xc002fe7f50 pc=0x7ff6570740a4
runtime.goexit({})
	runtime/asm_amd64.s:1693 +0x1 fp=0xc002fe7fe8 sp=0xc002fe7fe0 pc=0x7ff656bcf221
created by main.(*serviceType).handleIncomingPacket in goroutine 1
	github.com/evanw/esbuild/cmd/esbuild/service.go:257 +0x156e

goroutine 1432 gp=0xc003ae8e00 m=nil [chan send]:
runtime.gopark(0xc00457a460?, 0x0?, 0xd8?, 0xd?, 0xc0000ca080?)
	runtime/proc.go:460 +0xce fp=0xc003f95b20 sp=0xc003f95b00 pc=0x7ff656bc72ce
runtime.chansend(0xc000136000, 0x7ff6572b1690, 0x1, 0x7ff657618cb8?)
	runtime/chan.go:283 +0x3cb fp=0xc003f95b90 sp=0xc003f95b20 pc=0x7ff656b5d58b
runtime.chansend1(0xc0000ca080?, 0x7ff656b77a45?)
	runtime/chan.go:161 +0x17 fp=0xc003f95bc0 sp=0xc003f95b90 pc=0x7ff656b5d1b7
github.com/evanw/esbuild/internal/fs.BeforeFileOpen(...)
	github.com/evanw/esbuild/internal/fs/fs.go:245
github.com/evanw/esbuild/internal/fs.(*realFS).kind(0xc0000da080, {0xc005e03770?, 0x4?}, {0xc001e9c698?, 
0xc003f95cf0?})
	github.com/evanw/esbuild/internal/fs/fs_real.go:413 +0xb3 fp=0xc003f95c60 sp=0xc003f95bc0 pc=0x7ff656c9c793
github.com/evanw/esbuild/internal/fs.(*zipFS).kind(0xc005d798f0?, {0xc005e03770?, 0x4?}, {0xc001e9c698?, 0x43?})
	github.com/evanw/esbuild/internal/fs/fs_zip.go:330 +0x28 fp=0xc003f95c98 sp=0xc003f95c60 pc=0x7ff656c9fa08
github.com/evanw/esbuild/internal/fs.(*Entry).Symlink(0xc005d77900, {0x7ff6572bce40?, 0xc0000a6120?})
	github.com/evanw/esbuild/internal/fs/fs.go:47 +0xc3 fp=0xc003f95d00 sp=0xc003f95c98 pc=0x7ff656c98143
github.com/evanw/esbuild/internal/resolver.resolverQuery.dirInfoUncached({0xc0027f1688?, 0xc0035b4cd0?, 0x0?, 0x48?}, 
{0xc005e03720, 0x48})
	github.com/evanw/esbuild/internal/resolver/resolver.go:1601 +0x9ae fp=0xc003f95fe0 sp=0xc003f95d00 pc=0x7ff656f58cae
github.com/evanw/esbuild/internal/resolver.resolverQuery.dirInfoCached({0xc0027f1688?, 0xc0035b4cd0?, 0x0?, 0x2f?}, 
{0xc005e03720, 0x48})
	github.com/evanw/esbuild/internal/resolver/resolver.go:1174 +0xee fp=0xc003f960e8 sp=0xc003f95fe0 pc=0x7ff656f5420e
github.com/evanw/esbuild/internal/resolver.resolverQuery.dirInfoUncached({0xc0027f1688?, 0xc0035b4cd0?, 0x0?, 0x4d?}, 
{0xc005e036d0, 0x4d})
	github.com/evanw/esbuild/internal/resolver/resolver.go:1538 +0xe5 fp=0xc003f963c8 sp=0xc003f960e8 pc=0x7ff656f583e5
github.com/evanw/esbuild/internal/resolver.resolverQuery.dirInfoCached({0xc0027f1688?, 0xc0035b4cd0?, 0x0?, 0x0?}, 
{0xc005e036d0, 0x4d})
	github.com/evanw/esbuild/internal/resolver/resolver.go:1174 +0xee fp=0xc003f964d0 sp=0xc003f963c8 pc=0x7ff656f5420e
github.com/evanw/esbuild/internal/resolver.resolverQuery.dirInfoUncached({0xc0027f1688?, 0xc0035b4cd0?, 0x0?, 0x51?}, 
{0xc0065a8d20, 0x51})
	github.com/evanw/esbuild/internal/resolver/resolver.go:1538 +0xe5 fp=0xc003f967b0 sp=0xc003f964d0 pc=0x7ff656f583e5
github.com/evanw/esbuild/internal/resolver.resolverQuery.dirInfoCached({0xc0027f1688?, 0xc0035b4cd0?, 0x0?, 0x78?}, 
{0xc0065a8d20, 0x51})
	github.com/evanw/esbuild/internal/resolver/resolver.go:1174 +0xee fp=0xc003f968b8 sp=0xc003f967b0 pc=0x7ff656f5420e
github.com/evanw/esbuild/internal/resolver.resolverQuery.dirInfoUncached({0xc0027f1688?, 0xc0035b4cd0?, 0x0?, 0x5a?}, 
{0xc0065a8cc0, 0x5a})
	github.com/evanw/esbuild/internal/resolver/resolver.go:1538 +0xe5 fp=0xc003f96b98 sp=0xc003f968b8 pc=0x7ff656f583e5
github.com/evanw/esbuild/internal/resolver.resolverQuery.dirInfoCached({0xc0027f1688?, 0xc0035b4cd0?, 0x0?, 0xd0?}, 
{0xc0065a8cc0, 0x5a})
	github.com/evanw/esbuild/internal/resolver/resolver.go:1174 +0xee fp=0xc003f96ca0 sp=0xc003f96b98 pc=0x7ff656f5420e
github.com/evanw/esbuild/internal/resolver.resolverQuery.finalizeResolve({0xc0027f1688?, 0xc0035b4cd0?, 0x0?, 0x0?}, 
0xc00432ac60)
	github.com/evanw/esbuild/internal/resolver/resolver.go:842 +0x6f1 fp=0xc003f96e50 sp=0xc003f96ca0 pc=0x7ff656f510d1
github.com/evanw/esbuild/internal/resolver.(*Resolver).Resolve(0xc0027f1688, {0xc004eebc40, 0x36}, {0xc0056d8c40, 
0x68}, 0x1)
	github.com/evanw/esbuild/internal/resolver/resolver.go:572 +0x1a1a fp=0xc003f97220 sp=0xc003f96e50 pc=0x7ff656f4ca9a
github.com/evanw/esbuild/internal/bundler.RunOnResolvePlugins({_, _, _}, _, {0xc005489ec0, 0xc005159cc8, 0xc005159ce0, 
0xc005159cf8, 0x3, 0xc005489e90}, ...)
	github.com/evanw/esbuild/internal/bundler/bundler.go:1154 +0x36a fp=0xc003f97690 sp=0xc003f97220 pc=0x7ff656f80e0a
github.com/evanw/esbuild/pkg/api.loadPlugins.func2({0xc0056d8c40, 0x68}, {{0xc005425c30, 0x10}, {0x0, 0x0}, {0x0, 
0x0}, {0xc004eebc40, 0x36}, ...})
	github.com/evanw/esbuild/pkg/api/api_impl.go:2114 +0x4be fp=0xc003f97d18 sp=0xc003f97690 pc=0x7ff65703809e
main.(*serviceType).convertPlugins.func2.1(0xa8, 0xc005059260)
	github.com/evanw/esbuild/cmd/esbuild/service.go:944 +0x665 fp=0xc003f97f50 sp=0xc003f97d18 pc=0x7ff65707a885
main.(*serviceType).handleIncomingPacket.func4()
	github.com/evanw/esbuild/cmd/esbuild/service.go:262 +0xa4 fp=0xc003f97fe0 sp=0xc003f97f50 pc=0x7ff6570740a4
runtime.goexit({})
	runtime/asm_amd64.s:1693 +0x1 fp=0xc003f97fe8 sp=0xc003f97fe0 pc=0x7ff656bcf221
created by main.(*serviceType).handleIncomingPacket in goroutine 1
	github.com/evanw/esbuild/cmd/esbuild/service.go:257 +0x156e

goroutine 1433 gp=0xc003ae8fc0 m=nil [chan send]:
runtime.gopark(0xc005bc5e50?, 0x4?, 0xc8?, 0xd7?, 0xc0000ca080?)
	runtime/proc.go:460 +0xce fp=0xc00306d738 sp=0xc00306d718 pc=0x7ff656bc72ce
runtime.chansend(0xc000136000, 0x7ff6572b1690, 0x1, 0x0?)
	runtime/chan.go:283 +0x3cb fp=0xc00306d7a8 sp=0xc00306d738 pc=0x7ff656b5d58b
runtime.chansend1(0xc0000ca080?, 0xc006084f00?)
	runtime/chan.go:161 +0x17 fp=0xc00306d7d8 sp=0xc00306d7a8 pc=0x7ff656b5d1b7
github.com/evanw/esbuild/internal/fs.BeforeFileOpen(...)
	github.com/evanw/esbuild/internal/fs/fs.go:245
github.com/evanw/esbuild/internal/fs.(*realFS).kind(0xc0000da080, {0xc006084f50?, 0x4?}, {0xc0025994a8?, 
0xc00306d908?})
	github.com/evanw/esbuild/internal/fs/fs_real.go:413 +0xb3 fp=0xc00306d878 sp=0xc00306d7d8 pc=0x7ff656c9c793
github.com/evanw/esbuild/internal/fs.(*zipFS).kind(0xc005ff6ff0?, {0xc006084f50?, 0x4?}, {0xc0025994a8?, 0x43?})
	github.com/evanw/esbuild/internal/fs/fs_zip.go:330 +0x28 fp=0xc00306d8b0 sp=0xc00306d878 pc=0x7ff656c9fa08
github.com/evanw/esbuild/internal/fs.(*Entry).Symlink(0xc003b6eb00, {0x7ff6572bce40?, 0xc0000a6120?})
	github.com/evanw/esbuild/internal/fs/fs.go:47 +0xc3 fp=0xc00306d918 sp=0xc00306d8b0 pc=0x7ff656c98143
github.com/evanw/esbuild/internal/resolver.resolverQuery.dirInfoUncached({0xc0027f1b08?, 0xc002a9f5e0?, 0x0?, 0x48?}, 
{0xc006084f00, 0x48})
	github.com/evanw/esbuild/internal/resolver/resolver.go:1601 +0x9ae fp=0xc00306dbf8 sp=0xc00306d918 pc=0x7ff656f58cae
github.com/evanw/esbuild/internal/resolver.resolverQuery.dirInfoCached({0xc0027f1b08?, 0xc002a9f5e0?, 0x0?, 0x9e?}, 
{0xc006084f00, 0x48})
	github.com/evanw/esbuild/internal/resolver/resolver.go:1174 +0xee fp=0xc00306dd00 sp=0xc00306dbf8 pc=0x7ff656f5420e
github.com/evanw/esbuild/internal/resolver.resolverQuery.dirInfoUncached({0xc0027f1b08?, 0xc002a9f5e0?, 0x0?, 0x4d?}, 
{0xc006084eb0, 0x4d})
	github.com/evanw/esbuild/internal/resolver/resolver.go:1538 +0xe5 fp=0xc00306dfe0 sp=0xc00306dd00 pc=0x7ff656f583e5
github.com/evanw/esbuild/internal/resolver.resolverQuery.dirInfoCached({0xc0027f1b08?, 0xc002a9f5e0?, 0x0?, 0x2f?}, 
{0xc006084eb0, 0x4d})
	github.com/evanw/esbuild/internal/resolver/resolver.go:1174 +0xee fp=0xc00306e0e8 sp=0xc00306dfe0 pc=0x7ff656f5420e
github.com/evanw/esbuild/internal/resolver.resolverQuery.dirInfoUncached({0xc0027f1b08?, 0xc002a9f5e0?, 0x0?, 0x51?}, 
{0xc001a604e0, 0x51})
	github.com/evanw/esbuild/internal/resolver/resolver.go:1538 +0xe5 fp=0xc00306e3c8 sp=0xc00306e0e8 pc=0x7ff656f583e5
github.com/evanw/esbuild/internal/resolver.resolverQuery.dirInfoCached({0xc0027f1b08?, 0xc002a9f5e0?, 0x0?, 0x0?}, 
{0xc001a604e0, 0x51})
	github.com/evanw/esbuild/internal/resolver/resolver.go:1174 +0xee fp=0xc00306e4d0 sp=0xc00306e3c8 pc=0x7ff656f5420e
github.com/evanw/esbuild/internal/resolver.resolverQuery.dirInfoUncached({0xc0027f1b08?, 0xc002a9f5e0?, 0x0?, 0x5a?}, 
{0xc001a60480, 0x5a})
	github.com/evanw/esbuild/internal/resolver/resolver.go:1538 +0xe5 fp=0xc00306e7b0 sp=0xc00306e4d0 pc=0x7ff656f583e5
github.com/evanw/esbuild/internal/resolver.resolverQuery.dirInfoCached({0xc0027f1b08?, 0xc002a9f5e0?, 0x0?, 0x78?}, 
{0xc001a60480, 0x5a})
	github.com/evanw/esbuild/internal/resolver/resolver.go:1174 +0xee fp=0xc00306e8b8 sp=0xc00306e7b0 pc=0x7ff656f5420e
github.com/evanw/esbuild/internal/resolver.resolverQuery.dirInfoUncached({0xc0027f1b08?, 0xc002a9f5e0?, 0x0?, 0x65?}, 
{0xc0059ecfc0, 0x65})
	github.com/evanw/esbuild/internal/resolver/resolver.go:1538 +0xe5 fp=0xc00306eb98 sp=0xc00306e8b8 pc=0x7ff656f583e5
github.com/evanw/esbuild/internal/resolver.resolverQuery.dirInfoCached({0xc0027f1b08?, 0xc002a9f5e0?, 0x0?, 0xe0?}, 
{0xc0059ecfc0, 0x65})
	github.com/evanw/esbuild/internal/resolver/resolver.go:1174 +0xee fp=0xc00306eca0 sp=0xc00306eb98 pc=0x7ff656f5420e
github.com/evanw/esbuild/internal/resolver.resolverQuery.finalizeResolve({0xc0027f1b08?, 0xc002a9f5e0?, 0x0?, 0x0?}, 
0xc005e8bd40)
	github.com/evanw/esbuild/internal/resolver/resolver.go:842 +0x6f1 fp=0xc00306ee50 sp=0xc00306eca0 pc=0x7ff656f510d1
github.com/evanw/esbuild/internal/resolver.(*Resolver).Resolve(0xc0027f1b08, {0xc004eebc80, 0x36}, {0xc0032a2300, 
0x71}, 0x1)
	github.com/evanw/esbuild/internal/resolver/resolver.go:572 +0x1a1a fp=0xc00306f220 sp=0xc00306ee50 pc=0x7ff656f4ca9a
github.com/evanw/esbuild/internal/bundler.RunOnResolvePlugins({_, _, _}, _, {0xc004522270, 0xc005159d28, 0xc005159d40, 
0xc005159d58, 0x3, 0xc004522150}, ...)
	github.com/evanw/esbuild/internal/bundler/bundler.go:1154 +0x36a fp=0xc00306f690 sp=0xc00306f220 pc=0x7ff656f80e0a
github.com/evanw/esbuild/pkg/api.loadPlugins.func2({0xc0032a2300, 0x71}, {{0xc005425c90, 0x10}, {0x0, 0x0}, {0x0, 
0x0}, {0xc004eebc80, 0x36}, ...})
	github.com/evanw/esbuild/pkg/api/api_impl.go:2114 +0x4be fp=0xc00306fd18 sp=0xc00306f690 pc=0x7ff65703809e
main.(*serviceType).convertPlugins.func2.1(0xa9, 0xc005059290)
	github.com/evanw/esbuild/cmd/esbuild/service.go:944 +0x665 fp=0xc00306ff50 sp=0xc00306fd18 pc=0x7ff65707a885
main.(*serviceType).handleIncomingPacket.func4()
	github.com/evanw/esbuild/cmd/esbuild/service.go:262 +0xa4 fp=0xc00306ffe0 sp=0xc00306ff50 pc=0x7ff6570740a4
runtime.goexit({})
	runtime/asm_amd64.s:1693 +0x1 fp=0xc00306ffe8 sp=0xc00306ffe0 pc=0x7ff656bcf221
created by main.(*serviceType).handleIncomingPacket in goroutine 1
	github.com/evanw/esbuild/cmd/esbuild/service.go:257 +0x156e

goroutine 1434 gp=0xc003ae9180 m=nil [chan send]:
runtime.gopark(0xc006463bd0?, 0x4?, 0xc8?, 0xd7?, 0xc0000ca080?)
	runtime/proc.go:460 +0xce fp=0xc00298d738 sp=0xc00298d718 pc=0x7ff656bc72ce
runtime.chansend(0xc000136000, 0x7ff6572b1690, 0x1, 0x0?)
	runtime/chan.go:283 +0x3cb fp=0xc00298d7a8 sp=0xc00298d738 pc=0x7ff656b5d58b
runtime.chansend1(0xc0000ca080?, 0xc001a62f00?)
	runtime/chan.go:161 +0x17 fp=0xc00298d7d8 sp=0xc00298d7a8 pc=0x7ff656b5d1b7
github.com/evanw/esbuild/internal/fs.BeforeFileOpen(...)
	github.com/evanw/esbuild/internal/fs/fs.go:245
github.com/evanw/esbuild/internal/fs.(*realFS).kind(0xc0000da080, {0xc001a62f50?, 0x4?}, {0xc001bf9398?, 
0xc00298d908?})
	github.com/evanw/esbuild/internal/fs/fs_real.go:413 +0xb3 fp=0xc00298d878 sp=0xc00298d7d8 pc=0x7ff656c9c793
github.com/evanw/esbuild/internal/fs.(*zipFS).kind(0xc006558c60?, {0xc001a62f50?, 0x4?}, {0xc001bf9398?, 0x43?})
	github.com/evanw/esbuild/internal/fs/fs_zip.go:330 +0x28 fp=0xc00298d8b0 sp=0xc00298d878 pc=0x7ff656c9fa08
github.com/evanw/esbuild/internal/fs.(*Entry).Symlink(0xc003352200, {0x7ff6572bce40?, 0xc0000a6120?})
	github.com/evanw/esbuild/internal/fs/fs.go:47 +0xc3 fp=0xc00298d918 sp=0xc00298d8b0 pc=0x7ff656c98143
github.com/evanw/esbuild/internal/resolver.resolverQuery.dirInfoUncached({0xc002d14908?, 0xc004a5a9b0?, 0x0?, 0x48?}, 
{0xc001a62f00, 0x48})
	github.com/evanw/esbuild/internal/resolver/resolver.go:1601 +0x9ae fp=0xc00298dbf8 sp=0xc00298d918 pc=0x7ff656f58cae
github.com/evanw/esbuild/internal/resolver.resolverQuery.dirInfoCached({0xc002d14908?, 0xc004a5a9b0?, 0x0?, 0x9e?}, 
{0xc001a62f00, 0x48})
	github.com/evanw/esbuild/internal/resolver/resolver.go:1174 +0xee fp=0xc00298dd00 sp=0xc00298dbf8 pc=0x7ff656f5420e
github.com/evanw/esbuild/internal/resolver.resolverQuery.dirInfoUncached({0xc002d14908?, 0xc004a5a9b0?, 0x0?, 0x4d?}, 
{0xc001a62eb0, 0x4d})
	github.com/evanw/esbuild/internal/resolver/resolver.go:1538 +0xe5 fp=0xc00298dfe0 sp=0xc00298dd00 pc=0x7ff656f583e5
github.com/evanw/esbuild/internal/resolver.resolverQuery.dirInfoCached({0xc002d14908?, 0xc004a5a9b0?, 0x0?, 0x2f?}, 
{0xc001a62eb0, 0x4d})
	github.com/evanw/esbuild/internal/resolver/resolver.go:1174 +0xee fp=0xc00298e0e8 sp=0xc00298dfe0 pc=0x7ff656f5420e
github.com/evanw/esbuild/internal/resolver.resolverQuery.dirInfoUncached({0xc002d14908?, 0xc004a5a9b0?, 0x0?, 0x51?}, 
{0xc0060dc540, 0x51})
	github.com/evanw/esbuild/internal/resolver/resolver.go:1538 +0xe5 fp=0xc00298e3c8 sp=0xc00298e0e8 pc=0x7ff656f583e5
github.com/evanw/esbuild/internal/resolver.resolverQuery.dirInfoCached({0xc002d14908?, 0xc004a5a9b0?, 0x0?, 0x0?}, 
{0xc0060dc540, 0x51})
	github.com/evanw/esbuild/internal/resolver/resolver.go:1174 +0xee fp=0xc00298e4d0 sp=0xc00298e3c8 pc=0x7ff656f5420e
github.com/evanw/esbuild/internal/resolver.resolverQuery.dirInfoUncached({0xc002d14908?, 0xc004a5a9b0?, 0x0?, 0x5a?}, 
{0xc0060dc4e0, 0x5a})
	github.com/evanw/esbuild/internal/resolver/resolver.go:1538 +0xe5 fp=0xc00298e7b0 sp=0xc00298e4d0 pc=0x7ff656f583e5
github.com/evanw/esbuild/internal/resolver.resolverQuery.dirInfoCached({0xc002d14908?, 0xc004a5a9b0?, 0x0?, 0x78?}, 
{0xc0060dc4e0, 0x5a})
	github.com/evanw/esbuild/internal/resolver/resolver.go:1174 +0xee fp=0xc00298e8b8 sp=0xc00298e7b0 pc=0x7ff656f5420e
github.com/evanw/esbuild/internal/resolver.resolverQuery.dirInfoUncached({0xc002d14908?, 0xc004a5a9b0?, 0x0?, 0x65?}, 
{0xc006512a10, 0x65})
	github.com/evanw/esbuild/internal/resolver/resolver.go:1538 +0xe5 fp=0xc00298eb98 sp=0xc00298e8b8 pc=0x7ff656f583e5
github.com/evanw/esbuild/internal/resolver.resolverQuery.dirInfoCached({0xc002d14908?, 0xc004a5a9b0?, 0x0?, 0xb0?}, 
{0xc006512a10, 0x65})
	github.com/evanw/esbuild/internal/resolver/resolver.go:1174 +0xee fp=0xc00298eca0 sp=0xc00298eb98 pc=0x7ff656f5420e
github.com/evanw/esbuild/internal/resolver.resolverQuery.finalizeResolve({0xc002d14908?, 0xc004a5a9b0?, 0x0?, 0x0?}, 
0xc006827560)
	github.com/evanw/esbuild/internal/resolver/resolver.go:842 +0x6f1 fp=0xc00298ee50 sp=0xc00298eca0 pc=0x7ff656f510d1
github.com/evanw/esbuild/internal/resolver.(*Resolver).Resolve(0xc002d14908, {0xc004eebcc0, 0x36}, {0xc0032a2380, 
0x72}, 0x1)
	github.com/evanw/esbuild/internal/resolver/resolver.go:572 +0x1a1a fp=0xc00298f220 sp=0xc00298ee50 pc=0x7ff656f4ca9a
github.com/evanw/esbuild/internal/bundler.RunOnResolvePlugins({_, _, _}, _, {0xc004522960, 0xc005159d88, 0xc005159da0, 
0xc005159db8, 0x3, 0xc0045228d0}, ...)
	github.com/evanw/esbuild/internal/bundler/bundler.go:1154 +0x36a fp=0xc00298f690 sp=0xc00298f220 pc=0x7ff656f80e0a
github.com/evanw/esbuild/pkg/api.loadPlugins.func2({0xc0032a2380, 0x72}, {{0xc005425cf0, 0x10}, {0x0, 0x0}, {0x0, 
0x0}, {0xc004eebcc0, 0x36}, ...})
	github.com/evanw/esbuild/pkg/api/api_impl.go:2114 +0x4be fp=0xc00298fd18 sp=0xc00298f690 pc=0x7ff65703809e
main.(*serviceType).convertPlugins.func2.1(0xaa, 0xc0050592c0)
	github.com/evanw/esbuild/cmd/esbuild/service.go:944 +0x665 fp=0xc00298ff50 sp=0xc00298fd18 pc=0x7ff65707a885
main.(*serviceType).handleIncomingPacket.func4()
	github.com/evanw/esbuild/cmd/esbuild/service.go:262 +0xa4 fp=0xc00298ffe0 sp=0xc00298ff50 pc=0x7ff6570740a4
runtime.goexit({})
	runtime/asm_amd64.s:1693 +0x1 fp=0xc00298ffe8 sp=0xc00298ffe0 pc=0x7ff656bcf221
created by main.(*serviceType).handleIncomingPacket in goroutine 1
	github.com/evanw/esbuild/cmd/esbuild/service.go:257 +0x156e

goroutine 1435 gp=0xc003ae9340 m=nil [runnable]:
runtime.cgocall(0x7ff656bd0a40, 0xc000ff6b58)
	runtime/cgocall.go:167 +0x3e fp=0xc00300c0d8 sp=0xc00300c070 pc=0x7ff656bc467e
runtime.syscall_syscalln(0x20b0ba22ef8?, 0x7ff656c2361f?, {0xc00300c120?, 0xc00300c198?, 0x7ff656c08dea?})
	runtime/syscall_windows.go:521 +0x4e fp=0xc00300c0f8 sp=0xc00300c0d8 pc=0x7ff656bb0bee
syscall.Syscall9(0x1?, 0xc00120add0?, 0xc00300c1f0?, 0x7ff656c074fe?, 0xc006188000?, 0x65?, 0xc00120add0?, 
0xffffffffffffffff?, 0x20?, 0x0, ...)
	runtime/syscall_windows.go:469 +0x57 fp=0xc00300c178 sp=0xc00300c0f8 pc=0x7ff656bcb097
syscall.createFile(0xc006188000?, 0x80000000, 0x3, 0x1dcd2900ca32c5e?, 0x3, 0x2000001, 0x0)
	syscall/zsyscall_windows.go:507 +0xb2 fp=0xc00300c200 sp=0xc00300c178 pc=0x7ff656c0a252
syscall.Open({0xc006188000?, 0x0?}, 0x80000, 0x0)
	syscall/syscall_windows.go:436 +0x19f fp=0xc00300c290 sp=0xc00300c200 pc=0x7ff656c07dbf
os.openFileNolog({0xc006188000, 0x65}, 0x1?, 0x572afa00?)
	os/file_windows.go:158 +0x99 fp=0xc00300c2d8 sp=0xc00300c290 pc=0x7ff656c2d9d9
os.OpenFile({0xc006188000, 0x65}, 0x0, 0x0)
	os/file.go:412 +0x3e fp=0xc00300c308 sp=0xc00300c2d8 pc=0x7ff656c2ca9e
os.Open(...)
	os/file.go:390
github.com/evanw/esbuild/internal/fs.(*realFS).readdir(0xc0000da080, {0xc006188000, 0x65})
	github.com/evanw/esbuild/internal/fs/fs_real.go:353 +0x96 fp=0xc00300c3a0 sp=0xc00300c308 pc=0x7ff656c9c356
github.com/evanw/esbuild/internal/fs.(*realFS).ReadDirectory(0xc0000da080, {0xc006188000, 0x65})
	github.com/evanw/esbuild/internal/fs/fs_real.go:146 +0x177 fp=0xc00300c530 sp=0xc00300c3a0 pc=0x7ff656c9a637
github.com/evanw/esbuild/internal/fs.(*zipFS).ReadDirectory(0xc0000a6120, {0xc006188000, 0x65})
	github.com/evanw/esbuild/internal/fs/fs_zip.go:188 +0xbf fp=0xc00300c670 sp=0xc00300c530 pc=0x7ff656c9e7df
github.com/evanw/esbuild/internal/resolver.resolverQuery.loadAsFile({0xc002d14d88?, 0xc005a1cb40?, 0x0?, 0x6b?}, 
{0xc0056d8cb0, 0x6d}, {0xc0045d19f0, 0x5, 0x1b656c9c852?})
	github.com/evanw/esbuild/internal/resolver/resolver.go:1741 +0x31e fp=0xc00300c8e0 sp=0xc00300c670 pc=0x7ff656f5a03e
github.com/evanw/esbuild/internal/resolver.resolverQuery.loadAsFileOrDirectory({0xc002d14d88?, 0xc005a1cb40?, 0x0?, 
0x6d?}, {0xc0056d8cb0, 0x6d})
	github.com/evanw/esbuild/internal/resolver/resolver.go:1930 +0x173 fp=0xc00300ca88 sp=0xc00300c8e0 pc=0x7ff656f5c1f3
github.com/evanw/esbuild/internal/resolver.resolverQuery.resolveWithoutSymlinks({0xc002d14d88?, 0xc005a1cb40?, 0x0?, 
0x0?}, {0xc004eebd00, 0x36}, 0xc005de1c80, {0xc0056d8cb0, 0x6d})
	github.com/evanw/esbuild/internal/resolver/resolver.go:981 +0x4f1 fp=0xc00300ce50 sp=0xc00300ca88 pc=0x7ff656f52651
github.com/evanw/esbuild/internal/resolver.(*Resolver).Resolve(0xc002d14d88, {0xc004eebd00, 0x36}, {0xc0056d8cb0, 
0x6d}, 0x1)
	github.com/evanw/esbuild/internal/resolver/resolver.go:548 +0x16f9 fp=0xc00300d220 sp=0xc00300ce50 pc=0x7ff656f4c779
github.com/evanw/esbuild/internal/bundler.RunOnResolvePlugins({_, _, _}, _, {0xc004522c30, 0xc005159de8, 0xc005159e00, 
0xc005159e18, 0x3, 0xc004522b70}, ...)
	github.com/evanw/esbuild/internal/bundler/bundler.go:1154 +0x36a fp=0xc00300d690 sp=0xc00300d220 pc=0x7ff656f80e0a
github.com/evanw/esbuild/pkg/api.loadPlugins.func2({0xc0056d8cb0, 0x6d}, {{0xc005425d50, 0x10}, {0x0, 0x0}, {0x0, 
0x0}, {0xc004eebd00, 0x36}, ...})
	github.com/evanw/esbuild/pkg/api/api_impl.go:2114 +0x4be fp=0xc00300dd18 sp=0xc00300d690 pc=0x7ff65703809e
main.(*serviceType).convertPlugins.func2.1(0xab, 0xc0050592f0)
	github.com/evanw/esbuild/cmd/esbuild/service.go:944 +0x665 fp=0xc00300df50 sp=0xc00300dd18 pc=0x7ff65707a885
main.(*serviceType).handleIncomingPacket.func4()
	github.com/evanw/esbuild/cmd/esbuild/service.go:262 +0xa4 fp=0xc00300dfe0 sp=0xc00300df50 pc=0x7ff6570740a4
runtime.goexit({})
	runtime/asm_amd64.s:1693 +0x1 fp=0xc00300dfe8 sp=0xc00300dfe0 pc=0x7ff656bcf221
created by main.(*serviceType).handleIncomingPacket in goroutine 1
	github.com/evanw/esbuild/cmd/esbuild/service.go:257 +0x156e

goroutine 1437 gp=0xc003ae96c0 m=nil [chan send]:
runtime.gopark(0x0?, 0x0?, 0x0?, 0x0?, 0x0?)
	runtime/proc.go:460 +0xce fp=0xc006663128 sp=0xc006663108 pc=0x7ff656bc72ce
runtime.chansend(0xc000136000, 0x7ff6572b1690, 0x1, 0x0?)
	runtime/chan.go:283 +0x3cb fp=0xc006663198 sp=0xc006663128 pc=0x7ff656b5d58b
runtime.chansend1(0x0?, 0x0?)
	runtime/chan.go:161 +0x17 fp=0xc0066631c8 sp=0xc006663198 pc=0x7ff656b5d1b7
github.com/evanw/esbuild/internal/fs.BeforeFileOpen(...)
	github.com/evanw/esbuild/internal/fs/fs.go:245
github.com/evanw/esbuild/internal/fs.(*realFS).readdir(0xc0000da080, {0xc006818a00, 0x43})
	github.com/evanw/esbuild/internal/fs/fs_real.go:351 +0x6c fp=0xc006663260 sp=0xc0066631c8 pc=0x7ff656c9c32c
github.com/evanw/esbuild/internal/fs.(*realFS).ReadDirectory(0xc0000da080, {0xc006818a00, 0x43})
	github.com/evanw/esbuild/internal/fs/fs_real.go:146 +0x177 fp=0xc0066633f0 sp=0xc006663260 pc=0x7ff656c9a637
github.com/evanw/esbuild/internal/fs.(*zipFS).ReadDirectory(0xc0000a6120, {0xc006818a00, 0x43})
	github.com/evanw/esbuild/internal/fs/fs_zip.go:188 +0xbf fp=0xc006663530 sp=0xc0066633f0 pc=0x7ff656c9e7df
github.com/evanw/esbuild/internal/resolver.resolverQuery.dirInfoUncached({0xc0033fd208?, 0xc002a78a50?, 0x0?, 0x43?}, 
{0xc006818a00, 0x43})
	github.com/evanw/esbuild/internal/resolver/resolver.go:1547 +0x11b fp=0xc006663810 sp=0xc006663530 pc=0x7ff656f5841b
github.com/evanw/esbuild/internal/resolver.resolverQuery.dirInfoCached({0xc0033fd208?, 0xc002a78a50?, 0x0?, 0x9e?}, 
{0xc006818a00, 0x43})
	github.com/evanw/esbuild/internal/resolver/resolver.go:1174 +0xee fp=0xc006663918 sp=0xc006663810 pc=0x7ff656f5420e
github.com/evanw/esbuild/internal/resolver.resolverQuery.dirInfoUncached({0xc0033fd208?, 0xc002a78a50?, 0x0?, 0x48?}, 
{0xc0068189b0, 0x48})
	github.com/evanw/esbuild/internal/resolver/resolver.go:1538 +0xe5 fp=0xc006663bf8 sp=0xc006663918 pc=0x7ff656f583e5
github.com/evanw/esbuild/internal/resolver.resolverQuery.dirInfoCached({0xc0033fd208?, 0xc002a78a50?, 0x0?, 0x9e?}, 
{0xc0068189b0, 0x48})
	github.com/evanw/esbuild/internal/resolver/resolver.go:1174 +0xee fp=0xc006663d00 sp=0xc006663bf8 pc=0x7ff656f5420e
github.com/evanw/esbuild/internal/resolver.resolverQuery.dirInfoUncached({0xc0033fd208?, 0xc002a78a50?, 0x0?, 0x4d?}, 
{0xc006818960, 0x4d})
	github.com/evanw/esbuild/internal/resolver/resolver.go:1538 +0xe5 fp=0xc006663fe0 sp=0xc006663d00 pc=0x7ff656f583e5
github.com/evanw/esbuild/internal/resolver.resolverQuery.dirInfoCached({0xc0033fd208?, 0xc002a78a50?, 0x0?, 0x2f?}, 
{0xc006818960, 0x4d})
	github.com/evanw/esbuild/internal/resolver/resolver.go:1174 +0xee fp=0xc0066640e8 sp=0xc006663fe0 pc=0x7ff656f5420e
github.com/evanw/esbuild/internal/resolver.resolverQuery.dirInfoUncached({0xc0033fd208?, 0xc002a78a50?, 0x0?, 0x51?}, 
{0xc005e5a9c0, 0x51})
	github.com/evanw/esbuild/internal/resolver/resolver.go:1538 +0xe5 fp=0xc0066643c8 sp=0xc0066640e8 pc=0x7ff656f583e5
github.com/evanw/esbuild/internal/resolver.resolverQuery.dirInfoCached({0xc0033fd208?, 0xc002a78a50?, 0x0?, 0x0?}, 
{0xc005e5a9c0, 0x51})
	github.com/evanw/esbuild/internal/resolver/resolver.go:1174 +0xee fp=0xc0066644d0 sp=0xc0066643c8 pc=0x7ff656f5420e
github.com/evanw/esbuild/internal/resolver.resolverQuery.dirInfoUncached({0xc0033fd208?, 0xc002a78a50?, 0x0?, 0x5a?}, 
{0xc005e5a960, 0x5a})
	github.com/evanw/esbuild/internal/resolver/resolver.go:1538 +0xe5 fp=0xc0066647b0 sp=0xc0066644d0 pc=0x7ff656f583e5
github.com/evanw/esbuild/internal/resolver.resolverQuery.dirInfoCached({0xc0033fd208?, 0xc002a78a50?, 0x0?, 0x78?}, 
{0xc005e5a960, 0x5a})
	github.com/evanw/esbuild/internal/resolver/resolver.go:1174 +0xee fp=0xc0066648b8 sp=0xc0066647b0 pc=0x7ff656f5420e
github.com/evanw/esbuild/internal/resolver.resolverQuery.dirInfoUncached({0xc0033fd208?, 0xc002a78a50?, 0x0?, 0x65?}, 
{0xc0064165b0, 0x65})
	github.com/evanw/esbuild/internal/resolver/resolver.go:1538 +0xe5 fp=0xc006664b98 sp=0xc0066648b8 pc=0x7ff656f583e5
github.com/evanw/esbuild/internal/resolver.resolverQuery.dirInfoCached({0xc0033fd208?, 0xc002a78a50?, 0x0?, 0x50?}, 
{0xc0064165b0, 0x65})
	github.com/evanw/esbuild/internal/resolver/resolver.go:1174 +0xee fp=0xc006664ca0 sp=0xc006664b98 pc=0x7ff656f5420e
github.com/evanw/esbuild/internal/resolver.resolverQuery.finalizeResolve({0xc0033fd208?, 0xc002a78a50?, 0x0?, 0x0?}, 
0xc0051fcd80)
	github.com/evanw/esbuild/internal/resolver/resolver.go:842 +0x6f1 fp=0xc006664e50 sp=0xc006664ca0 pc=0x7ff656f510d1
github.com/evanw/esbuild/internal/resolver.(*Resolver).Resolve(0xc0033fd208, {0xc004eebd80, 0x36}, {0xc0032a2400, 
0x72}, 0x1)
	github.com/evanw/esbuild/internal/resolver/resolver.go:572 +0x1a1a fp=0xc006665220 sp=0xc006664e50 pc=0x7ff656f4ca9a
github.com/evanw/esbuild/internal/bundler.RunOnResolvePlugins({_, _, _}, _, {0xc00565c7b0, 0xc00362a198, 0xc00362a1b0, 
0xc00362a1c8, 0x3, 0xc00565c780}, ...)
	github.com/evanw/esbuild/internal/bundler/bundler.go:1154 +0x36a fp=0xc006665690 sp=0xc006665220 pc=0x7ff656f80e0a
github.com/evanw/esbuild/pkg/api.loadPlugins.func2({0xc0032a2400, 0x72}, {{0xc005425e10, 0x10}, {0x0, 0x0}, {0x0, 
0x0}, {0xc004eebd80, 0x36}, ...})
	github.com/evanw/esbuild/pkg/api/api_impl.go:2114 +0x4be fp=0xc006665d18 sp=0xc006665690 pc=0x7ff65703809e
main.(*serviceType).convertPlugins.func2.1(0xad, 0xc005059350)
	github.com/evanw/esbuild/cmd/esbuild/service.go:944 +0x665 fp=0xc006665f50 sp=0xc006665d18 pc=0x7ff65707a885
main.(*serviceType).handleIncomingPacket.func4()
	github.com/evanw/esbuild/cmd/esbuild/service.go:262 +0xa4 fp=0xc006665fe0 sp=0xc006665f50 pc=0x7ff6570740a4
runtime.goexit({})
	runtime/asm_amd64.s:1693 +0x1 fp=0xc006665fe8 sp=0xc006665fe0 pc=0x7ff656bcf221
created by main.(*serviceType).handleIncomingPacket in goroutine 1
	github.com/evanw/esbuild/cmd/esbuild/service.go:257 +0x156e

goroutine 1438 gp=0xc003ae9880 m=nil [chan send]:
runtime.gopark(0xc006902c60?, 0xc0000ca080?, 0x0?, 0x0?, 0xc0000ca080?)
	runtime/proc.go:460 +0xce fp=0xc005a8d748 sp=0xc005a8d728 pc=0x7ff656bc72ce
runtime.chansend(0xc000136000, 0x7ff6572b1690, 0x1, 0x7ff656c9c852?)
	runtime/chan.go:283 +0x3cb fp=0xc005a8d7b8 sp=0xc005a8d748 pc=0x7ff656b5d58b
runtime.chansend1(0xc0000ca080?, 0xc005a8d840?)
	runtime/chan.go:161 +0x17 fp=0xc005a8d7e8 sp=0xc005a8d7b8 pc=0x7ff656b5d1b7
github.com/evanw/esbuild/internal/fs.BeforeFileOpen(...)
	github.com/evanw/esbuild/internal/fs/fs.go:245
github.com/evanw/esbuild/internal/fs.(*realFS).kind(0xc0000da080, {0xc005e02f00?, 0xc005a8d908?}, {0xc0025b41e0?, 
0x7ff65714de40?})
	github.com/evanw/esbuild/internal/fs/fs_real.go:413 +0xb3 fp=0xc005a8d888 sp=0xc005a8d7e8 pc=0x7ff656c9c793
github.com/evanw/esbuild/internal/fs.(*zipFS).kind(0xc?, {0xc005e02f00?, 0x48?}, {0xc0025b41e0?, 0x7ff6571d2411?})
	github.com/evanw/esbuild/internal/fs/fs_zip.go:330 +0x28 fp=0xc005a8d8c0 sp=0xc005a8d888 pc=0x7ff656c9fa08
github.com/evanw/esbuild/internal/fs.(*Entry).Kind(0xc00219c480, {0x7ff6572bce40?, 0xc0000a6120?})
	github.com/evanw/esbuild/internal/fs/fs.go:37 +0xc3 fp=0xc005a8d918 sp=0xc005a8d8c0 pc=0x7ff656c97f83
github.com/evanw/esbuild/internal/resolver.resolverQuery.dirInfoUncached({0xc0033fd688?, 0xc0032da910?, 0x0?, 0x48?}, 
{0xc005e02f00, 0x48})
	github.com/evanw/esbuild/internal/resolver/resolver.go:1618 +0xf2c fp=0xc005a8dbf8 sp=0xc005a8d918 pc=0x7ff656f5922c
github.com/evanw/esbuild/internal/resolver.resolverQuery.dirInfoCached({0xc0033fd688?, 0xc0032da910?, 0x0?, 0x9e?}, 
{0xc005e02f00, 0x48})
	github.com/evanw/esbuild/internal/resolver/resolver.go:1174 +0xee fp=0xc005a8dd00 sp=0xc005a8dbf8 pc=0x7ff656f5420e
github.com/evanw/esbuild/internal/resolver.resolverQuery.dirInfoUncached({0xc0033fd688?, 0xc0032da910?, 0x0?, 0x4d?}, 
{0xc005e02eb0, 0x4d})
	github.com/evanw/esbuild/internal/resolver/resolver.go:1538 +0xe5 fp=0xc005a8dfe0 sp=0xc005a8dd00 pc=0x7ff656f583e5
github.com/evanw/esbuild/internal/resolver.resolverQuery.dirInfoCached({0xc0033fd688?, 0xc0032da910?, 0x0?, 0x2f?}, 
{0xc005e02eb0, 0x4d})
	github.com/evanw/esbuild/internal/resolver/resolver.go:1174 +0xee fp=0xc005a8e0e8 sp=0xc005a8dfe0 pc=0x7ff656f5420e
github.com/evanw/esbuild/internal/resolver.resolverQuery.dirInfoUncached({0xc0033fd688?, 0xc0032da910?, 0x0?, 0x51?}, 
{0xc0065a8780, 0x51})
	github.com/evanw/esbuild/internal/resolver/resolver.go:1538 +0xe5 fp=0xc005a8e3c8 sp=0xc005a8e0e8 pc=0x7ff656f583e5
github.com/evanw/esbuild/internal/resolver.resolverQuery.dirInfoCached({0xc0033fd688?, 0xc0032da910?, 0x0?, 0x0?}, 
{0xc0065a8780, 0x51})
	github.com/evanw/esbuild/internal/resolver/resolver.go:1174 +0xee fp=0xc005a8e4d0 sp=0xc005a8e3c8 pc=0x7ff656f5420e
github.com/evanw/esbuild/internal/resolver.resolverQuery.dirInfoUncached({0xc0033fd688?, 0xc0032da910?, 0x0?, 0x5a?}, 
{0xc0065a8720, 0x5a})
	github.com/evanw/esbuild/internal/resolver/resolver.go:1538 +0xe5 fp=0xc005a8e7b0 sp=0xc005a8e4d0 pc=0x7ff656f583e5
github.com/evanw/esbuild/internal/resolver.resolverQuery.dirInfoCached({0xc0033fd688?, 0xc0032da910?, 0x0?, 0x78?}, 
{0xc0065a8720, 0x5a})
	github.com/evanw/esbuild/internal/resolver/resolver.go:1174 +0xee fp=0xc005a8e8b8 sp=0xc005a8e7b0 pc=0x7ff656f5420e
github.com/evanw/esbuild/internal/resolver.resolverQuery.dirInfoUncached({0xc0033fd688?, 0xc0032da910?, 0x0?, 0x65?}, 
{0xc005e88af0, 0x65})
	github.com/evanw/esbuild/internal/resolver/resolver.go:1538 +0xe5 fp=0xc005a8eb98 sp=0xc005a8e8b8 pc=0x7ff656f583e5
github.com/evanw/esbuild/internal/resolver.resolverQuery.dirInfoCached({0xc0033fd688?, 0xc0032da910?, 0x0?, 0x10?}, 
{0xc005e88af0, 0x65})
	github.com/evanw/esbuild/internal/resolver/resolver.go:1174 +0xee fp=0xc005a8eca0 sp=0xc005a8eb98 pc=0x7ff656f5420e
github.com/evanw/esbuild/internal/resolver.resolverQuery.finalizeResolve({0xc0033fd688?, 0xc0032da910?, 0x0?, 0x0?}, 
0xc0029cf8c0)
	github.com/evanw/esbuild/internal/resolver/resolver.go:842 +0x6f1 fp=0xc005a8ee50 sp=0xc005a8eca0 pc=0x7ff656f510d1
github.com/evanw/esbuild/internal/resolver.(*Resolver).Resolve(0xc0033fd688, {0xc004eebdc0, 0x36}, {0xc0056d8d90, 
0x6e}, 0x1)
	github.com/evanw/esbuild/internal/resolver/resolver.go:572 +0x1a1a fp=0xc005a8f220 sp=0xc005a8ee50 pc=0x7ff656f4ca9a
github.com/evanw/esbuild/internal/bundler.RunOnResolvePlugins({_, _, _}, _, {0xc00565c8d0, 0xc00362a1f8, 0xc00362a210, 
0xc00362a228, 0x3, 0xc00565c8a0}, ...)
	github.com/evanw/esbuild/internal/bundler/bundler.go:1154 +0x36a fp=0xc005a8f690 sp=0xc005a8f220 pc=0x7ff656f80e0a
github.com/evanw/esbuild/pkg/api.loadPlugins.func2({0xc0056d8d90, 0x6e}, {{0xc005425e70, 0x10}, {0x0, 0x0}, {0x0, 
0x0}, {0xc004eebdc0, 0x36}, ...})
	github.com/evanw/esbuild/pkg/api/api_impl.go:2114 +0x4be fp=0xc005a8fd18 sp=0xc005a8f690 pc=0x7ff65703809e
main.(*serviceType).convertPlugins.func2.1(0xae, 0xc005059380)
	github.com/evanw/esbuild/cmd/esbuild/service.go:944 +0x665 fp=0xc005a8ff50 sp=0xc005a8fd18 pc=0x7ff65707a885
main.(*serviceType).handleIncomingPacket.func4()
	github.com/evanw/esbuild/cmd/esbuild/service.go:262 +0xa4 fp=0xc005a8ffe0 sp=0xc005a8ff50 pc=0x7ff6570740a4
runtime.goexit({})
	runtime/asm_amd64.s:1693 +0x1 fp=0xc005a8ffe8 sp=0xc005a8ffe0 pc=0x7ff656bcf221
created by main.(*serviceType).handleIncomingPacket in goroutine 1
	github.com/evanw/esbuild/cmd/esbuild/service.go:257 +0x156e

goroutine 1439 gp=0xc003ae9a40 m=nil [runnable]:
runtime.cgocall(0x7ff656bd0a40, 0xc000077358)
	runtime/cgocall.go:167 +0x3e fp=0xc0053e8170 sp=0xc0053e8108 pc=0x7ff656bc467e
runtime.syscall_syscalln(0x12?, 0x7ff656b5c346?, {0xc0053e81b8?, 0x0?, 0x0?})
	runtime/syscall_windows.go:521 +0x4e fp=0xc0053e8190 sp=0xc0053e8170 pc=0x7ff656bb0bee
syscall.Syscall(0x7ff657117a00?, 0xc00235e000?, 0x7ff600010000?, 0x7ff657122ca0?, 0xc0053e8240?)
	runtime/syscall_windows.go:457 +0x29 fp=0xc0053e81e0 sp=0xc0053e8190 pc=0x7ff656bcafe9
syscall.CloseHandle(0x1260)
	syscall/zsyscall_windows.go:482 +0x4f fp=0xc0053e8220 sp=0xc0053e81e0 pc=0x7ff656c0a02f
internal/poll.(*FD).destroy(0xc004ce2f08)
	internal/poll/fd_windows.go:467 +0xad fp=0xc0053e8248 sp=0xc0053e8220 pc=0x7ff656c2684d
internal/poll.(*FD).decref(0x7ff656bc45d9?)
	internal/poll/fd_mutex.go:213 +0x53 fp=0xc0053e8268 sp=0xc0053e8248 pc=0x7ff656c251f3
internal/poll.(*FD).Close(0xc004ce2f08)
	internal/poll/fd_windows.go:486 +0x65 fp=0xc0053e8298 sp=0xc0053e8268 pc=0x7ff656c26925
os.(*file).close(0xc004ce2f08)
	os/file_windows.go:178 +0x90 fp=0xc0053e82f0 sp=0xc0053e8298 pc=0x7ff656c2dbd0
os.(*File).Close(...)
	os/file_posix.go:23
github.com/evanw/esbuild/internal/fs.(*realFS).readdir.deferwrap1()
	github.com/evanw/esbuild/internal/fs/fs_real.go:361 +0x2d fp=0xc0053e8308 sp=0xc0053e82f0 pc=0x7ff656c9c58d
github.com/evanw/esbuild/internal/fs.(*realFS).readdir(0xc0000da080, {0xc00608c9c0, 0x5f})
	github.com/evanw/esbuild/internal/fs/fs_real.go:381 +0x1b5 fp=0xc0053e83a0 sp=0xc0053e8308 pc=0x7ff656c9c475
github.com/evanw/esbuild/internal/fs.(*realFS).ReadDirectory(0xc0000da080, {0xc00608c9c0, 0x5f})
	github.com/evanw/esbuild/internal/fs/fs_real.go:146 +0x177 fp=0xc0053e8530 sp=0xc0053e83a0 pc=0x7ff656c9a637
github.com/evanw/esbuild/internal/fs.(*zipFS).ReadDirectory(0xc0000a6120, {0xc00608c9c0, 0x5f})
	github.com/evanw/esbuild/internal/fs/fs_zip.go:188 +0xbf fp=0xc0053e8670 sp=0xc0053e8530 pc=0x7ff656c9e7df
github.com/evanw/esbuild/internal/resolver.resolverQuery.loadAsFile({0xc0010fad88?, 0xc005a1c960?, 0x0?, 0x6b?}, 
{0xc0032a2480, 0x7a}, {0xc0019f9c20, 0x5, 0x1b656c9c852?})
	github.com/evanw/esbuild/internal/resolver/resolver.go:1741 +0x31e fp=0xc0053e88e0 sp=0xc0053e8670 pc=0x7ff656f5a03e
github.com/evanw/esbuild/internal/resolver.resolverQuery.loadAsFileOrDirectory({0xc0010fad88?, 0xc005a1c960?, 0x0?, 
0x7a?}, {0xc0032a2480, 0x7a})
	github.com/evanw/esbuild/internal/resolver/resolver.go:1930 +0x173 fp=0xc0053e8a88 sp=0xc0053e88e0 pc=0x7ff656f5c1f3
github.com/evanw/esbuild/internal/resolver.resolverQuery.resolveWithoutSymlinks({0xc0010fad88?, 0xc005a1c960?, 0x0?, 
0x0?}, {0xc004eebe00, 0x36}, 0xc006787280, {0xc0032a2480, 0x7a})
	github.com/evanw/esbuild/internal/resolver/resolver.go:981 +0x4f1 fp=0xc0053e8e50 sp=0xc0053e8a88 pc=0x7ff656f52651
github.com/evanw/esbuild/internal/resolver.(*Resolver).Resolve(0xc0010fad88, {0xc004eebe00, 0x36}, {0xc0032a2480, 
0x7a}, 0x1)
	github.com/evanw/esbuild/internal/resolver/resolver.go:548 +0x16f9 fp=0xc0053e9220 sp=0xc0053e8e50 pc=0x7ff656f4c779
github.com/evanw/esbuild/internal/bundler.RunOnResolvePlugins({_, _, _}, _, {0xc00565c9f0, 0xc00362a258, 0xc00362a270, 
0xc00362a288, 0x3, 0xc00565c9c0}, ...)
	github.com/evanw/esbuild/internal/bundler/bundler.go:1154 +0x36a fp=0xc0053e9690 sp=0xc0053e9220 pc=0x7ff656f80e0a
github.com/evanw/esbuild/pkg/api.loadPlugins.func2({0xc0032a2480, 0x7a}, {{0xc005425ed0, 0x10}, {0x0, 0x0}, {0x0, 
0x0}, {0xc004eebe00, 0x36}, ...})
	github.com/evanw/esbuild/pkg/api/api_impl.go:2114 +0x4be fp=0xc0053e9d18 sp=0xc0053e9690 pc=0x7ff65703809e
main.(*serviceType).convertPlugins.func2.1(0xaf, 0xc0050593b0)
	github.com/evanw/esbuild/cmd/esbuild/service.go:944 +0x665 fp=0xc0053e9f50 sp=0xc0053e9d18 pc=0x7ff65707a885
main.(*serviceType).handleIncomingPacket.func4()
	github.com/evanw/esbuild/cmd/esbuild/service.go:262 +0xa4 fp=0xc0053e9fe0 sp=0xc0053e9f50 pc=0x7ff6570740a4
runtime.goexit({})
	runtime/asm_amd64.s:1693 +0x1 fp=0xc0053e9fe8 sp=0xc0053e9fe0 pc=0x7ff656bcf221
created by main.(*serviceType).handleIncomingPacket in goroutine 1
	github.com/evanw/esbuild/cmd/esbuild/service.go:257 +0x156e

goroutine 1440 gp=0xc003ae9c00 m=nil [chan send]:
runtime.gopark(0xc006805440?, 0xc0000ca080?, 0x0?, 0x0?, 0xc0000ca080?)
	runtime/proc.go:460 +0xce fp=0xc001b05748 sp=0xc001b05728 pc=0x7ff656bc72ce
runtime.chansend(0xc000136000, 0x7ff6572b1690, 0x1, 0x7ff656c9c852?)
	runtime/chan.go:283 +0x3cb fp=0xc001b057b8 sp=0xc001b05748 pc=0x7ff656b5d58b
runtime.chansend1(0xc0000ca080?, 0xc001b05840?)
	runtime/chan.go:161 +0x17 fp=0xc001b057e8 sp=0xc001b057b8 pc=0x7ff656b5d1b7
github.com/evanw/esbuild/internal/fs.BeforeFileOpen(...)
	github.com/evanw/esbuild/internal/fs/fs.go:245
github.com/evanw/esbuild/internal/fs.(*realFS).kind(0xc0000da080, {0xc005edb270?, 0xc001b05908?}, {0xc003e80b40?, 
0x7ff65714de40?})
	github.com/evanw/esbuild/internal/fs/fs_real.go:413 +0xb3 fp=0xc001b05888 sp=0xc001b057e8 pc=0x7ff656c9c793
github.com/evanw/esbuild/internal/fs.(*zipFS).kind(0xc?, {0xc005edb270?, 0x48?}, {0xc003e80b40?, 0x7ff6571d2411?})
	github.com/evanw/esbuild/internal/fs/fs_zip.go:330 +0x28 fp=0xc001b058c0 sp=0xc001b05888 pc=0x7ff656c9fa08
github.com/evanw/esbuild/internal/fs.(*Entry).Kind(0xc00299b900, {0x7ff6572bce40?, 0xc0000a6120?})
	github.com/evanw/esbuild/internal/fs/fs.go:37 +0xc3 fp=0xc001b05918 sp=0xc001b058c0 pc=0x7ff656c97f83
github.com/evanw/esbuild/internal/resolver.resolverQuery.dirInfoUncached({0xc002646008?, 0xc005a1c9b0?, 0x0?, 0x48?}, 
{0xc005edb270, 0x48})
	github.com/evanw/esbuild/internal/resolver/resolver.go:1618 +0xf2c fp=0xc001b05bf8 sp=0xc001b05918 pc=0x7ff656f5922c
github.com/evanw/esbuild/internal/resolver.resolverQuery.dirInfoCached({0xc002646008?, 0xc005a1c9b0?, 0x0?, 0x9e?}, 
{0xc005edb270, 0x48})
	github.com/evanw/esbuild/internal/resolver/resolver.go:1174 +0xee fp=0xc001b05d00 sp=0xc001b05bf8 pc=0x7ff656f5420e
github.com/evanw/esbuild/internal/resolver.resolverQuery.dirInfoUncached({0xc002646008?, 0xc005a1c9b0?, 0x0?, 0x4d?}, 
{0xc005edb220, 0x4d})
	github.com/evanw/esbuild/internal/resolver/resolver.go:1538 +0xe5 fp=0xc001b05fe0 sp=0xc001b05d00 pc=0x7ff656f583e5
github.com/evanw/esbuild/internal/resolver.resolverQuery.dirInfoCached({0xc002646008?, 0xc005a1c9b0?, 0x0?, 0x2f?}, 
{0xc005edb220, 0x4d})
	github.com/evanw/esbuild/internal/resolver/resolver.go:1174 +0xee fp=0xc001b060e8 sp=0xc001b05fe0 pc=0x7ff656f5420e
github.com/evanw/esbuild/internal/resolver.resolverQuery.dirInfoUncached({0xc002646008?, 0xc005a1c9b0?, 0x0?, 0x51?}, 
{0xc006804c00, 0x51})
	github.com/evanw/esbuild/internal/resolver/resolver.go:1538 +0xe5 fp=0xc001b063c8 sp=0xc001b060e8 pc=0x7ff656f583e5
github.com/evanw/esbuild/internal/resolver.resolverQuery.dirInfoCached({0xc002646008?, 0xc005a1c9b0?, 0x0?, 0x0?}, 
{0xc006804c00, 0x51})
	github.com/evanw/esbuild/internal/resolver/resolver.go:1174 +0xee fp=0xc001b064d0 sp=0xc001b063c8 pc=0x7ff656f5420e
github.com/evanw/esbuild/internal/resolver.resolverQuery.dirInfoUncached({0xc002646008?, 0xc005a1c9b0?, 0x0?, 0x5a?}, 
{0xc006804ba0, 0x5a})
	github.com/evanw/esbuild/internal/resolver/resolver.go:1538 +0xe5 fp=0xc001b067b0 sp=0xc001b064d0 pc=0x7ff656f583e5
github.com/evanw/esbuild/internal/resolver.resolverQuery.dirInfoCached({0xc002646008?, 0xc005a1c9b0?, 0x0?, 0x78?}, 
{0xc006804ba0, 0x5a})
	github.com/evanw/esbuild/internal/resolver/resolver.go:1174 +0xee fp=0xc001b068b8 sp=0xc001b067b0 pc=0x7ff656f5420e
github.com/evanw/esbuild/internal/resolver.resolverQuery.dirInfoUncached({0xc002646008?, 0xc005a1c9b0?, 0x0?, 0x65?}, 
{0xc0035aec40, 0x65})
	github.com/evanw/esbuild/internal/resolver/resolver.go:1538 +0xe5 fp=0xc001b06b98 sp=0xc001b068b8 pc=0x7ff656f583e5
github.com/evanw/esbuild/internal/resolver.resolverQuery.dirInfoCached({0xc002646008?, 0xc005a1c9b0?, 0x0?, 0xb0?}, 
{0xc0035aec40, 0x65})
	github.com/evanw/esbuild/internal/resolver/resolver.go:1174 +0xee fp=0xc001b06ca0 sp=0xc001b06b98 pc=0x7ff656f5420e
github.com/evanw/esbuild/internal/resolver.resolverQuery.finalizeResolve({0xc002646008?, 0xc005a1c9b0?, 0x0?, 0x0?}, 
0xc004cdd320)
	github.com/evanw/esbuild/internal/resolver/resolver.go:842 +0x6f1 fp=0xc001b06e50 sp=0xc001b06ca0 pc=0x7ff656f510d1
github.com/evanw/esbuild/internal/resolver.(*Resolver).Resolve(0xc002646008, {0xc004eebe40, 0x36}, {0xc0032a2a80, 
0x73}, 0x1)
	github.com/evanw/esbuild/internal/resolver/resolver.go:572 +0x1a1a fp=0xc001b07220 sp=0xc001b06e50 pc=0x7ff656f4ca9a
github.com/evanw/esbuild/internal/bundler.RunOnResolvePlugins({_, _, _}, _, {0xc003b7c780, 0xc002639758, 0xc002639770, 
0xc0026397b8, 0x3, 0xc003b7c750}, ...)
	github.com/evanw/esbuild/internal/bundler/bundler.go:1154 +0x36a fp=0xc001b07690 sp=0xc001b07220 pc=0x7ff656f80e0a
github.com/evanw/esbuild/pkg/api.loadPlugins.func2({0xc0032a2a80, 0x73}, {{0xc005425f30, 0x10}, {0x0, 0x0}, {0x0, 
0x0}, {0xc004eebe40, 0x36}, ...})
	github.com/evanw/esbuild/pkg/api/api_impl.go:2114 +0x4be fp=0xc001b07d18 sp=0xc001b07690 pc=0x7ff65703809e
main.(*serviceType).convertPlugins.func2.1(0xb0, 0xc0050593e0)
	github.com/evanw/esbuild/cmd/esbuild/service.go:944 +0x665 fp=0xc001b07f50 sp=0xc001b07d18 pc=0x7ff65707a885
main.(*serviceType).handleIncomingPacket.func4()
	github.com/evanw/esbuild/cmd/esbuild/service.go:262 +0xa4 fp=0xc001b07fe0 sp=0xc001b07f50 pc=0x7ff6570740a4
runtime.goexit({})
	runtime/asm_amd64.s:1693 +0x1 fp=0xc001b07fe8 sp=0xc001b07fe0 pc=0x7ff656bcf221
created by main.(*serviceType).handleIncomingPacket in goroutine 1
	github.com/evanw/esbuild/cmd/esbuild/service.go:257 +0x156e

goroutine 1441 gp=0xc003ae9dc0 m=nil [chan send]:
runtime.gopark(0xc006463860?, 0x4?, 0xc8?, 0x77?, 0xc0000ca080?)
	runtime/proc.go:460 +0xce fp=0xc005a97738 sp=0xc005a97718 pc=0x7ff656bc72ce
runtime.chansend(0xc000136000, 0x7ff6572b1690, 0x1, 0x0?)
	runtime/chan.go:283 +0x3cb fp=0xc005a977a8 sp=0xc005a97738 pc=0x7ff656b5d58b
runtime.chansend1(0xc0000ca080?, 0xc005e03400?)
	runtime/chan.go:161 +0x17 fp=0xc005a977d8 sp=0xc005a977a8 pc=0x7ff656b5d1b7
github.com/evanw/esbuild/internal/fs.BeforeFileOpen(...)
	github.com/evanw/esbuild/internal/fs/fs.go:245
github.com/evanw/esbuild/internal/fs.(*realFS).kind(0xc0000da080, {0xc005e03450?, 0x4?}, {0xc004575868?, 
0xc005a97908?})
	github.com/evanw/esbuild/internal/fs/fs_real.go:413 +0xb3 fp=0xc005a97878 sp=0xc005a977d8 pc=0x7ff656c9c793
github.com/evanw/esbuild/internal/fs.(*zipFS).kind(0xc005d786f0?, {0xc005e03450?, 0x4?}, {0xc004575868?, 0x43?})
	github.com/evanw/esbuild/internal/fs/fs_zip.go:330 +0x28 fp=0xc005a978b0 sp=0xc005a97878 pc=0x7ff656c9fa08
github.com/evanw/esbuild/internal/fs.(*Entry).Symlink(0xc0057b5cc0, {0x7ff6572bce40?, 0xc0000a6120?})
	github.com/evanw/esbuild/internal/fs/fs.go:47 +0xc3 fp=0xc005a97918 sp=0xc005a978b0 pc=0x7ff656c98143
github.com/evanw/esbuild/internal/resolver.resolverQuery.dirInfoUncached({0xc002646488?, 0xc0053ff0e0?, 0x0?, 0x48?}, 
{0xc005e03400, 0x48})
	github.com/evanw/esbuild/internal/resolver/resolver.go:1601 +0x9ae fp=0xc005a97bf8 sp=0xc005a97918 pc=0x7ff656f58cae
github.com/evanw/esbuild/internal/resolver.resolverQuery.dirInfoCached({0xc002646488?, 0xc0053ff0e0?, 0x0?, 0x9e?}, 
{0xc005e03400, 0x48})
	github.com/evanw/esbuild/internal/resolver/resolver.go:1174 +0xee fp=0xc005a97d00 sp=0xc005a97bf8 pc=0x7ff656f5420e
github.com/evanw/esbuild/internal/resolver.resolverQuery.dirInfoUncached({0xc002646488?, 0xc0053ff0e0?, 0x0?, 0x4d?}, 
{0xc005e02fa0, 0x4d})
	github.com/evanw/esbuild/internal/resolver/resolver.go:1538 +0xe5 fp=0xc005a97fe0 sp=0xc005a97d00 pc=0x7ff656f583e5
github.com/evanw/esbuild/internal/resolver.resolverQuery.dirInfoCached({0xc002646488?, 0xc0053ff0e0?, 0x0?, 0x2f?}, 
{0xc005e02fa0, 0x4d})
	github.com/evanw/esbuild/internal/resolver/resolver.go:1174 +0xee fp=0xc005a980e8 sp=0xc005a97fe0 pc=0x7ff656f5420e
github.com/evanw/esbuild/internal/resolver.resolverQuery.dirInfoUncached({0xc002646488?, 0xc0053ff0e0?, 0x0?, 0x51?}, 
{0xc0065a8900, 0x51})
	github.com/evanw/esbuild/internal/resolver/resolver.go:1538 +0xe5 fp=0xc005a983c8 sp=0xc005a980e8 pc=0x7ff656f583e5
github.com/evanw/esbuild/internal/resolver.resolverQuery.dirInfoCached({0xc002646488?, 0xc0053ff0e0?, 0x0?, 0x0?}, 
{0xc0065a8900, 0x51})
	github.com/evanw/esbuild/internal/resolver/resolver.go:1174 +0xee fp=0xc005a984d0 sp=0xc005a983c8 pc=0x7ff656f5420e
github.com/evanw/esbuild/internal/resolver.resolverQuery.dirInfoUncached({0xc002646488?, 0xc0053ff0e0?, 0x0?, 0x5a?}, 
{0xc0065a8840, 0x5a})
	github.com/evanw/esbuild/internal/resolver/resolver.go:1538 +0xe5 fp=0xc005a987b0 sp=0xc005a984d0 pc=0x7ff656f583e5
github.com/evanw/esbuild/internal/resolver.resolverQuery.dirInfoCached({0xc002646488?, 0xc0053ff0e0?, 0x0?, 0x78?}, 
{0xc0065a8840, 0x5a})
	github.com/evanw/esbuild/internal/resolver/resolver.go:1174 +0xee fp=0xc005a988b8 sp=0xc005a987b0 pc=0x7ff656f5420e
github.com/evanw/esbuild/internal/resolver.resolverQuery.dirInfoUncached({0xc002646488?, 0xc0053ff0e0?, 0x0?, 0x5f?}, 
{0xc0065a87e0, 0x5f})
	github.com/evanw/esbuild/internal/resolver/resolver.go:1538 +0xe5 fp=0xc005a98b98 sp=0xc005a988b8 pc=0x7ff656f583e5
github.com/evanw/esbuild/internal/resolver.resolverQuery.dirInfoCached({0xc002646488?, 0xc0053ff0e0?, 0x0?, 0xe0?}, 
{0xc0065a87e0, 0x5f})
	github.com/evanw/esbuild/internal/resolver/resolver.go:1174 +0xee fp=0xc005a98ca0 sp=0xc005a98b98 pc=0x7ff656f5420e
github.com/evanw/esbuild/internal/resolver.resolverQuery.finalizeResolve({0xc002646488?, 0xc0053ff0e0?, 0x0?, 0x0?}, 
0xc0029cfb00)
	github.com/evanw/esbuild/internal/resolver/resolver.go:842 +0x6f1 fp=0xc005a98e50 sp=0xc005a98ca0 pc=0x7ff656f510d1
github.com/evanw/esbuild/internal/resolver.(*Resolver).Resolve(0xc002646488, {0xc004eebe80, 0x36}, {0xc0056d8e00, 
0x70}, 0x1)
	github.com/evanw/esbuild/internal/resolver/resolver.go:572 +0x1a1a fp=0xc005a99220 sp=0xc005a98e50 pc=0x7ff656f4ca9a
github.com/evanw/esbuild/internal/bundler.RunOnResolvePlugins({_, _, _}, _, {0xc003b7c990, 0xc002639818, 0xc002639848, 
0xc002639860, 0x3, 0xc003b7c930}, ...)
	github.com/evanw/esbuild/internal/bundler/bundler.go:1154 +0x36a fp=0xc005a99690 sp=0xc005a99220 pc=0x7ff656f80e0a
github.com/evanw/esbuild/pkg/api.loadPlugins.func2({0xc0056d8e00, 0x70}, {{0xc005425f90, 0x10}, {0x0, 0x0}, {0x0, 
0x0}, {0xc004eebe80, 0x36}, ...})
	github.com/evanw/esbuild/pkg/api/api_impl.go:2114 +0x4be fp=0xc005a99d18 sp=0xc005a99690 pc=0x7ff65703809e
main.(*serviceType).convertPlugins.func2.1(0xb1, 0xc005059410)
	github.com/evanw/esbuild/cmd/esbuild/service.go:944 +0x665 fp=0xc005a99f50 sp=0xc005a99d18 pc=0x7ff65707a885
main.(*serviceType).handleIncomingPacket.func4()
	github.com/evanw/esbuild/cmd/esbuild/service.go:262 +0xa4 fp=0xc005a99fe0 sp=0xc005a99f50 pc=0x7ff6570740a4
runtime.goexit({})
	runtime/asm_amd64.s:1693 +0x1 fp=0xc005a99fe8 sp=0xc005a99fe0 pc=0x7ff656bcf221
created by main.(*serviceType).handleIncomingPacket in goroutine 1
	github.com/evanw/esbuild/cmd/esbuild/service.go:257 +0x156e

goroutine 1442 gp=0xc003c17880 m=nil [chan send]:
runtime.gopark(0xc006085540?, 0x4?, 0xb0?, 0x7b?, 0xc0000ca080?)
	runtime/proc.go:460 +0xce fp=0xc003647b20 sp=0xc003647b00 pc=0x7ff656bc72ce
runtime.chansend(0xc000136000, 0x7ff6572b1690, 0x1, 0x0?)
	runtime/chan.go:283 +0x3cb fp=0xc003647b90 sp=0xc003647b20 pc=0x7ff656b5d58b
runtime.chansend1(0xc0000ca080?, 0xc004d9ed20?)
	runtime/chan.go:161 +0x17 fp=0xc003647bc0 sp=0xc003647b90 pc=0x7ff656b5d1b7
github.com/evanw/esbuild/internal/fs.BeforeFileOpen(...)
	github.com/evanw/esbuild/internal/fs/fs.go:245
github.com/evanw/esbuild/internal/fs.(*realFS).kind(0xc0000da080, {0xc004d9ed70?, 0x4?}, {0xc00516e9b8?, 
0xc003647cf0?})
	github.com/evanw/esbuild/internal/fs/fs_real.go:413 +0xb3 fp=0xc003647c60 sp=0xc003647bc0 pc=0x7ff656c9c793
github.com/evanw/esbuild/internal/fs.(*zipFS).kind(0xc005f47110?, {0xc004d9ed70?, 0x4?}, {0xc00516e9b8?, 0x43?})
	github.com/evanw/esbuild/internal/fs/fs_zip.go:330 +0x28 fp=0xc003647c98 sp=0xc003647c60 pc=0x7ff656c9fa08
github.com/evanw/esbuild/internal/fs.(*Entry).Symlink(0xc0057be080, {0x7ff6572bce40?, 0xc0000a6120?})
	github.com/evanw/esbuild/internal/fs/fs.go:47 +0xc3 fp=0xc003647d00 sp=0xc003647c98 pc=0x7ff656c98143
github.com/evanw/esbuild/internal/resolver.resolverQuery.dirInfoUncached({0xc002647688?, 0xc0032daaf0?, 0x0?, 0x48?}, 
{0xc004d9ed20, 0x48})
	github.com/evanw/esbuild/internal/resolver/resolver.go:1601 +0x9ae fp=0xc003647fe0 sp=0xc003647d00 pc=0x7ff656f58cae
github.com/evanw/esbuild/internal/resolver.resolverQuery.dirInfoCached({0xc002647688?, 0xc0032daaf0?, 0x0?, 0x2f?}, 
{0xc004d9ed20, 0x48})
	github.com/evanw/esbuild/internal/resolver/resolver.go:1174 +0xee fp=0xc0036480e8 sp=0xc003647fe0 pc=0x7ff656f5420e
github.com/evanw/esbuild/internal/resolver.resolverQuery.dirInfoUncached({0xc002647688?, 0xc0032daaf0?, 0x0?, 0x4d?}, 
{0xc004d9ecd0, 0x4d})
	github.com/evanw/esbuild/internal/resolver/resolver.go:1538 +0xe5 fp=0xc0036483c8 sp=0xc0036480e8 pc=0x7ff656f583e5
github.com/evanw/esbuild/internal/resolver.resolverQuery.dirInfoCached({0xc002647688?, 0xc0032daaf0?, 0x0?, 0x0?}, 
{0xc004d9ecd0, 0x4d})
	github.com/evanw/esbuild/internal/resolver/resolver.go:1174 +0xee fp=0xc0036484d0 sp=0xc0036483c8 pc=0x7ff656f5420e
github.com/evanw/esbuild/internal/resolver.resolverQuery.dirInfoUncached({0xc002647688?, 0xc0032daaf0?, 0x0?, 0x51?}, 
{0xc00668c7e0, 0x51})
	github.com/evanw/esbuild/internal/resolver/resolver.go:1538 +0xe5 fp=0xc0036487b0 sp=0xc0036484d0 pc=0x7ff656f583e5
github.com/evanw/esbuild/internal/resolver.resolverQuery.dirInfoCached({0xc002647688?, 0xc0032daaf0?, 0x0?, 0x78?}, 
{0xc00668c7e0, 0x51})
	github.com/evanw/esbuild/internal/resolver/resolver.go:1174 +0xee fp=0xc0036488b8 sp=0xc0036487b0 pc=0x7ff656f5420e
github.com/evanw/esbuild/internal/resolver.resolverQuery.dirInfoUncached({0xc002647688?, 0xc0032daaf0?, 0x0?, 0x5a?}, 
{0xc00668c780, 0x5a})
	github.com/evanw/esbuild/internal/resolver/resolver.go:1538 +0xe5 fp=0xc003648b98 sp=0xc0036488b8 pc=0x7ff656f583e5
github.com/evanw/esbuild/internal/resolver.resolverQuery.dirInfoCached({0xc002647688?, 0xc0032daaf0?, 0x0?, 0xf0?}, 
{0xc00668c780, 0x5a})
	github.com/evanw/esbuild/internal/resolver/resolver.go:1174 +0xee fp=0xc003648ca0 sp=0xc003648b98 pc=0x7ff656f5420e
github.com/evanw/esbuild/internal/resolver.resolverQuery.finalizeResolve({0xc002647688?, 0xc0032daaf0?, 0x0?, 0x0?}, 
0xc0050a7680)
	github.com/evanw/esbuild/internal/resolver/resolver.go:842 +0x6f1 fp=0xc003648e50 sp=0xc003648ca0 pc=0x7ff656f510d1
github.com/evanw/esbuild/internal/resolver.(*Resolver).Resolve(0xc002647688, {0xc004eebec0, 0x36}, {0xc0056d8e70, 
0x6a}, 0x1)
	github.com/evanw/esbuild/internal/resolver/resolver.go:572 +0x1a1a fp=0xc003649220 sp=0xc003648e50 pc=0x7ff656f4ca9a
github.com/evanw/esbuild/internal/bundler.RunOnResolvePlugins({_, _, _}, _, {0xc003b7cae0, 0xc0026398a8, 0xc0026398d8, 
0xc002639980, 0x3, 0xc003b7cab0}, ...)
	github.com/evanw/esbuild/internal/bundler/bundler.go:1154 +0x36a fp=0xc003649690 sp=0xc003649220 pc=0x7ff656f80e0a
github.com/evanw/esbuild/pkg/api.loadPlugins.func2({0xc0056d8e70, 0x6a}, {{0xc005425ff0, 0x10}, {0x0, 0x0}, {0x0, 
0x0}, {0xc004eebec0, 0x36}, ...})
	github.com/evanw/esbuild/pkg/api/api_impl.go:2114 +0x4be fp=0xc003649d18 sp=0xc003649690 pc=0x7ff65703809e
main.(*serviceType).convertPlugins.func2.1(0xb2, 0xc005059440)
	github.com/evanw/esbuild/cmd/esbuild/service.go:944 +0x665 fp=0xc003649f50 sp=0xc003649d18 pc=0x7ff65707a885
main.(*serviceType).handleIncomingPacket.func4()
	github.com/evanw/esbuild/cmd/esbuild/service.go:262 +0xa4 fp=0xc003649fe0 sp=0xc003649f50 pc=0x7ff6570740a4
runtime.goexit({})
	runtime/asm_amd64.s:1693 +0x1 fp=0xc003649fe8 sp=0xc003649fe0 pc=0x7ff656bcf221
created by main.(*serviceType).handleIncomingPacket in goroutine 1
	github.com/evanw/esbuild/cmd/esbuild/service.go:257 +0x156e

goroutine 1443 gp=0xc003c17a40 m=nil [chan send]:
runtime.gopark(0xc00457a050?, 0x4?, 0xc8?, 0xb7?, 0xc0000ca080?)
	runtime/proc.go:460 +0xce fp=0xc00249b738 sp=0xc00249b718 pc=0x7ff656bc72ce
runtime.chansend(0xc000136000, 0x7ff6572b1690, 0x1, 0x0?)
	runtime/chan.go:283 +0x3cb fp=0xc00249b7a8 sp=0xc00249b738 pc=0x7ff656b5d58b
runtime.chansend1(0xc0000ca080?, 0xc006463180?)
	runtime/chan.go:161 +0x17 fp=0xc00249b7d8 sp=0xc00249b7a8 pc=0x7ff656b5d1b7
github.com/evanw/esbuild/internal/fs.BeforeFileOpen(...)
	github.com/evanw/esbuild/internal/fs/fs.go:245
github.com/evanw/esbuild/internal/fs.(*realFS).kind(0xc0000da080, {0xc0064631d0?, 0x4?}, {0xc004cf9c18?, 
0xc00249b908?})
	github.com/evanw/esbuild/internal/fs/fs_real.go:413 +0xb3 fp=0xc00249b878 sp=0xc00249b7d8 pc=0x7ff656c9c793
github.com/evanw/esbuild/internal/fs.(*zipFS).kind(0xc005f470e0?, {0xc0064631d0?, 0x4?}, {0xc004cf9c18?, 0x43?})
	github.com/evanw/esbuild/internal/fs/fs_zip.go:330 +0x28 fp=0xc00249b8b0 sp=0xc00249b878 pc=0x7ff656c9fa08
github.com/evanw/esbuild/internal/fs.(*Entry).Symlink(0xc0020b3240, {0x7ff6572bce40?, 0xc0000a6120?})
	github.com/evanw/esbuild/internal/fs/fs.go:47 +0xc3 fp=0xc00249b918 sp=0xc00249b8b0 pc=0x7ff656c98143
github.com/evanw/esbuild/internal/resolver.resolverQuery.dirInfoUncached({0xc002647b08?, 0xc005a1caf0?, 0x0?, 0x48?}, 
{0xc006463180, 0x48})
	github.com/evanw/esbuild/internal/resolver/resolver.go:1601 +0x9ae fp=0xc00249bbf8 sp=0xc00249b918 pc=0x7ff656f58cae
github.com/evanw/esbuild/internal/resolver.resolverQuery.dirInfoCached({0xc002647b08?, 0xc005a1caf0?, 0x0?, 0x9e?}, 
{0xc006463180, 0x48})
	github.com/evanw/esbuild/internal/resolver/resolver.go:1174 +0xee fp=0xc00249bd00 sp=0xc00249bbf8 pc=0x7ff656f5420e
github.com/evanw/esbuild/internal/resolver.resolverQuery.dirInfoUncached({0xc002647b08?, 0xc005a1caf0?, 0x0?, 0x4d?}, 
{0xc006463130, 0x4d})
	github.com/evanw/esbuild/internal/resolver/resolver.go:1538 +0xe5 fp=0xc00249bfe0 sp=0xc00249bd00 pc=0x7ff656f583e5
github.com/evanw/esbuild/internal/resolver.resolverQuery.dirInfoCached({0xc002647b08?, 0xc005a1caf0?, 0x0?, 0x2f?}, 
{0xc006463130, 0x4d})
	github.com/evanw/esbuild/internal/resolver/resolver.go:1174 +0xee fp=0xc00249c0e8 sp=0xc00249bfe0 pc=0x7ff656f5420e
github.com/evanw/esbuild/internal/resolver.resolverQuery.dirInfoUncached({0xc002647b08?, 0xc005a1caf0?, 0x0?, 0x51?}, 
{0xc00608d500, 0x51})
	github.com/evanw/esbuild/internal/resolver/resolver.go:1538 +0xe5 fp=0xc00249c3c8 sp=0xc00249c0e8 pc=0x7ff656f583e5
github.com/evanw/esbuild/internal/resolver.resolverQuery.dirInfoCached({0xc002647b08?, 0xc005a1caf0?, 0x0?, 0x0?}, 
{0xc00608d500, 0x51})
	github.com/evanw/esbuild/internal/resolver/resolver.go:1174 +0xee fp=0xc00249c4d0 sp=0xc00249c3c8 pc=0x7ff656f5420e
github.com/evanw/esbuild/internal/resolver.resolverQuery.dirInfoUncached({0xc002647b08?, 0xc005a1caf0?, 0x0?, 0x5a?}, 
{0xc00608d4a0, 0x5a})
	github.com/evanw/esbuild/internal/resolver/resolver.go:1538 +0xe5 fp=0xc00249c7b0 sp=0xc00249c4d0 pc=0x7ff656f583e5
github.com/evanw/esbuild/internal/resolver.resolverQuery.dirInfoCached({0xc002647b08?, 0xc005a1caf0?, 0x0?, 0x78?}, 
{0xc00608d4a0, 0x5a})
	github.com/evanw/esbuild/internal/resolver/resolver.go:1174 +0xee fp=0xc00249c8b8 sp=0xc00249c7b0 pc=0x7ff656f5420e
github.com/evanw/esbuild/internal/resolver.resolverQuery.dirInfoUncached({0xc002647b08?, 0xc005a1caf0?, 0x0?, 0x65?}, 
{0xc0061890a0, 0x65})
	github.com/evanw/esbuild/internal/resolver/resolver.go:1538 +0xe5 fp=0xc00249cb98 sp=0xc00249c8b8 pc=0x7ff656f583e5
github.com/evanw/esbuild/internal/resolver.resolverQuery.dirInfoCached({0xc002647b08?, 0xc005a1caf0?, 0x0?, 0xf0?}, 
{0xc0061890a0, 0x65})
	github.com/evanw/esbuild/internal/resolver/resolver.go:1174 +0xee fp=0xc00249cca0 sp=0xc00249cb98 pc=0x7ff656f5420e
github.com/evanw/esbuild/internal/resolver.resolverQuery.finalizeResolve({0xc002647b08?, 0xc005a1caf0?, 0x0?, 0x0?}, 
0xc00457eea0)
	github.com/evanw/esbuild/internal/resolver/resolver.go:842 +0x6f1 fp=0xc00249ce50 sp=0xc00249cca0 pc=0x7ff656f510d1
github.com/evanw/esbuild/internal/resolver.(*Resolver).Resolve(0xc002647b08, {0xc004eebf00, 0x36}, {0xc0056d8ee0, 
0x6e}, 0x1)
	github.com/evanw/esbuild/internal/resolver/resolver.go:572 +0x1a1a fp=0xc00249d220 sp=0xc00249ce50 pc=0x7ff656f4ca9a
github.com/evanw/esbuild/internal/bundler.RunOnResolvePlugins({_, _, _}, _, {0xc003b7cc60, 0xc0026399e0, 0xc002639a70, 
0xc002639b60, 0x3, 0xc003b7cc30}, ...)
	github.com/evanw/esbuild/internal/bundler/bundler.go:1154 +0x36a fp=0xc00249d690 sp=0xc00249d220 pc=0x7ff656f80e0a
github.com/evanw/esbuild/pkg/api.loadPlugins.func2({0xc0056d8ee0, 0x6e}, {{0xc00361e400, 0x10}, {0x0, 0x0}, {0x0, 
0x0}, {0xc004eebf00, 0x36}, ...})
	github.com/evanw/esbuild/pkg/api/api_impl.go:2114 +0x4be fp=0xc00249dd18 sp=0xc00249d690 pc=0x7ff65703809e
main.(*serviceType).convertPlugins.func2.1(0xb3, 0xc005059470)
	github.com/evanw/esbuild/cmd/esbuild/service.go:944 +0x665 fp=0xc00249df50 sp=0xc00249dd18 pc=0x7ff65707a885
main.(*serviceType).handleIncomingPacket.func4()
	github.com/evanw/esbuild/cmd/esbuild/service.go:262 +0xa4 fp=0xc00249dfe0 sp=0xc00249df50 pc=0x7ff6570740a4
runtime.goexit({})
	runtime/asm_amd64.s:1693 +0x1 fp=0xc00249dfe8 sp=0xc00249dfe0 pc=0x7ff656bcf221
created by main.(*serviceType).handleIncomingPacket in goroutine 1
	github.com/evanw/esbuild/cmd/esbuild/service.go:257 +0x156e

goroutine 1444 gp=0xc003c17c00 m=nil [runnable]:
runtime.cgocall(0x7ff656bd0a40, 0xc003281b58)
	runtime/cgocall.go:167 +0x3e fp=0xc002a340f0 sp=0xc002a34088 pc=0x7ff656bc467e
runtime.syscall_syscalln(0x7ff657117a00?, 0xc001e7fea8?, {0xc002a34138?, 0x7ff656be6eaa?, 0x0?})
	runtime/syscall_windows.go:521 +0x4e fp=0xc002a34110 sp=0xc002a340f0 pc=0x7ff656bb0bee
syscall.Syscall6(0x2?, 0xc?, 0xc005e64308?, 0xc002a341c8?, 0x7ff656be63a5?, 0x7ff6575e6b40?, 0x8?, 0x7ff657117a00?)
	runtime/syscall_windows.go:463 +0x38 fp=0xc002a34178 sp=0xc002a34110 pc=0x7ff656bcb038
internal/syscall/windows.GetFileInformationByHandleEx(0x129c, 0xb, 0x8?, 0x10000)
	internal/syscall/windows/zsyscall_windows.go:323 +0x73 fp=0xc002a341d8 sp=0xc002a34178 pc=0x7ff656c216f3
os.(*File).readdir(0xc0060600d0, 0xffffffffffffffff, 0x0)
	os/dir_windows.go:125 +0x2bf fp=0xc002a342d0 sp=0xc002a341d8 pc=0x7ff656c2ad1f
os.(*File).Readdirnames(0xc005f920e0?, 0x0?)
	os/dir.go:73 +0x1a fp=0xc002a34308 sp=0xc002a342d0 pc=0x7ff656c2a8da
github.com/evanw/esbuild/internal/fs.(*realFS).readdir(0xc0000da080, {0xc005f920e0, 0x64})
	github.com/evanw/esbuild/internal/fs/fs_real.go:362 +0xfd fp=0xc002a343a0 sp=0xc002a34308 pc=0x7ff656c9c3bd
github.com/evanw/esbuild/internal/fs.(*realFS).ReadDirectory(0xc0000da080, {0xc005f920e0, 0x64})
	github.com/evanw/esbuild/internal/fs/fs_real.go:146 +0x177 fp=0xc002a34530 sp=0xc002a343a0 pc=0x7ff656c9a637
github.com/evanw/esbuild/internal/fs.(*zipFS).ReadDirectory(0xc0000a6120, {0xc005f920e0, 0x64})
	github.com/evanw/esbuild/internal/fs/fs_zip.go:188 +0xbf fp=0xc002a34670 sp=0xc002a34530 pc=0x7ff656c9e7df
github.com/evanw/esbuild/internal/resolver.resolverQuery.loadAsFile({0xc003efdb08?, 0xc005a1caa0?, 0x0?, 0x6b?}, 
{0xc0056d8f50, 0x6f}, {0xc0040ae1e0, 0x5, 0x1b656c9c852?})
	github.com/evanw/esbuild/internal/resolver/resolver.go:1741 +0x31e fp=0xc002a348e0 sp=0xc002a34670 pc=0x7ff656f5a03e
github.com/evanw/esbuild/internal/resolver.resolverQuery.loadAsFileOrDirectory({0xc003efdb08?, 0xc005a1caa0?, 0x0?, 
0x6f?}, {0xc0056d8f50, 0x6f})
	github.com/evanw/esbuild/internal/resolver/resolver.go:1930 +0x173 fp=0xc002a34a88 sp=0xc002a348e0 pc=0x7ff656f5c1f3
github.com/evanw/esbuild/internal/resolver.resolverQuery.resolveWithoutSymlinks({0xc003efdb08?, 0xc005a1caa0?, 0x0?, 
0x0?}, {0xc004eebf40, 0x36}, 0xc00653b580, {0xc0056d8f50, 0x6f})
	github.com/evanw/esbuild/internal/resolver/resolver.go:981 +0x4f1 fp=0xc002a34e50 sp=0xc002a34a88 pc=0x7ff656f52651
github.com/evanw/esbuild/internal/resolver.(*Resolver).Resolve(0xc003efdb08, {0xc004eebf40, 0x36}, {0xc0056d8f50, 
0x6f}, 0x1)
	github.com/evanw/esbuild/internal/resolver/resolver.go:548 +0x16f9 fp=0xc002a35220 sp=0xc002a34e50 pc=0x7ff656f4c779
github.com/evanw/esbuild/internal/bundler.RunOnResolvePlugins({_, _, _}, _, {0xc003b7c600, 0xc0026396c8, 0xc0026396f8, 
0xc002639710, 0x3, 0xc003b7c5d0}, ...)
	github.com/evanw/esbuild/internal/bundler/bundler.go:1154 +0x36a fp=0xc002a35690 sp=0xc002a35220 pc=0x7ff656f80e0a
github.com/evanw/esbuild/pkg/api.loadPlugins.func2({0xc0056d8f50, 0x6f}, {{0xc00361e580, 0x10}, {0x0, 0x0}, {0x0, 
0x0}, {0xc004eebf40, 0x36}, ...})
	github.com/evanw/esbuild/pkg/api/api_impl.go:2114 +0x4be fp=0xc002a35d18 sp=0xc002a35690 pc=0x7ff65703809e
main.(*serviceType).convertPlugins.func2.1(0xb4, 0xc0050594a0)
	github.com/evanw/esbuild/cmd/esbuild/service.go:944 +0x665 fp=0xc002a35f50 sp=0xc002a35d18 pc=0x7ff65707a885
main.(*serviceType).handleIncomingPacket.func4()
	github.com/evanw/esbuild/cmd/esbuild/service.go:262 +0xa4 fp=0xc002a35fe0 sp=0xc002a35f50 pc=0x7ff6570740a4
runtime.goexit({})
	runtime/asm_amd64.s:1693 +0x1 fp=0xc002a35fe8 sp=0xc002a35fe0 pc=0x7ff656bcf221
created by main.(*serviceType).handleIncomingPacket in goroutine 1
	github.com/evanw/esbuild/cmd/esbuild/service.go:257 +0x156e

goroutine 1445 gp=0xc003c17dc0 m=nil [chan send]:
runtime.gopark(0xc001a61ce0?, 0xc0000ca080?, 0x0?, 0x0?, 0xc0000ca080?)
	runtime/proc.go:460 +0xce fp=0xc001c63748 sp=0xc001c63728 pc=0x7ff656bc72ce
runtime.chansend(0xc000136000, 0x7ff6572b1690, 0x1, 0x7ff656c9c852?)
	runtime/chan.go:283 +0x3cb fp=0xc001c637b8 sp=0xc001c63748 pc=0x7ff656b5d58b
runtime.chansend1(0xc0000ca080?, 0xc001c63840?)
	runtime/chan.go:161 +0x17 fp=0xc001c637e8 sp=0xc001c637b8 pc=0x7ff656b5d1b7
github.com/evanw/esbuild/internal/fs.BeforeFileOpen(...)
	github.com/evanw/esbuild/internal/fs/fs.go:245
github.com/evanw/esbuild/internal/fs.(*realFS).kind(0xc0000da080, {0xc006462b90?, 0xc001c63908?}, {0xc002a44b60?, 
0x7ff65714de40?})
	github.com/evanw/esbuild/internal/fs/fs_real.go:413 +0xb3 fp=0xc001c63888 sp=0xc001c637e8 pc=0x7ff656c9c793
github.com/evanw/esbuild/internal/fs.(*zipFS).kind(0xc?, {0xc006462b90?, 0x48?}, {0xc002a44b60?, 0x7ff6571d2411?})
	github.com/evanw/esbuild/internal/fs/fs_zip.go:330 +0x28 fp=0xc001c638c0 sp=0xc001c63888 pc=0x7ff656c9fa08
github.com/evanw/esbuild/internal/fs.(*Entry).Kind(0xc006177980, {0x7ff6572bce40?, 0xc0000a6120?})
	github.com/evanw/esbuild/internal/fs/fs.go:37 +0xc3 fp=0xc001c63918 sp=0xc001c638c0 pc=0x7ff656c97f83
github.com/evanw/esbuild/internal/resolver.resolverQuery.dirInfoUncached({0xc0010fb208?, 0xc0053fefa0?, 0x0?, 0x48?}, 
{0xc006462b90, 0x48})
	github.com/evanw/esbuild/internal/resolver/resolver.go:1618 +0xf2c fp=0xc001c63bf8 sp=0xc001c63918 pc=0x7ff656f5922c
github.com/evanw/esbuild/internal/resolver.resolverQuery.dirInfoCached({0xc0010fb208?, 0xc0053fefa0?, 0x0?, 0x9e?}, 
{0xc006462b90, 0x48})
	github.com/evanw/esbuild/internal/resolver/resolver.go:1174 +0xee fp=0xc001c63d00 sp=0xc001c63bf8 pc=0x7ff656f5420e
github.com/evanw/esbuild/internal/resolver.resolverQuery.dirInfoUncached({0xc0010fb208?, 0xc0053fefa0?, 0x0?, 0x4d?}, 
{0xc006462b40, 0x4d})
	github.com/evanw/esbuild/internal/resolver/resolver.go:1538 +0xe5 fp=0xc001c63fe0 sp=0xc001c63d00 pc=0x7ff656f583e5
github.com/evanw/esbuild/internal/resolver.resolverQuery.dirInfoCached({0xc0010fb208?, 0xc0053fefa0?, 0x0?, 0x2f?}, 
{0xc006462b40, 0x4d})
	github.com/evanw/esbuild/internal/resolver/resolver.go:1174 +0xee fp=0xc001c640e8 sp=0xc001c63fe0 pc=0x7ff656f5420e
github.com/evanw/esbuild/internal/resolver.resolverQuery.dirInfoUncached({0xc0010fb208?, 0xc0053fefa0?, 0x0?, 0x51?}, 
{0xc00608d1a0, 0x51})
	github.com/evanw/esbuild/internal/resolver/resolver.go:1538 +0xe5 fp=0xc001c643c8 sp=0xc001c640e8 pc=0x7ff656f583e5
github.com/evanw/esbuild/internal/resolver.resolverQuery.dirInfoCached({0xc0010fb208?, 0xc0053fefa0?, 0x0?, 0x0?}, 
{0xc00608d1a0, 0x51})
	github.com/evanw/esbuild/internal/resolver/resolver.go:1174 +0xee fp=0xc001c644d0 sp=0xc001c643c8 pc=0x7ff656f5420e
github.com/evanw/esbuild/internal/resolver.resolverQuery.dirInfoUncached({0xc0010fb208?, 0xc0053fefa0?, 0x0?, 0x5a?}, 
{0xc00608d140, 0x5a})
	github.com/evanw/esbuild/internal/resolver/resolver.go:1538 +0xe5 fp=0xc001c647b0 sp=0xc001c644d0 pc=0x7ff656f583e5
github.com/evanw/esbuild/internal/resolver.resolverQuery.dirInfoCached({0xc0010fb208?, 0xc0053fefa0?, 0x0?, 0x48?}, 
{0xc00608d140, 0x5a})
	github.com/evanw/esbuild/internal/resolver/resolver.go:1174 +0xee fp=0xc001c648b8 sp=0xc001c647b0 pc=0x7ff656f5420e
github.com/evanw/esbuild/internal/resolver.resolverQuery.dirInfoUncached({0xc0010fb208?, 0xc0053fefa0?, 0x0?, 0x5f?}, 
{0xc00608d0e0, 0x5f})
	github.com/evanw/esbuild/internal/resolver/resolver.go:1538 +0xe5 fp=0xc001c64b98 sp=0xc001c648b8 pc=0x7ff656f583e5
github.com/evanw/esbuild/internal/resolver.resolverQuery.dirInfoCached({0xc0010fb208?, 0xc0053fefa0?, 0x0?, 0xa0?}, 
{0xc00608d0e0, 0x5f})
	github.com/evanw/esbuild/internal/resolver/resolver.go:1174 +0xee fp=0xc001c64ca0 sp=0xc001c64b98 pc=0x7ff656f5420e
github.com/evanw/esbuild/internal/resolver.resolverQuery.finalizeResolve({0xc0010fb208?, 0xc0053fefa0?, 0x0?, 0x0?}, 
0xc00457e000)
	github.com/evanw/esbuild/internal/resolver/resolver.go:842 +0x6f1 fp=0xc001c64e50 sp=0xc001c64ca0 pc=0x7ff656f510d1
github.com/evanw/esbuild/internal/resolver.(*Resolver).Resolve(0xc0010fb208, {0xc004eebf80, 0x36}, {0xc0056d8fc0, 
0x67}, 0x1)
	github.com/evanw/esbuild/internal/resolver/resolver.go:572 +0x1a1a fp=0xc001c65220 sp=0xc001c64e50 pc=0x7ff656f4ca9a
github.com/evanw/esbuild/internal/bundler.RunOnResolvePlugins({_, _, _}, _, {0xc00565cb40, 0xc00362a2b8, 0xc00362a2d0, 
0xc00362a2e8, 0x3, 0xc00565cb10}, ...)
	github.com/evanw/esbuild/internal/bundler/bundler.go:1154 +0x36a fp=0xc001c65690 sp=0xc001c65220 pc=0x7ff656f80e0a
github.com/evanw/esbuild/pkg/api.loadPlugins.func2({0xc0056d8fc0, 0x67}, {{0xc00361e700, 0x10}, {0x0, 0x0}, {0x0, 
0x0}, {0xc004eebf80, 0x36}, ...})
	github.com/evanw/esbuild/pkg/api/api_impl.go:2114 +0x4be fp=0xc001c65d18 sp=0xc001c65690 pc=0x7ff65703809e
main.(*serviceType).convertPlugins.func2.1(0xb5, 0xc0050594d0)
	github.com/evanw/esbuild/cmd/esbuild/service.go:944 +0x665 fp=0xc001c65f50 sp=0xc001c65d18 pc=0x7ff65707a885
main.(*serviceType).handleIncomingPacket.func4()
	github.com/evanw/esbuild/cmd/esbuild/service.go:262 +0xa4 fp=0xc001c65fe0 sp=0xc001c65f50 pc=0x7ff6570740a4
runtime.goexit({})
	runtime/asm_amd64.s:1693 +0x1 fp=0xc001c65fe8 sp=0xc001c65fe0 pc=0x7ff656bcf221
created by main.(*serviceType).handleIncomingPacket in goroutine 1
	github.com/evanw/esbuild/cmd/esbuild/service.go:257 +0x156e

goroutine 1446 gp=0xc0024c88c0 m=nil [chan send]:
runtime.gopark(0xc0064638b0?, 0x4?, 0xc8?, 0xd7?, 0xc0000ca080?)
	runtime/proc.go:460 +0xce fp=0xc001bad738 sp=0xc001bad718 pc=0x7ff656bc72ce
runtime.chansend(0xc000136000, 0x7ff6572b1690, 0x1, 0x0?)
	runtime/chan.go:283 +0x3cb fp=0xc001bad7a8 sp=0xc001bad738 pc=0x7ff656b5d58b
runtime.chansend1(0xc0000ca080?, 0xc005bc5900?)
	runtime/chan.go:161 +0x17 fp=0xc001bad7d8 sp=0xc001bad7a8 pc=0x7ff656b5d1b7
github.com/evanw/esbuild/internal/fs.BeforeFileOpen(...)
	github.com/evanw/esbuild/internal/fs/fs.go:245
github.com/evanw/esbuild/internal/fs.(*realFS).kind(0xc0000da080, {0xc005bc5950?, 0x4?}, {0xc002d3c1b8?, 
0xc001bad908?})
	github.com/evanw/esbuild/internal/fs/fs_real.go:413 +0xb3 fp=0xc001bad878 sp=0xc001bad7d8 pc=0x7ff656c9c793
github.com/evanw/esbuild/internal/fs.(*zipFS).kind(0xc0032e9d10?, {0xc005bc5950?, 0x4?}, {0xc002d3c1b8?, 0x43?})
	github.com/evanw/esbuild/internal/fs/fs_zip.go:330 +0x28 fp=0xc001bad8b0 sp=0xc001bad878 pc=0x7ff656c9fa08
github.com/evanw/esbuild/internal/fs.(*Entry).Symlink(0xc0027eee40, {0x7ff6572bce40?, 0xc0000a6120?})
	github.com/evanw/esbuild/internal/fs/fs.go:47 +0xc3 fp=0xc001bad918 sp=0xc001bad8b0 pc=0x7ff656c98143
github.com/evanw/esbuild/internal/resolver.resolverQuery.dirInfoUncached({0xc002494008?, 0xc00353ba40?, 0x0?, 0x48?}, 
{0xc005bc5900, 0x48})
	github.com/evanw/esbuild/internal/resolver/resolver.go:1601 +0x9ae fp=0xc001badbf8 sp=0xc001bad918 pc=0x7ff656f58cae
github.com/evanw/esbuild/internal/resolver.resolverQuery.dirInfoCached({0xc002494008?, 0xc00353ba40?, 0x0?, 0x9e?}, 
{0xc005bc5900, 0x48})
	github.com/evanw/esbuild/internal/resolver/resolver.go:1174 +0xee fp=0xc001badd00 sp=0xc001badbf8 pc=0x7ff656f5420e
github.com/evanw/esbuild/internal/resolver.resolverQuery.dirInfoUncached({0xc002494008?, 0xc00353ba40?, 0x0?, 0x4d?}, 
{0xc005bc58b0, 0x4d})
	github.com/evanw/esbuild/internal/resolver/resolver.go:1538 +0xe5 fp=0xc001badfe0 sp=0xc001badd00 pc=0x7ff656f583e5
github.com/evanw/esbuild/internal/resolver.resolverQuery.dirInfoCached({0xc002494008?, 0xc00353ba40?, 0x0?, 0x2f?}, 
{0xc005bc58b0, 0x4d})
	github.com/evanw/esbuild/internal/resolver/resolver.go:1174 +0xee fp=0xc001bae0e8 sp=0xc001badfe0 pc=0x7ff656f5420e
github.com/evanw/esbuild/internal/resolver.resolverQuery.dirInfoUncached({0xc002494008?, 0xc00353ba40?, 0x0?, 0x51?}, 
{0xc006902600, 0x51})
	github.com/evanw/esbuild/internal/resolver/resolver.go:1538 +0xe5 fp=0xc001bae3c8 sp=0xc001bae0e8 pc=0x7ff656f583e5
github.com/evanw/esbuild/internal/resolver.resolverQuery.dirInfoCached({0xc002494008?, 0xc00353ba40?, 0x0?, 0x0?}, 
{0xc006902600, 0x51})
	github.com/evanw/esbuild/internal/resolver/resolver.go:1174 +0xee fp=0xc001bae4d0 sp=0xc001bae3c8 pc=0x7ff656f5420e
github.com/evanw/esbuild/internal/resolver.resolverQuery.dirInfoUncached({0xc002494008?, 0xc00353ba40?, 0x0?, 0x5a?}, 
{0xc0069025a0, 0x5a})
	github.com/evanw/esbuild/internal/resolver/resolver.go:1538 +0xe5 fp=0xc001bae7b0 sp=0xc001bae4d0 pc=0x7ff656f583e5
github.com/evanw/esbuild/internal/resolver.resolverQuery.dirInfoCached({0xc002494008?, 0xc00353ba40?, 0x0?, 0x78?}, 
{0xc0069025a0, 0x5a})
	github.com/evanw/esbuild/internal/resolver/resolver.go:1174 +0xee fp=0xc001bae8b8 sp=0xc001bae7b0 pc=0x7ff656f5420e
github.com/evanw/esbuild/internal/resolver.resolverQuery.dirInfoUncached({0xc002494008?, 0xc00353ba40?, 0x0?, 0x65?}, 
{0xc005f93420, 0x65})
	github.com/evanw/esbuild/internal/resolver/resolver.go:1538 +0xe5 fp=0xc001baeb98 sp=0xc001bae8b8 pc=0x7ff656f583e5
github.com/evanw/esbuild/internal/resolver.resolverQuery.dirInfoCached({0xc002494008?, 0xc00353ba40?, 0x0?, 0x40?}, 
{0xc005f93420, 0x65})
	github.com/evanw/esbuild/internal/resolver/resolver.go:1174 +0xee fp=0xc001baeca0 sp=0xc001baeb98 pc=0x7ff656f5420e
github.com/evanw/esbuild/internal/resolver.resolverQuery.finalizeResolve({0xc002494008?, 0xc00353ba40?, 0x0?, 0x0?}, 
0xc004276d80)
	github.com/evanw/esbuild/internal/resolver/resolver.go:842 +0x6f1 fp=0xc001baee50 sp=0xc001baeca0 pc=0x7ff656f510d1
github.com/evanw/esbuild/internal/resolver.(*Resolver).Resolve(0xc002494008, {0xc004eebfc0, 0x36}, {0xc0056d9030, 
0x6e}, 0x1)
	github.com/evanw/esbuild/internal/resolver/resolver.go:572 +0x1a1a fp=0xc001baf220 sp=0xc001baee50 pc=0x7ff656f4ca9a
github.com/evanw/esbuild/internal/bundler.RunOnResolvePlugins({_, _, _}, _, {0xc00565cc60, 0xc00362a318, 0xc00362a330, 
0xc00362a348, 0x3, 0xc00565cc30}, ...)
	github.com/evanw/esbuild/internal/bundler/bundler.go:1154 +0x36a fp=0xc001baf690 sp=0xc001baf220 pc=0x7ff656f80e0a
github.com/evanw/esbuild/pkg/api.loadPlugins.func2({0xc0056d9030, 0x6e}, {{0xc00361e800, 0x10}, {0x0, 0x0}, {0x0, 
0x0}, {0xc004eebfc0, 0x36}, ...})
	github.com/evanw/esbuild/pkg/api/api_impl.go:2114 +0x4be fp=0xc001bafd18 sp=0xc001baf690 pc=0x7ff65703809e
main.(*serviceType).convertPlugins.func2.1(0xb6, 0xc005059500)
	github.com/evanw/esbuild/cmd/esbuild/service.go:944 +0x665 fp=0xc001baff50 sp=0xc001bafd18 pc=0x7ff65707a885
main.(*serviceType).handleIncomingPacket.func4()
	github.com/evanw/esbuild/cmd/esbuild/service.go:262 +0xa4 fp=0xc001baffe0 sp=0xc001baff50 pc=0x7ff6570740a4
runtime.goexit({})
	runtime/asm_amd64.s:1693 +0x1 fp=0xc001baffe8 sp=0xc001baffe0 pc=0x7ff656bcf221
created by main.(*serviceType).handleIncomingPacket in goroutine 1
	github.com/evanw/esbuild/cmd/esbuild/service.go:257 +0x156e

goroutine 1447 gp=0xc0024c8a80 m=nil [chan send]:
runtime.gopark(0xc005edbf90?, 0x4?, 0xc8?, 0x37?, 0xc0000ca080?)
	runtime/proc.go:460 +0xce fp=0xc0024f3738 sp=0xc0024f3718 pc=0x7ff656bc72ce
runtime.chansend(0xc000136000, 0x7ff6572b1690, 0x1, 0x0?)
	runtime/chan.go:283 +0x3cb fp=0xc0024f37a8 sp=0xc0024f3738 pc=0x7ff656b5d58b
runtime.chansend1(0xc0000ca080?, 0xc005e03540?)
	runtime/chan.go:161 +0x17 fp=0xc0024f37d8 sp=0xc0024f37a8 pc=0x7ff656b5d1b7
github.com/evanw/esbuild/internal/fs.BeforeFileOpen(...)
	github.com/evanw/esbuild/internal/fs/fs.go:245
github.com/evanw/esbuild/internal/fs.(*realFS).kind(0xc0000da080, {0xc005e03590?, 0x4?}, {0xc0048859d8?, 
0xc0024f3908?})
	github.com/evanw/esbuild/internal/fs/fs_real.go:413 +0xb3 fp=0xc0024f3878 sp=0xc0024f37d8 pc=0x7ff656c9c793
github.com/evanw/esbuild/internal/fs.(*zipFS).kind(0xc006558bd0?, {0xc005e03590?, 0x4?}, {0xc0048859d8?, 0x43?})
	github.com/evanw/esbuild/internal/fs/fs_zip.go:330 +0x28 fp=0xc0024f38b0 sp=0xc0024f3878 pc=0x7ff656c9fa08
github.com/evanw/esbuild/internal/fs.(*Entry).Symlink(0xc001d9d6c0, {0x7ff6572bce40?, 0xc0000a6120?})
	github.com/evanw/esbuild/internal/fs/fs.go:47 +0xc3 fp=0xc0024f3918 sp=0xc0024f38b0 pc=0x7ff656c98143
github.com/evanw/esbuild/internal/resolver.resolverQuery.dirInfoUncached({0xc002494488?, 0xc004a5a8c0?, 0x0?, 0x48?}, 
{0xc005e03540, 0x48})
	github.com/evanw/esbuild/internal/resolver/resolver.go:1601 +0x9ae fp=0xc0024f3bf8 sp=0xc0024f3918 pc=0x7ff656f58cae
github.com/evanw/esbuild/internal/resolver.resolverQuery.dirInfoCached({0xc002494488?, 0xc004a5a8c0?, 0x0?, 0x9e?}, 
{0xc005e03540, 0x48})
	github.com/evanw/esbuild/internal/resolver/resolver.go:1174 +0xee fp=0xc0024f3d00 sp=0xc0024f3bf8 pc=0x7ff656f5420e
github.com/evanw/esbuild/internal/resolver.resolverQuery.dirInfoUncached({0xc002494488?, 0xc004a5a8c0?, 0x0?, 0x4d?}, 
{0xc005e034f0, 0x4d})
	github.com/evanw/esbuild/internal/resolver/resolver.go:1538 +0xe5 fp=0xc0024f3fe0 sp=0xc0024f3d00 pc=0x7ff656f583e5
github.com/evanw/esbuild/internal/resolver.resolverQuery.dirInfoCached({0xc002494488?, 0xc004a5a8c0?, 0x0?, 0x2f?}, 
{0xc005e034f0, 0x4d})
	github.com/evanw/esbuild/internal/resolver/resolver.go:1174 +0xee fp=0xc0024f40e8 sp=0xc0024f3fe0 pc=0x7ff656f5420e
github.com/evanw/esbuild/internal/resolver.resolverQuery.dirInfoUncached({0xc002494488?, 0xc004a5a8c0?, 0x0?, 0x51?}, 
{0xc0065a8ba0, 0x51})
	github.com/evanw/esbuild/internal/resolver/resolver.go:1538 +0xe5 fp=0xc0024f43c8 sp=0xc0024f40e8 pc=0x7ff656f583e5
github.com/evanw/esbuild/internal/resolver.resolverQuery.dirInfoCached({0xc002494488?, 0xc004a5a8c0?, 0x0?, 0x0?}, 
{0xc0065a8ba0, 0x51})
	github.com/evanw/esbuild/internal/resolver/resolver.go:1174 +0xee fp=0xc0024f44d0 sp=0xc0024f43c8 pc=0x7ff656f5420e
github.com/evanw/esbuild/internal/resolver.resolverQuery.dirInfoUncached({0xc002494488?, 0xc004a5a8c0?, 0x0?, 0x5a?}, 
{0xc0065a8b40, 0x5a})
	github.com/evanw/esbuild/internal/resolver/resolver.go:1538 +0xe5 fp=0xc0024f47b0 sp=0xc0024f44d0 pc=0x7ff656f583e5
github.com/evanw/esbuild/internal/resolver.resolverQuery.dirInfoCached({0xc002494488?, 0xc004a5a8c0?, 0x0?, 0x78?}, 
{0xc0065a8b40, 0x5a})
	github.com/evanw/esbuild/internal/resolver/resolver.go:1174 +0xee fp=0xc0024f48b8 sp=0xc0024f47b0 pc=0x7ff656f5420e
github.com/evanw/esbuild/internal/resolver.resolverQuery.dirInfoUncached({0xc002494488?, 0xc004a5a8c0?, 0x0?, 0x5f?}, 
{0xc0065a8ae0, 0x5f})
	github.com/evanw/esbuild/internal/resolver/resolver.go:1538 +0xe5 fp=0xc0024f4b98 sp=0xc0024f48b8 pc=0x7ff656f583e5
github.com/evanw/esbuild/internal/resolver.resolverQuery.dirInfoCached({0xc002494488?, 0xc004a5a8c0?, 0x0?, 0xc0?}, 
{0xc0065a8ae0, 0x5f})
	github.com/evanw/esbuild/internal/resolver/resolver.go:1174 +0xee fp=0xc0024f4ca0 sp=0xc0024f4b98 pc=0x7ff656f5420e
github.com/evanw/esbuild/internal/resolver.resolverQuery.finalizeResolve({0xc002494488?, 0xc004a5a8c0?, 0x0?, 0x0?}, 
0xc0029cfc20)
	github.com/evanw/esbuild/internal/resolver/resolver.go:842 +0x6f1 fp=0xc0024f4e50 sp=0xc0024f4ca0 pc=0x7ff656f510d1
github.com/evanw/esbuild/internal/resolver.(*Resolver).Resolve(0xc002494488, {0xc0005b0040, 0x36}, {0xc0032a2b00, 
0x76}, 0x1)
	github.com/evanw/esbuild/internal/resolver/resolver.go:572 +0x1a1a fp=0xc0024f5220 sp=0xc0024f4e50 pc=0x7ff656f4ca9a
github.com/evanw/esbuild/internal/bundler.RunOnResolvePlugins({_, _, _}, _, {0xc00565cd80, 0xc00362a378, 0xc00362a390, 
0xc00362a3a8, 0x3, 0xc00565cd50}, ...)
	github.com/evanw/esbuild/internal/bundler/bundler.go:1154 +0x36a fp=0xc0024f5690 sp=0xc0024f5220 pc=0x7ff656f80e0a
github.com/evanw/esbuild/pkg/api.loadPlugins.func2({0xc0032a2b00, 0x76}, {{0xc00361e940, 0x10}, {0x0, 0x0}, {0x0, 
0x0}, {0xc0005b0040, 0x36}, ...})
	github.com/evanw/esbuild/pkg/api/api_impl.go:2114 +0x4be fp=0xc0024f5d18 sp=0xc0024f5690 pc=0x7ff65703809e
main.(*serviceType).convertPlugins.func2.1(0xb7, 0xc005059530)
	github.com/evanw/esbuild/cmd/esbuild/service.go:944 +0x665 fp=0xc0024f5f50 sp=0xc0024f5d18 pc=0x7ff65707a885
main.(*serviceType).handleIncomingPacket.func4()
	github.com/evanw/esbuild/cmd/esbuild/service.go:262 +0xa4 fp=0xc0024f5fe0 sp=0xc0024f5f50 pc=0x7ff6570740a4
runtime.goexit({})
	runtime/asm_amd64.s:1693 +0x1 fp=0xc0024f5fe8 sp=0xc0024f5fe0 pc=0x7ff656bcf221
created by main.(*serviceType).handleIncomingPacket in goroutine 1
	github.com/evanw/esbuild/cmd/esbuild/service.go:257 +0x156e

goroutine 1448 gp=0xc0024c8c40 m=nil [chan send]:
runtime.gopark(0xc006805260?, 0xc0000ca080?, 0x0?, 0x0?, 0xc0000ca080?)
	runtime/proc.go:460 +0xce fp=0xc001d3f748 sp=0xc001d3f728 pc=0x7ff656bc72ce
runtime.chansend(0xc000136000, 0x7ff6572b1690, 0x1, 0x7ff656c9c852?)
	runtime/chan.go:283 +0x3cb fp=0xc001d3f7b8 sp=0xc001d3f748 pc=0x7ff656b5d58b
runtime.chansend1(0xc0000ca080?, 0xc001d3f840?)
	runtime/chan.go:161 +0x17 fp=0xc001d3f7e8 sp=0xc001d3f7b8 pc=0x7ff656b5d1b7
github.com/evanw/esbuild/internal/fs.BeforeFileOpen(...)
	github.com/evanw/esbuild/internal/fs/fs.go:245
github.com/evanw/esbuild/internal/fs.(*realFS).kind(0xc0000da080, {0xc006462dc0?, 0xc001d3f908?}, {0xc002ae6320?, 
0x7ff65714de40?})
	github.com/evanw/esbuild/internal/fs/fs_real.go:413 +0xb3 fp=0xc001d3f888 sp=0xc001d3f7e8 pc=0x7ff656c9c793
github.com/evanw/esbuild/internal/fs.(*zipFS).kind(0xc?, {0xc006462dc0?, 0x48?}, {0xc002ae6320?, 0x7ff6571d2411?})
	github.com/evanw/esbuild/internal/fs/fs_zip.go:330 +0x28 fp=0xc001d3f8c0 sp=0xc001d3f888 pc=0x7ff656c9fa08
github.com/evanw/esbuild/internal/fs.(*Entry).Kind(0xc0065b0540, {0x7ff6572bce40?, 0xc0000a6120?})
	github.com/evanw/esbuild/internal/fs/fs.go:37 +0xc3 fp=0xc001d3f918 sp=0xc001d3f8c0 pc=0x7ff656c97f83
github.com/evanw/esbuild/internal/resolver.resolverQuery.dirInfoUncached({0xc001f42488?, 0xc005d67ae0?, 0x0?, 0x48?}, 
{0xc006462dc0, 0x48})
	github.com/evanw/esbuild/internal/resolver/resolver.go:1618 +0xf2c fp=0xc001d3fbf8 sp=0xc001d3f918 pc=0x7ff656f5922c
github.com/evanw/esbuild/internal/resolver.resolverQuery.dirInfoCached({0xc001f42488?, 0xc005d67ae0?, 0x0?, 0x9e?}, 
{0xc006462dc0, 0x48})
	github.com/evanw/esbuild/internal/resolver/resolver.go:1174 +0xee fp=0xc001d3fd00 sp=0xc001d3fbf8 pc=0x7ff656f5420e
github.com/evanw/esbuild/internal/resolver.resolverQuery.dirInfoUncached({0xc001f42488?, 0xc005d67ae0?, 0x0?, 0x4d?}, 
{0xc006462d70, 0x4d})
	github.com/evanw/esbuild/internal/resolver/resolver.go:1538 +0xe5 fp=0xc001d3ffe0 sp=0xc001d3fd00 pc=0x7ff656f583e5
github.com/evanw/esbuild/internal/resolver.resolverQuery.dirInfoCached({0xc001f42488?, 0xc005d67ae0?, 0x0?, 0x2f?}, 
{0xc006462d70, 0x4d})
	github.com/evanw/esbuild/internal/resolver/resolver.go:1174 +0xee fp=0xc001d400e8 sp=0xc001d3ffe0 pc=0x7ff656f5420e
github.com/evanw/esbuild/internal/resolver.resolverQuery.dirInfoUncached({0xc001f42488?, 0xc005d67ae0?, 0x0?, 0x51?}, 
{0xc00608d260, 0x51})
	github.com/evanw/esbuild/internal/resolver/resolver.go:1538 +0xe5 fp=0xc001d403c8 sp=0xc001d400e8 pc=0x7ff656f583e5
github.com/evanw/esbuild/internal/resolver.resolverQuery.dirInfoCached({0xc001f42488?, 0xc005d67ae0?, 0x0?, 0x0?}, 
{0xc00608d260, 0x51})
	github.com/evanw/esbuild/internal/resolver/resolver.go:1174 +0xee fp=0xc001d404d0 sp=0xc001d403c8 pc=0x7ff656f5420e
github.com/evanw/esbuild/internal/resolver.resolverQuery.dirInfoUncached({0xc001f42488?, 0xc005d67ae0?, 0x0?, 0x5a?}, 
{0xc00608d200, 0x5a})
	github.com/evanw/esbuild/internal/resolver/resolver.go:1538 +0xe5 fp=0xc001d407b0 sp=0xc001d404d0 pc=0x7ff656f583e5
github.com/evanw/esbuild/internal/resolver.resolverQuery.dirInfoCached({0xc001f42488?, 0xc005d67ae0?, 0x0?, 0x78?}, 
{0xc00608d200, 0x5a})
	github.com/evanw/esbuild/internal/resolver/resolver.go:1174 +0xee fp=0xc001d408b8 sp=0xc001d407b0 pc=0x7ff656f5420e
github.com/evanw/esbuild/internal/resolver.resolverQuery.dirInfoUncached({0xc001f42488?, 0xc005d67ae0?, 0x0?, 0x65?}, 
{0xc006188d90, 0x65})
	github.com/evanw/esbuild/internal/resolver/resolver.go:1538 +0xe5 fp=0xc001d40b98 sp=0xc001d408b8 pc=0x7ff656f583e5
github.com/evanw/esbuild/internal/resolver.resolverQuery.dirInfoCached({0xc001f42488?, 0xc005d67ae0?, 0x0?, 0xe0?}, 
{0xc006188d90, 0x65})
	github.com/evanw/esbuild/internal/resolver/resolver.go:1174 +0xee fp=0xc001d40ca0 sp=0xc001d40b98 pc=0x7ff656f5420e
github.com/evanw/esbuild/internal/resolver.resolverQuery.finalizeResolve({0xc001f42488?, 0xc005d67ae0?, 0x0?, 0x0?}, 
0xc00457e6c0)
	github.com/evanw/esbuild/internal/resolver/resolver.go:842 +0x6f1 fp=0xc001d40e50 sp=0xc001d40ca0 pc=0x7ff656f510d1
github.com/evanw/esbuild/internal/resolver.(*Resolver).Resolve(0xc001f42488, {0xc0005b0080, 0x36}, {0xc0056d90a0, 
0x6c}, 0x1)
	github.com/evanw/esbuild/internal/resolver/resolver.go:572 +0x1a1a fp=0xc001d41220 sp=0xc001d40e50 pc=0x7ff656f4ca9a
github.com/evanw/esbuild/internal/bundler.RunOnResolvePlugins({_, _, _}, _, {0xc00565ced0, 0xc00362a3d8, 0xc00362a3f0, 
0xc00362a408, 0x3, 0xc00565cea0}, ...)
	github.com/evanw/esbuild/internal/bundler/bundler.go:1154 +0x36a fp=0xc001d41690 sp=0xc001d41220 pc=0x7ff656f80e0a
github.com/evanw/esbuild/pkg/api.loadPlugins.func2({0xc0056d90a0, 0x6c}, {{0xc00361eaa0, 0x10}, {0x0, 0x0}, {0x0, 
0x0}, {0xc0005b0080, 0x36}, ...})
	github.com/evanw/esbuild/pkg/api/api_impl.go:2114 +0x4be fp=0xc001d41d18 sp=0xc001d41690 pc=0x7ff65703809e
main.(*serviceType).convertPlugins.func2.1(0xb8, 0xc005059560)
	github.com/evanw/esbuild/cmd/esbuild/service.go:944 +0x665 fp=0xc001d41f50 sp=0xc001d41d18 pc=0x7ff65707a885
main.(*serviceType).handleIncomingPacket.func4()
	github.com/evanw/esbuild/cmd/esbuild/service.go:262 +0xa4 fp=0xc001d41fe0 sp=0xc001d41f50 pc=0x7ff6570740a4
runtime.goexit({})
	runtime/asm_amd64.s:1693 +0x1 fp=0xc001d41fe8 sp=0xc001d41fe0 pc=0x7ff656bcf221
created by main.(*serviceType).handleIncomingPacket in goroutine 1
	github.com/evanw/esbuild/cmd/esbuild/service.go:257 +0x156e

goroutine 1449 gp=0xc0024c8e00 m=nil [runnable]:
runtime.cgocall(0x7ff656bd0a40, 0xc000301b58)
	runtime/cgocall.go:167 +0x3e fp=0xc00116ef98 sp=0xc00116ef30 pc=0x7ff656bc467e
runtime.syscall_syscalln(0x0?, 0x7ff656f5ac00?, {0xc00116efe0?, 0xc00116f058?, 0x7ff656c08dea?})
	runtime/syscall_windows.go:521 +0x4e fp=0xc00116efb8 sp=0xc00116ef98 pc=0x7ff656bb0bee
syscall.Syscall9(0x1?, 0xc0059af5f0?, 0xc00116f0b0?, 0x7ff656c074fe?, 0xc005eda500?, 0x43?, 0xc0059af5f0?, 
0xffffffffffffffff?, 0x5d?, 0x0, ...)
	runtime/syscall_windows.go:469 +0x57 fp=0xc00116f038 sp=0xc00116efb8 pc=0x7ff656bcb097
syscall.createFile(0xc005eda500?, 0x80000000, 0x3, 0xc000b8b5e0?, 0x3, 0x2000001, 0x0)
	syscall/zsyscall_windows.go:507 +0xb2 fp=0xc00116f0c0 sp=0xc00116f038 pc=0x7ff656c0a252
syscall.Open({0xc005eda500?, 0x0?}, 0x80000, 0x0)
	syscall/syscall_windows.go:436 +0x19f fp=0xc00116f150 sp=0xc00116f0c0 pc=0x7ff656c07dbf
os.openFileNolog({0xc005eda500, 0x43}, 0xc00116f501?, 0x4ea0c40?)
	os/file_windows.go:158 +0x99 fp=0xc00116f198 sp=0xc00116f150 pc=0x7ff656c2d9d9
os.OpenFile({0xc005eda500, 0x43}, 0x0, 0x0)
	os/file.go:412 +0x3e fp=0xc00116f1c8 sp=0xc00116f198 pc=0x7ff656c2ca9e
os.Open(...)
	os/file.go:390
github.com/evanw/esbuild/internal/fs.(*realFS).readdir(0xc0000da080, {0xc005eda500, 0x43})
	github.com/evanw/esbuild/internal/fs/fs_real.go:353 +0x96 fp=0xc00116f260 sp=0xc00116f1c8 pc=0x7ff656c9c356
github.com/evanw/esbuild/internal/fs.(*realFS).ReadDirectory(0xc0000da080, {0xc005eda500, 0x43})
	github.com/evanw/esbuild/internal/fs/fs_real.go:146 +0x177 fp=0xc00116f3f0 sp=0xc00116f260 pc=0x7ff656c9a637
github.com/evanw/esbuild/internal/fs.(*zipFS).ReadDirectory(0xc0000a6120, {0xc005eda500, 0x43})
	github.com/evanw/esbuild/internal/fs/fs_zip.go:188 +0xbf fp=0xc00116f530 sp=0xc00116f3f0 pc=0x7ff656c9e7df
github.com/evanw/esbuild/internal/resolver.resolverQuery.dirInfoUncached({0xc0033fc008?, 0xc00353a5f0?, 0x0?, 0x43?}, 
{0xc005eda500, 0x43})
	github.com/evanw/esbuild/internal/resolver/resolver.go:1547 +0x11b fp=0xc00116f810 sp=0xc00116f530 pc=0x7ff656f5841b
github.com/evanw/esbuild/internal/resolver.resolverQuery.dirInfoCached({0xc0033fc008?, 0xc00353a5f0?, 0x0?, 0x9e?}, 
{0xc005eda500, 0x43})
	github.com/evanw/esbuild/internal/resolver/resolver.go:1174 +0xee fp=0xc00116f918 sp=0xc00116f810 pc=0x7ff656f5420e
github.com/evanw/esbuild/internal/resolver.resolverQuery.dirInfoUncached({0xc0033fc008?, 0xc00353a5f0?, 0x0?, 0x48?}, 
{0xc005eda460, 0x48})
	github.com/evanw/esbuild/internal/resolver/resolver.go:1538 +0xe5 fp=0xc00116fbf8 sp=0xc00116f918 pc=0x7ff656f583e5
github.com/evanw/esbuild/internal/resolver.resolverQuery.dirInfoCached({0xc0033fc008?, 0xc00353a5f0?, 0x0?, 0x9e?}, 
{0xc005eda460, 0x48})
	github.com/evanw/esbuild/internal/resolver/resolver.go:1174 +0xee fp=0xc00116fd00 sp=0xc00116fbf8 pc=0x7ff656f5420e
github.com/evanw/esbuild/internal/resolver.resolverQuery.dirInfoUncached({0xc0033fc008?, 0xc00353a5f0?, 0x0?, 0x4d?}, 
{0xc005eda410, 0x4d})
	github.com/evanw/esbuild/internal/resolver/resolver.go:1538 +0xe5 fp=0xc00116ffe0 sp=0xc00116fd00 pc=0x7ff656f583e5
github.com/evanw/esbuild/internal/resolver.resolverQuery.dirInfoCached({0xc0033fc008?, 0xc00353a5f0?, 0x0?, 0x2f?}, 
{0xc005eda410, 0x4d})
	github.com/evanw/esbuild/internal/resolver/resolver.go:1174 +0xee fp=0xc0011700e8 sp=0xc00116ffe0 pc=0x7ff656f5420e
github.com/evanw/esbuild/internal/resolver.resolverQuery.dirInfoUncached({0xc0033fc008?, 0xc00353a5f0?, 0x0?, 0x51?}, 
{0xc006804a20, 0x51})
	github.com/evanw/esbuild/internal/resolver/resolver.go:1538 +0xe5 fp=0xc0011703c8 sp=0xc0011700e8 pc=0x7ff656f583e5
github.com/evanw/esbuild/internal/resolver.resolverQuery.dirInfoCached({0xc0033fc008?, 0xc00353a5f0?, 0x0?, 0x0?}, 
{0xc006804a20, 0x51})
	github.com/evanw/esbuild/internal/resolver/resolver.go:1174 +0xee fp=0xc0011704d0 sp=0xc0011703c8 pc=0x7ff656f5420e
github.com/evanw/esbuild/internal/resolver.resolverQuery.dirInfoUncached({0xc0033fc008?, 0xc00353a5f0?, 0x0?, 0x5a?}, 
{0xc0068049c0, 0x5a})
	github.com/evanw/esbuild/internal/resolver/resolver.go:1538 +0xe5 fp=0xc0011707b0 sp=0xc0011704d0 pc=0x7ff656f583e5
github.com/evanw/esbuild/internal/resolver.resolverQuery.dirInfoCached({0xc0033fc008?, 0xc00353a5f0?, 0x0?, 0x48?}, 
{0xc0068049c0, 0x5a})
	github.com/evanw/esbuild/internal/resolver/resolver.go:1174 +0xee fp=0xc0011708b8 sp=0xc0011707b0 pc=0x7ff656f5420e
github.com/evanw/esbuild/internal/resolver.resolverQuery.dirInfoUncached({0xc0033fc008?, 0xc00353a5f0?, 0x0?, 0x5f?}, 
{0xc006804960, 0x5f})
	github.com/evanw/esbuild/internal/resolver/resolver.go:1538 +0xe5 fp=0xc001170b98 sp=0xc0011708b8 pc=0x7ff656f583e5
github.com/evanw/esbuild/internal/resolver.resolverQuery.dirInfoCached({0xc0033fc008?, 0xc00353a5f0?, 0x0?, 0xf0?}, 
{0xc006804960, 0x5f})
	github.com/evanw/esbuild/internal/resolver/resolver.go:1174 +0xee fp=0xc001170ca0 sp=0xc001170b98 pc=0x7ff656f5420e
github.com/evanw/esbuild/internal/resolver.resolverQuery.finalizeResolve({0xc0033fc008?, 0xc00353a5f0?, 0x0?, 0x0?}, 
0xc002e6b7a0)
	github.com/evanw/esbuild/internal/resolver/resolver.go:842 +0x6f1 fp=0xc001170e50 sp=0xc001170ca0 pc=0x7ff656f510d1
github.com/evanw/esbuild/internal/resolver.(*Resolver).Resolve(0xc0033fc008, {0xc0005b0540, 0x36}, {0xc0056d9110, 
0x67}, 0x1)
	github.com/evanw/esbuild/internal/resolver/resolver.go:572 +0x1a1a fp=0xc001171220 sp=0xc001170e50 pc=0x7ff656f4ca9a
github.com/evanw/esbuild/internal/bundler.RunOnResolvePlugins({_, _, _}, _, {0xc00565c420, 0xc00362a048, 0xc00362a090, 
0xc00362a0a8, 0x3, 0xc00565c3f0}, ...)
	github.com/evanw/esbuild/internal/bundler/bundler.go:1154 +0x36a fp=0xc001171690 sp=0xc001171220 pc=0x7ff656f80e0a
github.com/evanw/esbuild/pkg/api.loadPlugins.func2({0xc0056d9110, 0x67}, {{0xc00361eb80, 0x10}, {0x0, 0x0}, {0x0, 
0x0}, {0xc0005b0540, 0x36}, ...})
	github.com/evanw/esbuild/pkg/api/api_impl.go:2114 +0x4be fp=0xc001171d18 sp=0xc001171690 pc=0x7ff65703809e
main.(*serviceType).convertPlugins.func2.1(0xb9, 0xc005059590)
	github.com/evanw/esbuild/cmd/esbuild/service.go:944 +0x665 fp=0xc001171f50 sp=0xc001171d18 pc=0x7ff65707a885
main.(*serviceType).handleIncomingPacket.func4()
	github.com/evanw/esbuild/cmd/esbuild/service.go:262 +0xa4 fp=0xc001171fe0 sp=0xc001171f50 pc=0x7ff6570740a4
runtime.goexit({})
	runtime/asm_amd64.s:1693 +0x1 fp=0xc001171fe8 sp=0xc001171fe0 pc=0x7ff656bcf221
created by main.(*serviceType).handleIncomingPacket in goroutine 1
	github.com/evanw/esbuild/cmd/esbuild/service.go:257 +0x156e

goroutine 1450 gp=0xc0024c8fc0 m=nil [chan send]:
runtime.gopark(0x0?, 0x0?, 0x0?, 0x0?, 0x0?)
	runtime/proc.go:460 +0xce fp=0xc0068c9128 sp=0xc0068c9108 pc=0x7ff656bc72ce
runtime.chansend(0xc000136000, 0x7ff6572b1690, 0x1, 0x0?)
	runtime/chan.go:283 +0x3cb fp=0xc0068c9198 sp=0xc0068c9128 pc=0x7ff656b5d58b
runtime.chansend1(0x0?, 0x0?)
	runtime/chan.go:161 +0x17 fp=0xc0068c91c8 sp=0xc0068c9198 pc=0x7ff656b5d1b7
github.com/evanw/esbuild/internal/fs.BeforeFileOpen(...)
	github.com/evanw/esbuild/internal/fs/fs.go:245
github.com/evanw/esbuild/internal/fs.(*realFS).readdir(0xc0000da080, {0xc004e80780, 0x43})
	github.com/evanw/esbuild/internal/fs/fs_real.go:351 +0x6c fp=0xc0068c9260 sp=0xc0068c91c8 pc=0x7ff656c9c32c
github.com/evanw/esbuild/internal/fs.(*realFS).ReadDirectory(0xc0000da080, {0xc004e80780, 0x43})
	github.com/evanw/esbuild/internal/fs/fs_real.go:146 +0x177 fp=0xc0068c93f0 sp=0xc0068c9260 pc=0x7ff656c9a637
github.com/evanw/esbuild/internal/fs.(*zipFS).ReadDirectory(0xc0000a6120, {0xc004e80780, 0x43})
	github.com/evanw/esbuild/internal/fs/fs_zip.go:188 +0xbf fp=0xc0068c9530 sp=0xc0068c93f0 pc=0x7ff656c9e7df
github.com/evanw/esbuild/internal/resolver.resolverQuery.dirInfoUncached({0xc004935b08?, 0xc001865590?, 0x0?, 0x43?}, 
{0xc004e80780, 0x43})
	github.com/evanw/esbuild/internal/resolver/resolver.go:1547 +0x11b fp=0xc0068c9810 sp=0xc0068c9530 pc=0x7ff656f5841b
github.com/evanw/esbuild/internal/resolver.resolverQuery.dirInfoCached({0xc004935b08?, 0xc001865590?, 0x0?, 0x9e?}, 
{0xc004e80780, 0x43})
	github.com/evanw/esbuild/internal/resolver/resolver.go:1174 +0xee fp=0xc0068c9918 sp=0xc0068c9810 pc=0x7ff656f5420e
github.com/evanw/esbuild/internal/resolver.resolverQuery.dirInfoUncached({0xc004935b08?, 0xc001865590?, 0x0?, 0x48?}, 
{0xc004e80730, 0x48})
	github.com/evanw/esbuild/internal/resolver/resolver.go:1538 +0xe5 fp=0xc0068c9bf8 sp=0xc0068c9918 pc=0x7ff656f583e5
github.com/evanw/esbuild/internal/resolver.resolverQuery.dirInfoCached({0xc004935b08?, 0xc001865590?, 0x0?, 0x9e?}, 
{0xc004e80730, 0x48})
	github.com/evanw/esbuild/internal/resolver/resolver.go:1174 +0xee fp=0xc0068c9d00 sp=0xc0068c9bf8 pc=0x7ff656f5420e
github.com/evanw/esbuild/internal/resolver.resolverQuery.dirInfoUncached({0xc004935b08?, 0xc001865590?, 0x0?, 0x4d?}, 
{0xc004e806e0, 0x4d})
	github.com/evanw/esbuild/internal/resolver/resolver.go:1538 +0xe5 fp=0xc0068c9fe0 sp=0xc0068c9d00 pc=0x7ff656f583e5
github.com/evanw/esbuild/internal/resolver.resolverQuery.dirInfoCached({0xc004935b08?, 0xc001865590?, 0x0?, 0x2f?}, 
{0xc004e806e0, 0x4d})
	github.com/evanw/esbuild/internal/resolver/resolver.go:1174 +0xee fp=0xc0068ca0e8 sp=0xc0068c9fe0 pc=0x7ff656f5420e
github.com/evanw/esbuild/internal/resolver.resolverQuery.dirInfoUncached({0xc004935b08?, 0xc001865590?, 0x0?, 0x51?}, 
{0xc00660cd20, 0x51})
	github.com/evanw/esbuild/internal/resolver/resolver.go:1538 +0xe5 fp=0xc0068ca3c8 sp=0xc0068ca0e8 pc=0x7ff656f583e5
github.com/evanw/esbuild/internal/resolver.resolverQuery.dirInfoCached({0xc004935b08?, 0xc001865590?, 0x0?, 0x0?}, 
{0xc00660cd20, 0x51})
	github.com/evanw/esbuild/internal/resolver/resolver.go:1174 +0xee fp=0xc0068ca4d0 sp=0xc0068ca3c8 pc=0x7ff656f5420e
github.com/evanw/esbuild/internal/resolver.resolverQuery.dirInfoUncached({0xc004935b08?, 0xc001865590?, 0x0?, 0x5a?}, 
{0xc00660ccc0, 0x5a})
	github.com/evanw/esbuild/internal/resolver/resolver.go:1538 +0xe5 fp=0xc0068ca7b0 sp=0xc0068ca4d0 pc=0x7ff656f583e5
github.com/evanw/esbuild/internal/resolver.resolverQuery.dirInfoCached({0xc004935b08?, 0xc001865590?, 0x0?, 0x78?}, 
{0xc00660ccc0, 0x5a})
	github.com/evanw/esbuild/internal/resolver/resolver.go:1174 +0xee fp=0xc0068ca8b8 sp=0xc0068ca7b0 pc=0x7ff656f5420e
github.com/evanw/esbuild/internal/resolver.resolverQuery.dirInfoUncached({0xc004935b08?, 0xc001865590?, 0x0?, 0x65?}, 
{0xc001a5e9a0, 0x65})
	github.com/evanw/esbuild/internal/resolver/resolver.go:1538 +0xe5 fp=0xc0068cab98 sp=0xc0068ca8b8 pc=0x7ff656f583e5
github.com/evanw/esbuild/internal/resolver.resolverQuery.dirInfoCached({0xc004935b08?, 0xc001865590?, 0x0?, 0x90?}, 
{0xc001a5e9a0, 0x65})
	github.com/evanw/esbuild/internal/resolver/resolver.go:1174 +0xee fp=0xc0068caca0 sp=0xc0068cab98 pc=0x7ff656f5420e
github.com/evanw/esbuild/internal/resolver.resolverQuery.finalizeResolve({0xc004935b08?, 0xc001865590?, 0x0?, 0x0?}, 
0xc006625680)
	github.com/evanw/esbuild/internal/resolver/resolver.go:842 +0x6f1 fp=0xc0068cae50 sp=0xc0068caca0 pc=0x7ff656f510d1
github.com/evanw/esbuild/internal/resolver.(*Resolver).Resolve(0xc004935b08, {0xc0005b0580, 0x36}, {0xc0032a2b80, 
0x75}, 0x1)
	github.com/evanw/esbuild/internal/resolver/resolver.go:572 +0x1a1a fp=0xc0068cb220 sp=0xc0068cae50 pc=0x7ff656f4ca9a
github.com/evanw/esbuild/internal/bundler.RunOnResolvePlugins({_, _, _}, _, {0xc00421b140, 0xc0049e89d8, 0xc0049e89f0, 
0xc0049e8a08, 0x3, 0xc00421b110}, ...)
	github.com/evanw/esbuild/internal/bundler/bundler.go:1154 +0x36a fp=0xc0068cb690 sp=0xc0068cb220 pc=0x7ff656f80e0a
github.com/evanw/esbuild/pkg/api.loadPlugins.func2({0xc0032a2b80, 0x75}, {{0xc00361ec40, 0x10}, {0x0, 0x0}, {0x0, 
0x0}, {0xc0005b0580, 0x36}, ...})
	github.com/evanw/esbuild/pkg/api/api_impl.go:2114 +0x4be fp=0xc0068cbd18 sp=0xc0068cb690 pc=0x7ff65703809e
main.(*serviceType).convertPlugins.func2.1(0xba, 0xc0050595c0)
	github.com/evanw/esbuild/cmd/esbuild/service.go:944 +0x665 fp=0xc0068cbf50 sp=0xc0068cbd18 pc=0x7ff65707a885
main.(*serviceType).handleIncomingPacket.func4()
	github.com/evanw/esbuild/cmd/esbuild/service.go:262 +0xa4 fp=0xc0068cbfe0 sp=0xc0068cbf50 pc=0x7ff6570740a4
runtime.goexit({})
	runtime/asm_amd64.s:1693 +0x1 fp=0xc0068cbfe8 sp=0xc0068cbfe0 pc=0x7ff656bcf221
created by main.(*serviceType).handleIncomingPacket in goroutine 1
	github.com/evanw/esbuild/cmd/esbuild/service.go:257 +0x156e

goroutine 1451 gp=0xc0024c9340 m=nil [chan send]:
runtime.gopark(0xc004e80140?, 0xc0065588d0?, 0xe8?, 0x1b?, 0x7ff656f59bde?)
	runtime/proc.go:460 +0xce fp=0xc0068c18f8 sp=0xc0068c18d8 pc=0x7ff656bc72ce
runtime.chansend(0xc000136000, 0x7ff6572b1690, 0x1, 0x7ff656c308a5?)
	runtime/chan.go:283 +0x3cb fp=0xc0068c1968 sp=0xc0068c18f8 pc=0x7ff656b5d58b
runtime.chansend1(0x7ff6571b92e0?, 0xc002e45a01?)
	runtime/chan.go:161 +0x17 fp=0xc0068c1998 sp=0xc0068c1968 pc=0x7ff656b5d1b7
github.com/evanw/esbuild/internal/fs.BeforeFileOpen(...)
	github.com/evanw/esbuild/internal/fs/fs.go:245
github.com/evanw/esbuild/internal/fs.(*realFS).readdir(0xc0000da080, {0xc004e800f0, 0x4d})
	github.com/evanw/esbuild/internal/fs/fs_real.go:351 +0x6c fp=0xc0068c1a30 sp=0xc0068c1998 pc=0x7ff656c9c32c
github.com/evanw/esbuild/internal/fs.(*realFS).ReadDirectory(0xc0000da080, {0xc004e800f0, 0x4d})
	github.com/evanw/esbuild/internal/fs/fs_real.go:146 +0x177 fp=0xc0068c1bc0 sp=0xc0068c1a30 pc=0x7ff656c9a637
github.com/evanw/esbuild/internal/fs.(*zipFS).ReadDirectory(0xc0000a6120, {0xc004e800f0, 0x4d})
	github.com/evanw/esbuild/internal/fs/fs_zip.go:188 +0xbf fp=0xc0068c1d00 sp=0xc0068c1bc0 pc=0x7ff656c9e7df
github.com/evanw/esbuild/internal/resolver.resolverQuery.dirInfoUncached({0xc002c56008?, 0xc0027903c0?, 0x0?, 0x4d?}, 
{0xc004e800f0, 0x4d})
	github.com/evanw/esbuild/internal/resolver/resolver.go:1547 +0x11b fp=0xc0068c1fe0 sp=0xc0068c1d00 pc=0x7ff656f5841b
github.com/evanw/esbuild/internal/resolver.resolverQuery.dirInfoCached({0xc002c56008?, 0xc0027903c0?, 0x0?, 0x2f?}, 
{0xc004e800f0, 0x4d})
	github.com/evanw/esbuild/internal/resolver/resolver.go:1174 +0xee fp=0xc0068c20e8 sp=0xc0068c1fe0 pc=0x7ff656f5420e
github.com/evanw/esbuild/internal/resolver.resolverQuery.dirInfoUncached({0xc002c56008?, 0xc0027903c0?, 0x0?, 0x51?}, 
{0xc00660c7e0, 0x51})
	github.com/evanw/esbuild/internal/resolver/resolver.go:1538 +0xe5 fp=0xc0068c23c8 sp=0xc0068c20e8 pc=0x7ff656f583e5
github.com/evanw/esbuild/internal/resolver.resolverQuery.dirInfoCached({0xc002c56008?, 0xc0027903c0?, 0x0?, 0x0?}, 
{0xc00660c7e0, 0x51})
	github.com/evanw/esbuild/internal/resolver/resolver.go:1174 +0xee fp=0xc0068c24d0 sp=0xc0068c23c8 pc=0x7ff656f5420e
github.com/evanw/esbuild/internal/resolver.resolverQuery.dirInfoUncached({0xc002c56008?, 0xc0027903c0?, 0x0?, 0x5a?}, 
{0xc00660c780, 0x5a})
	github.com/evanw/esbuild/internal/resolver/resolver.go:1538 +0xe5 fp=0xc0068c27b0 sp=0xc0068c24d0 pc=0x7ff656f583e5
github.com/evanw/esbuild/internal/resolver.resolverQuery.dirInfoCached({0xc002c56008?, 0xc0027903c0?, 0x0?, 0x78?}, 
{0xc00660c780, 0x5a})
	github.com/evanw/esbuild/internal/resolver/resolver.go:1174 +0xee fp=0xc0068c28b8 sp=0xc0068c27b0 pc=0x7ff656f5420e
github.com/evanw/esbuild/internal/resolver.resolverQuery.dirInfoUncached({0xc002c56008?, 0xc0027903c0?, 0x0?, 0x64?}, 
{0xc001a5e0e0, 0x64})
	github.com/evanw/esbuild/internal/resolver/resolver.go:1538 +0xe5 fp=0xc0068c2b98 sp=0xc0068c28b8 pc=0x7ff656f583e5
github.com/evanw/esbuild/internal/resolver.resolverQuery.dirInfoCached({0xc002c56008?, 0xc0027903c0?, 0x0?, 0xc0?}, 
{0xc001a5e0e0, 0x64})
	github.com/evanw/esbuild/internal/resolver/resolver.go:1174 +0xee fp=0xc0068c2ca0 sp=0xc0068c2b98 pc=0x7ff656f5420e
github.com/evanw/esbuild/internal/resolver.resolverQuery.finalizeResolve({0xc002c56008?, 0xc0027903c0?, 0x0?, 0x0?}, 
0xc006624d80)
	github.com/evanw/esbuild/internal/resolver/resolver.go:842 +0x6f1 fp=0xc0068c2e50 sp=0xc0068c2ca0 pc=0x7ff656f510d1
github.com/evanw/esbuild/internal/resolver.(*Resolver).Resolve(0xc002c56008, {0xc0005b05c0, 0x36}, {0xc0032a2c00, 
0x71}, 0x1)
	github.com/evanw/esbuild/internal/resolver/resolver.go:572 +0x1a1a fp=0xc0068c3220 sp=0xc0068c2e50 pc=0x7ff656f4ca9a
github.com/evanw/esbuild/internal/bundler.RunOnResolvePlugins({_, _, _}, _, {0xc00421b260, 0xc0049e8a38, 0xc0049e8a50, 
0xc0049e8a68, 0x3, 0xc00421b230}, ...)
	github.com/evanw/esbuild/internal/bundler/bundler.go:1154 +0x36a fp=0xc0068c3690 sp=0xc0068c3220 pc=0x7ff656f80e0a
github.com/evanw/esbuild/pkg/api.loadPlugins.func2({0xc0032a2c00, 0x71}, {{0xc00361ed30, 0x10}, {0x0, 0x0}, {0x0, 
0x0}, {0xc0005b05c0, 0x36}, ...})
	github.com/evanw/esbuild/pkg/api/api_impl.go:2114 +0x4be fp=0xc0068c3d18 sp=0xc0068c3690 pc=0x7ff65703809e
main.(*serviceType).convertPlugins.func2.1(0xbb, 0xc0050595f0)
	github.com/evanw/esbuild/cmd/esbuild/service.go:944 +0x665 fp=0xc0068c3f50 sp=0xc0068c3d18 pc=0x7ff65707a885
main.(*serviceType).handleIncomingPacket.func4()
	github.com/evanw/esbuild/cmd/esbuild/service.go:262 +0xa4 fp=0xc0068c3fe0 sp=0xc0068c3f50 pc=0x7ff6570740a4
runtime.goexit({})
	runtime/asm_amd64.s:1693 +0x1 fp=0xc0068c3fe8 sp=0xc0068c3fe0 pc=0x7ff656bcf221
created by main.(*serviceType).handleIncomingPacket in goroutine 1
	github.com/evanw/esbuild/cmd/esbuild/service.go:257 +0x156e

goroutine 1452 gp=0xc0024c9500 m=nil [runnable]:
runtime.cgocall(0x7ff656bd0a40, 0xc0057a1b58)
	runtime/cgocall.go:167 +0x3e fp=0xc0053ec0f0 sp=0xc0053ec088 pc=0x7ff656bc467e
runtime.syscall_syscalln(0xc0057a1808?, 0xc004076250?, {0xc0053ec138?, 0x7ff656bc5059?, 0x7ff656bc504c?})
	runtime/syscall_windows.go:521 +0x4e fp=0xc0053ec110 sp=0xc0053ec0f0 pc=0x7ff656bb0bee
syscall.Syscall6(0xc0053ec1c8?, 0x7ff656c0760f?, 0xc002f12078?, 0xa?, 0x47?, 0xc004076250?, 0x7ff656b66b25?, 0x21?)
	runtime/syscall_windows.go:463 +0x38 fp=0xc0053ec178 sp=0xc0053ec110 pc=0x7ff656bcb038
internal/syscall/windows.GetFileInformationByHandleEx(0x1208, 0xa, 0xa?, 0x10000)
	internal/syscall/windows/zsyscall_windows.go:323 +0x73 fp=0xc0053ec1d8 sp=0xc0053ec178 pc=0x7ff656c216f3
os.(*File).readdir(0xc004e82130, 0xffffffffffffffff, 0x0)
	os/dir_windows.go:125 +0x2bf fp=0xc0053ec2d0 sp=0xc0053ec1d8 pc=0x7ff656c2ad1f
os.(*File).Readdirnames(0xc0067a4700?, 0x0?)
	os/dir.go:73 +0x1a fp=0xc0053ec308 sp=0xc0053ec2d0 pc=0x7ff656c2a8da
github.com/evanw/esbuild/internal/fs.(*realFS).readdir(0xc0000da080, {0xc0067a4700, 0x65})
	github.com/evanw/esbuild/internal/fs/fs_real.go:362 +0xfd fp=0xc0053ec3a0 sp=0xc0053ec308 pc=0x7ff656c9c3bd
github.com/evanw/esbuild/internal/fs.(*realFS).ReadDirectory(0xc0000da080, {0xc0067a4700, 0x65})
	github.com/evanw/esbuild/internal/fs/fs_real.go:146 +0x177 fp=0xc0053ec530 sp=0xc0053ec3a0 pc=0x7ff656c9a637
github.com/evanw/esbuild/internal/fs.(*zipFS).ReadDirectory(0xc0000a6120, {0xc0067a4700, 0x65})
	github.com/evanw/esbuild/internal/fs/fs_zip.go:188 +0xbf fp=0xc0053ec670 sp=0xc0053ec530 pc=0x7ff656c9e7df
github.com/evanw/esbuild/internal/resolver.resolverQuery.loadAsFile({0xc002c56908?, 0xc004a5a550?, 0x0?, 0x6b?}, 
{0xc0032a2c80, 0x79}, {0xc0046e7cc0, 0x5, 0x1b656c9c852?})
	github.com/evanw/esbuild/internal/resolver/resolver.go:1741 +0x31e fp=0xc0053ec8e0 sp=0xc0053ec670 pc=0x7ff656f5a03e
github.com/evanw/esbuild/internal/resolver.resolverQuery.loadAsFileOrDirectory({0xc002c56908?, 0xc004a5a550?, 0x0?, 
0x79?}, {0xc0032a2c80, 0x79})
	github.com/evanw/esbuild/internal/resolver/resolver.go:1930 +0x173 fp=0xc0053eca88 sp=0xc0053ec8e0 pc=0x7ff656f5c1f3
github.com/evanw/esbuild/internal/resolver.resolverQuery.resolveWithoutSymlinks({0xc002c56908?, 0xc004a5a550?, 0x0?, 
0x0?}, {0xc0005b0600, 0x36}, 0xc0060e0300, {0xc0032a2c80, 0x79})
	github.com/evanw/esbuild/internal/resolver/resolver.go:981 +0x4f1 fp=0xc0053ece50 sp=0xc0053eca88 pc=0x7ff656f52651
github.com/evanw/esbuild/internal/resolver.(*Resolver).Resolve(0xc002c56908, {0xc0005b0600, 0x36}, {0xc0032a2c80, 
0x79}, 0x1)
	github.com/evanw/esbuild/internal/resolver/resolver.go:548 +0x16f9 fp=0xc0053ed220 sp=0xc0053ece50 pc=0x7ff656f4c779
github.com/evanw/esbuild/internal/bundler.RunOnResolvePlugins({_, _, _}, _, {0xc00421b3b0, 0xc0049e8a98, 0xc0049e8ab0, 
0xc0049e8ac8, 0x3, 0xc00421b380}, ...)
	github.com/evanw/esbuild/internal/bundler/bundler.go:1154 +0x36a fp=0xc0053ed690 sp=0xc0053ed220 pc=0x7ff656f80e0a
github.com/evanw/esbuild/pkg/api.loadPlugins.func2({0xc0032a2c80, 0x79}, {{0xc00361ed90, 0x10}, {0x0, 0x0}, {0x0, 
0x0}, {0xc0005b0600, 0x36}, ...})
	github.com/evanw/esbuild/pkg/api/api_impl.go:2114 +0x4be fp=0xc0053edd18 sp=0xc0053ed690 pc=0x7ff65703809e
main.(*serviceType).convertPlugins.func2.1(0xbc, 0xc005059620)
	github.com/evanw/esbuild/cmd/esbuild/service.go:944 +0x665 fp=0xc0053edf50 sp=0xc0053edd18 pc=0x7ff65707a885
main.(*serviceType).handleIncomingPacket.func4()
	github.com/evanw/esbuild/cmd/esbuild/service.go:262 +0xa4 fp=0xc0053edfe0 sp=0xc0053edf50 pc=0x7ff6570740a4
runtime.goexit({})
	runtime/asm_amd64.s:1693 +0x1 fp=0xc0053edfe8 sp=0xc0053edfe0 pc=0x7ff656bcf221
created by main.(*serviceType).handleIncomingPacket in goroutine 1
	github.com/evanw/esbuild/cmd/esbuild/service.go:257 +0x156e

goroutine 1453 gp=0xc0024c96c0 m=nil [chan send]:
runtime.gopark(0xc005e03c70?, 0x4?, 0xc8?, 0xb7?, 0xc0000ca080?)
	runtime/proc.go:460 +0xce fp=0xc0027db738 sp=0xc0027db718 pc=0x7ff656bc72ce
runtime.chansend(0xc000136000, 0x7ff6572b1690, 0x1, 0x0?)
	runtime/chan.go:283 +0x3cb fp=0xc0027db7a8 sp=0xc0027db738 pc=0x7ff656b5d58b
runtime.chansend1(0xc0000ca080?, 0xc0064633b0?)
	runtime/chan.go:161 +0x17 fp=0xc0027db7d8 sp=0xc0027db7a8 pc=0x7ff656b5d1b7
github.com/evanw/esbuild/internal/fs.BeforeFileOpen(...)
	github.com/evanw/esbuild/internal/fs/fs.go:245
github.com/evanw/esbuild/internal/fs.(*realFS).kind(0xc0000da080, {0xc006463400?, 0x4?}, {0xc0026d0748?, 
0xc0027db908?})
	github.com/evanw/esbuild/internal/fs/fs_real.go:413 +0xb3 fp=0xc0027db878 sp=0xc0027db7d8 pc=0x7ff656c9c793
github.com/evanw/esbuild/internal/fs.(*zipFS).kind(0xc005d788a0?, {0xc006463400?, 0x4?}, {0xc0026d0748?, 0x43?})
	github.com/evanw/esbuild/internal/fs/fs_zip.go:330 +0x28 fp=0xc0027db8b0 sp=0xc0027db878 pc=0x7ff656c9fa08
github.com/evanw/esbuild/internal/fs.(*Entry).Symlink(0xc002b838c0, {0x7ff6572bce40?, 0xc0000a6120?})
	github.com/evanw/esbuild/internal/fs/fs.go:47 +0xc3 fp=0xc0027db918 sp=0xc0027db8b0 pc=0x7ff656c98143
github.com/evanw/esbuild/internal/resolver.resolverQuery.dirInfoUncached({0xc002c56d88?, 0xc005d67a90?, 0x0?, 0x48?}, 
{0xc0064633b0, 0x48})
	github.com/evanw/esbuild/internal/resolver/resolver.go:1601 +0x9ae fp=0xc0027dbbf8 sp=0xc0027db918 pc=0x7ff656f58cae
github.com/evanw/esbuild/internal/resolver.resolverQuery.dirInfoCached({0xc002c56d88?, 0xc005d67a90?, 0x0?, 0x9e?}, 
{0xc0064633b0, 0x48})
	github.com/evanw/esbuild/internal/resolver/resolver.go:1174 +0xee fp=0xc0027dbd00 sp=0xc0027dbbf8 pc=0x7ff656f5420e
github.com/evanw/esbuild/internal/resolver.resolverQuery.dirInfoUncached({0xc002c56d88?, 0xc005d67a90?, 0x0?, 0x4d?}, 
{0xc006463360, 0x4d})
	github.com/evanw/esbuild/internal/resolver/resolver.go:1538 +0xe5 fp=0xc0027dbfe0 sp=0xc0027dbd00 pc=0x7ff656f583e5
github.com/evanw/esbuild/internal/resolver.resolverQuery.dirInfoCached({0xc002c56d88?, 0xc005d67a90?, 0x0?, 0x2f?}, 
{0xc006463360, 0x4d})
	github.com/evanw/esbuild/internal/resolver/resolver.go:1174 +0xee fp=0xc0027dc0e8 sp=0xc0027dbfe0 pc=0x7ff656f5420e
github.com/evanw/esbuild/internal/resolver.resolverQuery.dirInfoUncached({0xc002c56d88?, 0xc005d67a90?, 0x0?, 0x51?}, 
{0xc00608d680, 0x51})
	github.com/evanw/esbuild/internal/resolver/resolver.go:1538 +0xe5 fp=0xc0027dc3c8 sp=0xc0027dc0e8 pc=0x7ff656f583e5
github.com/evanw/esbuild/internal/resolver.resolverQuery.dirInfoCached({0xc002c56d88?, 0xc005d67a90?, 0x0?, 0x0?}, 
{0xc00608d680, 0x51})
	github.com/evanw/esbuild/internal/resolver/resolver.go:1174 +0xee fp=0xc0027dc4d0 sp=0xc0027dc3c8 pc=0x7ff656f5420e
github.com/evanw/esbuild/internal/resolver.resolverQuery.dirInfoUncached({0xc002c56d88?, 0xc005d67a90?, 0x0?, 0x5a?}, 
{0xc00608d620, 0x5a})
	github.com/evanw/esbuild/internal/resolver/resolver.go:1538 +0xe5 fp=0xc0027dc7b0 sp=0xc0027dc4d0 pc=0x7ff656f583e5
github.com/evanw/esbuild/internal/resolver.resolverQuery.dirInfoCached({0xc002c56d88?, 0xc005d67a90?, 0x0?, 0x78?}, 
{0xc00608d620, 0x5a})
	github.com/evanw/esbuild/internal/resolver/resolver.go:1174 +0xee fp=0xc0027dc8b8 sp=0xc0027dc7b0 pc=0x7ff656f5420e
github.com/evanw/esbuild/internal/resolver.resolverQuery.dirInfoUncached({0xc002c56d88?, 0xc005d67a90?, 0x0?, 0x65?}, 
{0xc0061893b0, 0x65})
	github.com/evanw/esbuild/internal/resolver/resolver.go:1538 +0xe5 fp=0xc0027dcb98 sp=0xc0027dc8b8 pc=0x7ff656f583e5
github.com/evanw/esbuild/internal/resolver.resolverQuery.dirInfoCached({0xc002c56d88?, 0xc005d67a90?, 0x0?, 0x90?}, 
{0xc0061893b0, 0x65})
	github.com/evanw/esbuild/internal/resolver/resolver.go:1174 +0xee fp=0xc0027dcca0 sp=0xc0027dcb98 pc=0x7ff656f5420e
github.com/evanw/esbuild/internal/resolver.resolverQuery.finalizeResolve({0xc002c56d88?, 0xc005d67a90?, 0x0?, 0x0?}, 
0xc00457f320)
	github.com/evanw/esbuild/internal/resolver/resolver.go:842 +0x6f1 fp=0xc0027dce50 sp=0xc0027dcca0 pc=0x7ff656f510d1
github.com/evanw/esbuild/internal/resolver.(*Resolver).Resolve(0xc002c56d88, {0xc0005b0640, 0x36}, {0xc0032a2d00, 
0x79}, 0x1)
	github.com/evanw/esbuild/internal/resolver/resolver.go:572 +0x1a1a fp=0xc0027dd220 sp=0xc0027dce50 pc=0x7ff656f4ca9a
github.com/evanw/esbuild/internal/bundler.RunOnResolvePlugins({_, _, _}, _, {0xc00421b530, 0xc0049e8af8, 0xc0049e8b10, 
0xc0049e8b28, 0x3, 0xc00421b500}, ...)
	github.com/evanw/esbuild/internal/bundler/bundler.go:1154 +0x36a fp=0xc0027dd690 sp=0xc0027dd220 pc=0x7ff656f80e0a
github.com/evanw/esbuild/pkg/api.loadPlugins.func2({0xc0032a2d00, 0x79}, {{0xc00361ee10, 0x10}, {0x0, 0x0}, {0x0, 
0x0}, {0xc0005b0640, 0x36}, ...})
	github.com/evanw/esbuild/pkg/api/api_impl.go:2114 +0x4be fp=0xc0027ddd18 sp=0xc0027dd690 pc=0x7ff65703809e
main.(*serviceType).convertPlugins.func2.1(0xbd, 0xc005059650)
	github.com/evanw/esbuild/cmd/esbuild/service.go:944 +0x665 fp=0xc0027ddf50 sp=0xc0027ddd18 pc=0x7ff65707a885
main.(*serviceType).handleIncomingPacket.func4()
	github.com/evanw/esbuild/cmd/esbuild/service.go:262 +0xa4 fp=0xc0027ddfe0 sp=0xc0027ddf50 pc=0x7ff6570740a4
runtime.goexit({})
	runtime/asm_amd64.s:1693 +0x1 fp=0xc0027ddfe8 sp=0xc0027ddfe0 pc=0x7ff656bcf221
created by main.(*serviceType).handleIncomingPacket in goroutine 1
	github.com/evanw/esbuild/cmd/esbuild/service.go:257 +0x156e

goroutine 1454 gp=0xc0024c9880 m=nil [chan send]:
runtime.gopark(0xc001a61d40?, 0xc0000ca080?, 0x0?, 0x0?, 0xc0000ca080?)
	runtime/proc.go:460 +0xce fp=0xc003085b30 sp=0xc003085b10 pc=0x7ff656bc72ce
runtime.chansend(0xc000136000, 0x7ff6572b1690, 0x1, 0x7ff656c9c852?)
	runtime/chan.go:283 +0x3cb fp=0xc003085ba0 sp=0xc003085b30 pc=0x7ff656b5d58b
runtime.chansend1(0xc0000ca080?, 0xc003085c28?)
	runtime/chan.go:161 +0x17 fp=0xc003085bd0 sp=0xc003085ba0 pc=0x7ff656b5d1b7
github.com/evanw/esbuild/internal/fs.BeforeFileOpen(...)
	github.com/evanw/esbuild/internal/fs/fs.go:245
github.com/evanw/esbuild/internal/fs.(*realFS).kind(0xc0000da080, {0xc006462a50?, 0xc003085cf0?}, {0xc002e4c9b0?, 
0x7ff65714de40?})
	github.com/evanw/esbuild/internal/fs/fs_real.go:413 +0xb3 fp=0xc003085c70 sp=0xc003085bd0 pc=0x7ff656c9c793
github.com/evanw/esbuild/internal/fs.(*zipFS).kind(0xc?, {0xc006462a50?, 0x48?}, {0xc002e4c9b0?, 0x7ff6571d2411?})
	github.com/evanw/esbuild/internal/fs/fs_zip.go:330 +0x28 fp=0xc003085ca8 sp=0xc003085c70 pc=0x7ff656c9fa08
github.com/evanw/esbuild/internal/fs.(*Entry).Kind(0xc005b02a80, {0x7ff6572bce40?, 0xc0000a6120?})
	github.com/evanw/esbuild/internal/fs/fs.go:37 +0xc3 fp=0xc003085d00 sp=0xc003085ca8 pc=0x7ff656c97f83
github.com/evanw/esbuild/internal/resolver.resolverQuery.dirInfoUncached({0xc002c57208?, 0xc005a1ca00?, 0x0?, 0x48?}, 
{0xc006462a50, 0x48})
	github.com/evanw/esbuild/internal/resolver/resolver.go:1618 +0xf2c fp=0xc003085fe0 sp=0xc003085d00 pc=0x7ff656f5922c
github.com/evanw/esbuild/internal/resolver.resolverQuery.dirInfoCached({0xc002c57208?, 0xc005a1ca00?, 0x0?, 0x2f?}, 
{0xc006462a50, 0x48})
	github.com/evanw/esbuild/internal/resolver/resolver.go:1174 +0xee fp=0xc0030860e8 sp=0xc003085fe0 pc=0x7ff656f5420e
github.com/evanw/esbuild/internal/resolver.resolverQuery.dirInfoUncached({0xc002c57208?, 0xc005a1ca00?, 0x0?, 0x4d?}, 
{0xc006462a00, 0x4d})
	github.com/evanw/esbuild/internal/resolver/resolver.go:1538 +0xe5 fp=0xc0030863c8 sp=0xc0030860e8 pc=0x7ff656f583e5
github.com/evanw/esbuild/internal/resolver.resolverQuery.dirInfoCached({0xc002c57208?, 0xc005a1ca00?, 0x0?, 0x0?}, 
{0xc006462a00, 0x4d})
	github.com/evanw/esbuild/internal/resolver/resolver.go:1174 +0xee fp=0xc0030864d0 sp=0xc0030863c8 pc=0x7ff656f5420e
github.com/evanw/esbuild/internal/resolver.resolverQuery.dirInfoUncached({0xc002c57208?, 0xc005a1ca00?, 0x0?, 0x51?}, 
{0xc00608d080, 0x51})
	github.com/evanw/esbuild/internal/resolver/resolver.go:1538 +0xe5 fp=0xc0030867b0 sp=0xc0030864d0 pc=0x7ff656f583e5
github.com/evanw/esbuild/internal/resolver.resolverQuery.dirInfoCached({0xc002c57208?, 0xc005a1ca00?, 0x0?, 0x78?}, 
{0xc00608d080, 0x51})
	github.com/evanw/esbuild/internal/resolver/resolver.go:1174 +0xee fp=0xc0030868b8 sp=0xc0030867b0 pc=0x7ff656f5420e
github.com/evanw/esbuild/internal/resolver.resolverQuery.dirInfoUncached({0xc002c57208?, 0xc005a1ca00?, 0x0?, 0x5a?}, 
{0xc00608d020, 0x5a})
	github.com/evanw/esbuild/internal/resolver/resolver.go:1538 +0xe5 fp=0xc003086b98 sp=0xc0030868b8 pc=0x7ff656f583e5
github.com/evanw/esbuild/internal/resolver.resolverQuery.dirInfoCached({0xc002c57208?, 0xc005a1ca00?, 0x0?, 0x0?}, 
{0xc00608d020, 0x5a})
	github.com/evanw/esbuild/internal/resolver/resolver.go:1174 +0xee fp=0xc003086ca0 sp=0xc003086b98 pc=0x7ff656f5420e
github.com/evanw/esbuild/internal/resolver.resolverQuery.finalizeResolve({0xc002c57208?, 0xc005a1ca00?, 0x0?, 0x0?}, 
0xc0046f37a0)
	github.com/evanw/esbuild/internal/resolver/resolver.go:842 +0x6f1 fp=0xc003086e50 sp=0xc003086ca0 pc=0x7ff656f510d1
github.com/evanw/esbuild/internal/resolver.(*Resolver).Resolve(0xc002c57208, {0xc0005b0740, 0x36}, {0xc0056d9180, 
0x63}, 0x1)
	github.com/evanw/esbuild/internal/resolver/resolver.go:572 +0x1a1a fp=0xc003087220 sp=0xc003086e50 pc=0x7ff656f4ca9a
github.com/evanw/esbuild/internal/bundler.RunOnResolvePlugins({_, _, _}, _, {0xc00421b650, 0xc0049e8b58, 0xc0049e8b70, 
0xc0049e8b88, 0x3, 0xc00421b620}, ...)
	github.com/evanw/esbuild/internal/bundler/bundler.go:1154 +0x36a fp=0xc003087690 sp=0xc003087220 pc=0x7ff656f80e0a
github.com/evanw/esbuild/pkg/api.loadPlugins.func2({0xc0056d9180, 0x63}, {{0xc00361ef40, 0x10}, {0x0, 0x0}, {0x0, 
0x0}, {0xc0005b0740, 0x36}, ...})
	github.com/evanw/esbuild/pkg/api/api_impl.go:2114 +0x4be fp=0xc003087d18 sp=0xc003087690 pc=0x7ff65703809e
main.(*serviceType).convertPlugins.func2.1(0xbe, 0xc005059680)
	github.com/evanw/esbuild/cmd/esbuild/service.go:944 +0x665 fp=0xc003087f50 sp=0xc003087d18 pc=0x7ff65707a885
main.(*serviceType).handleIncomingPacket.func4()
	github.com/evanw/esbuild/cmd/esbuild/service.go:262 +0xa4 fp=0xc003087fe0 sp=0xc003087f50 pc=0x7ff6570740a4
runtime.goexit({})
	runtime/asm_amd64.s:1693 +0x1 fp=0xc003087fe8 sp=0xc003087fe0 pc=0x7ff656bcf221
created by main.(*serviceType).handleIncomingPacket in goroutine 1
	github.com/evanw/esbuild/cmd/esbuild/service.go:257 +0x156e

goroutine 1455 gp=0xc0024c9a40 m=nil [runnable]:
runtime.cgocall(0x7ff656bd0a40, 0xc002be2b58)
	runtime/cgocall.go:167 +0x3e fp=0xc0053fc170 sp=0xc0053fc108 pc=0x7ff656bc467e
runtime.syscall_syscalln(0xc0064a40c0?, 0x7ff656b5c346?, {0xc0053fc1b8?, 0x0?, 0x0?})
	runtime/syscall_windows.go:521 +0x4e fp=0xc0053fc190 sp=0xc0053fc170 pc=0x7ff656bb0bee
syscall.Syscall(0x7ff657117a00?, 0xc002f54270?, 0x7ff600010000?, 0x7ff657122ca0?, 0xc0053fc240?)
	runtime/syscall_windows.go:457 +0x29 fp=0xc0053fc1e0 sp=0xc0053fc190 pc=0x7ff656bcafe9
syscall.CloseHandle(0x1284)
	syscall/zsyscall_windows.go:482 +0x4f fp=0xc0053fc220 sp=0xc0053fc1e0 pc=0x7ff656c0a02f
internal/poll.(*FD).destroy(0xc006631908)
	internal/poll/fd_windows.go:467 +0xad fp=0xc0053fc248 sp=0xc0053fc220 pc=0x7ff656c2684d
internal/poll.(*FD).decref(0x7ff656bc45d9?)
	internal/poll/fd_mutex.go:213 +0x53 fp=0xc0053fc268 sp=0xc0053fc248 pc=0x7ff656c251f3
internal/poll.(*FD).Close(0xc006631908)
	internal/poll/fd_windows.go:486 +0x65 fp=0xc0053fc298 sp=0xc0053fc268 pc=0x7ff656c26925
os.(*file).close(0xc006631908)
	os/file_windows.go:178 +0x90 fp=0xc0053fc2f0 sp=0xc0053fc298 pc=0x7ff656c2dbd0
os.(*File).Close(...)
	os/file_posix.go:23
github.com/evanw/esbuild/internal/fs.(*realFS).readdir.deferwrap1()
	github.com/evanw/esbuild/internal/fs/fs_real.go:361 +0x2d fp=0xc0053fc308 sp=0xc0053fc2f0 pc=0x7ff656c9c58d
github.com/evanw/esbuild/internal/fs.(*realFS).readdir(0xc0000da080, {0xc00608cea0, 0x5a})
	github.com/evanw/esbuild/internal/fs/fs_real.go:381 +0x1b5 fp=0xc0053fc3a0 sp=0xc0053fc308 pc=0x7ff656c9c475
github.com/evanw/esbuild/internal/fs.(*realFS).ReadDirectory(0xc0000da080, {0xc00608cea0, 0x5a})
	github.com/evanw/esbuild/internal/fs/fs_real.go:146 +0x177 fp=0xc0053fc530 sp=0xc0053fc3a0 pc=0x7ff656c9a637
github.com/evanw/esbuild/internal/fs.(*zipFS).ReadDirectory(0xc0000a6120, {0xc00608cea0, 0x5a})
	github.com/evanw/esbuild/internal/fs/fs_zip.go:188 +0xbf fp=0xc0053fc670 sp=0xc0053fc530 pc=0x7ff656c9e7df
github.com/evanw/esbuild/internal/resolver.resolverQuery.loadAsFile({0xc002ef8008?, 0xc005cfb630?, 0x0?, 0x6b?}, 
{0xc0056d91f0, 0x64}, {0xc003a74190, 0x5, 0x1b656c9c852?})
	github.com/evanw/esbuild/internal/resolver/resolver.go:1741 +0x31e fp=0xc0053fc8e0 sp=0xc0053fc670 pc=0x7ff656f5a03e
github.com/evanw/esbuild/internal/resolver.resolverQuery.loadAsFileOrDirectory({0xc002ef8008?, 0xc005cfb630?, 0x0?, 
0x64?}, {0xc0056d91f0, 0x64})
	github.com/evanw/esbuild/internal/resolver/resolver.go:1930 +0x173 fp=0xc0053fca88 sp=0xc0053fc8e0 pc=0x7ff656f5c1f3
github.com/evanw/esbuild/internal/resolver.resolverQuery.resolveWithoutSymlinks({0xc002ef8008?, 0xc005cfb630?, 0x0?, 
0x0?}, {0xc0005b0780, 0x36}, 0xc006787880, {0xc0056d91f0, 0x64})
	github.com/evanw/esbuild/internal/resolver/resolver.go:981 +0x4f1 fp=0xc0053fce50 sp=0xc0053fca88 pc=0x7ff656f52651
github.com/evanw/esbuild/internal/resolver.(*Resolver).Resolve(0xc002ef8008, {0xc0005b0780, 0x36}, {0xc0056d91f0, 
0x64}, 0x1)
	github.com/evanw/esbuild/internal/resolver/resolver.go:548 +0x16f9 fp=0xc0053fd220 sp=0xc0053fce50 pc=0x7ff656f4c779
github.com/evanw/esbuild/internal/bundler.RunOnResolvePlugins({_, _, _}, _, {0xc00421b770, 0xc0049e8bb8, 0xc0049e8bd0, 
0xc0049e8be8, 0x3, 0xc00421b740}, ...)
	github.com/evanw/esbuild/internal/bundler/bundler.go:1154 +0x36a fp=0xc0053fd690 sp=0xc0053fd220 pc=0x7ff656f80e0a
github.com/evanw/esbuild/pkg/api.loadPlugins.func2({0xc0056d91f0, 0x64}, {{0xc00361efb0, 0x10}, {0x0, 0x0}, {0x0, 
0x0}, {0xc0005b0780, 0x36}, ...})
	github.com/evanw/esbuild/pkg/api/api_impl.go:2114 +0x4be fp=0xc0053fdd18 sp=0xc0053fd690 pc=0x7ff65703809e
main.(*serviceType).convertPlugins.func2.1(0xbf, 0xc0050596b0)
	github.com/evanw/esbuild/cmd/esbuild/service.go:944 +0x665 fp=0xc0053fdf50 sp=0xc0053fdd18 pc=0x7ff65707a885
main.(*serviceType).handleIncomingPacket.func4()
	github.com/evanw/esbuild/cmd/esbuild/service.go:262 +0xa4 fp=0xc0053fdfe0 sp=0xc0053fdf50 pc=0x7ff6570740a4
runtime.goexit({})
	runtime/asm_amd64.s:1693 +0x1 fp=0xc0053fdfe8 sp=0xc0053fdfe0 pc=0x7ff656bcf221
created by main.(*serviceType).handleIncomingPacket in goroutine 1
	github.com/evanw/esbuild/cmd/esbuild/service.go:257 +0x156e

goroutine 1456 gp=0xc0024c9c00 m=nil [chan send]:
runtime.gopark(0xc00457a690?, 0x4?, 0xc8?, 0x77?, 0xc0000ca080?)
	runtime/proc.go:460 +0xce fp=0xc003007738 sp=0xc003007718 pc=0x7ff656bc72ce
runtime.chansend(0xc000136000, 0x7ff6572b1690, 0x1, 0x0?)
	runtime/chan.go:283 +0x3cb fp=0xc0030077a8 sp=0xc003007738 pc=0x7ff656b5d58b
runtime.chansend1(0xc0000ca080?, 0xc006085130?)
	runtime/chan.go:161 +0x17 fp=0xc0030077d8 sp=0xc0030077a8 pc=0x7ff656b5d1b7
github.com/evanw/esbuild/internal/fs.BeforeFileOpen(...)
	github.com/evanw/esbuild/internal/fs/fs.go:245
github.com/evanw/esbuild/internal/fs.(*realFS).kind(0xc0000da080, {0xc006085180?, 0x4?}, {0xc0046f0a08?, 
0xc003007908?})
	github.com/evanw/esbuild/internal/fs/fs_real.go:413 +0xb3 fp=0xc003007878 sp=0xc0030077d8 pc=0x7ff656c9c793
github.com/evanw/esbuild/internal/fs.(*zipFS).kind(0xc006558e10?, {0xc006085180?, 0x4?}, {0xc0046f0a08?, 0x43?})
	github.com/evanw/esbuild/internal/fs/fs_zip.go:330 +0x28 fp=0xc0030078b0 sp=0xc003007878 pc=0x7ff656c9fa08
github.com/evanw/esbuild/internal/fs.(*Entry).Symlink(0xc00642c240, {0x7ff6572bce40?, 0xc0000a6120?})
	github.com/evanw/esbuild/internal/fs/fs.go:47 +0xc3 fp=0xc003007918 sp=0xc0030078b0 pc=0x7ff656c98143
github.com/evanw/esbuild/internal/resolver.resolverQuery.dirInfoUncached({0xc002ef8488?, 0xc003210ff0?, 0x0?, 0x48?}, 
{0xc006085130, 0x48})
	github.com/evanw/esbuild/internal/resolver/resolver.go:1601 +0x9ae fp=0xc003007bf8 sp=0xc003007918 pc=0x7ff656f58cae
github.com/evanw/esbuild/internal/resolver.resolverQuery.dirInfoCached({0xc002ef8488?, 0xc003210ff0?, 0x0?, 0x9e?}, 
{0xc006085130, 0x48})
	github.com/evanw/esbuild/internal/resolver/resolver.go:1174 +0xee fp=0xc003007d00 sp=0xc003007bf8 pc=0x7ff656f5420e
github.com/evanw/esbuild/internal/resolver.resolverQuery.dirInfoUncached({0xc002ef8488?, 0xc003210ff0?, 0x0?, 0x4d?}, 
{0xc0060850e0, 0x4d})
	github.com/evanw/esbuild/internal/resolver/resolver.go:1538 +0xe5 fp=0xc003007fe0 sp=0xc003007d00 pc=0x7ff656f583e5
github.com/evanw/esbuild/internal/resolver.resolverQuery.dirInfoCached({0xc002ef8488?, 0xc003210ff0?, 0x0?, 0x2f?}, 
{0xc0060850e0, 0x4d})
	github.com/evanw/esbuild/internal/resolver/resolver.go:1174 +0xee fp=0xc0030080e8 sp=0xc003007fe0 pc=0x7ff656f5420e
github.com/evanw/esbuild/internal/resolver.resolverQuery.dirInfoUncached({0xc002ef8488?, 0xc003210ff0?, 0x0?, 0x51?}, 
{0xc001a60660, 0x51})
	github.com/evanw/esbuild/internal/resolver/resolver.go:1538 +0xe5 fp=0xc0030083c8 sp=0xc0030080e8 pc=0x7ff656f583e5
github.com/evanw/esbuild/internal/resolver.resolverQuery.dirInfoCached({0xc002ef8488?, 0xc003210ff0?, 0x0?, 0x0?}, 
{0xc001a60660, 0x51})
	github.com/evanw/esbuild/internal/resolver/resolver.go:1174 +0xee fp=0xc0030084d0 sp=0xc0030083c8 pc=0x7ff656f5420e
github.com/evanw/esbuild/internal/resolver.resolverQuery.dirInfoUncached({0xc002ef8488?, 0xc003210ff0?, 0x0?, 0x5a?}, 
{0xc001a60600, 0x5a})
	github.com/evanw/esbuild/internal/resolver/resolver.go:1538 +0xe5 fp=0xc0030087b0 sp=0xc0030084d0 pc=0x7ff656f583e5
github.com/evanw/esbuild/internal/resolver.resolverQuery.dirInfoCached({0xc002ef8488?, 0xc003210ff0?, 0x0?, 0x48?}, 
{0xc001a60600, 0x5a})
	github.com/evanw/esbuild/internal/resolver/resolver.go:1174 +0xee fp=0xc0030088b8 sp=0xc0030087b0 pc=0x7ff656f5420e
github.com/evanw/esbuild/internal/resolver.resolverQuery.dirInfoUncached({0xc002ef8488?, 0xc003210ff0?, 0x0?, 0x64?}, 
{0xc0059ed1f0, 0x64})
	github.com/evanw/esbuild/internal/resolver/resolver.go:1538 +0xe5 fp=0xc003008b98 sp=0xc0030088b8 pc=0x7ff656f583e5
github.com/evanw/esbuild/internal/resolver.resolverQuery.dirInfoCached({0xc002ef8488?, 0xc003210ff0?, 0x0?, 0xf0?}, 
{0xc0059ed1f0, 0x64})
	github.com/evanw/esbuild/internal/resolver/resolver.go:1174 +0xee fp=0xc003008ca0 sp=0xc003008b98 pc=0x7ff656f5420e
github.com/evanw/esbuild/internal/resolver.resolverQuery.finalizeResolve({0xc002ef8488?, 0xc003210ff0?, 0x0?, 0x0?}, 
0xc00219a000)
	github.com/evanw/esbuild/internal/resolver/resolver.go:842 +0x6f1 fp=0xc003008e50 sp=0xc003008ca0 pc=0x7ff656f510d1
github.com/evanw/esbuild/internal/resolver.(*Resolver).Resolve(0xc002ef8488, {0xc0005b0880, 0x36}, {0xc0056d9260, 
0x6d}, 0x1)
	github.com/evanw/esbuild/internal/resolver/resolver.go:572 +0x1a1a fp=0xc003009220 sp=0xc003008e50 pc=0x7ff656f4ca9a
github.com/evanw/esbuild/internal/bundler.RunOnResolvePlugins({_, _, _}, _, {0xc00421b8f0, 0xc0049e8c18, 0xc0049e8c30, 
0xc0049e8c48, 0x3, 0xc00421b8c0}, ...)
	github.com/evanw/esbuild/internal/bundler/bundler.go:1154 +0x36a fp=0xc003009690 sp=0xc003009220 pc=0x7ff656f80e0a
github.com/evanw/esbuild/pkg/api.loadPlugins.func2({0xc0056d9260, 0x6d}, {{0xc00361f010, 0x10}, {0x0, 0x0}, {0x0, 
0x0}, {0xc0005b0880, 0x36}, ...})
	github.com/evanw/esbuild/pkg/api/api_impl.go:2114 +0x4be fp=0xc003009d18 sp=0xc003009690 pc=0x7ff65703809e
main.(*serviceType).convertPlugins.func2.1(0xc0, 0xc0050596e0)
	github.com/evanw/esbuild/cmd/esbuild/service.go:944 +0x665 fp=0xc003009f50 sp=0xc003009d18 pc=0x7ff65707a885
main.(*serviceType).handleIncomingPacket.func4()
	github.com/evanw/esbuild/cmd/esbuild/service.go:262 +0xa4 fp=0xc003009fe0 sp=0xc003009f50 pc=0x7ff6570740a4
runtime.goexit({})
	runtime/asm_amd64.s:1693 +0x1 fp=0xc003009fe8 sp=0xc003009fe0 pc=0x7ff656bcf221
created by main.(*serviceType).handleIncomingPacket in goroutine 1
	github.com/evanw/esbuild/cmd/esbuild/service.go:257 +0x156e

goroutine 1457 gp=0xc0024c9dc0 m=nil [chan send]:
runtime.gopark(0xc006463e50?, 0x4?, 0xc8?, 0xd7?, 0xc0000ca080?)
	runtime/proc.go:460 +0xce fp=0xc002fdd738 sp=0xc002fdd718 pc=0x7ff656bc72ce
runtime.chansend(0xc000136000, 0x7ff6572b1690, 0x1, 0x0?)
	runtime/chan.go:283 +0x3cb fp=0xc002fdd7a8 sp=0xc002fdd738 pc=0x7ff656b5d58b
runtime.chansend1(0xc0000ca080?, 0xc001a63040?)
	runtime/chan.go:161 +0x17 fp=0xc002fdd7d8 sp=0xc002fdd7a8 pc=0x7ff656b5d1b7
github.com/evanw/esbuild/internal/fs.BeforeFileOpen(...)
	github.com/evanw/esbuild/internal/fs/fs.go:245
github.com/evanw/esbuild/internal/fs.(*realFS).kind(0xc0000da080, {0xc001a63090?, 0x4?}, {0xc003672708?, 
0xc002fdd908?})
	github.com/evanw/esbuild/internal/fs/fs_real.go:413 +0xb3 fp=0xc002fdd878 sp=0xc002fdd7d8 pc=0x7ff656c9c793
github.com/evanw/esbuild/internal/fs.(*zipFS).kind(0xc005ff6f90?, {0xc001a63090?, 0x4?}, {0xc003672708?, 0x43?})
	github.com/evanw/esbuild/internal/fs/fs_zip.go:330 +0x28 fp=0xc002fdd8b0 sp=0xc002fdd878 pc=0x7ff656c9fa08
github.com/evanw/esbuild/internal/fs.(*Entry).Symlink(0xc003ef0e80, {0x7ff6572bce40?, 0xc0000a6120?})
	github.com/evanw/esbuild/internal/fs/fs.go:47 +0xc3 fp=0xc002fdd918 sp=0xc002fdd8b0 pc=0x7ff656c98143
github.com/evanw/esbuild/internal/resolver.resolverQuery.dirInfoUncached({0xc002ef8d88?, 0xc0032dab40?, 0x0?, 0x48?}, 
{0xc001a63040, 0x48})
	github.com/evanw/esbuild/internal/resolver/resolver.go:1601 +0x9ae fp=0xc002fddbf8 sp=0xc002fdd918 pc=0x7ff656f58cae
github.com/evanw/esbuild/internal/resolver.resolverQuery.dirInfoCached({0xc002ef8d88?, 0xc0032dab40?, 0x0?, 0x9e?}, 
{0xc001a63040, 0x48})
	github.com/evanw/esbuild/internal/resolver/resolver.go:1174 +0xee fp=0xc002fddd00 sp=0xc002fddbf8 pc=0x7ff656f5420e
github.com/evanw/esbuild/internal/resolver.resolverQuery.dirInfoUncached({0xc002ef8d88?, 0xc0032dab40?, 0x0?, 0x4d?}, 
{0xc001a62ff0, 0x4d})
	github.com/evanw/esbuild/internal/resolver/resolver.go:1538 +0xe5 fp=0xc002fddfe0 sp=0xc002fddd00 pc=0x7ff656f583e5
github.com/evanw/esbuild/internal/resolver.resolverQuery.dirInfoCached({0xc002ef8d88?, 0xc0032dab40?, 0x0?, 0x2f?}, 
{0xc001a62ff0, 0x4d})
	github.com/evanw/esbuild/internal/resolver/resolver.go:1174 +0xee fp=0xc002fde0e8 sp=0xc002fddfe0 pc=0x7ff656f5420e
github.com/evanw/esbuild/internal/resolver.resolverQuery.dirInfoUncached({0xc002ef8d88?, 0xc0032dab40?, 0x0?, 0x51?}, 
{0xc0060dc600, 0x51})
	github.com/evanw/esbuild/internal/resolver/resolver.go:1538 +0xe5 fp=0xc002fde3c8 sp=0xc002fde0e8 pc=0x7ff656f583e5
github.com/evanw/esbuild/internal/resolver.resolverQuery.dirInfoCached({0xc002ef8d88?, 0xc0032dab40?, 0x0?, 0x0?}, 
{0xc0060dc600, 0x51})
	github.com/evanw/esbuild/internal/resolver/resolver.go:1174 +0xee fp=0xc002fde4d0 sp=0xc002fde3c8 pc=0x7ff656f5420e
github.com/evanw/esbuild/internal/resolver.resolverQuery.dirInfoUncached({0xc002ef8d88?, 0xc0032dab40?, 0x0?, 0x5a?}, 
{0xc0060dc5a0, 0x5a})
	github.com/evanw/esbuild/internal/resolver/resolver.go:1538 +0xe5 fp=0xc002fde7b0 sp=0xc002fde4d0 pc=0x7ff656f583e5
github.com/evanw/esbuild/internal/resolver.resolverQuery.dirInfoCached({0xc002ef8d88?, 0xc0032dab40?, 0x0?, 0x78?}, 
{0xc0060dc5a0, 0x5a})
	github.com/evanw/esbuild/internal/resolver/resolver.go:1174 +0xee fp=0xc002fde8b8 sp=0xc002fde7b0 pc=0x7ff656f5420e
github.com/evanw/esbuild/internal/resolver.resolverQuery.dirInfoUncached({0xc002ef8d88?, 0xc0032dab40?, 0x0?, 0x64?}, 
{0xc006512c40, 0x64})
	github.com/evanw/esbuild/internal/resolver/resolver.go:1538 +0xe5 fp=0xc002fdeb98 sp=0xc002fde8b8 pc=0x7ff656f583e5
github.com/evanw/esbuild/internal/resolver.resolverQuery.dirInfoCached({0xc002ef8d88?, 0xc0032dab40?, 0x0?, 0x40?}, 
{0xc006512c40, 0x64})
	github.com/evanw/esbuild/internal/resolver/resolver.go:1174 +0xee fp=0xc002fdeca0 sp=0xc002fdeb98 pc=0x7ff656f5420e
github.com/evanw/esbuild/internal/resolver.resolverQuery.finalizeResolve({0xc002ef8d88?, 0xc0032dab40?, 0x0?, 0x0?}, 
0xc006827d40)
	github.com/evanw/esbuild/internal/resolver/resolver.go:842 +0x6f1 fp=0xc002fdee50 sp=0xc002fdeca0 pc=0x7ff656f510d1
github.com/evanw/esbuild/internal/resolver.(*Resolver).Resolve(0xc002ef8d88, {0xc0005b08c0, 0x36}, {0xc0056d92d0, 
0x6d}, 0x1)
	github.com/evanw/esbuild/internal/resolver/resolver.go:572 +0x1a1a fp=0xc002fdf220 sp=0xc002fdee50 pc=0x7ff656f4ca9a
github.com/evanw/esbuild/internal/bundler.RunOnResolvePlugins({_, _, _}, _, {0xc00421ba10, 0xc0049e8c78, 0xc0049e8c90, 
0xc0049e8ca8, 0x3, 0xc00421b9e0}, ...)
	github.com/evanw/esbuild/internal/bundler/bundler.go:1154 +0x36a fp=0xc002fdf690 sp=0xc002fdf220 pc=0x7ff656f80e0a
github.com/evanw/esbuild/pkg/api.loadPlugins.func2({0xc0056d92d0, 0x6d}, {{0xc00361f090, 0x10}, {0x0, 0x0}, {0x0, 
0x0}, {0xc0005b08c0, 0x36}, ...})
	github.com/evanw/esbuild/pkg/api/api_impl.go:2114 +0x4be fp=0xc002fdfd18 sp=0xc002fdf690 pc=0x7ff65703809e
main.(*serviceType).convertPlugins.func2.1(0xc1, 0xc005059710)
	github.com/evanw/esbuild/cmd/esbuild/service.go:944 +0x665 fp=0xc002fdff50 sp=0xc002fdfd18 pc=0x7ff65707a885
main.(*serviceType).handleIncomingPacket.func4()
	github.com/evanw/esbuild/cmd/esbuild/service.go:262 +0xa4 fp=0xc002fdffe0 sp=0xc002fdff50 pc=0x7ff6570740a4
runtime.goexit({})
	runtime/asm_amd64.s:1693 +0x1 fp=0xc002fdffe8 sp=0xc002fdffe0 pc=0x7ff656bcf221
created by main.(*serviceType).handleIncomingPacket in goroutine 1
	github.com/evanw/esbuild/cmd/esbuild/service.go:257 +0x156e

goroutine 1458 gp=0xc00216e700 m=nil [chan send]:
runtime.gopark(0xc0065a9560?, 0xc0000ca080?, 0x0?, 0x0?, 0xc0000ca080?)
	runtime/proc.go:460 +0xce fp=0xc001e55748 sp=0xc001e55728 pc=0x7ff656bc72ce
runtime.chansend(0xc000136000, 0x7ff6572b1690, 0x1, 0x7ff656c9c852?)
	runtime/chan.go:283 +0x3cb fp=0xc001e557b8 sp=0xc001e55748 pc=0x7ff656b5d58b
runtime.chansend1(0xc0000ca080?, 0xc001e55840?)
	runtime/chan.go:161 +0x17 fp=0xc001e557e8 sp=0xc001e557b8 pc=0x7ff656b5d1b7
github.com/evanw/esbuild/internal/fs.BeforeFileOpen(...)
	github.com/evanw/esbuild/internal/fs/fs.go:245
github.com/evanw/esbuild/internal/fs.(*realFS).kind(0xc0000da080, {0xc006462f00?, 0xc001e55908?}, {0xc003f67d00?, 
0x7ff65714de40?})
	github.com/evanw/esbuild/internal/fs/fs_real.go:413 +0xb3 fp=0xc001e55888 sp=0xc001e557e8 pc=0x7ff656c9c793
github.com/evanw/esbuild/internal/fs.(*zipFS).kind(0xc?, {0xc006462f00?, 0x48?}, {0xc003f67d00?, 0x7ff6571d2411?})
	github.com/evanw/esbuild/internal/fs/fs_zip.go:330 +0x28 fp=0xc001e558c0 sp=0xc001e55888 pc=0x7ff656c9fa08
github.com/evanw/esbuild/internal/fs.(*Entry).Kind(0xc006697540, {0x7ff6572bce40?, 0xc0000a6120?})
	github.com/evanw/esbuild/internal/fs/fs.go:37 +0xc3 fp=0xc001e55918 sp=0xc001e558c0 pc=0x7ff656c97f83
github.com/evanw/esbuild/internal/resolver.resolverQuery.dirInfoUncached({0xc002ef9208?, 0xc005d67b30?, 0x0?, 0x48?}, 
{0xc006462f00, 0x48})
	github.com/evanw/esbuild/internal/resolver/resolver.go:1618 +0xf2c fp=0xc001e55bf8 sp=0xc001e55918 pc=0x7ff656f5922c
github.com/evanw/esbuild/internal/resolver.resolverQuery.dirInfoCached({0xc002ef9208?, 0xc005d67b30?, 0x0?, 0x9e?}, 
{0xc006462f00, 0x48})
	github.com/evanw/esbuild/internal/resolver/resolver.go:1174 +0xee fp=0xc001e55d00 sp=0xc001e55bf8 pc=0x7ff656f5420e
github.com/evanw/esbuild/internal/resolver.resolverQuery.dirInfoUncached({0xc002ef9208?, 0xc005d67b30?, 0x0?, 0x4d?}, 
{0xc006462eb0, 0x4d})
	github.com/evanw/esbuild/internal/resolver/resolver.go:1538 +0xe5 fp=0xc001e55fe0 sp=0xc001e55d00 pc=0x7ff656f583e5
github.com/evanw/esbuild/internal/resolver.resolverQuery.dirInfoCached({0xc002ef9208?, 0xc005d67b30?, 0x0?, 0x2f?}, 
{0xc006462eb0, 0x4d})
	github.com/evanw/esbuild/internal/resolver/resolver.go:1174 +0xee fp=0xc001e560e8 sp=0xc001e55fe0 pc=0x7ff656f5420e
github.com/evanw/esbuild/internal/resolver.resolverQuery.dirInfoUncached({0xc002ef9208?, 0xc005d67b30?, 0x0?, 0x51?}, 
{0xc00608d320, 0x51})
	github.com/evanw/esbuild/internal/resolver/resolver.go:1538 +0xe5 fp=0xc001e563c8 sp=0xc001e560e8 pc=0x7ff656f583e5
github.com/evanw/esbuild/internal/resolver.resolverQuery.dirInfoCached({0xc002ef9208?, 0xc005d67b30?, 0x0?, 0x0?}, 
{0xc00608d320, 0x51})
	github.com/evanw/esbuild/internal/resolver/resolver.go:1174 +0xee fp=0xc001e564d0 sp=0xc001e563c8 pc=0x7ff656f5420e
github.com/evanw/esbuild/internal/resolver.resolverQuery.dirInfoUncached({0xc002ef9208?, 0xc005d67b30?, 0x0?, 0x5a?}, 
{0xc00608d2c0, 0x5a})
	github.com/evanw/esbuild/internal/resolver/resolver.go:1538 +0xe5 fp=0xc001e567b0 sp=0xc001e564d0 pc=0x7ff656f583e5
github.com/evanw/esbuild/internal/resolver.resolverQuery.dirInfoCached({0xc002ef9208?, 0xc005d67b30?, 0x0?, 0x78?}, 
{0xc00608d2c0, 0x5a})
	github.com/evanw/esbuild/internal/resolver/resolver.go:1174 +0xee fp=0xc001e568b8 sp=0xc001e567b0 pc=0x7ff656f5420e
github.com/evanw/esbuild/internal/resolver.resolverQuery.dirInfoUncached({0xc002ef9208?, 0xc005d67b30?, 0x0?, 0x64?}, 
{0xc006188ee0, 0x64})
	github.com/evanw/esbuild/internal/resolver/resolver.go:1538 +0xe5 fp=0xc001e56b98 sp=0xc001e568b8 pc=0x7ff656f583e5
github.com/evanw/esbuild/internal/resolver.resolverQuery.dirInfoCached({0xc002ef9208?, 0xc005d67b30?, 0x0?, 0x30?}, 
{0xc006188ee0, 0x64})
	github.com/evanw/esbuild/internal/resolver/resolver.go:1174 +0xee fp=0xc001e56ca0 sp=0xc001e56b98 pc=0x7ff656f5420e
github.com/evanw/esbuild/internal/resolver.resolverQuery.finalizeResolve({0xc002ef9208?, 0xc005d67b30?, 0x0?, 0x0?}, 
0xc00457ec60)
	github.com/evanw/esbuild/internal/resolver/resolver.go:842 +0x6f1 fp=0xc001e56e50 sp=0xc001e56ca0 pc=0x7ff656f510d1
github.com/evanw/esbuild/internal/resolver.(*Resolver).Resolve(0xc002ef9208, {0xc0005b0940, 0x36}, {0xc0032a2d80, 
0x71}, 0x1)
	github.com/evanw/esbuild/internal/resolver/resolver.go:572 +0x1a1a fp=0xc001e57220 sp=0xc001e56e50 pc=0x7ff656f4ca9a
github.com/evanw/esbuild/internal/bundler.RunOnResolvePlugins({_, _, _}, _, {0xc00421bb30, 0xc0049e8cd8, 0xc0049e8cf0, 
0xc0049e8d08, 0x3, 0xc00421bb00}, ...)
	github.com/evanw/esbuild/internal/bundler/bundler.go:1154 +0x36a fp=0xc001e57690 sp=0xc001e57220 pc=0x7ff656f80e0a
github.com/evanw/esbuild/pkg/api.loadPlugins.func2({0xc0032a2d80, 0x71}, {{0xc00361f1d0, 0x10}, {0x0, 0x0}, {0x0, 
0x0}, {0xc0005b0940, 0x36}, ...})
	github.com/evanw/esbuild/pkg/api/api_impl.go:2114 +0x4be fp=0xc001e57d18 sp=0xc001e57690 pc=0x7ff65703809e
main.(*serviceType).convertPlugins.func2.1(0xc2, 0xc005059740)
	github.com/evanw/esbuild/cmd/esbuild/service.go:944 +0x665 fp=0xc001e57f50 sp=0xc001e57d18 pc=0x7ff65707a885
main.(*serviceType).handleIncomingPacket.func4()
	github.com/evanw/esbuild/cmd/esbuild/service.go:262 +0xa4 fp=0xc001e57fe0 sp=0xc001e57f50 pc=0x7ff6570740a4
runtime.goexit({})
	runtime/asm_amd64.s:1693 +0x1 fp=0xc001e57fe8 sp=0xc001e57fe0 pc=0x7ff656bcf221
created by main.(*serviceType).handleIncomingPacket in goroutine 1
	github.com/evanw/esbuild/cmd/esbuild/service.go:257 +0x156e

goroutine 1459 gp=0xc00216e8c0 m=nil [chan send]:
runtime.gopark(0xc00487e230?, 0x4?, 0xc8?, 0x77?, 0xc0000ca080?)
	runtime/proc.go:460 +0xce fp=0xc002a27738 sp=0xc002a27718 pc=0x7ff656bc72ce
runtime.chansend(0xc000136000, 0x7ff6572b1690, 0x1, 0x0?)
	runtime/chan.go:283 +0x3cb fp=0xc002a277a8 sp=0xc002a27738 pc=0x7ff656b5d58b
runtime.chansend1(0xc0000ca080?, 0xc005bc5b30?)
	runtime/chan.go:161 +0x17 fp=0xc002a277d8 sp=0xc002a277a8 pc=0x7ff656b5d1b7
github.com/evanw/esbuild/internal/fs.BeforeFileOpen(...)
	github.com/evanw/esbuild/internal/fs/fs.go:245
github.com/evanw/esbuild/internal/fs.(*realFS).kind(0xc0000da080, {0xc005bc5b80?, 0x4?}, {0xc0029d5b58?, 
0xc002a27908?})
	github.com/evanw/esbuild/internal/fs/fs_real.go:413 +0xb3 fp=0xc002a27878 sp=0xc002a277d8 pc=0x7ff656c9c793
github.com/evanw/esbuild/internal/fs.(*zipFS).kind(0xc0064a5860?, {0xc005bc5b80?, 0x4?}, {0xc0029d5b58?, 0x43?})
	github.com/evanw/esbuild/internal/fs/fs_zip.go:330 +0x28 fp=0xc002a278b0 sp=0xc002a27878 pc=0x7ff656c9fa08
github.com/evanw/esbuild/internal/fs.(*Entry).Symlink(0xc0033b6240, {0x7ff6572bce40?, 0xc0000a6120?})
	github.com/evanw/esbuild/internal/fs/fs.go:47 +0xc3 fp=0xc002a27918 sp=0xc002a278b0 pc=0x7ff656c98143
github.com/evanw/esbuild/internal/resolver.resolverQuery.dirInfoUncached({0xc002ef9688?, 0xc00353bc20?, 0x0?, 0x48?}, 
{0xc005bc5b30, 0x48})
	github.com/evanw/esbuild/internal/resolver/resolver.go:1601 +0x9ae fp=0xc002a27bf8 sp=0xc002a27918 pc=0x7ff656f58cae
github.com/evanw/esbuild/internal/resolver.resolverQuery.dirInfoCached({0xc002ef9688?, 0xc00353bc20?, 0x0?, 0x9e?}, 
{0xc005bc5b30, 0x48})
	github.com/evanw/esbuild/internal/resolver/resolver.go:1174 +0xee fp=0xc002a27d00 sp=0xc002a27bf8 pc=0x7ff656f5420e
github.com/evanw/esbuild/internal/resolver.resolverQuery.dirInfoUncached({0xc002ef9688?, 0xc00353bc20?, 0x0?, 0x4d?}, 
{0xc005bc5ae0, 0x4d})
	github.com/evanw/esbuild/internal/resolver/resolver.go:1538 +0xe5 fp=0xc002a27fe0 sp=0xc002a27d00 pc=0x7ff656f583e5
github.com/evanw/esbuild/internal/resolver.resolverQuery.dirInfoCached({0xc002ef9688?, 0xc00353bc20?, 0x0?, 0x2f?}, 
{0xc005bc5ae0, 0x4d})
	github.com/evanw/esbuild/internal/resolver/resolver.go:1174 +0xee fp=0xc002a280e8 sp=0xc002a27fe0 pc=0x7ff656f5420e
github.com/evanw/esbuild/internal/resolver.resolverQuery.dirInfoUncached({0xc002ef9688?, 0xc00353bc20?, 0x0?, 0x51?}, 
{0xc0069026c0, 0x51})
	github.com/evanw/esbuild/internal/resolver/resolver.go:1538 +0xe5 fp=0xc002a283c8 sp=0xc002a280e8 pc=0x7ff656f583e5
github.com/evanw/esbuild/internal/resolver.resolverQuery.dirInfoCached({0xc002ef9688?, 0xc00353bc20?, 0x0?, 0x0?}, 
{0xc0069026c0, 0x51})
	github.com/evanw/esbuild/internal/resolver/resolver.go:1174 +0xee fp=0xc002a284d0 sp=0xc002a283c8 pc=0x7ff656f5420e
github.com/evanw/esbuild/internal/resolver.resolverQuery.dirInfoUncached({0xc002ef9688?, 0xc00353bc20?, 0x0?, 0x5a?}, 
{0xc006902660, 0x5a})
	github.com/evanw/esbuild/internal/resolver/resolver.go:1538 +0xe5 fp=0xc002a287b0 sp=0xc002a284d0 pc=0x7ff656f583e5
github.com/evanw/esbuild/internal/resolver.resolverQuery.dirInfoCached({0xc002ef9688?, 0xc00353bc20?, 0x0?, 0x78?}, 
{0xc006902660, 0x5a})
	github.com/evanw/esbuild/internal/resolver/resolver.go:1174 +0xee fp=0xc002a288b8 sp=0xc002a287b0 pc=0x7ff656f5420e
github.com/evanw/esbuild/internal/resolver.resolverQuery.dirInfoUncached({0xc002ef9688?, 0xc00353bc20?, 0x0?, 0x64?}, 
{0xc005f93570, 0x64})
	github.com/evanw/esbuild/internal/resolver/resolver.go:1538 +0xe5 fp=0xc002a28b98 sp=0xc002a288b8 pc=0x7ff656f583e5
github.com/evanw/esbuild/internal/resolver.resolverQuery.dirInfoCached({0xc002ef9688?, 0xc00353bc20?, 0x0?, 0x20?}, 
{0xc005f93570, 0x64})
	github.com/evanw/esbuild/internal/resolver/resolver.go:1174 +0xee fp=0xc002a28ca0 sp=0xc002a28b98 pc=0x7ff656f5420e
github.com/evanw/esbuild/internal/resolver.resolverQuery.finalizeResolve({0xc002ef9688?, 0xc00353bc20?, 0x0?, 0x0?}, 
0xc005252240)
	github.com/evanw/esbuild/internal/resolver/resolver.go:842 +0x6f1 fp=0xc002a28e50 sp=0xc002a28ca0 pc=0x7ff656f510d1
github.com/evanw/esbuild/internal/resolver.(*Resolver).Resolve(0xc002ef9688, {0xc0005b0980, 0x36}, {0xc0032a2e00, 
0x75}, 0x1)
	github.com/evanw/esbuild/internal/resolver/resolver.go:572 +0x1a1a fp=0xc002a29220 sp=0xc002a28e50 pc=0x7ff656f4ca9a
github.com/evanw/esbuild/internal/bundler.RunOnResolvePlugins({_, _, _}, _, {0xc00421bc50, 0xc0049e8d38, 0xc0049e8d50, 
0xc0049e8d68, 0x3, 0xc00421bc20}, ...)
	github.com/evanw/esbuild/internal/bundler/bundler.go:1154 +0x36a fp=0xc002a29690 sp=0xc002a29220 pc=0x7ff656f80e0a
github.com/evanw/esbuild/pkg/api.loadPlugins.func2({0xc0032a2e00, 0x75}, {{0xc00361f530, 0x10}, {0x0, 0x0}, {0x0, 
0x0}, {0xc0005b0980, 0x36}, ...})
	github.com/evanw/esbuild/pkg/api/api_impl.go:2114 +0x4be fp=0xc002a29d18 sp=0xc002a29690 pc=0x7ff65703809e
main.(*serviceType).convertPlugins.func2.1(0xc3, 0xc005059770)
	github.com/evanw/esbuild/cmd/esbuild/service.go:944 +0x665 fp=0xc002a29f50 sp=0xc002a29d18 pc=0x7ff65707a885
main.(*serviceType).handleIncomingPacket.func4()
	github.com/evanw/esbuild/cmd/esbuild/service.go:262 +0xa4 fp=0xc002a29fe0 sp=0xc002a29f50 pc=0x7ff6570740a4
runtime.goexit({})
	runtime/asm_amd64.s:1693 +0x1 fp=0xc002a29fe8 sp=0xc002a29fe0 pc=0x7ff656bcf221
created by main.(*serviceType).handleIncomingPacket in goroutine 1
	github.com/evanw/esbuild/cmd/esbuild/service.go:257 +0x156e

goroutine 1460 gp=0xc00216ea80 m=nil [chan send]:
runtime.gopark(0xc006463f90?, 0x4?, 0xc8?, 0xd7?, 0xc0000ca080?)
	runtime/proc.go:460 +0xce fp=0xc00305d738 sp=0xc00305d718 pc=0x7ff656bc72ce
runtime.chansend(0xc000136000, 0x7ff6572b1690, 0x1, 0x0?)
	runtime/chan.go:283 +0x3cb fp=0xc00305d7a8 sp=0xc00305d738 pc=0x7ff656b5d58b
runtime.chansend1(0xc0000ca080?, 0xc006084d20?)
	runtime/chan.go:161 +0x17 fp=0xc00305d7d8 sp=0xc00305d7a8 pc=0x7ff656b5d1b7
github.com/evanw/esbuild/internal/fs.BeforeFileOpen(...)
	github.com/evanw/esbuild/internal/fs/fs.go:245
github.com/evanw/esbuild/internal/fs.(*realFS).kind(0xc0000da080, {0xc006084d70?, 0x4?}, {0xc0022c1168?, 
0xc00305d908?})
	github.com/evanw/esbuild/internal/fs/fs_real.go:413 +0xb3 fp=0xc00305d878 sp=0xc00305d7d8 pc=0x7ff656c9c793
github.com/evanw/esbuild/internal/fs.(*zipFS).kind(0xc006558d50?, {0xc006084d70?, 0x4?}, {0xc0022c1168?, 0x43?})
	github.com/evanw/esbuild/internal/fs/fs_zip.go:330 +0x28 fp=0xc00305d8b0 sp=0xc00305d878 pc=0x7ff656c9fa08
github.com/evanw/esbuild/internal/fs.(*Entry).Symlink(0xc0027720c0, {0x7ff6572bce40?, 0xc0000a6120?})
	github.com/evanw/esbuild/internal/fs/fs.go:47 +0xc3 fp=0xc00305d918 sp=0xc00305d8b0 pc=0x7ff656c98143
github.com/evanw/esbuild/internal/resolver.resolverQuery.dirInfoUncached({0xc002ef9b08?, 0xc005d67c20?, 0x0?, 0x48?}, 
{0xc006084d20, 0x48})
	github.com/evanw/esbuild/internal/resolver/resolver.go:1601 +0x9ae fp=0xc00305dbf8 sp=0xc00305d918 pc=0x7ff656f58cae
github.com/evanw/esbuild/internal/resolver.resolverQuery.dirInfoCached({0xc002ef9b08?, 0xc005d67c20?, 0x0?, 0x9e?}, 
{0xc006084d20, 0x48})
	github.com/evanw/esbuild/internal/resolver/resolver.go:1174 +0xee fp=0xc00305dd00 sp=0xc00305dbf8 pc=0x7ff656f5420e
github.com/evanw/esbuild/internal/resolver.resolverQuery.dirInfoUncached({0xc002ef9b08?, 0xc005d67c20?, 0x0?, 0x4d?}, 
{0xc006084cd0, 0x4d})
	github.com/evanw/esbuild/internal/resolver/resolver.go:1538 +0xe5 fp=0xc00305dfe0 sp=0xc00305dd00 pc=0x7ff656f583e5
github.com/evanw/esbuild/internal/resolver.resolverQuery.dirInfoCached({0xc002ef9b08?, 0xc005d67c20?, 0x0?, 0x2f?}, 
{0xc006084cd0, 0x4d})
	github.com/evanw/esbuild/internal/resolver/resolver.go:1174 +0xee fp=0xc00305e0e8 sp=0xc00305dfe0 pc=0x7ff656f5420e
github.com/evanw/esbuild/internal/resolver.resolverQuery.dirInfoUncached({0xc002ef9b08?, 0xc005d67c20?, 0x0?, 0x51?}, 
{0xc001a60360, 0x51})
	github.com/evanw/esbuild/internal/resolver/resolver.go:1538 +0xe5 fp=0xc00305e3c8 sp=0xc00305e0e8 pc=0x7ff656f583e5
github.com/evanw/esbuild/internal/resolver.resolverQuery.dirInfoCached({0xc002ef9b08?, 0xc005d67c20?, 0x0?, 0x0?}, 
{0xc001a60360, 0x51})
	github.com/evanw/esbuild/internal/resolver/resolver.go:1174 +0xee fp=0xc00305e4d0 sp=0xc00305e3c8 pc=0x7ff656f5420e
github.com/evanw/esbuild/internal/resolver.resolverQuery.dirInfoUncached({0xc002ef9b08?, 0xc005d67c20?, 0x0?, 0x5a?}, 
{0xc001a60300, 0x5a})
	github.com/evanw/esbuild/internal/resolver/resolver.go:1538 +0xe5 fp=0xc00305e7b0 sp=0xc00305e4d0 pc=0x7ff656f583e5
github.com/evanw/esbuild/internal/resolver.resolverQuery.dirInfoCached({0xc002ef9b08?, 0xc005d67c20?, 0x0?, 0x78?}, 
{0xc001a60300, 0x5a})
	github.com/evanw/esbuild/internal/resolver/resolver.go:1174 +0xee fp=0xc00305e8b8 sp=0xc00305e7b0 pc=0x7ff656f5420e
github.com/evanw/esbuild/internal/resolver.resolverQuery.dirInfoUncached({0xc002ef9b08?, 0xc005d67c20?, 0x0?, 0x64?}, 
{0xc0059ece70, 0x64})
	github.com/evanw/esbuild/internal/resolver/resolver.go:1538 +0xe5 fp=0xc00305eb98 sp=0xc00305e8b8 pc=0x7ff656f583e5
github.com/evanw/esbuild/internal/resolver.resolverQuery.dirInfoCached({0xc002ef9b08?, 0xc005d67c20?, 0x0?, 0x20?}, 
{0xc0059ece70, 0x64})
	github.com/evanw/esbuild/internal/resolver/resolver.go:1174 +0xee fp=0xc00305eca0 sp=0xc00305eb98 pc=0x7ff656f5420e
github.com/evanw/esbuild/internal/resolver.resolverQuery.finalizeResolve({0xc002ef9b08?, 0xc005d67c20?, 0x0?, 0x0?}, 
0xc005e8bb00)
	github.com/evanw/esbuild/internal/resolver/resolver.go:842 +0x6f1 fp=0xc00305ee50 sp=0xc00305eca0 pc=0x7ff656f510d1
github.com/evanw/esbuild/internal/resolver.(*Resolver).Resolve(0xc002ef9b08, {0xc0005b09c0, 0x36}, {0xc0032a2e80, 
0x71}, 0x1)
	github.com/evanw/esbuild/internal/resolver/resolver.go:572 +0x1a1a fp=0xc00305f220 sp=0xc00305ee50 pc=0x7ff656f4ca9a
github.com/evanw/esbuild/internal/bundler.RunOnResolvePlugins({_, _, _}, _, {0xc00421bd70, 0xc0049e8d98, 0xc0049e8db0, 
0xc0049e8dc8, 0x3, 0xc00421bd40}, ...)
	github.com/evanw/esbuild/internal/bundler/bundler.go:1154 +0x36a fp=0xc00305f690 sp=0xc00305f220 pc=0x7ff656f80e0a
github.com/evanw/esbuild/pkg/api.loadPlugins.func2({0xc0032a2e80, 0x71}, {{0xc00361f590, 0x10}, {0x0, 0x0}, {0x0, 
0x0}, {0xc0005b09c0, 0x36}, ...})
	github.com/evanw/esbuild/pkg/api/api_impl.go:2114 +0x4be fp=0xc00305fd18 sp=0xc00305f690 pc=0x7ff65703809e
main.(*serviceType).convertPlugins.func2.1(0xc4, 0xc0050597a0)
	github.com/evanw/esbuild/cmd/esbuild/service.go:944 +0x665 fp=0xc00305ff50 sp=0xc00305fd18 pc=0x7ff65707a885
main.(*serviceType).handleIncomingPacket.func4()
	github.com/evanw/esbuild/cmd/esbuild/service.go:262 +0xa4 fp=0xc00305ffe0 sp=0xc00305ff50 pc=0x7ff6570740a4
runtime.goexit({})
	runtime/asm_amd64.s:1693 +0x1 fp=0xc00305ffe8 sp=0xc00305ffe0 pc=0x7ff656bcf221
created by main.(*serviceType).handleIncomingPacket in goroutine 1
	github.com/evanw/esbuild/cmd/esbuild/service.go:257 +0x156e

goroutine 1461 gp=0xc00216ec40 m=nil [chan send]:
runtime.gopark(0xc005e03db0?, 0x4?, 0xc8?, 0x57?, 0xc0000ca080?)
	runtime/proc.go:460 +0xce fp=0xc002fd5738 sp=0xc002fd5718 pc=0x7ff656bc72ce
runtime.chansend(0xc000136000, 0x7ff6572b1690, 0x1, 0x0?)
	runtime/chan.go:283 +0x3cb fp=0xc002fd57a8 sp=0xc002fd5738 pc=0x7ff656b5d58b
runtime.chansend1(0xc0000ca080?, 0xc005bc5c20?)
	runtime/chan.go:161 +0x17 fp=0xc002fd57d8 sp=0xc002fd57a8 pc=0x7ff656b5d1b7
github.com/evanw/esbuild/internal/fs.BeforeFileOpen(...)
	github.com/evanw/esbuild/internal/fs/fs.go:245
github.com/evanw/esbuild/internal/fs.(*realFS).kind(0xc0000da080, {0xc005bc5c70?, 0x4?}, {0xc002168568?, 
0xc002fd5908?})
	github.com/evanw/esbuild/internal/fs/fs_real.go:413 +0xb3 fp=0xc002fd5878 sp=0xc002fd57d8 pc=0x7ff656c9c793
github.com/evanw/esbuild/internal/fs.(*zipFS).kind(0xc005d78ba0?, {0xc005bc5c70?, 0x4?}, {0xc002168568?, 0x43?})
	github.com/evanw/esbuild/internal/fs/fs_zip.go:330 +0x28 fp=0xc002fd58b0 sp=0xc002fd5878 pc=0x7ff656c9fa08
github.com/evanw/esbuild/internal/fs.(*Entry).Symlink(0xc003fdca00, {0x7ff6572bce40?, 0xc0000a6120?})
	github.com/evanw/esbuild/internal/fs/fs.go:47 +0xc3 fp=0xc002fd5918 sp=0xc002fd58b0 pc=0x7ff656c98143
github.com/evanw/esbuild/internal/resolver.resolverQuery.dirInfoUncached({0xc0017ba908?, 0xc004a5a960?, 0x0?, 0x48?}, 
{0xc005bc5c20, 0x48})
	github.com/evanw/esbuild/internal/resolver/resolver.go:1601 +0x9ae fp=0xc002fd5bf8 sp=0xc002fd5918 pc=0x7ff656f58cae
github.com/evanw/esbuild/internal/resolver.resolverQuery.dirInfoCached({0xc0017ba908?, 0xc004a5a960?, 0x0?, 0x9e?}, 
{0xc005bc5c20, 0x48})
	github.com/evanw/esbuild/internal/resolver/resolver.go:1174 +0xee fp=0xc002fd5d00 sp=0xc002fd5bf8 pc=0x7ff656f5420e
github.com/evanw/esbuild/internal/resolver.resolverQuery.dirInfoUncached({0xc0017ba908?, 0xc004a5a960?, 0x0?, 0x4d?}, 
{0xc005bc5bd0, 0x4d})
	github.com/evanw/esbuild/internal/resolver/resolver.go:1538 +0xe5 fp=0xc002fd5fe0 sp=0xc002fd5d00 pc=0x7ff656f583e5
github.com/evanw/esbuild/internal/resolver.resolverQuery.dirInfoCached({0xc0017ba908?, 0xc004a5a960?, 0x0?, 0x2f?}, 
{0xc005bc5bd0, 0x4d})
	github.com/evanw/esbuild/internal/resolver/resolver.go:1174 +0xee fp=0xc002fd60e8 sp=0xc002fd5fe0 pc=0x7ff656f5420e
github.com/evanw/esbuild/internal/resolver.resolverQuery.dirInfoUncached({0xc0017ba908?, 0xc004a5a960?, 0x0?, 0x51?}, 
{0xc006902780, 0x51})
	github.com/evanw/esbuild/internal/resolver/resolver.go:1538 +0xe5 fp=0xc002fd63c8 sp=0xc002fd60e8 pc=0x7ff656f583e5
github.com/evanw/esbuild/internal/resolver.resolverQuery.dirInfoCached({0xc0017ba908?, 0xc004a5a960?, 0x0?, 0x0?}, 
{0xc006902780, 0x51})
	github.com/evanw/esbuild/internal/resolver/resolver.go:1174 +0xee fp=0xc002fd64d0 sp=0xc002fd63c8 pc=0x7ff656f5420e
github.com/evanw/esbuild/internal/resolver.resolverQuery.dirInfoUncached({0xc0017ba908?, 0xc004a5a960?, 0x0?, 0x5a?}, 
{0xc006902720, 0x5a})
	github.com/evanw/esbuild/internal/resolver/resolver.go:1538 +0xe5 fp=0xc002fd67b0 sp=0xc002fd64d0 pc=0x7ff656f583e5
github.com/evanw/esbuild/internal/resolver.resolverQuery.dirInfoCached({0xc0017ba908?, 0xc004a5a960?, 0x0?, 0x78?}, 
{0xc006902720, 0x5a})
	github.com/evanw/esbuild/internal/resolver/resolver.go:1174 +0xee fp=0xc002fd68b8 sp=0xc002fd67b0 pc=0x7ff656f5420e
github.com/evanw/esbuild/internal/resolver.resolverQuery.dirInfoUncached({0xc0017ba908?, 0xc004a5a960?, 0x0?, 0x64?}, 
{0xc005f93730, 0x64})
	github.com/evanw/esbuild/internal/resolver/resolver.go:1538 +0xe5 fp=0xc002fd6b98 sp=0xc002fd68b8 pc=0x7ff656f583e5
github.com/evanw/esbuild/internal/resolver.resolverQuery.dirInfoCached({0xc0017ba908?, 0xc004a5a960?, 0x0?, 0x60?}, 
{0xc005f93730, 0x64})
	github.com/evanw/esbuild/internal/resolver/resolver.go:1174 +0xee fp=0xc002fd6ca0 sp=0xc002fd6b98 pc=0x7ff656f5420e
github.com/evanw/esbuild/internal/resolver.resolverQuery.finalizeResolve({0xc0017ba908?, 0xc004a5a960?, 0x0?, 0x0?}, 
0xc005253200)
	github.com/evanw/esbuild/internal/resolver/resolver.go:842 +0x6f1 fp=0xc002fd6e50 sp=0xc002fd6ca0 pc=0x7ff656f510d1
github.com/evanw/esbuild/internal/resolver.(*Resolver).Resolve(0xc0017ba908, {0xc0005b0f80, 0x36}, {0xc0056d9340, 
0x70}, 0x1)
	github.com/evanw/esbuild/internal/resolver/resolver.go:572 +0x1a1a fp=0xc002fd7220 sp=0xc002fd6e50 pc=0x7ff656f4ca9a
github.com/evanw/esbuild/internal/bundler.RunOnResolvePlugins({_, _, _}, _, {0xc00421be90, 0xc0049e8df8, 0xc0049e8e10, 
0xc0049e8e28, 0x3, 0xc00421be60}, ...)
	github.com/evanw/esbuild/internal/bundler/bundler.go:1154 +0x36a fp=0xc002fd7690 sp=0xc002fd7220 pc=0x7ff656f80e0a
github.com/evanw/esbuild/pkg/api.loadPlugins.func2({0xc0056d9340, 0x70}, {{0xc00361f5f0, 0x10}, {0x0, 0x0}, {0x0, 
0x0}, {0xc0005b0f80, 0x36}, ...})
	github.com/evanw/esbuild/pkg/api/api_impl.go:2114 +0x4be fp=0xc002fd7d18 sp=0xc002fd7690 pc=0x7ff65703809e
main.(*serviceType).convertPlugins.func2.1(0xc5, 0xc0050597d0)
	github.com/evanw/esbuild/cmd/esbuild/service.go:944 +0x665 fp=0xc002fd7f50 sp=0xc002fd7d18 pc=0x7ff65707a885
main.(*serviceType).handleIncomingPacket.func4()
	github.com/evanw/esbuild/cmd/esbuild/service.go:262 +0xa4 fp=0xc002fd7fe0 sp=0xc002fd7f50 pc=0x7ff6570740a4
runtime.goexit({})
	runtime/asm_amd64.s:1693 +0x1 fp=0xc002fd7fe8 sp=0xc002fd7fe0 pc=0x7ff656bcf221
created by main.(*serviceType).handleIncomingPacket in goroutine 1
	github.com/evanw/esbuild/cmd/esbuild/service.go:257 +0x156e

goroutine 1462 gp=0xc00216ee00 m=nil [chan send]:
runtime.gopark(0xc006085c70?, 0x4?, 0xc8?, 0xd7?, 0xc0000ca080?)
	runtime/proc.go:460 +0xce fp=0xc00309d738 sp=0xc00309d718 pc=0x7ff656bc72ce
runtime.chansend(0xc000136000, 0x7ff6572b1690, 0x1, 0x0?)
	runtime/chan.go:283 +0x3cb fp=0xc00309d7a8 sp=0xc00309d738 pc=0x7ff656b5d58b
runtime.chansend1(0xc0000ca080?, 0xc005e03860?)
	runtime/chan.go:161 +0x17 fp=0xc00309d7d8 sp=0xc00309d7a8 pc=0x7ff656b5d1b7
github.com/evanw/esbuild/internal/fs.BeforeFileOpen(...)
	github.com/evanw/esbuild/internal/fs/fs.go:245
github.com/evanw/esbuild/internal/fs.(*realFS).kind(0xc0000da080, {0xc005e038b0?, 0x4?}, {0xc001553a28?, 
0xc00309d908?})
	github.com/evanw/esbuild/internal/fs/fs_real.go:413 +0xb3 fp=0xc00309d878 sp=0xc00309d7d8 pc=0x7ff656c9c793
github.com/evanw/esbuild/internal/fs.(*zipFS).kind(0xc005f47470?, {0xc005e038b0?, 0x4?}, {0xc001553a28?, 0x43?})
	github.com/evanw/esbuild/internal/fs/fs_zip.go:330 +0x28 fp=0xc00309d8b0 sp=0xc00309d878 pc=0x7ff656c9fa08
github.com/evanw/esbuild/internal/fs.(*Entry).Symlink(0xc0065b9b40, {0x7ff6572bce40?, 0xc0000a6120?})
	github.com/evanw/esbuild/internal/fs/fs.go:47 +0xc3 fp=0xc00309d918 sp=0xc00309d8b0 pc=0x7ff656c98143
github.com/evanw/esbuild/internal/resolver.resolverQuery.dirInfoUncached({0xc0017bad88?, 0xc004a5aa00?, 0x0?, 0x48?}, 
{0xc005e03860, 0x48})
	github.com/evanw/esbuild/internal/resolver/resolver.go:1601 +0x9ae fp=0xc00309dbf8 sp=0xc00309d918 pc=0x7ff656f58cae
github.com/evanw/esbuild/internal/resolver.resolverQuery.dirInfoCached({0xc0017bad88?, 0xc004a5aa00?, 0x0?, 0x9e?}, 
{0xc005e03860, 0x48})
	github.com/evanw/esbuild/internal/resolver/resolver.go:1174 +0xee fp=0xc00309dd00 sp=0xc00309dbf8 pc=0x7ff656f5420e
github.com/evanw/esbuild/internal/resolver.resolverQuery.dirInfoUncached({0xc0017bad88?, 0xc004a5aa00?, 0x0?, 0x4d?}, 
{0xc005e03810, 0x4d})
	github.com/evanw/esbuild/internal/resolver/resolver.go:1538 +0xe5 fp=0xc00309dfe0 sp=0xc00309dd00 pc=0x7ff656f583e5
github.com/evanw/esbuild/internal/resolver.resolverQuery.dirInfoCached({0xc0017bad88?, 0xc004a5aa00?, 0x0?, 0x2f?}, 
{0xc005e03810, 0x4d})
	github.com/evanw/esbuild/internal/resolver/resolver.go:1174 +0xee fp=0xc00309e0e8 sp=0xc00309dfe0 pc=0x7ff656f5420e
github.com/evanw/esbuild/internal/resolver.resolverQuery.dirInfoUncached({0xc0017bad88?, 0xc004a5aa00?, 0x0?, 0x51?}, 
{0xc0065a8de0, 0x51})
	github.com/evanw/esbuild/internal/resolver/resolver.go:1538 +0xe5 fp=0xc00309e3c8 sp=0xc00309e0e8 pc=0x7ff656f583e5
github.com/evanw/esbuild/internal/resolver.resolverQuery.dirInfoCached({0xc0017bad88?, 0xc004a5aa00?, 0x0?, 0x0?}, 
{0xc0065a8de0, 0x51})
	github.com/evanw/esbuild/internal/resolver/resolver.go:1174 +0xee fp=0xc00309e4d0 sp=0xc00309e3c8 pc=0x7ff656f5420e
github.com/evanw/esbuild/internal/resolver.resolverQuery.dirInfoUncached({0xc0017bad88?, 0xc004a5aa00?, 0x0?, 0x5a?}, 
{0xc0065a8d80, 0x5a})
	github.com/evanw/esbuild/internal/resolver/resolver.go:1538 +0xe5 fp=0xc00309e7b0 sp=0xc00309e4d0 pc=0x7ff656f583e5
github.com/evanw/esbuild/internal/resolver.resolverQuery.dirInfoCached({0xc0017bad88?, 0xc004a5aa00?, 0x0?, 0x78?}, 
{0xc0065a8d80, 0x5a})
	github.com/evanw/esbuild/internal/resolver/resolver.go:1174 +0xee fp=0xc00309e8b8 sp=0xc00309e7b0 pc=0x7ff656f5420e
github.com/evanw/esbuild/internal/resolver.resolverQuery.dirInfoUncached({0xc0017bad88?, 0xc004a5aa00?, 0x0?, 0x64?}, 
{0xc005e89490, 0x64})
	github.com/evanw/esbuild/internal/resolver/resolver.go:1538 +0xe5 fp=0xc00309eb98 sp=0xc00309e8b8 pc=0x7ff656f583e5
github.com/evanw/esbuild/internal/resolver.resolverQuery.dirInfoCached({0xc0017bad88?, 0xc004a5aa00?, 0x0?, 0x0?}, 
{0xc005e89490, 0x64})
	github.com/evanw/esbuild/internal/resolver/resolver.go:1174 +0xee fp=0xc00309eca0 sp=0xc00309eb98 pc=0x7ff656f5420e
github.com/evanw/esbuild/internal/resolver.resolverQuery.finalizeResolve({0xc0017bad88?, 0xc004a5aa00?, 0x0?, 0x0?}, 
0xc005a9a7e0)
	github.com/evanw/esbuild/internal/resolver/resolver.go:842 +0x6f1 fp=0xc00309ee50 sp=0xc00309eca0 pc=0x7ff656f510d1
github.com/evanw/esbuild/internal/resolver.(*Resolver).Resolve(0xc0017bad88, {0xc0005b1140, 0x36}, {0xc0032a2f00, 
0x7c}, 0x1)
	github.com/evanw/esbuild/internal/resolver/resolver.go:572 +0x1a1a fp=0xc00309f220 sp=0xc00309ee50 pc=0x7ff656f4ca9a
github.com/evanw/esbuild/internal/bundler.RunOnResolvePlugins({_, _, _}, _, {0xc00200a3f0, 0xc0049e8e58, 0xc0049e8e70, 
0xc0049e8e88, 0x3, 0xc00200a240}, ...)
	github.com/evanw/esbuild/internal/bundler/bundler.go:1154 +0x36a fp=0xc00309f690 sp=0xc00309f220 pc=0x7ff656f80e0a
github.com/evanw/esbuild/pkg/api.loadPlugins.func2({0xc0032a2f00, 0x7c}, {{0xc00361f730, 0x10}, {0x0, 0x0}, {0x0, 
0x0}, {0xc0005b1140, 0x36}, ...})
	github.com/evanw/esbuild/pkg/api/api_impl.go:2114 +0x4be fp=0xc00309fd18 sp=0xc00309f690 pc=0x7ff65703809e
main.(*serviceType).convertPlugins.func2.1(0xc6, 0xc005059800)
	github.com/evanw/esbuild/cmd/esbuild/service.go:944 +0x665 fp=0xc00309ff50 sp=0xc00309fd18 pc=0x7ff65707a885
main.(*serviceType).handleIncomingPacket.func4()
	github.com/evanw/esbuild/cmd/esbuild/service.go:262 +0xa4 fp=0xc00309ffe0 sp=0xc00309ff50 pc=0x7ff6570740a4
runtime.goexit({})
	runtime/asm_amd64.s:1693 +0x1 fp=0xc00309ffe8 sp=0xc00309ffe0 pc=0x7ff656bcf221
created by main.(*serviceType).handleIncomingPacket in goroutine 1
	github.com/evanw/esbuild/cmd/esbuild/service.go:257 +0x156e

goroutine 1463 gp=0xc00216efc0 m=nil [chan send]:
runtime.gopark(0xc006463c20?, 0x4?, 0xc8?, 0x17?, 0xc0000ca080?)
	runtime/proc.go:460 +0xce fp=0xc000d51738 sp=0xc000d51718 pc=0x7ff656bc72ce
runtime.chansend(0xc000136000, 0x7ff6572b1690, 0x1, 0x0?)
	runtime/chan.go:283 +0x3cb fp=0xc000d517a8 sp=0xc000d51738 pc=0x7ff656b5d58b
runtime.chansend1(0xc0000ca080?, 0xc0064634f0?)
	runtime/chan.go:161 +0x17 fp=0xc000d517d8 sp=0xc000d517a8 pc=0x7ff656b5d1b7
github.com/evanw/esbuild/internal/fs.BeforeFileOpen(...)
	github.com/evanw/esbuild/internal/fs/fs.go:245
github.com/evanw/esbuild/internal/fs.(*realFS).kind(0xc0000da080, {0xc006463540?, 0x4?}, {0xc002c6b888?, 
0xc000d51908?})
	github.com/evanw/esbuild/internal/fs/fs_real.go:413 +0xb3 fp=0xc000d51878 sp=0xc000d517d8 pc=0x7ff656c9c793
github.com/evanw/esbuild/internal/fs.(*zipFS).kind(0xc005f472c0?, {0xc006463540?, 0x4?}, {0xc002c6b888?, 0x43?})
	github.com/evanw/esbuild/internal/fs/fs_zip.go:330 +0x28 fp=0xc000d518b0 sp=0xc000d51878 pc=0x7ff656c9fa08
github.com/evanw/esbuild/internal/fs.(*Entry).Symlink(0xc0035e2900, {0x7ff6572bce40?, 0xc0000a6120?})
	github.com/evanw/esbuild/internal/fs/fs.go:47 +0xc3 fp=0xc000d51918 sp=0xc000d518b0 pc=0x7ff656c98143
github.com/evanw/esbuild/internal/resolver.resolverQuery.dirInfoUncached({0xc0017bb688?, 0xc002a9f590?, 0x0?, 0x48?}, 
{0xc0064634f0, 0x48})
	github.com/evanw/esbuild/internal/resolver/resolver.go:1601 +0x9ae fp=0xc000d51bf8 sp=0xc000d51918 pc=0x7ff656f58cae
github.com/evanw/esbuild/internal/resolver.resolverQuery.dirInfoCached({0xc0017bb688?, 0xc002a9f590?, 0x0?, 0x9e?}, 
{0xc0064634f0, 0x48})
	github.com/evanw/esbuild/internal/resolver/resolver.go:1174 +0xee fp=0xc000d51d00 sp=0xc000d51bf8 pc=0x7ff656f5420e
github.com/evanw/esbuild/internal/resolver.resolverQuery.dirInfoUncached({0xc0017bb688?, 0xc002a9f590?, 0x0?, 0x4d?}, 
{0xc0064634a0, 0x4d})
	github.com/evanw/esbuild/internal/resolver/resolver.go:1538 +0xe5 fp=0xc000d51fe0 sp=0xc000d51d00 pc=0x7ff656f583e5
github.com/evanw/esbuild/internal/resolver.resolverQuery.dirInfoCached({0xc0017bb688?, 0xc002a9f590?, 0x0?, 0x2f?}, 
{0xc0064634a0, 0x4d})
	github.com/evanw/esbuild/internal/resolver/resolver.go:1174 +0xee fp=0xc000d520e8 sp=0xc000d51fe0 pc=0x7ff656f5420e
github.com/evanw/esbuild/internal/resolver.resolverQuery.dirInfoUncached({0xc0017bb688?, 0xc002a9f590?, 0x0?, 0x51?}, 
{0xc00608d740, 0x51})
	github.com/evanw/esbuild/internal/resolver/resolver.go:1538 +0xe5 fp=0xc000d523c8 sp=0xc000d520e8 pc=0x7ff656f583e5
github.com/evanw/esbuild/internal/resolver.resolverQuery.dirInfoCached({0xc0017bb688?, 0xc002a9f590?, 0x0?, 0x0?}, 
{0xc00608d740, 0x51})
	github.com/evanw/esbuild/internal/resolver/resolver.go:1174 +0xee fp=0xc000d524d0 sp=0xc000d523c8 pc=0x7ff656f5420e
github.com/evanw/esbuild/internal/resolver.resolverQuery.dirInfoUncached({0xc0017bb688?, 0xc002a9f590?, 0x0?, 0x5a?}, 
{0xc00608d6e0, 0x5a})
	github.com/evanw/esbuild/internal/resolver/resolver.go:1538 +0xe5 fp=0xc000d527b0 sp=0xc000d524d0 pc=0x7ff656f583e5
github.com/evanw/esbuild/internal/resolver.resolverQuery.dirInfoCached({0xc0017bb688?, 0xc002a9f590?, 0x0?, 0x78?}, 
{0xc00608d6e0, 0x5a})
	github.com/evanw/esbuild/internal/resolver/resolver.go:1174 +0xee fp=0xc000d528b8 sp=0xc000d527b0 pc=0x7ff656f5420e
github.com/evanw/esbuild/internal/resolver.resolverQuery.dirInfoUncached({0xc0017bb688?, 0xc002a9f590?, 0x0?, 0x64?}, 
{0xc006189420, 0x64})
	github.com/evanw/esbuild/internal/resolver/resolver.go:1538 +0xe5 fp=0xc000d52b98 sp=0xc000d528b8 pc=0x7ff656f583e5
github.com/evanw/esbuild/internal/resolver.resolverQuery.dirInfoCached({0xc0017bb688?, 0xc002a9f590?, 0x0?, 0x90?}, 
{0xc006189420, 0x64})
	github.com/evanw/esbuild/internal/resolver/resolver.go:1174 +0xee fp=0xc000d52ca0 sp=0xc000d52b98 pc=0x7ff656f5420e
github.com/evanw/esbuild/internal/resolver.resolverQuery.finalizeResolve({0xc0017bb688?, 0xc002a9f590?, 0x0?, 0x0?}, 
0xc00457f440)
	github.com/evanw/esbuild/internal/resolver/resolver.go:842 +0x6f1 fp=0xc000d52e50 sp=0xc000d52ca0 pc=0x7ff656f510d1
github.com/evanw/esbuild/internal/resolver.(*Resolver).Resolve(0xc0017bb688, {0xc0005b1180, 0x36}, {0xc0032a2f80, 
0x71}, 0x1)
	github.com/evanw/esbuild/internal/resolver/resolver.go:572 +0x1a1a fp=0xc000d53220 sp=0xc000d52e50 pc=0x7ff656f4ca9a
github.com/evanw/esbuild/internal/bundler.RunOnResolvePlugins({_, _, _}, _, {0xc00200ab10, 0xc0049e8eb8, 0xc0049e8ed0, 
0xc0049e8ee8, 0x3, 0xc00200aab0}, ...)
	github.com/evanw/esbuild/internal/bundler/bundler.go:1154 +0x36a fp=0xc000d53690 sp=0xc000d53220 pc=0x7ff656f80e0a
github.com/evanw/esbuild/pkg/api.loadPlugins.func2({0xc0032a2f80, 0x71}, {{0xc00361f920, 0x10}, {0x0, 0x0}, {0x0, 
0x0}, {0xc0005b1180, 0x36}, ...})
	github.com/evanw/esbuild/pkg/api/api_impl.go:2114 +0x4be fp=0xc000d53d18 sp=0xc000d53690 pc=0x7ff65703809e
main.(*serviceType).convertPlugins.func2.1(0xc7, 0xc005059830)
	github.com/evanw/esbuild/cmd/esbuild/service.go:944 +0x665 fp=0xc000d53f50 sp=0xc000d53d18 pc=0x7ff65707a885
main.(*serviceType).handleIncomingPacket.func4()
	github.com/evanw/esbuild/cmd/esbuild/service.go:262 +0xa4 fp=0xc000d53fe0 sp=0xc000d53f50 pc=0x7ff6570740a4
runtime.goexit({})
	runtime/asm_amd64.s:1693 +0x1 fp=0xc000d53fe8 sp=0xc000d53fe0 pc=0x7ff656bcf221
created by main.(*serviceType).handleIncomingPacket in goroutine 1
	github.com/evanw/esbuild/cmd/esbuild/service.go:257 +0x156e

goroutine 1464 gp=0xc00216f180 m=nil [chan send]:
runtime.gopark(0xc001a63810?, 0x4?, 0xc8?, 0xd7?, 0xc0000ca080?)
	runtime/proc.go:460 +0xce fp=0xc002fed738 sp=0xc002fed718 pc=0x7ff656bc72ce
runtime.chansend(0xc000136000, 0x7ff6572b1690, 0x1, 0x0?)
	runtime/chan.go:283 +0x3cb fp=0xc002fed7a8 sp=0xc002fed738 pc=0x7ff656b5d58b
runtime.chansend1(0xc0000ca080?, 0xc006463630?)
	runtime/chan.go:161 +0x17 fp=0xc002fed7d8 sp=0xc002fed7a8 pc=0x7ff656b5d1b7
github.com/evanw/esbuild/internal/fs.BeforeFileOpen(...)
	github.com/evanw/esbuild/internal/fs/fs.go:245
github.com/evanw/esbuild/internal/fs.(*realFS).kind(0xc0000da080, {0xc006463680?, 0x4?}, {0xc002bed078?, 
0xc002fed908?})
	github.com/evanw/esbuild/internal/fs/fs_real.go:413 +0xb3 fp=0xc002fed878 sp=0xc002fed7d8 pc=0x7ff656c9c793
github.com/evanw/esbuild/internal/fs.(*zipFS).kind(0xc0032e9e00?, {0xc006463680?, 0x4?}, {0xc002bed078?, 0x43?})
	github.com/evanw/esbuild/internal/fs/fs_zip.go:330 +0x28 fp=0xc002fed8b0 sp=0xc002fed878 pc=0x7ff656c9fa08
github.com/evanw/esbuild/internal/fs.(*Entry).Symlink(0xc002f3c240, {0x7ff6572bce40?, 0xc0000a6120?})
	github.com/evanw/esbuild/internal/fs/fs.go:47 +0xc3 fp=0xc002fed918 sp=0xc002fed8b0 pc=0x7ff656c98143
github.com/evanw/esbuild/internal/resolver.resolverQuery.dirInfoUncached({0xc0017bbb08?, 0xc005a1cb90?, 0x0?, 0x48?}, 
{0xc006463630, 0x48})
	github.com/evanw/esbuild/internal/resolver/resolver.go:1601 +0x9ae fp=0xc002fedbf8 sp=0xc002fed918 pc=0x7ff656f58cae
github.com/evanw/esbuild/internal/resolver.resolverQuery.dirInfoCached({0xc0017bbb08?, 0xc005a1cb90?, 0x0?, 0x9e?}, 
{0xc006463630, 0x48})
	github.com/evanw/esbuild/internal/resolver/resolver.go:1174 +0xee fp=0xc002fedd00 sp=0xc002fedbf8 pc=0x7ff656f5420e
github.com/evanw/esbuild/internal/resolver.resolverQuery.dirInfoUncached({0xc0017bbb08?, 0xc005a1cb90?, 0x0?, 0x4d?}, 
{0xc0064635e0, 0x4d})
	github.com/evanw/esbuild/internal/resolver/resolver.go:1538 +0xe5 fp=0xc002fedfe0 sp=0xc002fedd00 pc=0x7ff656f583e5
github.com/evanw/esbuild/internal/resolver.resolverQuery.dirInfoCached({0xc0017bbb08?, 0xc005a1cb90?, 0x0?, 0x2f?}, 
{0xc0064635e0, 0x4d})
	github.com/evanw/esbuild/internal/resolver/resolver.go:1174 +0xee fp=0xc002fee0e8 sp=0xc002fedfe0 pc=0x7ff656f5420e
github.com/evanw/esbuild/internal/resolver.resolverQuery.dirInfoUncached({0xc0017bbb08?, 0xc005a1cb90?, 0x0?, 0x51?}, 
{0xc00608d800, 0x51})
	github.com/evanw/esbuild/internal/resolver/resolver.go:1538 +0xe5 fp=0xc002fee3c8 sp=0xc002fee0e8 pc=0x7ff656f583e5
github.com/evanw/esbuild/internal/resolver.resolverQuery.dirInfoCached({0xc0017bbb08?, 0xc005a1cb90?, 0x0?, 0x0?}, 
{0xc00608d800, 0x51})
	github.com/evanw/esbuild/internal/resolver/resolver.go:1174 +0xee fp=0xc002fee4d0 sp=0xc002fee3c8 pc=0x7ff656f5420e
github.com/evanw/esbuild/internal/resolver.resolverQuery.dirInfoUncached({0xc0017bbb08?, 0xc005a1cb90?, 0x0?, 0x5a?}, 
{0xc00608d7a0, 0x5a})
	github.com/evanw/esbuild/internal/resolver/resolver.go:1538 +0xe5 fp=0xc002fee7b0 sp=0xc002fee4d0 pc=0x7ff656f583e5
github.com/evanw/esbuild/internal/resolver.resolverQuery.dirInfoCached({0xc0017bbb08?, 0xc005a1cb90?, 0x0?, 0x78?}, 
{0xc00608d7a0, 0x5a})
	github.com/evanw/esbuild/internal/resolver/resolver.go:1174 +0xee fp=0xc002fee8b8 sp=0xc002fee7b0 pc=0x7ff656f5420e
github.com/evanw/esbuild/internal/resolver.resolverQuery.dirInfoUncached({0xc0017bbb08?, 0xc005a1cb90?, 0x0?, 0x64?}, 
{0xc006189490, 0x64})
	github.com/evanw/esbuild/internal/resolver/resolver.go:1538 +0xe5 fp=0xc002feeb98 sp=0xc002fee8b8 pc=0x7ff656f583e5
github.com/evanw/esbuild/internal/resolver.resolverQuery.dirInfoCached({0xc0017bbb08?, 0xc005a1cb90?, 0x0?, 0x90?}, 
{0xc006189490, 0x64})
	github.com/evanw/esbuild/internal/resolver/resolver.go:1174 +0xee fp=0xc002feeca0 sp=0xc002feeb98 pc=0x7ff656f5420e
github.com/evanw/esbuild/internal/resolver.resolverQuery.finalizeResolve({0xc0017bbb08?, 0xc005a1cb90?, 0x0?, 0x0?}, 
0xc00457f560)
	github.com/evanw/esbuild/internal/resolver/resolver.go:842 +0x6f1 fp=0xc002feee50 sp=0xc002feeca0 pc=0x7ff656f510d1
github.com/evanw/esbuild/internal/resolver.(*Resolver).Resolve(0xc0017bbb08, {0xc0005b11c0, 0x36}, {0xc0032a3000, 
0x7f}, 0x1)
	github.com/evanw/esbuild/internal/resolver/resolver.go:572 +0x1a1a fp=0xc002fef220 sp=0xc002feee50 pc=0x7ff656f4ca9a
github.com/evanw/esbuild/internal/bundler.RunOnResolvePlugins({_, _, _}, _, {0xc00200b410, 0xc0049e8f18, 0xc0049e8f30, 
0xc0049e8f48, 0x3, 0xc00200b230}, ...)
	github.com/evanw/esbuild/internal/bundler/bundler.go:1154 +0x36a fp=0xc002fef690 sp=0xc002fef220 pc=0x7ff656f80e0a
github.com/evanw/esbuild/pkg/api.loadPlugins.func2({0xc0032a3000, 0x7f}, {{0xc00361fc30, 0x10}, {0x0, 0x0}, {0x0, 
0x0}, {0xc0005b11c0, 0x36}, ...})
	github.com/evanw/esbuild/pkg/api/api_impl.go:2114 +0x4be fp=0xc002fefd18 sp=0xc002fef690 pc=0x7ff65703809e
main.(*serviceType).convertPlugins.func2.1(0xc8, 0xc005059860)
	github.com/evanw/esbuild/cmd/esbuild/service.go:944 +0x665 fp=0xc002feff50 sp=0xc002fefd18 pc=0x7ff65707a885
main.(*serviceType).handleIncomingPacket.func4()
	github.com/evanw/esbuild/cmd/esbuild/service.go:262 +0xa4 fp=0xc002feffe0 sp=0xc002feff50 pc=0x7ff6570740a4
runtime.goexit({})
	runtime/asm_amd64.s:1693 +0x1 fp=0xc002feffe8 sp=0xc002feffe0 pc=0x7ff656bcf221
created by main.(*serviceType).handleIncomingPacket in goroutine 1
	github.com/evanw/esbuild/cmd/esbuild/service.go:257 +0x156e

goroutine 1465 gp=0xc00216f340 m=nil [chan send]:
runtime.gopark(0xc006085950?, 0x4?, 0xc8?, 0x57?, 0xc0000ca080?)
	runtime/proc.go:460 +0xce fp=0xc003065738 sp=0xc003065718 pc=0x7ff656bc72ce
runtime.chansend(0xc000136000, 0x7ff6572b1690, 0x1, 0x0?)
	runtime/chan.go:283 +0x3cb fp=0xc0030657a8 sp=0xc003065738 pc=0x7ff656b5d58b
runtime.chansend1(0xc0000ca080?, 0xc004d9f2c0?)
	runtime/chan.go:161 +0x17 fp=0xc0030657d8 sp=0xc0030657a8 pc=0x7ff656b5d1b7
github.com/evanw/esbuild/internal/fs.BeforeFileOpen(...)
	github.com/evanw/esbuild/internal/fs/fs.go:245
github.com/evanw/esbuild/internal/fs.(*realFS).kind(0xc0000da080, {0xc004d9f310?, 0x4?}, {0xc002a7f368?, 
0xc003065908?})
	github.com/evanw/esbuild/internal/fs/fs_real.go:413 +0xb3 fp=0xc003065878 sp=0xc0030657d8 pc=0x7ff656c9c793
github.com/evanw/esbuild/internal/fs.(*zipFS).kind(0xc005d78db0?, {0xc004d9f310?, 0x4?}, {0xc002a7f368?, 0x43?})
	github.com/evanw/esbuild/internal/fs/fs_zip.go:330 +0x28 fp=0xc0030658b0 sp=0xc003065878 pc=0x7ff656c9fa08
github.com/evanw/esbuild/internal/fs.(*Entry).Symlink(0xc004d95d40, {0x7ff6572bce40?, 0xc0000a6120?})
	github.com/evanw/esbuild/internal/fs/fs.go:47 +0xc3 fp=0xc003065918 sp=0xc0030658b0 pc=0x7ff656c98143
github.com/evanw/esbuild/internal/resolver.resolverQuery.dirInfoUncached({0xc002b12488?, 0xc003210fa0?, 0x0?, 0x48?}, 
{0xc004d9f2c0, 0x48})
	github.com/evanw/esbuild/internal/resolver/resolver.go:1601 +0x9ae fp=0xc003065bf8 sp=0xc003065918 pc=0x7ff656f58cae
github.com/evanw/esbuild/internal/resolver.resolverQuery.dirInfoCached({0xc002b12488?, 0xc003210fa0?, 0x0?, 0x60?}, 
{0xc004d9f2c0, 0x48})
	github.com/evanw/esbuild/internal/resolver/resolver.go:1174 +0xee fp=0xc003065d00 sp=0xc003065bf8 pc=0x7ff656f5420e
github.com/evanw/esbuild/internal/resolver.resolverQuery.dirInfoUncached({0xc002b12488?, 0xc003210fa0?, 0x0?, 0x4d?}, 
{0xc004d9f270, 0x4d})
	github.com/evanw/esbuild/internal/resolver/resolver.go:1538 +0xe5 fp=0xc003065fe0 sp=0xc003065d00 pc=0x7ff656f583e5
github.com/evanw/esbuild/internal/resolver.resolverQuery.dirInfoCached({0xc002b12488?, 0xc003210fa0?, 0x0?, 0x2f?}, 
{0xc004d9f270, 0x4d})
	github.com/evanw/esbuild/internal/resolver/resolver.go:1174 +0xee fp=0xc0030660e8 sp=0xc003065fe0 pc=0x7ff656f5420e
github.com/evanw/esbuild/internal/resolver.resolverQuery.dirInfoUncached({0xc002b12488?, 0xc003210fa0?, 0x0?, 0x51?}, 
{0xc00668c960, 0x51})
	github.com/evanw/esbuild/internal/resolver/resolver.go:1538 +0xe5 fp=0xc0030663c8 sp=0xc0030660e8 pc=0x7ff656f583e5
github.com/evanw/esbuild/internal/resolver.resolverQuery.dirInfoCached({0xc002b12488?, 0xc003210fa0?, 0x0?, 0x0?}, 
{0xc00668c960, 0x51})
	github.com/evanw/esbuild/internal/resolver/resolver.go:1174 +0xee fp=0xc0030664d0 sp=0xc0030663c8 pc=0x7ff656f5420e
github.com/evanw/esbuild/internal/resolver.resolverQuery.dirInfoUncached({0xc002b12488?, 0xc003210fa0?, 0x0?, 0x5a?}, 
{0xc00668c900, 0x5a})
	github.com/evanw/esbuild/internal/resolver/resolver.go:1538 +0xe5 fp=0xc0030667b0 sp=0xc0030664d0 pc=0x7ff656f583e5
github.com/evanw/esbuild/internal/resolver.resolverQuery.dirInfoCached({0xc002b12488?, 0xc003210fa0?, 0x0?, 0x78?}, 
{0xc00668c900, 0x5a})
	github.com/evanw/esbuild/internal/resolver/resolver.go:1174 +0xee fp=0xc0030668b8 sp=0xc0030667b0 pc=0x7ff656f5420e
github.com/evanw/esbuild/internal/resolver.resolverQuery.dirInfoUncached({0xc002b12488?, 0xc003210fa0?, 0x0?, 0x64?}, 
{0xc0067a50a0, 0x64})
	github.com/evanw/esbuild/internal/resolver/resolver.go:1538 +0xe5 fp=0xc003066b98 sp=0xc0030668b8 pc=0x7ff656f583e5
github.com/evanw/esbuild/internal/resolver.resolverQuery.dirInfoCached({0xc002b12488?, 0xc003210fa0?, 0x0?, 0xa0?}, 
{0xc0067a50a0, 0x64})
	github.com/evanw/esbuild/internal/resolver/resolver.go:1174 +0xee fp=0xc003066ca0 sp=0xc003066b98 pc=0x7ff656f5420e
github.com/evanw/esbuild/internal/resolver.resolverQuery.finalizeResolve({0xc002b12488?, 0xc003210fa0?, 0x0?, 0x0?}, 
0xc0037a2d80)
	github.com/evanw/esbuild/internal/resolver/resolver.go:842 +0x6f1 fp=0xc003066e50 sp=0xc003066ca0 pc=0x7ff656f510d1
github.com/evanw/esbuild/internal/resolver.(*Resolver).Resolve(0xc002b12488, {0xc0005b1200, 0x36}, {0xc0032a3080, 
0x71}, 0x1)
	github.com/evanw/esbuild/internal/resolver/resolver.go:572 +0x1a1a fp=0xc003067220 sp=0xc003066e50 pc=0x7ff656f4ca9a
github.com/evanw/esbuild/internal/bundler.RunOnResolvePlugins({_, _, _}, _, {0xc004388150, 0xc0049e8f78, 0xc0049e8f90, 
0xc0049e8fa8, 0x3, 0xc004388120}, ...)
	github.com/evanw/esbuild/internal/bundler/bundler.go:1154 +0x36a fp=0xc003067690 sp=0xc003067220 pc=0x7ff656f80e0a
github.com/evanw/esbuild/pkg/api.loadPlugins.func2({0xc0032a3080, 0x71}, {{0xc00361fea0, 0x10}, {0x0, 0x0}, {0x0, 
0x0}, {0xc0005b1200, 0x36}, ...})
	github.com/evanw/esbuild/pkg/api/api_impl.go:2114 +0x4be fp=0xc003067d18 sp=0xc003067690 pc=0x7ff65703809e
main.(*serviceType).convertPlugins.func2.1(0xc9, 0xc005059890)
	github.com/evanw/esbuild/cmd/esbuild/service.go:944 +0x665 fp=0xc003067f50 sp=0xc003067d18 pc=0x7ff65707a885
main.(*serviceType).handleIncomingPacket.func4()
	github.com/evanw/esbuild/cmd/esbuild/service.go:262 +0xa4 fp=0xc003067fe0 sp=0xc003067f50 pc=0x7ff6570740a4
runtime.goexit({})
	runtime/asm_amd64.s:1693 +0x1 fp=0xc003067fe8 sp=0xc003067fe0 pc=0x7ff656bcf221
created by main.(*serviceType).handleIncomingPacket in goroutine 1
	github.com/evanw/esbuild/cmd/esbuild/service.go:257 +0x156e

goroutine 1466 gp=0xc00216f500 m=nil [runnable]:
runtime.gopark(0x7ff6572afa80?, 0x7ff656b65d9b?, 0x0?, 0x0?, 0x0?)
	runtime/proc.go:460 +0xce fp=0xc0067651d8 sp=0xc0067651b8 pc=0x7ff656bc72ce
runtime.chansend(0xc000136000, 0x7ff6572b1690, 0x1, 0xc006765398?)
	runtime/chan.go:283 +0x3cb fp=0xc006765248 sp=0xc0067651d8 pc=0x7ff656b5d58b
runtime.chansend1(0x55?, 0x7ff6572afa80?)
	runtime/chan.go:161 +0x17 fp=0xc006765278 sp=0xc006765248 pc=0x7ff656b5d1b7
github.com/evanw/esbuild/internal/fs.BeforeFileOpen(...)
	github.com/evanw/esbuild/internal/fs/fs.go:245
github.com/evanw/esbuild/internal/fs.(*realFS).ModKey(0xc0000da080, {0xc00668d1a0, 0x55})
	github.com/evanw/esbuild/internal/fs/fs_real.go:280 +0x72 fp=0xc0067653d8 sp=0xc006765278 pc=0x7ff656c9b9b2
github.com/evanw/esbuild/internal/fs.(*zipFS).ModKey(0xc0000a6120, {0xc00668d1a0, 0x55})
	github.com/evanw/esbuild/internal/fs/fs_zip.go:286 +0x8f fp=0xc006765460 sp=0xc0067653d8 pc=0x7ff656c9f5cf
github.com/evanw/esbuild/internal/cache.(*FSCache).ReadFile(0xc0000901e0, {0x7ff6572bce40, 0xc0000a6120}, 
{0xc00668d1a0, 0x55})
	github.com/evanw/esbuild/internal/cache/cache_fs.go:34 +0xa5 fp=0xc006765548 sp=0xc006765460 pc=0x7ff656f39705
github.com/evanw/esbuild/internal/resolver.resolverQuery.parsePackageJSON({0xc004935688?, 0xc002790320?, 0x0?, 0x9e?}, 
{0xc004d802d0, 0x48})
	github.com/evanw/esbuild/internal/resolver/package_json.go:253 +0x105 fp=0xc006765918 sp=0xc006765548 
pc=0x7ff656f3c3c5
github.com/evanw/esbuild/internal/resolver.resolverQuery.dirInfoUncached({0xc004935688?, 0xc002790320?, 0x0?, 0x48?}, 
{0xc004d802d0, 0x48})
	github.com/evanw/esbuild/internal/resolver/resolver.go:1619 +0xf6f fp=0xc006765bf8 sp=0xc006765918 pc=0x7ff656f5926f
github.com/evanw/esbuild/internal/resolver.resolverQuery.dirInfoCached({0xc004935688?, 0xc002790320?, 0x0?, 0x9e?}, 
{0xc004d802d0, 0x48})
	github.com/evanw/esbuild/internal/resolver/resolver.go:1174 +0xee fp=0xc006765d00 sp=0xc006765bf8 pc=0x7ff656f5420e
github.com/evanw/esbuild/internal/resolver.resolverQuery.dirInfoUncached({0xc004935688?, 0xc002790320?, 0x0?, 0x4d?}, 
{0xc004d80280, 0x4d})
	github.com/evanw/esbuild/internal/resolver/resolver.go:1538 +0xe5 fp=0xc006765fe0 sp=0xc006765d00 pc=0x7ff656f583e5
github.com/evanw/esbuild/internal/resolver.resolverQuery.dirInfoCached({0xc004935688?, 0xc002790320?, 0x0?, 0x2f?}, 
{0xc004d80280, 0x4d})
	github.com/evanw/esbuild/internal/resolver/resolver.go:1174 +0xee fp=0xc0067660e8 sp=0xc006765fe0 pc=0x7ff656f5420e
github.com/evanw/esbuild/internal/resolver.resolverQuery.dirInfoUncached({0xc004935688?, 0xc002790320?, 0x0?, 0x51?}, 
{0xc005f72120, 0x51})
	github.com/evanw/esbuild/internal/resolver/resolver.go:1538 +0xe5 fp=0xc0067663c8 sp=0xc0067660e8 pc=0x7ff656f583e5
github.com/evanw/esbuild/internal/resolver.resolverQuery.dirInfoCached({0xc004935688?, 0xc002790320?, 0x0?, 0x0?}, 
{0xc005f72120, 0x51})
	github.com/evanw/esbuild/internal/resolver/resolver.go:1174 +0xee fp=0xc0067664d0 sp=0xc0067663c8 pc=0x7ff656f5420e
github.com/evanw/esbuild/internal/resolver.resolverQuery.dirInfoUncached({0xc004935688?, 0xc002790320?, 0x0?, 0x5a?}, 
{0xc005f720c0, 0x5a})
	github.com/evanw/esbuild/internal/resolver/resolver.go:1538 +0xe5 fp=0xc0067667b0 sp=0xc0067664d0 pc=0x7ff656f583e5
github.com/evanw/esbuild/internal/resolver.resolverQuery.dirInfoCached({0xc004935688?, 0xc002790320?, 0x0?, 0x78?}, 
{0xc005f720c0, 0x5a})
	github.com/evanw/esbuild/internal/resolver/resolver.go:1174 +0xee fp=0xc0067668b8 sp=0xc0067667b0 pc=0x7ff656f5420e
github.com/evanw/esbuild/internal/resolver.resolverQuery.dirInfoUncached({0xc004935688?, 0xc002790320?, 0x0?, 0x64?}, 
{0xc005a86230, 0x64})
	github.com/evanw/esbuild/internal/resolver/resolver.go:1538 +0xe5 fp=0xc006766b98 sp=0xc0067668b8 pc=0x7ff656f583e5
github.com/evanw/esbuild/internal/resolver.resolverQuery.dirInfoCached({0xc004935688?, 0xc002790320?, 0x0?, 0x20?}, 
{0xc005a86230, 0x64})
	github.com/evanw/esbuild/internal/resolver/resolver.go:1174 +0xee fp=0xc006766ca0 sp=0xc006766b98 pc=0x7ff656f5420e
github.com/evanw/esbuild/internal/resolver.resolverQuery.finalizeResolve({0xc004935688?, 0xc002790320?, 0x0?, 0x0?}, 
0xc002cbe900)
	github.com/evanw/esbuild/internal/resolver/resolver.go:842 +0x6f1 fp=0xc006766e50 sp=0xc006766ca0 pc=0x7ff656f510d1
github.com/evanw/esbuild/internal/resolver.(*Resolver).Resolve(0xc004935688, {0xc0005b1240, 0x36}, {0xc0056d93b0, 
0x6f}, 0x1)
	github.com/evanw/esbuild/internal/resolver/resolver.go:572 +0x1a1a fp=0xc006767220 sp=0xc006766e50 pc=0x7ff656f4ca9a
github.com/evanw/esbuild/internal/bundler.RunOnResolvePlugins({_, _, _}, _, {0xc00421b020, 0xc0049e8978, 0xc0049e8990, 
0xc0049e89a8, 0x3, 0xc00421aff0}, ...)
	github.com/evanw/esbuild/internal/bundler/bundler.go:1154 +0x36a fp=0xc006767690 sp=0xc006767220 pc=0x7ff656f80e0a
github.com/evanw/esbuild/pkg/api.loadPlugins.func2({0xc0056d93b0, 0x6f}, {{0xc00361ffb0, 0x10}, {0x0, 0x0}, {0x0, 
0x0}, {0xc0005b1240, 0x36}, ...})
	github.com/evanw/esbuild/pkg/api/api_impl.go:2114 +0x4be fp=0xc006767d18 sp=0xc006767690 pc=0x7ff65703809e
main.(*serviceType).convertPlugins.func2.1(0xca, 0xc0050598c0)
	github.com/evanw/esbuild/cmd/esbuild/service.go:944 +0x665 fp=0xc006767f50 sp=0xc006767d18 pc=0x7ff65707a885
main.(*serviceType).handleIncomingPacket.func4()
	github.com/evanw/esbuild/cmd/esbuild/service.go:262 +0xa4 fp=0xc006767fe0 sp=0xc006767f50 pc=0x7ff6570740a4
runtime.goexit({})
	runtime/asm_amd64.s:1693 +0x1 fp=0xc006767fe8 sp=0xc006767fe0 pc=0x7ff656bcf221
created by main.(*serviceType).handleIncomingPacket in goroutine 1
	github.com/evanw/esbuild/cmd/esbuild/service.go:257 +0x156e

goroutine 1467 gp=0xc00216f6c0 m=nil [chan send]:
runtime.gopark(0x7ff6572afa80?, 0x7ff656b65d9b?, 0x0?, 0x0?, 0x0?)
	runtime/proc.go:460 +0xce fp=0xc00676d1d8 sp=0xc00676d1b8 pc=0x7ff656bc72ce
runtime.chansend(0xc000136000, 0x7ff6572b1690, 0x1, 0xc00676d398?)
	runtime/chan.go:283 +0x3cb fp=0xc00676d248 sp=0xc00676d1d8 pc=0x7ff656b5d58b
runtime.chansend1(0x55?, 0x7ff6572afa80?)
	runtime/chan.go:161 +0x17 fp=0xc00676d278 sp=0xc00676d248 pc=0x7ff656b5d1b7
github.com/evanw/esbuild/internal/fs.BeforeFileOpen(...)
	github.com/evanw/esbuild/internal/fs/fs.go:245
github.com/evanw/esbuild/internal/fs.(*realFS).ModKey(0xc0000da080, {0xc0069029c0, 0x55})
	github.com/evanw/esbuild/internal/fs/fs_real.go:280 +0x72 fp=0xc00676d3d8 sp=0xc00676d278 pc=0x7ff656c9b9b2
github.com/evanw/esbuild/internal/fs.(*zipFS).ModKey(0xc0000a6120, {0xc0069029c0, 0x55})
	github.com/evanw/esbuild/internal/fs/fs_zip.go:286 +0x8f fp=0xc00676d460 sp=0xc00676d3d8 pc=0x7ff656c9f5cf
github.com/evanw/esbuild/internal/cache.(*FSCache).ReadFile(0xc0000901e0, {0x7ff6572bce40, 0xc0000a6120}, 
{0xc0069029c0, 0x55})
	github.com/evanw/esbuild/internal/cache/cache_fs.go:34 +0xa5 fp=0xc00676d548 sp=0xc00676d460 pc=0x7ff656f39705
github.com/evanw/esbuild/internal/resolver.resolverQuery.parsePackageJSON({0xc002b89b08?, 0xc0035da050?, 0x0?, 0x9e?}, 
{0xc004d80730, 0x48})
	github.com/evanw/esbuild/internal/resolver/package_json.go:253 +0x105 fp=0xc00676d918 sp=0xc00676d548 
pc=0x7ff656f3c3c5
github.com/evanw/esbuild/internal/resolver.resolverQuery.dirInfoUncached({0xc002b89b08?, 0xc0035da050?, 0x0?, 0x48?}, 
{0xc004d80730, 0x48})
	github.com/evanw/esbuild/internal/resolver/resolver.go:1619 +0xf6f fp=0xc00676dbf8 sp=0xc00676d918 pc=0x7ff656f5926f
github.com/evanw/esbuild/internal/resolver.resolverQuery.dirInfoCached({0xc002b89b08?, 0xc0035da050?, 0x0?, 0x9e?}, 
{0xc004d80730, 0x48})
	github.com/evanw/esbuild/internal/resolver/resolver.go:1174 +0xee fp=0xc00676dd00 sp=0xc00676dbf8 pc=0x7ff656f5420e
github.com/evanw/esbuild/internal/resolver.resolverQuery.dirInfoUncached({0xc002b89b08?, 0xc0035da050?, 0x0?, 0x4d?}, 
{0xc004d806e0, 0x4d})
	github.com/evanw/esbuild/internal/resolver/resolver.go:1538 +0xe5 fp=0xc00676dfe0 sp=0xc00676dd00 pc=0x7ff656f583e5
github.com/evanw/esbuild/internal/resolver.resolverQuery.dirInfoCached({0xc002b89b08?, 0xc0035da050?, 0x0?, 0x2f?}, 
{0xc004d806e0, 0x4d})
	github.com/evanw/esbuild/internal/resolver/resolver.go:1174 +0xee fp=0xc00676e0e8 sp=0xc00676dfe0 pc=0x7ff656f5420e
github.com/evanw/esbuild/internal/resolver.resolverQuery.dirInfoUncached({0xc002b89b08?, 0xc0035da050?, 0x0?, 0x51?}, 
{0xc005f721e0, 0x51})
	github.com/evanw/esbuild/internal/resolver/resolver.go:1538 +0xe5 fp=0xc00676e3c8 sp=0xc00676e0e8 pc=0x7ff656f583e5
github.com/evanw/esbuild/internal/resolver.resolverQuery.dirInfoCached({0xc002b89b08?, 0xc0035da050?, 0x0?, 0x0?}, 
{0xc005f721e0, 0x51})
	github.com/evanw/esbuild/internal/resolver/resolver.go:1174 +0xee fp=0xc00676e4d0 sp=0xc00676e3c8 pc=0x7ff656f5420e
github.com/evanw/esbuild/internal/resolver.resolverQuery.dirInfoUncached({0xc002b89b08?, 0xc0035da050?, 0x0?, 0x5a?}, 
{0xc005f72180, 0x5a})
	github.com/evanw/esbuild/internal/resolver/resolver.go:1538 +0xe5 fp=0xc00676e7b0 sp=0xc00676e4d0 pc=0x7ff656f583e5
github.com/evanw/esbuild/internal/resolver.resolverQuery.dirInfoCached({0xc002b89b08?, 0xc0035da050?, 0x0?, 0x78?}, 
{0xc005f72180, 0x5a})
	github.com/evanw/esbuild/internal/resolver/resolver.go:1174 +0xee fp=0xc00676e8b8 sp=0xc00676e7b0 pc=0x7ff656f5420e
github.com/evanw/esbuild/internal/resolver.resolverQuery.dirInfoUncached({0xc002b89b08?, 0xc0035da050?, 0x0?, 0x64?}, 
{0xc005a86310, 0x64})
	github.com/evanw/esbuild/internal/resolver/resolver.go:1538 +0xe5 fp=0xc00676eb98 sp=0xc00676e8b8 pc=0x7ff656f583e5
github.com/evanw/esbuild/internal/resolver.resolverQuery.dirInfoCached({0xc002b89b08?, 0xc0035da050?, 0x0?, 0x50?}, 
{0xc005a86310, 0x64})
	github.com/evanw/esbuild/internal/resolver/resolver.go:1174 +0xee fp=0xc00676eca0 sp=0xc00676eb98 pc=0x7ff656f5420e
github.com/evanw/esbuild/internal/resolver.resolverQuery.finalizeResolve({0xc002b89b08?, 0xc0035da050?, 0x0?, 0x0?}, 
0xc002cbea20)
	github.com/evanw/esbuild/internal/resolver/resolver.go:842 +0x6f1 fp=0xc00676ee50 sp=0xc00676eca0 pc=0x7ff656f510d1
github.com/evanw/esbuild/internal/resolver.(*Resolver).Resolve(0xc002b89b08, {0xc0005b1280, 0x36}, {0xc0056d9420, 
0x6d}, 0x1)
	github.com/evanw/esbuild/internal/resolver/resolver.go:572 +0x1a1a fp=0xc00676f220 sp=0xc00676ee50 pc=0x7ff656f4ca9a
github.com/evanw/esbuild/internal/bundler.RunOnResolvePlugins({_, _, _}, _, {0xc005059ec0, 0xc003379ce0, 0xc003379cf8, 
0xc003379d10, 0x3, 0xc005059e90}, ...)
	github.com/evanw/esbuild/internal/bundler/bundler.go:1154 +0x36a fp=0xc00676f690 sp=0xc00676f220 pc=0x7ff656f80e0a
github.com/evanw/esbuild/pkg/api.loadPlugins.func2({0xc0056d9420, 0x6d}, {{0xc002610040, 0x10}, {0x0, 0x0}, {0x0, 
0x0}, {0xc0005b1280, 0x36}, ...})
	github.com/evanw/esbuild/pkg/api/api_impl.go:2114 +0x4be fp=0xc00676fd18 sp=0xc00676f690 pc=0x7ff65703809e
main.(*serviceType).convertPlugins.func2.1(0xcb, 0xc0050598f0)
	github.com/evanw/esbuild/cmd/esbuild/service.go:944 +0x665 fp=0xc00676ff50 sp=0xc00676fd18 pc=0x7ff65707a885
main.(*serviceType).handleIncomingPacket.func4()
	github.com/evanw/esbuild/cmd/esbuild/service.go:262 +0xa4 fp=0xc00676ffe0 sp=0xc00676ff50 pc=0x7ff6570740a4
runtime.goexit({})
	runtime/asm_amd64.s:1693 +0x1 fp=0xc00676ffe8 sp=0xc00676ffe0 pc=0x7ff656bcf221
created by main.(*serviceType).handleIncomingPacket in goroutine 1
	github.com/evanw/esbuild/cmd/esbuild/service.go:257 +0x156e

goroutine 1468 gp=0xc00216f880 m=nil [runnable]:
runtime.gcTrigger.test({0x0?, 0x0?, 0x0?})
	runtime/mgc.go:616 +0xdc fp=0xc006a65308 sp=0xc006a65300 pc=0x7ff656b6ef3c
runtime.mallocgcSmallNoscan(0x7ff6572afa00?, 0x1?, 0xff?)
	runtime/malloc.go:1345 +0x294 fp=0xc006a65360 sp=0xc006a65308 pc=0x7ff656b65e54
runtime.mallocgc(0x36, 0x0, 0x0)
	runtime/malloc.go:1059 +0xc5 fp=0xc006a65390 sp=0xc006a65360 pc=0x7ff656bc5065
runtime.rawstring(...)
	runtime/string.go:319
runtime.rawstringtmp(0xc00264b400?, 0x36)
	runtime/string.go:183 +0x3e fp=0xc006a653b8 sp=0xc006a65390 pc=0x7ff656bad15e
runtime.concatstrings(0xc00664a142?, {0xc006a65448?, 0x2, 0x0?})
	runtime/string.go:54 +0xe5 fp=0xc006a65428 sp=0xc006a653b8 pc=0x7ff656bac925
runtime.concatstring2(0xc0000ca080?, {0xc00664a140?, 0xc00664a177?}, {0xc00664a142?, 0x35?})
	runtime/string.go:63 +0x4a fp=0xc006a65478 sp=0xc006a65428 pc=0x7ff656baca8a
github.com/evanw/esbuild/internal/fs.goFilepath.dir({{0xc0000ca080?, 0x7ff65761ac10?}, 0xe0?, 0xd7?}, {0xc00664a140, 
0x43})
	github.com/evanw/esbuild/internal/fs/filepath.go:493 +0x10b fp=0xc006a654d0 sp=0xc006a65478 pc=0x7ff656c96ecb
github.com/evanw/esbuild/internal/fs.(*realFS).Dir(0xc00664a140?, {0xc00664a140?, 0x7ff656b77b7c?})
	github.com/evanw/esbuild/internal/fs/fs_real.go:317 +0x38 fp=0xc006a65508 sp=0xc006a654d0 pc=0x7ff656c9bf78
github.com/evanw/esbuild/internal/fs.(*zipFS).Dir(0xc0000a6120, {0xc00664a140, 0x43})
	github.com/evanw/esbuild/internal/fs/fs_zip.go:302 +0x54 fp=0xc006a65530 sp=0xc006a65508 pc=0x7ff656c9f774
github.com/evanw/esbuild/internal/resolver.resolverQuery.dirInfoUncached({0xc0049e1b08?, 0xc00353a8c0?, 0x0?, 0x43?}, 
{0xc00664a140, 0x43})
	github.com/evanw/esbuild/internal/resolver/resolver.go:1536 +0x75 fp=0xc006a65810 sp=0xc006a65530 pc=0x7ff656f58375
github.com/evanw/esbuild/internal/resolver.resolverQuery.dirInfoCached({0xc0049e1b08?, 0xc00353a8c0?, 0x0?, 0x9e?}, 
{0xc00664a140, 0x43})
	github.com/evanw/esbuild/internal/resolver/resolver.go:1174 +0xee fp=0xc006a65918 sp=0xc006a65810 pc=0x7ff656f5420e
github.com/evanw/esbuild/internal/resolver.resolverQuery.dirInfoUncached({0xc0049e1b08?, 0xc00353a8c0?, 0x0?, 0x48?}, 
{0xc00664a0f0, 0x48})
	github.com/evanw/esbuild/internal/resolver/resolver.go:1538 +0xe5 fp=0xc006a65bf8 sp=0xc006a65918 pc=0x7ff656f583e5
github.com/evanw/esbuild/internal/resolver.resolverQuery.dirInfoCached({0xc0049e1b08?, 0xc00353a8c0?, 0x0?, 0x60?}, 
{0xc00664a0f0, 0x48})
	github.com/evanw/esbuild/internal/resolver/resolver.go:1174 +0xee fp=0xc006a65d00 sp=0xc006a65bf8 pc=0x7ff656f5420e
github.com/evanw/esbuild/internal/resolver.resolverQuery.dirInfoUncached({0xc0049e1b08?, 0xc00353a8c0?, 0x0?, 0x4d?}, 
{0xc00664a0a0, 0x4d})
	github.com/evanw/esbuild/internal/resolver/resolver.go:1538 +0xe5 fp=0xc006a65fe0 sp=0xc006a65d00 pc=0x7ff656f583e5
github.com/evanw/esbuild/internal/resolver.resolverQuery.dirInfoCached({0xc0049e1b08?, 0xc00353a8c0?, 0x0?, 0x2f?}, 
{0xc00664a0a0, 0x4d})
	github.com/evanw/esbuild/internal/resolver/resolver.go:1174 +0xee fp=0xc006a660e8 sp=0xc006a65fe0 pc=0x7ff656f5420e
github.com/evanw/esbuild/internal/resolver.resolverQuery.dirInfoUncached({0xc0049e1b08?, 0xc00353a8c0?, 0x0?, 0x51?}, 
{0xc006554360, 0x51})
	github.com/evanw/esbuild/internal/resolver/resolver.go:1538 +0xe5 fp=0xc006a663c8 sp=0xc006a660e8 pc=0x7ff656f583e5
github.com/evanw/esbuild/internal/resolver.resolverQuery.dirInfoCached({0xc0049e1b08?, 0xc00353a8c0?, 0x0?, 0x0?}, 
{0xc006554360, 0x51})
	github.com/evanw/esbuild/internal/resolver/resolver.go:1174 +0xee fp=0xc006a664d0 sp=0xc006a663c8 pc=0x7ff656f5420e
github.com/evanw/esbuild/internal/resolver.resolverQuery.dirInfoUncached({0xc0049e1b08?, 0xc00353a8c0?, 0x0?, 0x5a?}, 
{0xc0065542a0, 0x5a})
	github.com/evanw/esbuild/internal/resolver/resolver.go:1538 +0xe5 fp=0xc006a667b0 sp=0xc006a664d0 pc=0x7ff656f583e5
github.com/evanw/esbuild/internal/resolver.resolverQuery.dirInfoCached({0xc0049e1b08?, 0xc00353a8c0?, 0x0?, 0x48?}, 
{0xc0065542a0, 0x5a})
	github.com/evanw/esbuild/internal/resolver/resolver.go:1174 +0xee fp=0xc006a668b8 sp=0xc006a667b0 pc=0x7ff656f5420e
github.com/evanw/esbuild/internal/resolver.resolverQuery.dirInfoUncached({0xc0049e1b08?, 0xc00353a8c0?, 0x0?, 0x64?}, 
{0xc0066441c0, 0x64})
	github.com/evanw/esbuild/internal/resolver/resolver.go:1538 +0xe5 fp=0xc006a66b98 sp=0xc006a668b8 pc=0x7ff656f583e5
github.com/evanw/esbuild/internal/resolver.resolverQuery.dirInfoCached({0xc0049e1b08?, 0xc00353a8c0?, 0x0?, 0xc0?}, 
{0xc0066441c0, 0x64})
	github.com/evanw/esbuild/internal/resolver/resolver.go:1174 +0xee fp=0xc006a66ca0 sp=0xc006a66b98 pc=0x7ff656f5420e
github.com/evanw/esbuild/internal/resolver.resolverQuery.finalizeResolve({0xc0049e1b08?, 0xc00353a8c0?, 0x0?, 0x0?}, 
0xc005b04480)
	github.com/evanw/esbuild/internal/resolver/resolver.go:842 +0x6f1 fp=0xc006a66e50 sp=0xc006a66ca0 pc=0x7ff656f510d1
github.com/evanw/esbuild/internal/resolver.(*Resolver).Resolve(0xc0049e1b08, {0xc0005b12c0, 0x36}, {0xc0056d9490, 
0x6f}, 0x1)
	github.com/evanw/esbuild/internal/resolver/resolver.go:572 +0x1a1a fp=0xc006a67220 sp=0xc006a66e50 pc=0x7ff656f4ca9a
github.com/evanw/esbuild/internal/bundler.RunOnResolvePlugins({_, _, _}, _, {0xc002d76d50, 0xc004179f50, 0xc004179f68, 
0xc00235e060, 0x3, 0xc002d76d20}, ...)
	github.com/evanw/esbuild/internal/bundler/bundler.go:1154 +0x36a fp=0xc006a67690 sp=0xc006a67220 pc=0x7ff656f80e0a
github.com/evanw/esbuild/pkg/api.loadPlugins.func2({0xc0056d9490, 0x6f}, {{0xc0026100a0, 0x10}, {0x0, 0x0}, {0x0, 
0x0}, {0xc0005b12c0, 0x36}, ...})
	github.com/evanw/esbuild/pkg/api/api_impl.go:2114 +0x4be fp=0xc006a67d18 sp=0xc006a67690 pc=0x7ff65703809e
main.(*serviceType).convertPlugins.func2.1(0xcc, 0xc005059920)
	github.com/evanw/esbuild/cmd/esbuild/service.go:944 +0x665 fp=0xc006a67f50 sp=0xc006a67d18 pc=0x7ff65707a885
main.(*serviceType).handleIncomingPacket.func4()
	github.com/evanw/esbuild/cmd/esbuild/service.go:262 +0xa4 fp=0xc006a67fe0 sp=0xc006a67f50 pc=0x7ff6570740a4
runtime.goexit({})
	runtime/asm_amd64.s:1693 +0x1 fp=0xc006a67fe8 sp=0xc006a67fe0 pc=0x7ff656bcf221
created by main.(*serviceType).handleIncomingPacket in goroutine 1
	github.com/evanw/esbuild/cmd/esbuild/service.go:257 +0x156e

goroutine 1469 gp=0xc00216fa40 m=nil [chan send]:
runtime.gopark(0x0?, 0x0?, 0x0?, 0x0?, 0x0?)
	runtime/proc.go:460 +0xce fp=0xc0066d5128 sp=0xc0066d5108 pc=0x7ff656bc72ce
runtime.chansend(0xc000136000, 0x7ff6572b1690, 0x1, 0x0?)
	runtime/chan.go:283 +0x3cb fp=0xc0066d5198 sp=0xc0066d5128 pc=0x7ff656b5d58b
runtime.chansend1(0x0?, 0x0?)
	runtime/chan.go:161 +0x17 fp=0xc0066d51c8 sp=0xc0066d5198 pc=0x7ff656b5d1b7
github.com/evanw/esbuild/internal/fs.BeforeFileOpen(...)
	github.com/evanw/esbuild/internal/fs/fs.go:245
github.com/evanw/esbuild/internal/fs.(*realFS).readdir(0xc0000da080, {0xc006000fa0, 0x43})
	github.com/evanw/esbuild/internal/fs/fs_real.go:351 +0x6c fp=0xc0066d5260 sp=0xc0066d51c8 pc=0x7ff656c9c32c
github.com/evanw/esbuild/internal/fs.(*realFS).ReadDirectory(0xc0000da080, {0xc006000fa0, 0x43})
	github.com/evanw/esbuild/internal/fs/fs_real.go:146 +0x177 fp=0xc0066d53f0 sp=0xc0066d5260 pc=0x7ff656c9a637
github.com/evanw/esbuild/internal/fs.(*zipFS).ReadDirectory(0xc0000a6120, {0xc006000fa0, 0x43})
	github.com/evanw/esbuild/internal/fs/fs_zip.go:188 +0xbf fp=0xc0066d5530 sp=0xc0066d53f0 pc=0x7ff656c9e7df
github.com/evanw/esbuild/internal/resolver.resolverQuery.dirInfoUncached({0xc002540008?, 0xc004a5a460?, 0x0?, 0x43?}, 
{0xc006000fa0, 0x43})
	github.com/evanw/esbuild/internal/resolver/resolver.go:1547 +0x11b fp=0xc0066d5810 sp=0xc0066d5530 pc=0x7ff656f5841b
github.com/evanw/esbuild/internal/resolver.resolverQuery.dirInfoCached({0xc002540008?, 0xc004a5a460?, 0x0?, 0x9e?}, 
{0xc006000fa0, 0x43})
	github.com/evanw/esbuild/internal/resolver/resolver.go:1174 +0xee fp=0xc0066d5918 sp=0xc0066d5810 pc=0x7ff656f5420e
github.com/evanw/esbuild/internal/resolver.resolverQuery.dirInfoUncached({0xc002540008?, 0xc004a5a460?, 0x0?, 0x48?}, 
{0xc006000c30, 0x48})
	github.com/evanw/esbuild/internal/resolver/resolver.go:1538 +0xe5 fp=0xc0066d5bf8 sp=0xc0066d5918 pc=0x7ff656f583e5
github.com/evanw/esbuild/internal/resolver.resolverQuery.dirInfoCached({0xc002540008?, 0xc004a5a460?, 0x0?, 0x9e?}, 
{0xc006000c30, 0x48})
	github.com/evanw/esbuild/internal/resolver/resolver.go:1174 +0xee fp=0xc0066d5d00 sp=0xc0066d5bf8 pc=0x7ff656f5420e
github.com/evanw/esbuild/internal/resolver.resolverQuery.dirInfoUncached({0xc002540008?, 0xc004a5a460?, 0x0?, 0x4d?}, 
{0xc006000af0, 0x4d})
	github.com/evanw/esbuild/internal/resolver/resolver.go:1538 +0xe5 fp=0xc0066d5fe0 sp=0xc0066d5d00 pc=0x7ff656f583e5
github.com/evanw/esbuild/internal/resolver.resolverQuery.dirInfoCached({0xc002540008?, 0xc004a5a460?, 0x0?, 0x2f?}, 
{0xc006000af0, 0x4d})
	github.com/evanw/esbuild/internal/resolver/resolver.go:1174 +0xee fp=0xc0066d60e8 sp=0xc0066d5fe0 pc=0x7ff656f5420e
github.com/evanw/esbuild/internal/resolver.resolverQuery.dirInfoUncached({0xc002540008?, 0xc004a5a460?, 0x0?, 0x51?}, 
{0xc0064f1440, 0x51})
	github.com/evanw/esbuild/internal/resolver/resolver.go:1538 +0xe5 fp=0xc0066d63c8 sp=0xc0066d60e8 pc=0x7ff656f583e5
github.com/evanw/esbuild/internal/resolver.resolverQuery.dirInfoCached({0xc002540008?, 0xc004a5a460?, 0x0?, 0x0?}, 
{0xc0064f1440, 0x51})
	github.com/evanw/esbuild/internal/resolver/resolver.go:1174 +0xee fp=0xc0066d64d0 sp=0xc0066d63c8 pc=0x7ff656f5420e
github.com/evanw/esbuild/internal/resolver.resolverQuery.dirInfoUncached({0xc002540008?, 0xc004a5a460?, 0x0?, 0x5a?}, 
{0xc0064f13e0, 0x5a})
	github.com/evanw/esbuild/internal/resolver/resolver.go:1538 +0xe5 fp=0xc0066d67b0 sp=0xc0066d64d0 pc=0x7ff656f583e5
github.com/evanw/esbuild/internal/resolver.resolverQuery.dirInfoCached({0xc002540008?, 0xc004a5a460?, 0x0?, 0x78?}, 
{0xc0064f13e0, 0x5a})
	github.com/evanw/esbuild/internal/resolver/resolver.go:1174 +0xee fp=0xc0066d68b8 sp=0xc0066d67b0 pc=0x7ff656f5420e
github.com/evanw/esbuild/internal/resolver.resolverQuery.dirInfoUncached({0xc002540008?, 0xc004a5a460?, 0x0?, 0x64?}, 
{0xc0060eb180, 0x64})
	github.com/evanw/esbuild/internal/resolver/resolver.go:1538 +0xe5 fp=0xc0066d6b98 sp=0xc0066d68b8 pc=0x7ff656f583e5
github.com/evanw/esbuild/internal/resolver.resolverQuery.dirInfoCached({0xc002540008?, 0xc004a5a460?, 0x0?, 0x60?}, 
{0xc0060eb180, 0x64})
	github.com/evanw/esbuild/internal/resolver/resolver.go:1174 +0xee fp=0xc0066d6ca0 sp=0xc0066d6b98 pc=0x7ff656f5420e
github.com/evanw/esbuild/internal/resolver.resolverQuery.finalizeResolve({0xc002540008?, 0xc004a5a460?, 0x0?, 0x0?}, 
0xc006461680)
	github.com/evanw/esbuild/internal/resolver/resolver.go:842 +0x6f1 fp=0xc0066d6e50 sp=0xc0066d6ca0 pc=0x7ff656f510d1
github.com/evanw/esbuild/internal/resolver.(*Resolver).Resolve(0xc002540008, {0xc0005b1300, 0x36}, {0xc0032a3100, 
0x72}, 0x1)
	github.com/evanw/esbuild/internal/resolver/resolver.go:572 +0x1a1a fp=0xc0066d7220 sp=0xc0066d6e50 pc=0x7ff656f4ca9a
github.com/evanw/esbuild/internal/bundler.RunOnResolvePlugins({_, _, _}, _, {0xc002d76f30, 0xc00235e168, 0xc00235e1b0, 
0xc00235e228, 0x3, 0xc002d76f00}, ...)
	github.com/evanw/esbuild/internal/bundler/bundler.go:1154 +0x36a fp=0xc0066d7690 sp=0xc0066d7220 pc=0x7ff656f80e0a
github.com/evanw/esbuild/pkg/api.loadPlugins.func2({0xc0032a3100, 0x72}, {{0xc002610100, 0x10}, {0x0, 0x0}, {0x0, 
0x0}, {0xc0005b1300, 0x36}, ...})
	github.com/evanw/esbuild/pkg/api/api_impl.go:2114 +0x4be fp=0xc0066d7d18 sp=0xc0066d7690 pc=0x7ff65703809e
main.(*serviceType).convertPlugins.func2.1(0xcd, 0xc005059950)
	github.com/evanw/esbuild/cmd/esbuild/service.go:944 +0x665 fp=0xc0066d7f50 sp=0xc0066d7d18 pc=0x7ff65707a885
main.(*serviceType).handleIncomingPacket.func4()
	github.com/evanw/esbuild/cmd/esbuild/service.go:262 +0xa4 fp=0xc0066d7fe0 sp=0xc0066d7f50 pc=0x7ff6570740a4
runtime.goexit({})
	runtime/asm_amd64.s:1693 +0x1 fp=0xc0066d7fe8 sp=0xc0066d7fe0 pc=0x7ff656bcf221
created by main.(*serviceType).handleIncomingPacket in goroutine 1
	github.com/evanw/esbuild/cmd/esbuild/service.go:257 +0x156e

goroutine 1470 gp=0xc00216fc00 m=nil [runnable]:
runtime.cgocall(0x7ff656bd0a40, 0xc000077b58)
	runtime/cgocall.go:167 +0x3e fp=0xc0029e4170 sp=0xc0029e4108 pc=0x7ff656bc467e
runtime.syscall_syscalln(0xc005ff6990?, 0x7ff656b5c346?, {0xc0029e41b8?, 0x0?, 0x0?})
	runtime/syscall_windows.go:521 +0x4e fp=0xc0029e4190 sp=0xc0029e4170 pc=0x7ff656bb0bee
syscall.Syscall(0x7ff657117a00?, 0xc001e7fea8?, 0x7ff600010000?, 0x7ff657122ca0?, 0xc0029e4240?)
	runtime/syscall_windows.go:457 +0x29 fp=0xc0029e41e0 sp=0xc0029e4190 pc=0x7ff656bcafe9
syscall.CloseHandle(0x12a4)
	syscall/zsyscall_windows.go:482 +0x4f fp=0xc0029e4220 sp=0xc0029e41e0 pc=0x7ff656c0a02f
internal/poll.(*FD).destroy(0xc006997688)
	internal/poll/fd_windows.go:467 +0xad fp=0xc0029e4248 sp=0xc0029e4220 pc=0x7ff656c2684d
internal/poll.(*FD).decref(0x7ff656bc45d9?)
	internal/poll/fd_mutex.go:213 +0x53 fp=0xc0029e4268 sp=0xc0029e4248 pc=0x7ff656c251f3
internal/poll.(*FD).Close(0xc006997688)
	internal/poll/fd_windows.go:486 +0x65 fp=0xc0029e4298 sp=0xc0029e4268 pc=0x7ff656c26925
os.(*file).close(0xc006997688)
	os/file_windows.go:178 +0x90 fp=0xc0029e42f0 sp=0xc0029e4298 pc=0x7ff656c2dbd0
os.(*File).Close(...)
	os/file_posix.go:23
github.com/evanw/esbuild/internal/fs.(*realFS).readdir.deferwrap1()
	github.com/evanw/esbuild/internal/fs/fs_real.go:361 +0x2d fp=0xc0029e4308 sp=0xc0029e42f0 pc=0x7ff656c9c58d
github.com/evanw/esbuild/internal/fs.(*realFS).readdir(0xc0000da080, {0xc0067a4000, 0x64})
	github.com/evanw/esbuild/internal/fs/fs_real.go:381 +0x1b5 fp=0xc0029e43a0 sp=0xc0029e4308 pc=0x7ff656c9c475
github.com/evanw/esbuild/internal/fs.(*realFS).ReadDirectory(0xc0000da080, {0xc0067a4000, 0x64})
	github.com/evanw/esbuild/internal/fs/fs_real.go:146 +0x177 fp=0xc0029e4530 sp=0xc0029e43a0 pc=0x7ff656c9a637
github.com/evanw/esbuild/internal/fs.(*zipFS).ReadDirectory(0xc0000a6120, {0xc0067a4000, 0x64})
	github.com/evanw/esbuild/internal/fs/fs_zip.go:188 +0xbf fp=0xc0029e4670 sp=0xc0029e4530 pc=0x7ff656c9e7df
github.com/evanw/esbuild/internal/resolver.resolverQuery.loadAsFile({0xc002540488?, 0xc0032da8c0?, 0x0?, 0x6b?}, 
{0xc0032a3180, 0x71}, {0xc002875090, 0x5, 0x1b656c9c852?})
	github.com/evanw/esbuild/internal/resolver/resolver.go:1741 +0x31e fp=0xc0029e48e0 sp=0xc0029e4670 pc=0x7ff656f5a03e
github.com/evanw/esbuild/internal/resolver.resolverQuery.loadAsFileOrDirectory({0xc002540488?, 0xc0032da8c0?, 0x0?, 
0x71?}, {0xc0032a3180, 0x71})
	github.com/evanw/esbuild/internal/resolver/resolver.go:1930 +0x173 fp=0xc0029e4a88 sp=0xc0029e48e0 pc=0x7ff656f5c1f3
github.com/evanw/esbuild/internal/resolver.resolverQuery.resolveWithoutSymlinks({0xc002540488?, 0xc0032da8c0?, 0x0?, 
0x0?}, {0xc0005b1380, 0x36}, 0xc001a65100, {0xc0032a3180, 0x71})
	github.com/evanw/esbuild/internal/resolver/resolver.go:981 +0x4f1 fp=0xc0029e4e50 sp=0xc0029e4a88 pc=0x7ff656f52651
github.com/evanw/esbuild/internal/resolver.(*Resolver).Resolve(0xc002540488, {0xc0005b1380, 0x36}, {0xc0032a3180, 
0x71}, 0x1)
	github.com/evanw/esbuild/internal/resolver/resolver.go:548 +0x16f9 fp=0xc0029e5220 sp=0xc0029e4e50 pc=0x7ff656f4c779
github.com/evanw/esbuild/internal/bundler.RunOnResolvePlugins({_, _, _}, _, {0xc002d77080, 0xc00235e330, 0xc00235e3f0, 
0xc00235e540, 0x3, 0xc002d77050}, ...)
	github.com/evanw/esbuild/internal/bundler/bundler.go:1154 +0x36a fp=0xc0029e5690 sp=0xc0029e5220 pc=0x7ff656f80e0a
github.com/evanw/esbuild/pkg/api.loadPlugins.func2({0xc0032a3180, 0x71}, {{0xc002610160, 0x10}, {0x0, 0x0}, {0x0, 
0x0}, {0xc0005b1380, 0x36}, ...})
	github.com/evanw/esbuild/pkg/api/api_impl.go:2114 +0x4be fp=0xc0029e5d18 sp=0xc0029e5690 pc=0x7ff65703809e
main.(*serviceType).convertPlugins.func2.1(0xce, 0xc005059980)
	github.com/evanw/esbuild/cmd/esbuild/service.go:944 +0x665 fp=0xc0029e5f50 sp=0xc0029e5d18 pc=0x7ff65707a885
main.(*serviceType).handleIncomingPacket.func4()
	github.com/evanw/esbuild/cmd/esbuild/service.go:262 +0xa4 fp=0xc0029e5fe0 sp=0xc0029e5f50 pc=0x7ff6570740a4
runtime.goexit({})
	runtime/asm_amd64.s:1693 +0x1 fp=0xc0029e5fe8 sp=0xc0029e5fe0 pc=0x7ff656bcf221
created by main.(*serviceType).handleIncomingPacket in goroutine 1
	github.com/evanw/esbuild/cmd/esbuild/service.go:257 +0x156e

goroutine 1471 gp=0xc00216fdc0 m=nil [runnable]:
runtime.cgocall(0x7ff656bd0a40, 0xc002a98b58)
	runtime/cgocall.go:167 +0x3e fp=0xc00675cfb0 sp=0xc00675cf48 pc=0x7ff656bc467e
runtime.syscall_syscalln(0xc00675d030?, 0x7ff656b660f4?, {0xc00675cff8?, 0xc002a98b58?, 0x0?})
	runtime/syscall_windows.go:521 +0x4e fp=0xc00675cfd0 sp=0xc00675cfb0 pc=0x7ff656bb0bee
syscall.Syscall6(0x7ff656be659d?, 0x1264?, 0x7ff6571a7a40?, 0xc00675d088?, 0x7ff656be63a5?, 0x7ff6575e6b40?, 
0x7ff656b66b25?, 0x7ff657117a00?)
	runtime/syscall_windows.go:463 +0x38 fp=0xc00675d038 sp=0xc00675cfd0 pc=0x7ff656bcb038
internal/syscall/windows.GetFileInformationByHandleEx(0x1264, 0xb, 0x8?, 0x10000)
	internal/syscall/windows/zsyscall_windows.go:323 +0x73 fp=0xc00675d098 sp=0xc00675d038 pc=0x7ff656c216f3
os.(*File).readdir(0xc005dc4080, 0xffffffffffffffff, 0x0)
	os/dir_windows.go:125 +0x2bf fp=0xc00675d190 sp=0xc00675d098 pc=0x7ff656c2ad1f
os.(*File).Readdirnames(0xc004d801e0?, 0x0?)
	os/dir.go:73 +0x1a fp=0xc00675d1c8 sp=0xc00675d190 pc=0x7ff656c2a8da
github.com/evanw/esbuild/internal/fs.(*realFS).readdir(0xc0000da080, {0xc004d801e0, 0x43})
	github.com/evanw/esbuild/internal/fs/fs_real.go:362 +0xfd fp=0xc00675d260 sp=0xc00675d1c8 pc=0x7ff656c9c3bd
github.com/evanw/esbuild/internal/fs.(*realFS).ReadDirectory(0xc0000da080, {0xc004d801e0, 0x43})
	github.com/evanw/esbuild/internal/fs/fs_real.go:146 +0x177 fp=0xc00675d3f0 sp=0xc00675d260 pc=0x7ff656c9a637
github.com/evanw/esbuild/internal/fs.(*zipFS).ReadDirectory(0xc0000a6120, {0xc004d801e0, 0x43})
	github.com/evanw/esbuild/internal/fs/fs_zip.go:188 +0xbf fp=0xc00675d530 sp=0xc00675d3f0 pc=0x7ff656c9e7df
github.com/evanw/esbuild/internal/resolver.resolverQuery.dirInfoUncached({0xc0049e1688?, 0xc002af94a0?, 0x0?, 0x43?}, 
{0xc004d801e0, 0x43})
	github.com/evanw/esbuild/internal/resolver/resolver.go:1547 +0x11b fp=0xc00675d810 sp=0xc00675d530 pc=0x7ff656f5841b
github.com/evanw/esbuild/internal/resolver.resolverQuery.dirInfoCached({0xc0049e1688?, 0xc002af94a0?, 0x0?, 0x9e?}, 
{0xc004d801e0, 0x43})
	github.com/evanw/esbuild/internal/resolver/resolver.go:1174 +0xee fp=0xc00675d918 sp=0xc00675d810 pc=0x7ff656f5420e
github.com/evanw/esbuild/internal/resolver.resolverQuery.dirInfoUncached({0xc0049e1688?, 0xc002af94a0?, 0x0?, 0x48?}, 
{0xc004d80190, 0x48})
	github.com/evanw/esbuild/internal/resolver/resolver.go:1538 +0xe5 fp=0xc00675dbf8 sp=0xc00675d918 pc=0x7ff656f583e5
github.com/evanw/esbuild/internal/resolver.resolverQuery.dirInfoCached({0xc0049e1688?, 0xc002af94a0?, 0x0?, 0x9e?}, 
{0xc004d80190, 0x48})
	github.com/evanw/esbuild/internal/resolver/resolver.go:1174 +0xee fp=0xc00675dd00 sp=0xc00675dbf8 pc=0x7ff656f5420e
github.com/evanw/esbuild/internal/resolver.resolverQuery.dirInfoUncached({0xc0049e1688?, 0xc002af94a0?, 0x0?, 0x4d?}, 
{0xc004d80140, 0x4d})
	github.com/evanw/esbuild/internal/resolver/resolver.go:1538 +0xe5 fp=0xc00675dfe0 sp=0xc00675dd00 pc=0x7ff656f583e5
github.com/evanw/esbuild/internal/resolver.resolverQuery.dirInfoCached({0xc0049e1688?, 0xc002af94a0?, 0x0?, 0x2f?}, 
{0xc004d80140, 0x4d})
	github.com/evanw/esbuild/internal/resolver/resolver.go:1174 +0xee fp=0xc00675e0e8 sp=0xc00675dfe0 pc=0x7ff656f5420e
github.com/evanw/esbuild/internal/resolver.resolverQuery.dirInfoUncached({0xc0049e1688?, 0xc002af94a0?, 0x0?, 0x51?}, 
{0xc005f72060, 0x51})
	github.com/evanw/esbuild/internal/resolver/resolver.go:1538 +0xe5 fp=0xc00675e3c8 sp=0xc00675e0e8 pc=0x7ff656f583e5
github.com/evanw/esbuild/internal/resolver.resolverQuery.dirInfoCached({0xc0049e1688?, 0xc002af94a0?, 0x0?, 0x0?}, 
{0xc005f72060, 0x51})
	github.com/evanw/esbuild/internal/resolver/resolver.go:1174 +0xee fp=0xc00675e4d0 sp=0xc00675e3c8 pc=0x7ff656f5420e
github.com/evanw/esbuild/internal/resolver.resolverQuery.dirInfoUncached({0xc0049e1688?, 0xc002af94a0?, 0x0?, 0x5a?}, 
{0xc005f72000, 0x5a})
	github.com/evanw/esbuild/internal/resolver/resolver.go:1538 +0xe5 fp=0xc00675e7b0 sp=0xc00675e4d0 pc=0x7ff656f583e5
github.com/evanw/esbuild/internal/resolver.resolverQuery.dirInfoCached({0xc0049e1688?, 0xc002af94a0?, 0x0?, 0x48?}, 
{0xc005f72000, 0x5a})
	github.com/evanw/esbuild/internal/resolver/resolver.go:1174 +0xee fp=0xc00675e8b8 sp=0xc00675e7b0 pc=0x7ff656f5420e
github.com/evanw/esbuild/internal/resolver.resolverQuery.dirInfoUncached({0xc0049e1688?, 0xc002af94a0?, 0x0?, 0x64?}, 
{0xc005a860e0, 0x64})
	github.com/evanw/esbuild/internal/resolver/resolver.go:1538 +0xe5 fp=0xc00675eb98 sp=0xc00675e8b8 pc=0x7ff656f583e5
github.com/evanw/esbuild/internal/resolver.resolverQuery.dirInfoCached({0xc0049e1688?, 0xc002af94a0?, 0x0?, 0xa0?}, 
{0xc005a860e0, 0x64})
	github.com/evanw/esbuild/internal/resolver/resolver.go:1174 +0xee fp=0xc00675eca0 sp=0xc00675eb98 pc=0x7ff656f5420e
github.com/evanw/esbuild/internal/resolver.resolverQuery.finalizeResolve({0xc0049e1688?, 0xc002af94a0?, 0x0?, 0x0?}, 
0xc002cbe5a0)
	github.com/evanw/esbuild/internal/resolver/resolver.go:842 +0x6f1 fp=0xc00675ee50 sp=0xc00675eca0 pc=0x7ff656f510d1
github.com/evanw/esbuild/internal/resolver.(*Resolver).Resolve(0xc0049e1688, {0xc0005b13c0, 0x36}, {0xc0032a3200, 
0x72}, 0x1)
	github.com/evanw/esbuild/internal/resolver/resolver.go:572 +0x1a1a fp=0xc00675f220 sp=0xc00675ee50 pc=0x7ff656f4ca9a
github.com/evanw/esbuild/internal/bundler.RunOnResolvePlugins({_, _, _}, _, {0xc002d76b10, 0xc004179ef0, 0xc004179f08, 
0xc004179f20, 0x3, 0xc002d769c0}, ...)
	github.com/evanw/esbuild/internal/bundler/bundler.go:1154 +0x36a fp=0xc00675f690 sp=0xc00675f220 pc=0x7ff656f80e0a
github.com/evanw/esbuild/pkg/api.loadPlugins.func2({0xc0032a3200, 0x72}, {{0xc0026101c0, 0x10}, {0x0, 0x0}, {0x0, 
0x0}, {0xc0005b13c0, 0x36}, ...})
	github.com/evanw/esbuild/pkg/api/api_impl.go:2114 +0x4be fp=0xc00675fd18 sp=0xc00675f690 pc=0x7ff65703809e
main.(*serviceType).convertPlugins.func2.1(0xcf, 0xc0050599b0)
	github.com/evanw/esbuild/cmd/esbuild/service.go:944 +0x665 fp=0xc00675ff50 sp=0xc00675fd18 pc=0x7ff65707a885
main.(*serviceType).handleIncomingPacket.func4()
	github.com/evanw/esbuild/cmd/esbuild/service.go:262 +0xa4 fp=0xc00675ffe0 sp=0xc00675ff50 pc=0x7ff6570740a4
runtime.goexit({})
	runtime/asm_amd64.s:1693 +0x1 fp=0xc00675ffe8 sp=0xc00675ffe0 pc=0x7ff656bcf221
created by main.(*serviceType).handleIncomingPacket in goroutine 1
	github.com/evanw/esbuild/cmd/esbuild/service.go:257 +0x156e

goroutine 1472 gp=0xc0019b5180 m=nil [runnable]:
runtime.cgocall(0x7ff656bd0a40, 0xc001dc9b58)
	runtime/cgocall.go:167 +0x3e fp=0xc0010bafb0 sp=0xc0010baf48 pc=0x7ff656bc467e
runtime.syscall_syscalln(0xc001dc9808?, 0xc004226360?, {0xc0010baff8?, 0x7ff656bc5065?, 0xc?})
	runtime/syscall_windows.go:521 +0x4e fp=0xc0010bafd0 sp=0xc0010bafb0 pc=0x7ff656bb0bee
syscall.Syscall6(0xc0010bb088?, 0x7ff656c0760f?, 0xc00099b5a8?, 0x12?, 0x12f?, 0xc004226360?, 0x7ff656b66b25?, 0x90?)
	runtime/syscall_windows.go:463 +0x38 fp=0xc0010bb038 sp=0xc0010bafd0 pc=0x7ff656bcb038
internal/syscall/windows.GetFileInformationByHandleEx(0x1240, 0xa, 0x12?, 0x10000)
	internal/syscall/windows/zsyscall_windows.go:323 +0x73 fp=0xc0010bb098 sp=0xc0010bb038 pc=0x7ff656c216f3
os.(*File).readdir(0xc002e6e0b0, 0xffffffffffffffff, 0x0)
	os/dir_windows.go:125 +0x2bf fp=0xc0010bb190 sp=0xc0010bb098 pc=0x7ff656c2ad1f
os.(*File).Readdirnames(0xc004d9e5f0?, 0x0?)
	os/dir.go:73 +0x1a fp=0xc0010bb1c8 sp=0xc0010bb190 pc=0x7ff656c2a8da
github.com/evanw/esbuild/internal/fs.(*realFS).readdir(0xc0000da080, {0xc004d9e5f0, 0x43})
	github.com/evanw/esbuild/internal/fs/fs_real.go:362 +0xfd fp=0xc0010bb260 sp=0xc0010bb1c8 pc=0x7ff656c9c3bd
github.com/evanw/esbuild/internal/fs.(*realFS).ReadDirectory(0xc0000da080, {0xc004d9e5f0, 0x43})
	github.com/evanw/esbuild/internal/fs/fs_real.go:146 +0x177 fp=0xc0010bb3f0 sp=0xc0010bb260 pc=0x7ff656c9a637
github.com/evanw/esbuild/internal/fs.(*zipFS).ReadDirectory(0xc0000a6120, {0xc004d9e5f0, 0x43})
	github.com/evanw/esbuild/internal/fs/fs_zip.go:188 +0xbf fp=0xc0010bb530 sp=0xc0010bb3f0 pc=0x7ff656c9e7df
github.com/evanw/esbuild/internal/resolver.resolverQuery.dirInfoUncached({0xc002db0488?, 0xc0053fe7d0?, 0x0?, 0x43?}, 
{0xc004d9e5f0, 0x43})
	github.com/evanw/esbuild/internal/resolver/resolver.go:1547 +0x11b fp=0xc0010bb810 sp=0xc0010bb530 pc=0x7ff656f5841b
github.com/evanw/esbuild/internal/resolver.resolverQuery.dirInfoCached({0xc002db0488?, 0xc0053fe7d0?, 0x0?, 0x9e?}, 
{0xc004d9e5f0, 0x43})
	github.com/evanw/esbuild/internal/resolver/resolver.go:1174 +0xee fp=0xc0010bb918 sp=0xc0010bb810 pc=0x7ff656f5420e
github.com/evanw/esbuild/internal/resolver.resolverQuery.dirInfoUncached({0xc002db0488?, 0xc0053fe7d0?, 0x0?, 0x48?}, 
{0xc004d9e5a0, 0x48})
	github.com/evanw/esbuild/internal/resolver/resolver.go:1538 +0xe5 fp=0xc0010bbbf8 sp=0xc0010bb918 pc=0x7ff656f583e5
github.com/evanw/esbuild/internal/resolver.resolverQuery.dirInfoCached({0xc002db0488?, 0xc0053fe7d0?, 0x0?, 0x9e?}, 
{0xc004d9e5a0, 0x48})
	github.com/evanw/esbuild/internal/resolver/resolver.go:1174 +0xee fp=0xc0010bbd00 sp=0xc0010bbbf8 pc=0x7ff656f5420e
github.com/evanw/esbuild/internal/resolver.resolverQuery.dirInfoUncached({0xc002db0488?, 0xc0053fe7d0?, 0x0?, 0x4d?}, 
{0xc004d9e550, 0x4d})
	github.com/evanw/esbuild/internal/resolver/resolver.go:1538 +0xe5 fp=0xc0010bbfe0 sp=0xc0010bbd00 pc=0x7ff656f583e5
github.com/evanw/esbuild/internal/resolver.resolverQuery.dirInfoCached({0xc002db0488?, 0xc0053fe7d0?, 0x0?, 0x2f?}, 
{0xc004d9e550, 0x4d})
	github.com/evanw/esbuild/internal/resolver/resolver.go:1174 +0xee fp=0xc0010bc0e8 sp=0xc0010bbfe0 pc=0x7ff656f5420e
github.com/evanw/esbuild/internal/resolver.resolverQuery.dirInfoUncached({0xc002db0488?, 0xc0053fe7d0?, 0x0?, 0x51?}, 
{0xc00668c600, 0x51})
	github.com/evanw/esbuild/internal/resolver/resolver.go:1538 +0xe5 fp=0xc0010bc3c8 sp=0xc0010bc0e8 pc=0x7ff656f583e5
github.com/evanw/esbuild/internal/resolver.resolverQuery.dirInfoCached({0xc002db0488?, 0xc0053fe7d0?, 0x0?, 0x0?}, 
{0xc00668c600, 0x51})
	github.com/evanw/esbuild/internal/resolver/resolver.go:1174 +0xee fp=0xc0010bc4d0 sp=0xc0010bc3c8 pc=0x7ff656f5420e
github.com/evanw/esbuild/internal/resolver.resolverQuery.dirInfoUncached({0xc002db0488?, 0xc0053fe7d0?, 0x0?, 0x5a?}, 
{0xc00668c5a0, 0x5a})
	github.com/evanw/esbuild/internal/resolver/resolver.go:1538 +0xe5 fp=0xc0010bc7b0 sp=0xc0010bc4d0 pc=0x7ff656f583e5
github.com/evanw/esbuild/internal/resolver.resolverQuery.dirInfoCached({0xc002db0488?, 0xc0053fe7d0?, 0x0?, 0x78?}, 
{0xc00668c5a0, 0x5a})
	github.com/evanw/esbuild/internal/resolver/resolver.go:1174 +0xee fp=0xc0010bc8b8 sp=0xc0010bc7b0 pc=0x7ff656f5420e
github.com/evanw/esbuild/internal/resolver.resolverQuery.dirInfoUncached({0xc002db0488?, 0xc0053fe7d0?, 0x0?, 0x64?}, 
{0xc0067a4230, 0x64})
	github.com/evanw/esbuild/internal/resolver/resolver.go:1538 +0xe5 fp=0xc0010bcb98 sp=0xc0010bc8b8 pc=0x7ff656f583e5
github.com/evanw/esbuild/internal/resolver.resolverQuery.dirInfoCached({0xc002db0488?, 0xc0053fe7d0?, 0x0?, 0xd0?}, 
{0xc0067a4230, 0x64})
	github.com/evanw/esbuild/internal/resolver/resolver.go:1174 +0xee fp=0xc0010bcca0 sp=0xc0010bcb98 pc=0x7ff656f5420e
github.com/evanw/esbuild/internal/resolver.resolverQuery.finalizeResolve({0xc002db0488?, 0xc0053fe7d0?, 0x0?, 0x0?}, 
0xc0059df7a0)
	github.com/evanw/esbuild/internal/resolver/resolver.go:842 +0x6f1 fp=0xc0010bce50 sp=0xc0010bcca0 pc=0x7ff656f510d1
github.com/evanw/esbuild/internal/resolver.(*Resolver).Resolve(0xc002db0488, {0xc0005b1440, 0x36}, {0xc0056d9500, 
0x6e}, 0x1)
	github.com/evanw/esbuild/internal/resolver/resolver.go:572 +0x1a1a fp=0xc0010bd220 sp=0xc0010bce50 pc=0x7ff656f4ca9a
github.com/evanw/esbuild/internal/bundler.RunOnResolvePlugins({_, _, _}, _, {0xc00383f8f0, 0xc001acc180, 0xc001acc198, 
0xc001acc210, 0x3, 0xc00383f800}, ...)
	github.com/evanw/esbuild/internal/bundler/bundler.go:1154 +0x36a fp=0xc0010bd690 sp=0xc0010bd220 pc=0x7ff656f80e0a
github.com/evanw/esbuild/pkg/api.loadPlugins.func2({0xc0056d9500, 0x6e}, {{0xc002610220, 0x10}, {0x0, 0x0}, {0x0, 
0x0}, {0xc0005b1440, 0x36}, ...})
	github.com/evanw/esbuild/pkg/api/api_impl.go:2114 +0x4be fp=0xc0010bdd18 sp=0xc0010bd690 pc=0x7ff65703809e
main.(*serviceType).convertPlugins.func2.1(0xd0, 0xc0050599e0)
	github.com/evanw/esbuild/cmd/esbuild/service.go:944 +0x665 fp=0xc0010bdf50 sp=0xc0010bdd18 pc=0x7ff65707a885
main.(*serviceType).handleIncomingPacket.func4()
	github.com/evanw/esbuild/cmd/esbuild/service.go:262 +0xa4 fp=0xc0010bdfe0 sp=0xc0010bdf50 pc=0x7ff6570740a4
runtime.goexit({})
	runtime/asm_amd64.s:1693 +0x1 fp=0xc0010bdfe8 sp=0xc0010bdfe0 pc=0x7ff656bcf221
created by main.(*serviceType).handleIncomingPacket in goroutine 1
	github.com/evanw/esbuild/cmd/esbuild/service.go:257 +0x156e

goroutine 1473 gp=0xc0019b56c0 m=nil [chan send]:
runtime.gopark(0x7ff6572afa80?, 0x7ff656b65d9b?, 0x0?, 0x0?, 0x0?)
	runtime/proc.go:460 +0xce fp=0xc0065ed1d8 sp=0xc0065ed1b8 pc=0x7ff656bc72ce
runtime.chansend(0xc000136000, 0x7ff6572b1690, 0x1, 0xc0065ed398?)
	runtime/chan.go:283 +0x3cb fp=0xc0065ed248 sp=0xc0065ed1d8 pc=0x7ff656b5d58b
runtime.chansend1(0x55?, 0x7ff6572afa80?)
	runtime/chan.go:161 +0x17 fp=0xc0065ed278 sp=0xc0065ed248 pc=0x7ff656b5d1b7
github.com/evanw/esbuild/internal/fs.BeforeFileOpen(...)
	github.com/evanw/esbuild/internal/fs/fs.go:245
github.com/evanw/esbuild/internal/fs.(*realFS).ModKey(0xc0000da080, {0xc00668d440, 0x55})
	github.com/evanw/esbuild/internal/fs/fs_real.go:280 +0x72 fp=0xc0065ed3d8 sp=0xc0065ed278 pc=0x7ff656c9b9b2
github.com/evanw/esbuild/internal/fs.(*zipFS).ModKey(0xc0000a6120, {0xc00668d440, 0x55})
	github.com/evanw/esbuild/internal/fs/fs_zip.go:286 +0x8f fp=0xc0065ed460 sp=0xc0065ed3d8 pc=0x7ff656c9f5cf
github.com/evanw/esbuild/internal/cache.(*FSCache).ReadFile(0xc0000901e0, {0x7ff6572bce40, 0xc0000a6120}, 
{0xc00668d440, 0x55})
	github.com/evanw/esbuild/internal/cache/cache_fs.go:34 +0xa5 fp=0xc0065ed548 sp=0xc0065ed460 pc=0x7ff656f39705
github.com/evanw/esbuild/internal/resolver.resolverQuery.parsePackageJSON({0xc002db0908?, 0xc00353a690?, 0x0?, 0x9e?}, 
{0xc006462320, 0x48})
	github.com/evanw/esbuild/internal/resolver/package_json.go:253 +0x105 fp=0xc0065ed918 sp=0xc0065ed548 
pc=0x7ff656f3c3c5
github.com/evanw/esbuild/internal/resolver.resolverQuery.dirInfoUncached({0xc002db0908?, 0xc00353a690?, 0x0?, 0x48?}, 
{0xc006462320, 0x48})
	github.com/evanw/esbuild/internal/resolver/resolver.go:1619 +0xf6f fp=0xc0065edbf8 sp=0xc0065ed918 pc=0x7ff656f5926f
github.com/evanw/esbuild/internal/resolver.resolverQuery.dirInfoCached({0xc002db0908?, 0xc00353a690?, 0x0?, 0x9e?}, 
{0xc006462320, 0x48})
	github.com/evanw/esbuild/internal/resolver/resolver.go:1174 +0xee fp=0xc0065edd00 sp=0xc0065edbf8 pc=0x7ff656f5420e
github.com/evanw/esbuild/internal/resolver.resolverQuery.dirInfoUncached({0xc002db0908?, 0xc00353a690?, 0x0?, 0x4d?}, 
{0xc006462280, 0x4d})
	github.com/evanw/esbuild/internal/resolver/resolver.go:1538 +0xe5 fp=0xc0065edfe0 sp=0xc0065edd00 pc=0x7ff656f583e5
github.com/evanw/esbuild/internal/resolver.resolverQuery.dirInfoCached({0xc002db0908?, 0xc00353a690?, 0x0?, 0x2f?}, 
{0xc006462280, 0x4d})
	github.com/evanw/esbuild/internal/resolver/resolver.go:1174 +0xee fp=0xc0065ee0e8 sp=0xc0065edfe0 pc=0x7ff656f5420e
github.com/evanw/esbuild/internal/resolver.resolverQuery.dirInfoUncached({0xc002db0908?, 0xc00353a690?, 0x0?, 0x51?}, 
{0xc00608ce40, 0x51})
	github.com/evanw/esbuild/internal/resolver/resolver.go:1538 +0xe5 fp=0xc0065ee3c8 sp=0xc0065ee0e8 pc=0x7ff656f583e5
github.com/evanw/esbuild/internal/resolver.resolverQuery.dirInfoCached({0xc002db0908?, 0xc00353a690?, 0x0?, 0x0?}, 
{0xc00608ce40, 0x51})
	github.com/evanw/esbuild/internal/resolver/resolver.go:1174 +0xee fp=0xc0065ee4d0 sp=0xc0065ee3c8 pc=0x7ff656f5420e
github.com/evanw/esbuild/internal/resolver.resolverQuery.dirInfoUncached({0xc002db0908?, 0xc00353a690?, 0x0?, 0x5a?}, 
{0xc00608cd80, 0x5a})
	github.com/evanw/esbuild/internal/resolver/resolver.go:1538 +0xe5 fp=0xc0065ee7b0 sp=0xc0065ee4d0 pc=0x7ff656f583e5
github.com/evanw/esbuild/internal/resolver.resolverQuery.dirInfoCached({0xc002db0908?, 0xc00353a690?, 0x0?, 0x78?}, 
{0xc00608cd80, 0x5a})
	github.com/evanw/esbuild/internal/resolver/resolver.go:1174 +0xee fp=0xc0065ee8b8 sp=0xc0065ee7b0 pc=0x7ff656f5420e
github.com/evanw/esbuild/internal/resolver.resolverQuery.dirInfoUncached({0xc002db0908?, 0xc00353a690?, 0x0?, 0x64?}, 
{0xc006188380, 0x64})
	github.com/evanw/esbuild/internal/resolver/resolver.go:1538 +0xe5 fp=0xc0065eeb98 sp=0xc0065ee8b8 pc=0x7ff656f583e5
github.com/evanw/esbuild/internal/resolver.resolverQuery.dirInfoCached({0xc002db0908?, 0xc00353a690?, 0x0?, 0x90?}, 
{0xc006188380, 0x64})
	github.com/evanw/esbuild/internal/resolver/resolver.go:1174 +0xee fp=0xc0065eeca0 sp=0xc0065eeb98 pc=0x7ff656f5420e
github.com/evanw/esbuild/internal/resolver.resolverQuery.finalizeResolve({0xc002db0908?, 0xc00353a690?, 0x0?, 0x0?}, 
0xc003dc58c0)
	github.com/evanw/esbuild/internal/resolver/resolver.go:842 +0x6f1 fp=0xc0065eee50 sp=0xc0065eeca0 pc=0x7ff656f510d1
github.com/evanw/esbuild/internal/resolver.(*Resolver).Resolve(0xc002db0908, {0xc0005b1480, 0x36}, {0xc0056d9570, 
0x6e}, 0x1)
	github.com/evanw/esbuild/internal/resolver/resolver.go:572 +0x1a1a fp=0xc0065ef220 sp=0xc0065eee50 pc=0x7ff656f4ca9a
github.com/evanw/esbuild/internal/bundler.RunOnResolvePlugins({_, _, _}, _, {0xc002488390, 0xc001acc2b8, 0xc001acc330, 
0xc001acc378, 0x3, 0xc002488360}, ...)
	github.com/evanw/esbuild/internal/bundler/bundler.go:1154 +0x36a fp=0xc0065ef690 sp=0xc0065ef220 pc=0x7ff656f80e0a
github.com/evanw/esbuild/pkg/api.loadPlugins.func2({0xc0056d9570, 0x6e}, {{0xc002610280, 0x10}, {0x0, 0x0}, {0x0, 
0x0}, {0xc0005b1480, 0x36}, ...})
	github.com/evanw/esbuild/pkg/api/api_impl.go:2114 +0x4be fp=0xc0065efd18 sp=0xc0065ef690 pc=0x7ff65703809e
main.(*serviceType).convertPlugins.func2.1(0xd1, 0xc005059a10)
	github.com/evanw/esbuild/cmd/esbuild/service.go:944 +0x665 fp=0xc0065eff50 sp=0xc0065efd18 pc=0x7ff65707a885
main.(*serviceType).handleIncomingPacket.func4()
	github.com/evanw/esbuild/cmd/esbuild/service.go:262 +0xa4 fp=0xc0065effe0 sp=0xc0065eff50 pc=0x7ff6570740a4
runtime.goexit({})
	runtime/asm_amd64.s:1693 +0x1 fp=0xc0065effe8 sp=0xc0065effe0 pc=0x7ff656bcf221
created by main.(*serviceType).handleIncomingPacket in goroutine 1
	github.com/evanw/esbuild/cmd/esbuild/service.go:257 +0x156e

goroutine 1474 gp=0xc0019b5880 m=nil [runnable]:
runtime.cgocall(0x7ff656bd0a40, 0xc004a5db58)
	runtime/cgocall.go:167 +0x3e fp=0xc000cb7418 sp=0xc000cb73b0 pc=0x7ff656bc467e
runtime.syscall_syscalln(0x9?, 0x7ff656b5c346?, {0xc000cb7460?, 0x0?, 0x0?})
	runtime/syscall_windows.go:521 +0x4e fp=0xc000cb7438 sp=0xc000cb7418 pc=0x7ff656bb0bee
syscall.Syscall(0x7ff657117a00?, 0xc001556048?, 0x7ff600010000?, 0x7ff657122ca0?, 0xc000cb74e8?)
	runtime/syscall_windows.go:457 +0x29 fp=0xc000cb7488 sp=0xc000cb7438 pc=0x7ff656bcafe9
syscall.CloseHandle(0x1204)
	syscall/zsyscall_windows.go:482 +0x4f fp=0xc000cb74c8 sp=0xc000cb7488 pc=0x7ff656c0a02f
internal/poll.(*FD).destroy(0xc004999688)
	internal/poll/fd_windows.go:467 +0xad fp=0xc000cb74f0 sp=0xc000cb74c8 pc=0x7ff656c2684d
internal/poll.(*FD).decref(0x7ff656bc45d9?)
	internal/poll/fd_mutex.go:213 +0x53 fp=0xc000cb7510 sp=0xc000cb74f0 pc=0x7ff656c251f3
internal/poll.(*FD).Close(0xc004999688)
	internal/poll/fd_windows.go:486 +0x65 fp=0xc000cb7540 sp=0xc000cb7510 pc=0x7ff656c26925
os.(*file).close(0xc004999688)
	os/file_windows.go:178 +0x90 fp=0xc000cb7598 sp=0xc000cb7540 pc=0x7ff656c2dbd0
os.(*File).Close(...)
	os/file_posix.go:23
github.com/evanw/esbuild/internal/fs.(*realFS).readdir.deferwrap1()
	github.com/evanw/esbuild/internal/fs/fs_real.go:361 +0x2d fp=0xc000cb75b0 sp=0xc000cb7598 pc=0x7ff656c9c58d
github.com/evanw/esbuild/internal/fs.(*realFS).readdir(0xc0000da080, {0xc006084140, 0x48})
	github.com/evanw/esbuild/internal/fs/fs_real.go:381 +0x1b5 fp=0xc000cb7648 sp=0xc000cb75b0 pc=0x7ff656c9c475
github.com/evanw/esbuild/internal/fs.(*realFS).ReadDirectory(0xc0000da080, {0xc006084140, 0x48})
	github.com/evanw/esbuild/internal/fs/fs_real.go:146 +0x177 fp=0xc000cb77d8 sp=0xc000cb7648 pc=0x7ff656c9a637
github.com/evanw/esbuild/internal/fs.(*zipFS).ReadDirectory(0xc0000a6120, {0xc006084140, 0x48})
	github.com/evanw/esbuild/internal/fs/fs_zip.go:188 +0xbf fp=0xc000cb7918 sp=0xc000cb77d8 pc=0x7ff656c9e7df
github.com/evanw/esbuild/internal/resolver.resolverQuery.dirInfoUncached({0xc002db0d88?, 0xc0032da2d0?, 0x0?, 0x48?}, 
{0xc006084140, 0x48})
	github.com/evanw/esbuild/internal/resolver/resolver.go:1547 +0x11b fp=0xc000cb7bf8 sp=0xc000cb7918 pc=0x7ff656f5841b
github.com/evanw/esbuild/internal/resolver.resolverQuery.dirInfoCached({0xc002db0d88?, 0xc0032da2d0?, 0x0?, 0x9e?}, 
{0xc006084140, 0x48})
	github.com/evanw/esbuild/internal/resolver/resolver.go:1174 +0xee fp=0xc000cb7d00 sp=0xc000cb7bf8 pc=0x7ff656f5420e
github.com/evanw/esbuild/internal/resolver.resolverQuery.dirInfoUncached({0xc002db0d88?, 0xc0032da2d0?, 0x0?, 0x4d?}, 
{0xc006084050, 0x4d})
	github.com/evanw/esbuild/internal/resolver/resolver.go:1538 +0xe5 fp=0xc000cb7fe0 sp=0xc000cb7d00 pc=0x7ff656f583e5
github.com/evanw/esbuild/internal/resolver.resolverQuery.dirInfoCached({0xc002db0d88?, 0xc0032da2d0?, 0x0?, 0x0?}, 
{0xc006084050, 0x4d})
	github.com/evanw/esbuild/internal/resolver/resolver.go:1174 +0xee fp=0xc000cb80e8 sp=0xc000cb7fe0 pc=0x7ff656f5420e
github.com/evanw/esbuild/internal/resolver.resolverQuery.dirInfoUncached({0xc002db0d88?, 0xc0032da2d0?, 0x0?, 0x51?}, 
{0xc001a60060, 0x51})
	github.com/evanw/esbuild/internal/resolver/resolver.go:1538 +0xe5 fp=0xc000cb83c8 sp=0xc000cb80e8 pc=0x7ff656f583e5
github.com/evanw/esbuild/internal/resolver.resolverQuery.dirInfoCached({0xc002db0d88?, 0xc0032da2d0?, 0x0?, 0x0?}, 
{0xc001a60060, 0x51})
	github.com/evanw/esbuild/internal/resolver/resolver.go:1174 +0xee fp=0xc000cb84d0 sp=0xc000cb83c8 pc=0x7ff656f5420e
github.com/evanw/esbuild/internal/resolver.resolverQuery.dirInfoUncached({0xc002db0d88?, 0xc0032da2d0?, 0x0?, 0x5a?}, 
{0xc001a60000, 0x5a})
	github.com/evanw/esbuild/internal/resolver/resolver.go:1538 +0xe5 fp=0xc000cb87b0 sp=0xc000cb84d0 pc=0x7ff656f583e5
github.com/evanw/esbuild/internal/resolver.resolverQuery.dirInfoCached({0xc002db0d88?, 0xc0032da2d0?, 0x0?, 0x48?}, 
{0xc001a60000, 0x5a})
	github.com/evanw/esbuild/internal/resolver/resolver.go:1174 +0xee fp=0xc000cb88b8 sp=0xc000cb87b0 pc=0x7ff656f5420e
github.com/evanw/esbuild/internal/resolver.resolverQuery.dirInfoUncached({0xc002db0d88?, 0xc0032da2d0?, 0x0?, 0x64?}, 
{0xc0059ec1c0, 0x64})
	github.com/evanw/esbuild/internal/resolver/resolver.go:1538 +0xe5 fp=0xc000cb8b98 sp=0xc000cb88b8 pc=0x7ff656f583e5
github.com/evanw/esbuild/internal/resolver.resolverQuery.dirInfoCached({0xc002db0d88?, 0xc0032da2d0?, 0x0?, 0xd0?}, 
{0xc0059ec1c0, 0x64})
	github.com/evanw/esbuild/internal/resolver/resolver.go:1174 +0xee fp=0xc000cb8ca0 sp=0xc000cb8b98 pc=0x7ff656f5420e
github.com/evanw/esbuild/internal/resolver.resolverQuery.finalizeResolve({0xc002db0d88?, 0xc0032da2d0?, 0x0?, 0x0?}, 
0xc005e8a6c0)
	github.com/evanw/esbuild/internal/resolver/resolver.go:842 +0x6f1 fp=0xc000cb8e50 sp=0xc000cb8ca0 pc=0x7ff656f510d1
github.com/evanw/esbuild/internal/resolver.(*Resolver).Resolve(0xc002db0d88, {0xc0005b14c0, 0x36}, {0xc0056d95e0, 
0x6e}, 0x1)
	github.com/evanw/esbuild/internal/resolver/resolver.go:572 +0x1a1a fp=0xc000cb9220 sp=0xc000cb8e50 pc=0x7ff656f4ca9a
github.com/evanw/esbuild/internal/bundler.RunOnResolvePlugins({_, _, _}, _, {0xc0024896e0, 0xc001acc3d8, 0xc001acc438, 
0xc001acc4e0, 0x3, 0xc002489590}, ...)
	github.com/evanw/esbuild/internal/bundler/bundler.go:1154 +0x36a fp=0xc000cb9690 sp=0xc000cb9220 pc=0x7ff656f80e0a
github.com/evanw/esbuild/pkg/api.loadPlugins.func2({0xc0056d95e0, 0x6e}, {{0xc0026102e0, 0x10}, {0x0, 0x0}, {0x0, 
0x0}, {0xc0005b14c0, 0x36}, ...})
	github.com/evanw/esbuild/pkg/api/api_impl.go:2114 +0x4be fp=0xc000cb9d18 sp=0xc000cb9690 pc=0x7ff65703809e
main.(*serviceType).convertPlugins.func2.1(0xd2, 0xc005059a40)
	github.com/evanw/esbuild/cmd/esbuild/service.go:944 +0x665 fp=0xc000cb9f50 sp=0xc000cb9d18 pc=0x7ff65707a885
main.(*serviceType).handleIncomingPacket.func4()
	github.com/evanw/esbuild/cmd/esbuild/service.go:262 +0xa4 fp=0xc000cb9fe0 sp=0xc000cb9f50 pc=0x7ff6570740a4
runtime.goexit({})
	runtime/asm_amd64.s:1693 +0x1 fp=0xc000cb9fe8 sp=0xc000cb9fe0 pc=0x7ff656bcf221
created by main.(*serviceType).handleIncomingPacket in goroutine 1
	github.com/evanw/esbuild/cmd/esbuild/service.go:257 +0x156e

goroutine 1475 gp=0xc0019b5a40 m=nil [runnable]:
runtime.cgocall(0x7ff656bd0a40, 0xc0057c6358)
	runtime/cgocall.go:167 +0x3e fp=0xc0012e2f98 sp=0xc0012e2f30 pc=0x7ff656bc467e
runtime.syscall_syscalln(0x1db0b?, 0xc00384de00?, {0xc0012e2fe0?, 0xc0012e3058?, 0x7ff656c08dea?})
	runtime/syscall_windows.go:521 +0x4e fp=0xc0012e2fb8 sp=0xc0012e2f98 pc=0x7ff656bb0bee
syscall.Syscall9(0x1?, 0xc005d70900?, 0xc0012e30b0?, 0x7ff656c074fe?, 0xc005eda640?, 0x43?, 0xc005d70900?, 
0xffffffffffffffff?, 0x1dd50?, 0x0, ...)
	runtime/syscall_windows.go:469 +0x57 fp=0xc0012e3038 sp=0xc0012e2fb8 pc=0x7ff656bcb097
syscall.createFile(0xc005eda640?, 0x80000000, 0x3, 0xc002980900?, 0x3, 0x2000001, 0x0)
	syscall/zsyscall_windows.go:507 +0xb2 fp=0xc0012e30c0 sp=0xc0012e3038 pc=0x7ff656c0a252
syscall.Open({0xc005eda640?, 0x0?}, 0x80000, 0x0)
	syscall/syscall_windows.go:436 +0x19f fp=0xc0012e3150 sp=0xc0012e30c0 pc=0x7ff656c07dbf
os.openFileNolog({0xc005eda640, 0x43}, 0x1e201?, 0x1dce800?)
	os/file_windows.go:158 +0x99 fp=0xc0012e3198 sp=0xc0012e3150 pc=0x7ff656c2d9d9
os.OpenFile({0xc005eda640, 0x43}, 0x0, 0x0)
	os/file.go:412 +0x3e fp=0xc0012e31c8 sp=0xc0012e3198 pc=0x7ff656c2ca9e
os.Open(...)
	os/file.go:390
github.com/evanw/esbuild/internal/fs.(*realFS).readdir(0xc0000da080, {0xc005eda640, 0x43})
	github.com/evanw/esbuild/internal/fs/fs_real.go:353 +0x96 fp=0xc0012e3260 sp=0xc0012e31c8 pc=0x7ff656c9c356
github.com/evanw/esbuild/internal/fs.(*realFS).ReadDirectory(0xc0000da080, {0xc005eda640, 0x43})
	github.com/evanw/esbuild/internal/fs/fs_real.go:146 +0x177 fp=0xc0012e33f0 sp=0xc0012e3260 pc=0x7ff656c9a637
github.com/evanw/esbuild/internal/fs.(*zipFS).ReadDirectory(0xc0000a6120, {0xc005eda640, 0x43})
	github.com/evanw/esbuild/internal/fs/fs_zip.go:188 +0xbf fp=0xc0012e3530 sp=0xc0012e33f0 pc=0x7ff656c9e7df
github.com/evanw/esbuild/internal/resolver.resolverQuery.dirInfoUncached({0xc002db0008?, 0xc002790370?, 0x0?, 0x43?}, 
{0xc005eda640, 0x43})
	github.com/evanw/esbuild/internal/resolver/resolver.go:1547 +0x11b fp=0xc0012e3810 sp=0xc0012e3530 pc=0x7ff656f5841b
github.com/evanw/esbuild/internal/resolver.resolverQuery.dirInfoCached({0xc002db0008?, 0xc002790370?, 0x0?, 0x9e?}, 
{0xc005eda640, 0x43})
	github.com/evanw/esbuild/internal/resolver/resolver.go:1174 +0xee fp=0xc0012e3918 sp=0xc0012e3810 pc=0x7ff656f5420e
github.com/evanw/esbuild/internal/resolver.resolverQuery.dirInfoUncached({0xc002db0008?, 0xc002790370?, 0x0?, 0x48?}, 
{0xc005eda5f0, 0x48})
	github.com/evanw/esbuild/internal/resolver/resolver.go:1538 +0xe5 fp=0xc0012e3bf8 sp=0xc0012e3918 pc=0x7ff656f583e5
github.com/evanw/esbuild/internal/resolver.resolverQuery.dirInfoCached({0xc002db0008?, 0xc002790370?, 0x0?, 0x9e?}, 
{0xc005eda5f0, 0x48})
	github.com/evanw/esbuild/internal/resolver/resolver.go:1174 +0xee fp=0xc0012e3d00 sp=0xc0012e3bf8 pc=0x7ff656f5420e
github.com/evanw/esbuild/internal/resolver.resolverQuery.dirInfoUncached({0xc002db0008?, 0xc002790370?, 0x0?, 0x4d?}, 
{0xc005eda5a0, 0x4d})
	github.com/evanw/esbuild/internal/resolver/resolver.go:1538 +0xe5 fp=0xc0012e3fe0 sp=0xc0012e3d00 pc=0x7ff656f583e5
github.com/evanw/esbuild/internal/resolver.resolverQuery.dirInfoCached({0xc002db0008?, 0xc002790370?, 0x0?, 0x2f?}, 
{0xc005eda5a0, 0x4d})
	github.com/evanw/esbuild/internal/resolver/resolver.go:1174 +0xee fp=0xc0012e40e8 sp=0xc0012e3fe0 pc=0x7ff656f5420e
github.com/evanw/esbuild/internal/resolver.resolverQuery.dirInfoUncached({0xc002db0008?, 0xc002790370?, 0x0?, 0x51?}, 
{0xc006804ae0, 0x51})
	github.com/evanw/esbuild/internal/resolver/resolver.go:1538 +0xe5 fp=0xc0012e43c8 sp=0xc0012e40e8 pc=0x7ff656f583e5
github.com/evanw/esbuild/internal/resolver.resolverQuery.dirInfoCached({0xc002db0008?, 0xc002790370?, 0x0?, 0x0?}, 
{0xc006804ae0, 0x51})
	github.com/evanw/esbuild/internal/resolver/resolver.go:1174 +0xee fp=0xc0012e44d0 sp=0xc0012e43c8 pc=0x7ff656f5420e
github.com/evanw/esbuild/internal/resolver.resolverQuery.dirInfoUncached({0xc002db0008?, 0xc002790370?, 0x0?, 0x5a?}, 
{0xc006804a80, 0x5a})
	github.com/evanw/esbuild/internal/resolver/resolver.go:1538 +0xe5 fp=0xc0012e47b0 sp=0xc0012e44d0 pc=0x7ff656f583e5
github.com/evanw/esbuild/internal/resolver.resolverQuery.dirInfoCached({0xc002db0008?, 0xc002790370?, 0x0?, 0x78?}, 
{0xc006804a80, 0x5a})
	github.com/evanw/esbuild/internal/resolver/resolver.go:1174 +0xee fp=0xc0012e48b8 sp=0xc0012e47b0 pc=0x7ff656f5420e
github.com/evanw/esbuild/internal/resolver.resolverQuery.dirInfoUncached({0xc002db0008?, 0xc002790370?, 0x0?, 0x64?}, 
{0xc0035ae230, 0x64})
	github.com/evanw/esbuild/internal/resolver/resolver.go:1538 +0xe5 fp=0xc0012e4b98 sp=0xc0012e48b8 pc=0x7ff656f583e5
github.com/evanw/esbuild/internal/resolver.resolverQuery.dirInfoCached({0xc002db0008?, 0xc002790370?, 0x0?, 0x70?}, 
{0xc0035ae230, 0x64})
	github.com/evanw/esbuild/internal/resolver/resolver.go:1174 +0xee fp=0xc0012e4ca0 sp=0xc0012e4b98 pc=0x7ff656f5420e
github.com/evanw/esbuild/internal/resolver.resolverQuery.finalizeResolve({0xc002db0008?, 0xc002790370?, 0x0?, 0x0?}, 
0xc004cdc6c0)
	github.com/evanw/esbuild/internal/resolver/resolver.go:842 +0x6f1 fp=0xc0012e4e50 sp=0xc0012e4ca0 pc=0x7ff656f510d1
github.com/evanw/esbuild/internal/resolver.(*Resolver).Resolve(0xc002db0008, {0xc0005b1500, 0x36}, {0xc0056d9650, 
0x70}, 0x1)
	github.com/evanw/esbuild/internal/resolver/resolver.go:572 +0x1a1a fp=0xc0012e5220 sp=0xc0012e4e50 pc=0x7ff656f4ca9a
github.com/evanw/esbuild/internal/bundler.RunOnResolvePlugins({_, _, _}, _, {0xc00383f500, 0xc001acc018, 0xc001acc030, 
0xc001acc090, 0x3, 0xc00383f470}, ...)
	github.com/evanw/esbuild/internal/bundler/bundler.go:1154 +0x36a fp=0xc0012e5690 sp=0xc0012e5220 pc=0x7ff656f80e0a
github.com/evanw/esbuild/pkg/api.loadPlugins.func2({0xc0056d9650, 0x70}, {{0xc002610340, 0x10}, {0x0, 0x0}, {0x0, 
0x0}, {0xc0005b1500, 0x36}, ...})
	github.com/evanw/esbuild/pkg/api/api_impl.go:2114 +0x4be fp=0xc0012e5d18 sp=0xc0012e5690 pc=0x7ff65703809e
main.(*serviceType).convertPlugins.func2.1(0xd3, 0xc005059a70)
	github.com/evanw/esbuild/cmd/esbuild/service.go:944 +0x665 fp=0xc0012e5f50 sp=0xc0012e5d18 pc=0x7ff65707a885
main.(*serviceType).handleIncomingPacket.func4()
	github.com/evanw/esbuild/cmd/esbuild/service.go:262 +0xa4 fp=0xc0012e5fe0 sp=0xc0012e5f50 pc=0x7ff6570740a4
runtime.goexit({})
	runtime/asm_amd64.s:1693 +0x1 fp=0xc0012e5fe8 sp=0xc0012e5fe0 pc=0x7ff656bcf221
created by main.(*serviceType).handleIncomingPacket in goroutine 1
	github.com/evanw/esbuild/cmd/esbuild/service.go:257 +0x156e

goroutine 1476 gp=0xc0019b5c00 m=nil [chan send]:
runtime.gopark(0xc00608dc20?, 0xc0000ca080?, 0x0?, 0x0?, 0xc0000ca080?)
	runtime/proc.go:460 +0xce fp=0xc0014f9748 sp=0xc0014f9728 pc=0x7ff656bc72ce
runtime.chansend(0xc000136000, 0x7ff6572b1690, 0x1, 0x7ff656c9c852?)
	runtime/chan.go:283 +0x3cb fp=0xc0014f97b8 sp=0xc0014f9748 pc=0x7ff656b5d58b
runtime.chansend1(0xc0000ca080?, 0xc0014f9840?)
	runtime/chan.go:161 +0x17 fp=0xc0014f97e8 sp=0xc0014f97b8 pc=0x7ff656b5d1b7
github.com/evanw/esbuild/internal/fs.BeforeFileOpen(...)
	github.com/evanw/esbuild/internal/fs/fs.go:245
github.com/evanw/esbuild/internal/fs.(*realFS).kind(0xc0000da080, {0xc001a62370?, 0xc0014f9908?}, {0xc001cfe530?, 
0x7ff65714de40?})
	github.com/evanw/esbuild/internal/fs/fs_real.go:413 +0xb3 fp=0xc0014f9888 sp=0xc0014f97e8 pc=0x7ff656c9c793
github.com/evanw/esbuild/internal/fs.(*zipFS).kind(0xc?, {0xc001a62370?, 0x48?}, {0xc001cfe530?, 0x7ff6571d2411?})
	github.com/evanw/esbuild/internal/fs/fs_zip.go:330 +0x28 fp=0xc0014f98c0 sp=0xc0014f9888 pc=0x7ff656c9fa08
github.com/evanw/esbuild/internal/fs.(*Entry).Kind(0xc002cbcd00, {0x7ff6572bce40?, 0xc0000a6120?})
	github.com/evanw/esbuild/internal/fs/fs.go:37 +0xc3 fp=0xc0014f9918 sp=0xc0014f98c0 pc=0x7ff656c97f83
github.com/evanw/esbuild/internal/resolver.resolverQuery.dirInfoUncached({0xc0034b4008?, 0xc00353a910?, 0x0?, 0x48?}, 
{0xc001a62370, 0x48})
	github.com/evanw/esbuild/internal/resolver/resolver.go:1618 +0xf2c fp=0xc0014f9bf8 sp=0xc0014f9918 pc=0x7ff656f5922c
github.com/evanw/esbuild/internal/resolver.resolverQuery.dirInfoCached({0xc0034b4008?, 0xc00353a910?, 0x0?, 0x9e?}, 
{0xc001a62370, 0x48})
	github.com/evanw/esbuild/internal/resolver/resolver.go:1174 +0xee fp=0xc0014f9d00 sp=0xc0014f9bf8 pc=0x7ff656f5420e
github.com/evanw/esbuild/internal/resolver.resolverQuery.dirInfoUncached({0xc0034b4008?, 0xc00353a910?, 0x0?, 0x4d?}, 
{0xc001a62320, 0x4d})
	github.com/evanw/esbuild/internal/resolver/resolver.go:1538 +0xe5 fp=0xc0014f9fe0 sp=0xc0014f9d00 pc=0x7ff656f583e5
github.com/evanw/esbuild/internal/resolver.resolverQuery.dirInfoCached({0xc0034b4008?, 0xc00353a910?, 0x0?, 0x0?}, 
{0xc001a62320, 0x4d})
	github.com/evanw/esbuild/internal/resolver/resolver.go:1174 +0xee fp=0xc0014fa0e8 sp=0xc0014f9fe0 pc=0x7ff656f5420e
github.com/evanw/esbuild/internal/resolver.resolverQuery.dirInfoUncached({0xc0034b4008?, 0xc00353a910?, 0x0?, 0x51?}, 
{0xc0060dc480, 0x51})
	github.com/evanw/esbuild/internal/resolver/resolver.go:1538 +0xe5 fp=0xc0014fa3c8 sp=0xc0014fa0e8 pc=0x7ff656f583e5
github.com/evanw/esbuild/internal/resolver.resolverQuery.dirInfoCached({0xc0034b4008?, 0xc00353a910?, 0x0?, 0x0?}, 
{0xc0060dc480, 0x51})
	github.com/evanw/esbuild/internal/resolver/resolver.go:1174 +0xee fp=0xc0014fa4d0 sp=0xc0014fa3c8 pc=0x7ff656f5420e
github.com/evanw/esbuild/internal/resolver.resolverQuery.dirInfoUncached({0xc0034b4008?, 0xc00353a910?, 0x0?, 0x5a?}, 
{0xc0060dc420, 0x5a})
	github.com/evanw/esbuild/internal/resolver/resolver.go:1538 +0xe5 fp=0xc0014fa7b0 sp=0xc0014fa4d0 pc=0x7ff656f583e5
github.com/evanw/esbuild/internal/resolver.resolverQuery.dirInfoCached({0xc0034b4008?, 0xc00353a910?, 0x0?, 0x78?}, 
{0xc0060dc420, 0x5a})
	github.com/evanw/esbuild/internal/resolver/resolver.go:1174 +0xee fp=0xc0014fa8b8 sp=0xc0014fa7b0 pc=0x7ff656f5420e
github.com/evanw/esbuild/internal/resolver.resolverQuery.dirInfoUncached({0xc0034b4008?, 0xc00353a910?, 0x0?, 0x64?}, 
{0xc006512540, 0x64})
	github.com/evanw/esbuild/internal/resolver/resolver.go:1538 +0xe5 fp=0xc0014fab98 sp=0xc0014fa8b8 pc=0x7ff656f583e5
github.com/evanw/esbuild/internal/resolver.resolverQuery.dirInfoCached({0xc0034b4008?, 0xc00353a910?, 0x0?, 0x10?}, 
{0xc006512540, 0x64})
	github.com/evanw/esbuild/internal/resolver/resolver.go:1174 +0xee fp=0xc0014faca0 sp=0xc0014fab98 pc=0x7ff656f5420e
github.com/evanw/esbuild/internal/resolver.resolverQuery.finalizeResolve({0xc0034b4008?, 0xc00353a910?, 0x0?, 0x0?}, 
0xc006826fc0)
	github.com/evanw/esbuild/internal/resolver/resolver.go:842 +0x6f1 fp=0xc0014fae50 sp=0xc0014faca0 pc=0x7ff656f510d1
github.com/evanw/esbuild/internal/resolver.(*Resolver).Resolve(0xc0034b4008, {0xc0005b1540, 0x36}, {0xc0032a3280, 
0x73}, 0x1)
	github.com/evanw/esbuild/internal/resolver/resolver.go:572 +0x1a1a fp=0xc0014fb220 sp=0xc0014fae50 pc=0x7ff656f4ca9a
github.com/evanw/esbuild/internal/bundler.RunOnResolvePlugins({_, _, _}, _, {0xc00064e240, 0xc003379d40, 0xc003379d58, 
0xc003379d70, 0x3, 0xc00064e0f0}, ...)
	github.com/evanw/esbuild/internal/bundler/bundler.go:1154 +0x36a fp=0xc0014fb690 sp=0xc0014fb220 pc=0x7ff656f80e0a
github.com/evanw/esbuild/pkg/api.loadPlugins.func2({0xc0032a3280, 0x73}, {{0xc0026103a0, 0x10}, {0x0, 0x0}, {0x0, 
0x0}, {0xc0005b1540, 0x36}, ...})
	github.com/evanw/esbuild/pkg/api/api_impl.go:2114 +0x4be fp=0xc0014fbd18 sp=0xc0014fb690 pc=0x7ff65703809e
main.(*serviceType).convertPlugins.func2.1(0xd4, 0xc005059aa0)
	github.com/evanw/esbuild/cmd/esbuild/service.go:944 +0x665 fp=0xc0014fbf50 sp=0xc0014fbd18 pc=0x7ff65707a885
main.(*serviceType).handleIncomingPacket.func4()
	github.com/evanw/esbuild/cmd/esbuild/service.go:262 +0xa4 fp=0xc0014fbfe0 sp=0xc0014fbf50 pc=0x7ff6570740a4
runtime.goexit({})
	runtime/asm_amd64.s:1693 +0x1 fp=0xc0014fbfe8 sp=0xc0014fbfe0 pc=0x7ff656bcf221
created by main.(*serviceType).handleIncomingPacket in goroutine 1
	github.com/evanw/esbuild/cmd/esbuild/service.go:257 +0x156e

goroutine 1477 gp=0xc0019b5dc0 m=nil [chan send]:
runtime.gopark(0x7ff6572afa80?, 0x7ff656b65d9b?, 0x0?, 0x0?, 0x0?)
	runtime/proc.go:460 +0xce fp=0xc0014f11d8 sp=0xc0014f11b8 pc=0x7ff656bc72ce
runtime.chansend(0xc000136000, 0x7ff6572b1690, 0x1, 0xc0014f1398?)
	runtime/chan.go:283 +0x3cb fp=0xc0014f1248 sp=0xc0014f11d8 pc=0x7ff656b5d58b
runtime.chansend1(0x55?, 0x7ff6572afa80?)
	runtime/chan.go:161 +0x17 fp=0xc0014f1278 sp=0xc0014f1248 pc=0x7ff656b5d1b7
github.com/evanw/esbuild/internal/fs.BeforeFileOpen(...)
	github.com/evanw/esbuild/internal/fs/fs.go:245
github.com/evanw/esbuild/internal/fs.(*realFS).ModKey(0xc0000da080, {0xc00668d4a0, 0x55})
	github.com/evanw/esbuild/internal/fs/fs_real.go:280 +0x72 fp=0xc0014f13d8 sp=0xc0014f1278 pc=0x7ff656c9b9b2
github.com/evanw/esbuild/internal/fs.(*zipFS).ModKey(0xc0000a6120, {0xc00668d4a0, 0x55})
	github.com/evanw/esbuild/internal/fs/fs_zip.go:286 +0x8f fp=0xc0014f1460 sp=0xc0014f13d8 pc=0x7ff656c9f5cf
github.com/evanw/esbuild/internal/cache.(*FSCache).ReadFile(0xc0000901e0, {0x7ff6572bce40, 0xc0000a6120}, 
{0xc00668d4a0, 0x55})
	github.com/evanw/esbuild/internal/cache/cache_fs.go:34 +0xa5 fp=0xc0014f1548 sp=0xc0014f1460 pc=0x7ff656f39705
github.com/evanw/esbuild/internal/resolver.resolverQuery.parsePackageJSON({0xc002b88488?, 0xc0015b7540?, 0x0?, 0x9e?}, 
{0xc006462730, 0x48})
	github.com/evanw/esbuild/internal/resolver/package_json.go:253 +0x105 fp=0xc0014f1918 sp=0xc0014f1548 
pc=0x7ff656f3c3c5
github.com/evanw/esbuild/internal/resolver.resolverQuery.dirInfoUncached({0xc002b88488?, 0xc0015b7540?, 0x0?, 0x48?}, 
{0xc006462730, 0x48})
	github.com/evanw/esbuild/internal/resolver/resolver.go:1619 +0xf6f fp=0xc0014f1bf8 sp=0xc0014f1918 pc=0x7ff656f5926f
github.com/evanw/esbuild/internal/resolver.resolverQuery.dirInfoCached({0xc002b88488?, 0xc0015b7540?, 0x0?, 0x9e?}, 
{0xc006462730, 0x48})
	github.com/evanw/esbuild/internal/resolver/resolver.go:1174 +0xee fp=0xc0014f1d00 sp=0xc0014f1bf8 pc=0x7ff656f5420e
github.com/evanw/esbuild/internal/resolver.resolverQuery.dirInfoUncached({0xc002b88488?, 0xc0015b7540?, 0x0?, 0x4d?}, 
{0xc0064626e0, 0x4d})
	github.com/evanw/esbuild/internal/resolver/resolver.go:1538 +0xe5 fp=0xc0014f1fe0 sp=0xc0014f1d00 pc=0x7ff656f583e5
github.com/evanw/esbuild/internal/resolver.resolverQuery.dirInfoCached({0xc002b88488?, 0xc0015b7540?, 0x0?, 0x2f?}, 
{0xc0064626e0, 0x4d})
	github.com/evanw/esbuild/internal/resolver/resolver.go:1174 +0xee fp=0xc0014f20e8 sp=0xc0014f1fe0 pc=0x7ff656f5420e
github.com/evanw/esbuild/internal/resolver.resolverQuery.dirInfoUncached({0xc002b88488?, 0xc0015b7540?, 0x0?, 0x51?}, 
{0xc00608cf60, 0x51})
	github.com/evanw/esbuild/internal/resolver/resolver.go:1538 +0xe5 fp=0xc0014f23c8 sp=0xc0014f20e8 pc=0x7ff656f583e5
github.com/evanw/esbuild/internal/resolver.resolverQuery.dirInfoCached({0xc002b88488?, 0xc0015b7540?, 0x0?, 0x0?}, 
{0xc00608cf60, 0x51})
	github.com/evanw/esbuild/internal/resolver/resolver.go:1174 +0xee fp=0xc0014f24d0 sp=0xc0014f23c8 pc=0x7ff656f5420e
github.com/evanw/esbuild/internal/resolver.resolverQuery.dirInfoUncached({0xc002b88488?, 0xc0015b7540?, 0x0?, 0x5a?}, 
{0xc00608cf00, 0x5a})
	github.com/evanw/esbuild/internal/resolver/resolver.go:1538 +0xe5 fp=0xc0014f27b0 sp=0xc0014f24d0 pc=0x7ff656f583e5
github.com/evanw/esbuild/internal/resolver.resolverQuery.dirInfoCached({0xc002b88488?, 0xc0015b7540?, 0x0?, 0x78?}, 
{0xc00608cf00, 0x5a})
	github.com/evanw/esbuild/internal/resolver/resolver.go:1174 +0xee fp=0xc0014f28b8 sp=0xc0014f27b0 pc=0x7ff656f5420e
github.com/evanw/esbuild/internal/resolver.resolverQuery.dirInfoUncached({0xc002b88488?, 0xc0015b7540?, 0x0?, 0x64?}, 
{0xc006188620, 0x64})
	github.com/evanw/esbuild/internal/resolver/resolver.go:1538 +0xe5 fp=0xc0014f2b98 sp=0xc0014f28b8 pc=0x7ff656f583e5
github.com/evanw/esbuild/internal/resolver.resolverQuery.dirInfoCached({0xc002b88488?, 0xc0015b7540?, 0x0?, 0x40?}, 
{0xc006188620, 0x64})
	github.com/evanw/esbuild/internal/resolver/resolver.go:1174 +0xee fp=0xc0014f2ca0 sp=0xc0014f2b98 pc=0x7ff656f5420e
github.com/evanw/esbuild/internal/resolver.resolverQuery.finalizeResolve({0xc002b88488?, 0xc0015b7540?, 0x0?, 0x0?}, 
0xc0046f25a0)
	github.com/evanw/esbuild/internal/resolver/resolver.go:842 +0x6f1 fp=0xc0014f2e50 sp=0xc0014f2ca0 pc=0x7ff656f510d1
github.com/evanw/esbuild/internal/resolver.(*Resolver).Resolve(0xc002b88488, {0xc0005b1580, 0x36}, {0xc0056d96c0, 
0x6c}, 0x1)
	github.com/evanw/esbuild/internal/resolver/resolver.go:572 +0x1a1a fp=0xc0014f3220 sp=0xc0014f2e50 pc=0x7ff656f4ca9a
github.com/evanw/esbuild/internal/bundler.RunOnResolvePlugins({_, _, _}, _, {0xc005059b30, 0xc003379c20, 0xc003379c38, 
0xc003379c50, 0x3, 0xc005059b00}, ...)
	github.com/evanw/esbuild/internal/bundler/bundler.go:1154 +0x36a fp=0xc0014f3690 sp=0xc0014f3220 pc=0x7ff656f80e0a
github.com/evanw/esbuild/pkg/api.loadPlugins.func2({0xc0056d96c0, 0x6c}, {{0xc002610400, 0x10}, {0x0, 0x0}, {0x0, 
0x0}, {0xc0005b1580, 0x36}, ...})
	github.com/evanw/esbuild/pkg/api/api_impl.go:2114 +0x4be fp=0xc0014f3d18 sp=0xc0014f3690 pc=0x7ff65703809e
main.(*serviceType).convertPlugins.func2.1(0xd5, 0xc005059ad0)
	github.com/evanw/esbuild/cmd/esbuild/service.go:944 +0x665 fp=0xc0014f3f50 sp=0xc0014f3d18 pc=0x7ff65707a885
main.(*serviceType).handleIncomingPacket.func4()
	github.com/evanw/esbuild/cmd/esbuild/service.go:262 +0xa4 fp=0xc0014f3fe0 sp=0xc0014f3f50 pc=0x7ff6570740a4
runtime.goexit({})
	runtime/asm_amd64.s:1693 +0x1 fp=0xc0014f3fe8 sp=0xc0014f3fe0 pc=0x7ff656bcf221
created by main.(*serviceType).handleIncomingPacket in goroutine 1
	github.com/evanw/esbuild/cmd/esbuild/service.go:257 +0x156e

goroutine 1478 gp=0xc003628000 m=nil [chan send]:
runtime.gopark(0xc004e80050?, 0xc0032e9aa0?, 0xe8?, 0x1b?, 0x7ff656f59bde?)
	runtime/proc.go:460 +0xce fp=0xc0068b18f8 sp=0xc0068b18d8 pc=0x7ff656bc72ce
runtime.chansend(0xc000136000, 0x7ff6572b1690, 0x1, 0x7ff656c308a5?)
	runtime/chan.go:283 +0x3cb fp=0xc0068b1968 sp=0xc0068b18f8 pc=0x7ff656b5d58b
runtime.chansend1(0x7ff6571b92e0?, 0xc001d97c01?)
	runtime/chan.go:161 +0x17 fp=0xc0068b1998 sp=0xc0068b1968 pc=0x7ff656b5d1b7
github.com/evanw/esbuild/internal/fs.BeforeFileOpen(...)
	github.com/evanw/esbuild/internal/fs/fs.go:245
github.com/evanw/esbuild/internal/fs.(*realFS).readdir(0xc0000da080, {0xc004e80000, 0x4d})
	github.com/evanw/esbuild/internal/fs/fs_real.go:351 +0x6c fp=0xc0068b1a30 sp=0xc0068b1998 pc=0x7ff656c9c32c
github.com/evanw/esbuild/internal/fs.(*realFS).ReadDirectory(0xc0000da080, {0xc004e80000, 0x4d})
	github.com/evanw/esbuild/internal/fs/fs_real.go:146 +0x177 fp=0xc0068b1bc0 sp=0xc0068b1a30 pc=0x7ff656c9a637
github.com/evanw/esbuild/internal/fs.(*zipFS).ReadDirectory(0xc0000a6120, {0xc004e80000, 0x4d})
	github.com/evanw/esbuild/internal/fs/fs_zip.go:188 +0xbf fp=0xc0068b1d00 sp=0xc0068b1bc0 pc=0x7ff656c9e7df
github.com/evanw/esbuild/internal/resolver.resolverQuery.dirInfoUncached({0xc0034b4d88?, 0xc003210a00?, 0x0?, 0x4d?}, 
{0xc004e80000, 0x4d})
	github.com/evanw/esbuild/internal/resolver/resolver.go:1547 +0x11b fp=0xc0068b1fe0 sp=0xc0068b1d00 pc=0x7ff656f5841b
github.com/evanw/esbuild/internal/resolver.resolverQuery.dirInfoCached({0xc0034b4d88?, 0xc003210a00?, 0x0?, 0x0?}, 
{0xc004e80000, 0x4d})
	github.com/evanw/esbuild/internal/resolver/resolver.go:1174 +0xee fp=0xc0068b20e8 sp=0xc0068b1fe0 pc=0x7ff656f5420e
github.com/evanw/esbuild/internal/resolver.resolverQuery.dirInfoUncached({0xc0034b4d88?, 0xc003210a00?, 0x0?, 0x51?}, 
{0xc00660c720, 0x51})
	github.com/evanw/esbuild/internal/resolver/resolver.go:1538 +0xe5 fp=0xc0068b23c8 sp=0xc0068b20e8 pc=0x7ff656f583e5
github.com/evanw/esbuild/internal/resolver.resolverQuery.dirInfoCached({0xc0034b4d88?, 0xc003210a00?, 0x0?, 0x0?}, 
{0xc00660c720, 0x51})
	github.com/evanw/esbuild/internal/resolver/resolver.go:1174 +0xee fp=0xc0068b24d0 sp=0xc0068b23c8 pc=0x7ff656f5420e
github.com/evanw/esbuild/internal/resolver.resolverQuery.dirInfoUncached({0xc0034b4d88?, 0xc003210a00?, 0x0?, 0x5a?}, 
{0xc00660c6c0, 0x5a})
	github.com/evanw/esbuild/internal/resolver/resolver.go:1538 +0xe5 fp=0xc0068b27b0 sp=0xc0068b24d0 pc=0x7ff656f583e5
github.com/evanw/esbuild/internal/resolver.resolverQuery.dirInfoCached({0xc0034b4d88?, 0xc003210a00?, 0x0?, 0x48?}, 
{0xc00660c6c0, 0x5a})
	github.com/evanw/esbuild/internal/resolver/resolver.go:1174 +0xee fp=0xc0068b28b8 sp=0xc0068b27b0 pc=0x7ff656f5420e
github.com/evanw/esbuild/internal/resolver.resolverQuery.dirInfoUncached({0xc0034b4d88?, 0xc003210a00?, 0x0?, 0x64?}, 
{0xc001a5e000, 0x64})
	github.com/evanw/esbuild/internal/resolver/resolver.go:1538 +0xe5 fp=0xc0068b2b98 sp=0xc0068b28b8 pc=0x7ff656f583e5
github.com/evanw/esbuild/internal/resolver.resolverQuery.dirInfoCached({0xc0034b4d88?, 0xc003210a00?, 0x0?, 0x0?}, 
{0xc001a5e000, 0x64})
	github.com/evanw/esbuild/internal/resolver/resolver.go:1174 +0xee fp=0xc0068b2ca0 sp=0xc0068b2b98 pc=0x7ff656f5420e
github.com/evanw/esbuild/internal/resolver.resolverQuery.finalizeResolve({0xc0034b4d88?, 0xc003210a00?, 0x0?, 0x0?}, 
0xc006624900)
	github.com/evanw/esbuild/internal/resolver/resolver.go:842 +0x6f1 fp=0xc0068b2e50 sp=0xc0068b2ca0 pc=0x7ff656f510d1
github.com/evanw/esbuild/internal/resolver.(*Resolver).Resolve(0xc0034b4d88, {0xc0005b1600, 0x36}, {0xc0032a3300, 
0x72}, 0x1)
	github.com/evanw/esbuild/internal/resolver/resolver.go:572 +0x1a1a fp=0xc0068b3220 sp=0xc0068b2e50 pc=0x7ff656f4ca9a
github.com/evanw/esbuild/internal/bundler.RunOnResolvePlugins({_, _, _}, _, {0xc002b0a750, 0xc00332e900, 0xc00332e918, 
0xc00332e930, 0x3, 0xc002b0a660}, ...)
	github.com/evanw/esbuild/internal/bundler/bundler.go:1154 +0x36a fp=0xc0068b3690 sp=0xc0068b3220 pc=0x7ff656f80e0a
github.com/evanw/esbuild/pkg/api.loadPlugins.func2({0xc0032a3300, 0x72}, {{0xc0026104b0, 0x10}, {0x0, 0x0}, {0x0, 
0x0}, {0xc0005b1600, 0x36}, ...})
	github.com/evanw/esbuild/pkg/api/api_impl.go:2114 +0x4be fp=0xc0068b3d18 sp=0xc0068b3690 pc=0x7ff65703809e
main.(*serviceType).convertPlugins.func2.1(0xd6, 0xc005059c20)
	github.com/evanw/esbuild/cmd/esbuild/service.go:944 +0x665 fp=0xc0068b3f50 sp=0xc0068b3d18 pc=0x7ff65707a885
main.(*serviceType).handleIncomingPacket.func4()
	github.com/evanw/esbuild/cmd/esbuild/service.go:262 +0xa4 fp=0xc0068b3fe0 sp=0xc0068b3f50 pc=0x7ff6570740a4
runtime.goexit({})
	runtime/asm_amd64.s:1693 +0x1 fp=0xc0068b3fe8 sp=0xc0068b3fe0 pc=0x7ff656bcf221
created by main.(*serviceType).handleIncomingPacket in goroutine 1
	github.com/evanw/esbuild/cmd/esbuild/service.go:257 +0x156e

goroutine 1479 gp=0xc0036281c0 m=nil [runnable]:
runtime.cgocall(0x7ff656bd0a40, 0xc003e4ab58)
	runtime/cgocall.go:167 +0x3e fp=0xc002aac0d8 sp=0xc002aac070 pc=0x7ff656bc467e
runtime.syscall_syscalln(0xc002aac120?, 0x7ff656c2369e?, {0xc002aac120?, 0xc002aac198?, 0x7ff656c08dea?})
	runtime/syscall_windows.go:521 +0x4e fp=0xc002aac0f8 sp=0xc002aac0d8 pc=0x7ff656bb0bee
syscall.Syscall9(0x1?, 0xc0051e40d0?, 0xc002aac1f0?, 0x7ff656c074fe?, 0xc0035ae0e0?, 0x64?, 0xc0051e40d0?, 
0xffffffffffffffff?, 0x20?, 0x0, ...)
	runtime/syscall_windows.go:469 +0x57 fp=0xc002aac178 sp=0xc002aac0f8 pc=0x7ff656bcb097
syscall.createFile(0xc0035ae0e0?, 0x80000000, 0x3, 0x1dcd2900ca32c5e?, 0x3, 0x2000001, 0x0)
	syscall/zsyscall_windows.go:507 +0xb2 fp=0xc002aac200 sp=0xc002aac178 pc=0x7ff656c0a252
syscall.Open({0xc0035ae0e0?, 0x0?}, 0x80000, 0x0)
	syscall/syscall_windows.go:436 +0x19f fp=0xc002aac290 sp=0xc002aac200 pc=0x7ff656c07dbf
os.openFileNolog({0xc0035ae0e0, 0x64}, 0x1?, 0x572afa00?)
	os/file_windows.go:158 +0x99 fp=0xc002aac2d8 sp=0xc002aac290 pc=0x7ff656c2d9d9
os.OpenFile({0xc0035ae0e0, 0x64}, 0x0, 0x0)
	os/file.go:412 +0x3e fp=0xc002aac308 sp=0xc002aac2d8 pc=0x7ff656c2ca9e
os.Open(...)
	os/file.go:390
github.com/evanw/esbuild/internal/fs.(*realFS).readdir(0xc0000da080, {0xc0035ae0e0, 0x64})
	github.com/evanw/esbuild/internal/fs/fs_real.go:353 +0x96 fp=0xc002aac3a0 sp=0xc002aac308 pc=0x7ff656c9c356
github.com/evanw/esbuild/internal/fs.(*realFS).ReadDirectory(0xc0000da080, {0xc0035ae0e0, 0x64})
	github.com/evanw/esbuild/internal/fs/fs_real.go:146 +0x177 fp=0xc002aac530 sp=0xc002aac3a0 pc=0x7ff656c9a637
github.com/evanw/esbuild/internal/fs.(*zipFS).ReadDirectory(0xc0000a6120, {0xc0035ae0e0, 0x64})
	github.com/evanw/esbuild/internal/fs/fs_zip.go:188 +0xbf fp=0xc002aac670 sp=0xc002aac530 pc=0x7ff656c9e7df
github.com/evanw/esbuild/internal/resolver.resolverQuery.loadAsFile({0xc003831b08?, 0xc003dc0a00?, 0x0?, 0x1?}, 
{0xc0032a3380, 0x74}, {0xc0022e65a0, 0x5, 0x20b515f0cc0?})
	github.com/evanw/esbuild/internal/resolver/resolver.go:1741 +0x31e fp=0xc002aac8e0 sp=0xc002aac670 pc=0x7ff656f5a03e
github.com/evanw/esbuild/internal/resolver.resolverQuery.loadAsFileOrDirectory({0xc003831b08?, 0xc003dc0a00?, 0x0?, 
0x74?}, {0xc0032a3380, 0x74})
	github.com/evanw/esbuild/internal/resolver/resolver.go:1930 +0x173 fp=0xc002aaca88 sp=0xc002aac8e0 pc=0x7ff656f5c1f3
github.com/evanw/esbuild/internal/resolver.resolverQuery.resolveWithoutSymlinks({0xc003831b08?, 0xc003dc0a00?, 0x0?, 
0x0?}, {0xc0005b1640, 0x36}, 0xc00690a380, {0xc0032a3380, 0x74})
	github.com/evanw/esbuild/internal/resolver/resolver.go:981 +0x4f1 fp=0xc002aace50 sp=0xc002aaca88 pc=0x7ff656f52651
github.com/evanw/esbuild/internal/resolver.(*Resolver).Resolve(0xc003831b08, {0xc0005b1640, 0x36}, {0xc0032a3380, 
0x74}, 0x1)
	github.com/evanw/esbuild/internal/resolver/resolver.go:548 +0x16f9 fp=0xc002aad220 sp=0xc002aace50 pc=0x7ff656f4c779
github.com/evanw/esbuild/internal/bundler.RunOnResolvePlugins({_, _, _}, _, {0xc001a18300, 0xc003e3fcc8, 0xc003e3fcf8, 
0xc003e3fd10, 0x3, 0xc001a181b0}, ...)
	github.com/evanw/esbuild/internal/bundler/bundler.go:1154 +0x36a fp=0xc002aad690 sp=0xc002aad220 pc=0x7ff656f80e0a
github.com/evanw/esbuild/pkg/api.loadPlugins.func2({0xc0032a3380, 0x74}, {{0xc002610510, 0x10}, {0x0, 0x0}, {0x0, 
0x0}, {0xc0005b1640, 0x36}, ...})
	github.com/evanw/esbuild/pkg/api/api_impl.go:2114 +0x4be fp=0xc002aadd18 sp=0xc002aad690 pc=0x7ff65703809e
main.(*serviceType).convertPlugins.func2.1(0xd7, 0xc005059c50)
	github.com/evanw/esbuild/cmd/esbuild/service.go:944 +0x665 fp=0xc002aadf50 sp=0xc002aadd18 pc=0x7ff65707a885
main.(*serviceType).handleIncomingPacket.func4()
	github.com/evanw/esbuild/cmd/esbuild/service.go:262 +0xa4 fp=0xc002aadfe0 sp=0xc002aadf50 pc=0x7ff6570740a4
runtime.goexit({})
	runtime/asm_amd64.s:1693 +0x1 fp=0xc002aadfe8 sp=0xc002aadfe0 pc=0x7ff656bcf221
created by main.(*serviceType).handleIncomingPacket in goroutine 1
	github.com/evanw/esbuild/cmd/esbuild/service.go:257 +0x156e

goroutine 1480 gp=0xc003628540 m=nil [runnable]:
runtime.cgocall(0x7ff656bd0a40, 0xc002a65358)
	runtime/cgocall.go:167 +0x3e fp=0xc0053f8170 sp=0xc0053f8108 pc=0x7ff656bc467e
runtime.syscall_syscalln(0xc0032e9500?, 0x7ff656b5c346?, {0xc0053f81b8?, 0x0?, 0x0?})
	runtime/syscall_windows.go:521 +0x4e fp=0xc0053f8190 sp=0xc0053f8170 pc=0x7ff656bb0bee
syscall.Syscall(0x7ff657117a00?, 0xc0032ec1e0?, 0x7ff600010000?, 0x7ff657122ca0?, 0xc0053f8240?)
	runtime/syscall_windows.go:457 +0x29 fp=0xc0053f81e0 sp=0xc0053f8190 pc=0x7ff656bcafe9
syscall.CloseHandle(0x1208)
	syscall/zsyscall_windows.go:482 +0x4f fp=0xc0053f8220 sp=0xc0053f81e0 pc=0x7ff656c0a02f
internal/poll.(*FD).destroy(0xc004ce3408)
	internal/poll/fd_windows.go:467 +0xad fp=0xc0053f8248 sp=0xc0053f8220 pc=0x7ff656c2684d
internal/poll.(*FD).decref(0x7ff656bc45d9?)
	internal/poll/fd_mutex.go:213 +0x53 fp=0xc0053f8268 sp=0xc0053f8248 pc=0x7ff656c251f3
internal/poll.(*FD).Close(0xc004ce3408)
	internal/poll/fd_windows.go:486 +0x65 fp=0xc0053f8298 sp=0xc0053f8268 pc=0x7ff656c26925
os.(*file).close(0xc004ce3408)
	os/file_windows.go:178 +0x90 fp=0xc0053f82f0 sp=0xc0053f8298 pc=0x7ff656c2dbd0
os.(*File).Close(...)
	os/file_posix.go:23
github.com/evanw/esbuild/internal/fs.(*realFS).readdir.deferwrap1()
	github.com/evanw/esbuild/internal/fs/fs_real.go:361 +0x2d fp=0xc0053f8308 sp=0xc0053f82f0 pc=0x7ff656c9c58d
github.com/evanw/esbuild/internal/fs.(*realFS).readdir(0xc0000da080, {0xc006512230, 0x64})
	github.com/evanw/esbuild/internal/fs/fs_real.go:381 +0x1b5 fp=0xc0053f83a0 sp=0xc0053f8308 pc=0x7ff656c9c475
github.com/evanw/esbuild/internal/fs.(*realFS).ReadDirectory(0xc0000da080, {0xc006512230, 0x64})
	github.com/evanw/esbuild/internal/fs/fs_real.go:146 +0x177 fp=0xc0053f8530 sp=0xc0053f83a0 pc=0x7ff656c9a637
github.com/evanw/esbuild/internal/fs.(*zipFS).ReadDirectory(0xc0000a6120, {0xc006512230, 0x64})
	github.com/evanw/esbuild/internal/fs/fs_zip.go:188 +0xbf fp=0xc0053f8670 sp=0xc0053f8530 pc=0x7ff656c9e7df
github.com/evanw/esbuild/internal/resolver.resolverQuery.loadAsFile({0xc001950008?, 0xc0032daaa0?, 0x0?, 0x6b?}, 
{0xc0032a3400, 0x73}, {0xc0022e67d0, 0x5, 0x1b656c9c852?})
	github.com/evanw/esbuild/internal/resolver/resolver.go:1741 +0x31e fp=0xc0053f88e0 sp=0xc0053f8670 pc=0x7ff656f5a03e
github.com/evanw/esbuild/internal/resolver.resolverQuery.loadAsFileOrDirectory({0xc001950008?, 0xc0032daaa0?, 0x0?, 
0x73?}, {0xc0032a3400, 0x73})
	github.com/evanw/esbuild/internal/resolver/resolver.go:1930 +0x173 fp=0xc0053f8a88 sp=0xc0053f88e0 pc=0x7ff656f5c1f3
github.com/evanw/esbuild/internal/resolver.resolverQuery.resolveWithoutSymlinks({0xc001950008?, 0xc0032daaa0?, 0x0?, 
0x0?}, {0xc0005b1680, 0x36}, 0xc006622180, {0xc0032a3400, 0x73})
	github.com/evanw/esbuild/internal/resolver/resolver.go:981 +0x4f1 fp=0xc0053f8e50 sp=0xc0053f8a88 pc=0x7ff656f52651
github.com/evanw/esbuild/internal/resolver.(*Resolver).Resolve(0xc001950008, {0xc0005b1680, 0x36}, {0xc0032a3400, 
0x73}, 0x1)
	github.com/evanw/esbuild/internal/resolver/resolver.go:548 +0x16f9 fp=0xc0053f9220 sp=0xc0053f8e50 pc=0x7ff656f4c779
github.com/evanw/esbuild/internal/bundler.RunOnResolvePlugins({_, _, _}, _, {0xc001a186f0, 0xc003e3fd58, 0xc003e3fd88, 
0xc003e3fda0, 0x3, 0xc001a18630}, ...)
	github.com/evanw/esbuild/internal/bundler/bundler.go:1154 +0x36a fp=0xc0053f9690 sp=0xc0053f9220 pc=0x7ff656f80e0a
github.com/evanw/esbuild/pkg/api.loadPlugins.func2({0xc0032a3400, 0x73}, {{0xc002610570, 0x10}, {0x0, 0x0}, {0x0, 
0x0}, {0xc0005b1680, 0x36}, ...})
	github.com/evanw/esbuild/pkg/api/api_impl.go:2114 +0x4be fp=0xc0053f9d18 sp=0xc0053f9690 pc=0x7ff65703809e
main.(*serviceType).convertPlugins.func2.1(0xd8, 0xc005059c80)
	github.com/evanw/esbuild/cmd/esbuild/service.go:944 +0x665 fp=0xc0053f9f50 sp=0xc0053f9d18 pc=0x7ff65707a885
main.(*serviceType).handleIncomingPacket.func4()
	github.com/evanw/esbuild/cmd/esbuild/service.go:262 +0xa4 fp=0xc0053f9fe0 sp=0xc0053f9f50 pc=0x7ff6570740a4
runtime.goexit({})
	runtime/asm_amd64.s:1693 +0x1 fp=0xc0053f9fe8 sp=0xc0053f9fe0 pc=0x7ff656bcf221
created by main.(*serviceType).handleIncomingPacket in goroutine 1
	github.com/evanw/esbuild/cmd/esbuild/service.go:257 +0x156e

goroutine 1481 gp=0xc0036288c0 m=nil [runnable]:
runtime.cgocall(0x7ff656bd0a40, 0xc004e70b58)
	runtime/cgocall.go:167 +0x3e fp=0xc002ba00f0 sp=0xc002ba0088 pc=0x7ff656bc467e
runtime.syscall_syscalln(0xc004e70808?, 0xc0049f0ba0?, {0xc002ba0138?, 0x7ff656bc5059?, 0x7ff656bc504c?})
	runtime/syscall_windows.go:521 +0x4e fp=0xc002ba0110 sp=0xc002ba00f0 pc=0x7ff656bb0bee
syscall.Syscall6(0xc002ba01c8?, 0x7ff656c0760f?, 0xc000329bf8?, 0xe?, 0x12f?, 0xc0049f0ba0?, 0x7ff656b66b25?, 0x90?)
	runtime/syscall_windows.go:463 +0x38 fp=0xc002ba0178 sp=0xc002ba0110 pc=0x7ff656bcb038
internal/syscall/windows.GetFileInformationByHandleEx(0x1254, 0xa, 0xe?, 0x10000)
	internal/syscall/windows/zsyscall_windows.go:323 +0x73 fp=0xc002ba01d8 sp=0xc002ba0178 pc=0x7ff656c216f3
os.(*File).readdir(0xc004e82068, 0xffffffffffffffff, 0x0)
	os/dir_windows.go:125 +0x2bf fp=0xc002ba02d0 sp=0xc002ba01d8 pc=0x7ff656c2ad1f
os.(*File).Readdirnames(0xc005e88000?, 0x0?)
	os/dir.go:73 +0x1a fp=0xc002ba0308 sp=0xc002ba02d0 pc=0x7ff656c2a8da
github.com/evanw/esbuild/internal/fs.(*realFS).readdir(0xc0000da080, {0xc005e88000, 0x64})
	github.com/evanw/esbuild/internal/fs/fs_real.go:362 +0xfd fp=0xc002ba03a0 sp=0xc002ba0308 pc=0x7ff656c9c3bd
github.com/evanw/esbuild/internal/fs.(*realFS).ReadDirectory(0xc0000da080, {0xc005e88000, 0x64})
	github.com/evanw/esbuild/internal/fs/fs_real.go:146 +0x177 fp=0xc002ba0530 sp=0xc002ba03a0 pc=0x7ff656c9a637
github.com/evanw/esbuild/internal/fs.(*zipFS).ReadDirectory(0xc0000a6120, {0xc005e88000, 0x64})
	github.com/evanw/esbuild/internal/fs/fs_zip.go:188 +0xbf fp=0xc002ba0670 sp=0xc002ba0530 pc=0x7ff656c9e7df
github.com/evanw/esbuild/internal/resolver.resolverQuery.loadAsFile({0xc000f34008?, 0xc005a1ca50?, 0x0?, 0x6b?}, 
{0xc0032a3480, 0x71}, {0xc0022e6910, 0x5, 0x1b656c9c852?})
	github.com/evanw/esbuild/internal/resolver/resolver.go:1741 +0x31e fp=0xc002ba08e0 sp=0xc002ba0670 pc=0x7ff656f5a03e
github.com/evanw/esbuild/internal/resolver.resolverQuery.loadAsFileOrDirectory({0xc000f34008?, 0xc005a1ca50?, 0x0?, 
0x71?}, {0xc0032a3480, 0x71})
	github.com/evanw/esbuild/internal/resolver/resolver.go:1930 +0x173 fp=0xc002ba0a88 sp=0xc002ba08e0 pc=0x7ff656f5c1f3
github.com/evanw/esbuild/internal/resolver.resolverQuery.resolveWithoutSymlinks({0xc000f34008?, 0xc005a1ca50?, 0x0?, 
0x0?}, {0xc0005b16c0, 0x36}, 0xc006812480, {0xc0032a3480, 0x71})
	github.com/evanw/esbuild/internal/resolver/resolver.go:981 +0x4f1 fp=0xc002ba0e50 sp=0xc002ba0a88 pc=0x7ff656f52651
github.com/evanw/esbuild/internal/resolver.(*Resolver).Resolve(0xc000f34008, {0xc0005b16c0, 0x36}, {0xc0032a3480, 
0x71}, 0x1)
	github.com/evanw/esbuild/internal/resolver/resolver.go:548 +0x16f9 fp=0xc002ba1220 sp=0xc002ba0e50 pc=0x7ff656f4c779
github.com/evanw/esbuild/internal/bundler.RunOnResolvePlugins({_, _, _}, _, {0xc001a18ab0, 0xc003e3fdd0, 0xc003e3fde8, 
0xc003e3fe00, 0x3, 0xc001a18930}, ...)
	github.com/evanw/esbuild/internal/bundler/bundler.go:1154 +0x36a fp=0xc002ba1690 sp=0xc002ba1220 pc=0x7ff656f80e0a
github.com/evanw/esbuild/pkg/api.loadPlugins.func2({0xc0032a3480, 0x71}, {{0xc0026105d0, 0x10}, {0x0, 0x0}, {0x0, 
0x0}, {0xc0005b16c0, 0x36}, ...})
	github.com/evanw/esbuild/pkg/api/api_impl.go:2114 +0x4be fp=0xc002ba1d18 sp=0xc002ba1690 pc=0x7ff65703809e
main.(*serviceType).convertPlugins.func2.1(0xd9, 0xc005059cb0)
	github.com/evanw/esbuild/cmd/esbuild/service.go:944 +0x665 fp=0xc002ba1f50 sp=0xc002ba1d18 pc=0x7ff65707a885
main.(*serviceType).handleIncomingPacket.func4()
	github.com/evanw/esbuild/cmd/esbuild/service.go:262 +0xa4 fp=0xc002ba1fe0 sp=0xc002ba1f50 pc=0x7ff6570740a4
runtime.goexit({})
	runtime/asm_amd64.s:1693 +0x1 fp=0xc002ba1fe8 sp=0xc002ba1fe0 pc=0x7ff656bcf221
created by main.(*serviceType).handleIncomingPacket in goroutine 1
	github.com/evanw/esbuild/cmd/esbuild/service.go:257 +0x156e

goroutine 1482 gp=0xc003628e00 m=nil [chan send]:
runtime.gopark(0xc00487e0f0?, 0x4?, 0xc8?, 0x37?, 0xc0000ca080?)
	runtime/proc.go:460 +0xce fp=0xc002723738 sp=0xc002723718 pc=0x7ff656bc72ce
runtime.chansend(0xc000136000, 0x7ff6572b1690, 0x1, 0x0?)
	runtime/chan.go:283 +0x3cb fp=0xc0027237a8 sp=0xc002723738 pc=0x7ff656b5d58b
runtime.chansend1(0xc0000ca080?, 0xc0064632c0?)
	runtime/chan.go:161 +0x17 fp=0xc0027237d8 sp=0xc0027237a8 pc=0x7ff656b5d1b7
github.com/evanw/esbuild/internal/fs.BeforeFileOpen(...)
	github.com/evanw/esbuild/internal/fs/fs.go:245
github.com/evanw/esbuild/internal/fs.(*realFS).kind(0xc0000da080, {0xc006463310?, 0x4?}, {0xc002d3df78?, 
0xc002723908?})
	github.com/evanw/esbuild/internal/fs/fs_real.go:413 +0xb3 fp=0xc002723878 sp=0xc0027237d8 pc=0x7ff656c9c793
github.com/evanw/esbuild/internal/fs.(*zipFS).kind(0xc0032e9d40?, {0xc006463310?, 0x4?}, {0xc002d3df78?, 0x43?})
	github.com/evanw/esbuild/internal/fs/fs_zip.go:330 +0x28 fp=0xc0027238b0 sp=0xc002723878 pc=0x7ff656c9fa08
github.com/evanw/esbuild/internal/fs.(*Entry).Symlink(0xc0027f5a00, {0x7ff6572bce40?, 0xc0000a6120?})
	github.com/evanw/esbuild/internal/fs/fs.go:47 +0xc3 fp=0xc002723918 sp=0xc0027238b0 pc=0x7ff656c98143
github.com/evanw/esbuild/internal/resolver.resolverQuery.dirInfoUncached({0xc000f4ed88?, 0xc0053feff0?, 0x0?, 0x48?}, 
{0xc0064632c0, 0x48})
	github.com/evanw/esbuild/internal/resolver/resolver.go:1601 +0x9ae fp=0xc002723bf8 sp=0xc002723918 pc=0x7ff656f58cae
github.com/evanw/esbuild/internal/resolver.resolverQuery.dirInfoCached({0xc000f4ed88?, 0xc0053feff0?, 0x0?, 0x60?}, 
{0xc0064632c0, 0x48})
	github.com/evanw/esbuild/internal/resolver/resolver.go:1174 +0xee fp=0xc002723d00 sp=0xc002723bf8 pc=0x7ff656f5420e
github.com/evanw/esbuild/internal/resolver.resolverQuery.dirInfoUncached({0xc000f4ed88?, 0xc0053feff0?, 0x0?, 0x4d?}, 
{0xc006463270, 0x4d})
	github.com/evanw/esbuild/internal/resolver/resolver.go:1538 +0xe5 fp=0xc002723fe0 sp=0xc002723d00 pc=0x7ff656f583e5
github.com/evanw/esbuild/internal/resolver.resolverQuery.dirInfoCached({0xc000f4ed88?, 0xc0053feff0?, 0x0?, 0x2f?}, 
{0xc006463270, 0x4d})
	github.com/evanw/esbuild/internal/resolver/resolver.go:1174 +0xee fp=0xc0027240e8 sp=0xc002723fe0 pc=0x7ff656f5420e
github.com/evanw/esbuild/internal/resolver.resolverQuery.dirInfoUncached({0xc000f4ed88?, 0xc0053feff0?, 0x0?, 0x51?}, 
{0xc00608d5c0, 0x51})
	github.com/evanw/esbuild/internal/resolver/resolver.go:1538 +0xe5 fp=0xc0027243c8 sp=0xc0027240e8 pc=0x7ff656f583e5
github.com/evanw/esbuild/internal/resolver.resolverQuery.dirInfoCached({0xc000f4ed88?, 0xc0053feff0?, 0x0?, 0x0?}, 
{0xc00608d5c0, 0x51})
	github.com/evanw/esbuild/internal/resolver/resolver.go:1174 +0xee fp=0xc0027244d0 sp=0xc0027243c8 pc=0x7ff656f5420e
github.com/evanw/esbuild/internal/resolver.resolverQuery.dirInfoUncached({0xc000f4ed88?, 0xc0053feff0?, 0x0?, 0x5a?}, 
{0xc00608d560, 0x5a})
	github.com/evanw/esbuild/internal/resolver/resolver.go:1538 +0xe5 fp=0xc0027247b0 sp=0xc0027244d0 pc=0x7ff656f583e5
github.com/evanw/esbuild/internal/resolver.resolverQuery.dirInfoCached({0xc000f4ed88?, 0xc0053feff0?, 0x0?, 0x78?}, 
{0xc00608d560, 0x5a})
	github.com/evanw/esbuild/internal/resolver/resolver.go:1174 +0xee fp=0xc0027248b8 sp=0xc0027247b0 pc=0x7ff656f5420e
github.com/evanw/esbuild/internal/resolver.resolverQuery.dirInfoUncached({0xc000f4ed88?, 0xc0053feff0?, 0x0?, 0x64?}, 
{0xc006189340, 0x64})
	github.com/evanw/esbuild/internal/resolver/resolver.go:1538 +0xe5 fp=0xc002724b98 sp=0xc0027248b8 pc=0x7ff656f583e5
github.com/evanw/esbuild/internal/resolver.resolverQuery.dirInfoCached({0xc000f4ed88?, 0xc0053feff0?, 0x0?, 0xf0?}, 
{0xc006189340, 0x64})
	github.com/evanw/esbuild/internal/resolver/resolver.go:1174 +0xee fp=0xc002724ca0 sp=0xc002724b98 pc=0x7ff656f5420e
github.com/evanw/esbuild/internal/resolver.resolverQuery.finalizeResolve({0xc000f4ed88?, 0xc0053feff0?, 0x0?, 0x0?}, 
0xc00457f200)
	github.com/evanw/esbuild/internal/resolver/resolver.go:842 +0x6f1 fp=0xc002724e50 sp=0xc002724ca0 pc=0x7ff656f510d1
github.com/evanw/esbuild/internal/resolver.(*Resolver).Resolve(0xc000f4ed88, {0xc000704040, 0x36}, {0xc0056d9730, 
0x6d}, 0x1)
	github.com/evanw/esbuild/internal/resolver/resolver.go:572 +0x1a1a fp=0xc002725220 sp=0xc002724e50 pc=0x7ff656f4ca9a
github.com/evanw/esbuild/internal/bundler.RunOnResolvePlugins({_, _, _}, _, {0xc001a190e0, 0xc003e3fe30, 0xc003e3fe48, 
0xc003e3fe60, 0x3, 0xc001a18fc0}, ...)
	github.com/evanw/esbuild/internal/bundler/bundler.go:1154 +0x36a fp=0xc002725690 sp=0xc002725220 pc=0x7ff656f80e0a
github.com/evanw/esbuild/pkg/api.loadPlugins.func2({0xc0056d9730, 0x6d}, {{0xc002610630, 0x10}, {0x0, 0x0}, {0x0, 
0x0}, {0xc000704040, 0x36}, ...})
	github.com/evanw/esbuild/pkg/api/api_impl.go:2114 +0x4be fp=0xc002725d18 sp=0xc002725690 pc=0x7ff65703809e
main.(*serviceType).convertPlugins.func2.1(0xda, 0xc005059ce0)
	github.com/evanw/esbuild/cmd/esbuild/service.go:944 +0x665 fp=0xc002725f50 sp=0xc002725d18 pc=0x7ff65707a885
main.(*serviceType).handleIncomingPacket.func4()
	github.com/evanw/esbuild/cmd/esbuild/service.go:262 +0xa4 fp=0xc002725fe0 sp=0xc002725f50 pc=0x7ff6570740a4
runtime.goexit({})
	runtime/asm_amd64.s:1693 +0x1 fp=0xc002725fe8 sp=0xc002725fe0 pc=0x7ff656bcf221
created by main.(*serviceType).handleIncomingPacket in goroutine 1
	github.com/evanw/esbuild/cmd/esbuild/service.go:257 +0x156e

goroutine 1483 gp=0xc003628fc0 m=nil [runnable]:
runtime.cgocall(0x7ff656bd0a40, 0xc0047d0b58)
	runtime/cgocall.go:167 +0x3e fp=0xc002c100f0 sp=0xc002c10088 pc=0x7ff656bc467e
runtime.syscall_syscalln(0x7ff656bc506c?, 0x18?, {0xc002c10138?, 0x7ff656be6e01?, 0x0?})
	runtime/syscall_windows.go:521 +0x4e fp=0xc002c10110 sp=0xc002c100f0 pc=0x7ff656bb0bee
syscall.Syscall6(0xb?, 0xc?, 0xc0049e8000?, 0xc002c101c8?, 0x7ff656be63d1?, 0x7ff6575e6b40?, 0x0?, 0x0?)
	runtime/syscall_windows.go:463 +0x38 fp=0xc002c10178 sp=0xc002c10110 pc=0x7ff656bcb038
internal/syscall/windows.GetFileInformationByHandleEx(0x1250, 0xb, 0x8?, 0x10000)
	internal/syscall/windows/zsyscall_windows.go:323 +0x73 fp=0xc002c101d8 sp=0xc002c10178 pc=0x7ff656c216f3
os.(*File).readdir(0xc005dc4078, 0xffffffffffffffff, 0x0)
	os/dir_windows.go:125 +0x2bf fp=0xc002c102d0 sp=0xc002c101d8 pc=0x7ff656c2ad1f
os.(*File).Readdirnames(0xc0059ec310?, 0x0?)
	os/dir.go:73 +0x1a fp=0xc002c10308 sp=0xc002c102d0 pc=0x7ff656c2a8da
github.com/evanw/esbuild/internal/fs.(*realFS).readdir(0xc0000da080, {0xc0059ec310, 0x64})
	github.com/evanw/esbuild/internal/fs/fs_real.go:362 +0xfd fp=0xc002c103a0 sp=0xc002c10308 pc=0x7ff656c9c3bd
github.com/evanw/esbuild/internal/fs.(*realFS).ReadDirectory(0xc0000da080, {0xc0059ec310, 0x64})
	github.com/evanw/esbuild/internal/fs/fs_real.go:146 +0x177 fp=0xc002c10530 sp=0xc002c103a0 pc=0x7ff656c9a637
github.com/evanw/esbuild/internal/fs.(*zipFS).ReadDirectory(0xc0000a6120, {0xc0059ec310, 0x64})
	github.com/evanw/esbuild/internal/fs/fs_zip.go:188 +0xbf fp=0xc002c10670 sp=0xc002c10530 pc=0x7ff656c9e7df
github.com/evanw/esbuild/internal/resolver.resolverQuery.loadAsFile({0xc000f4f208?, 0xc003dc0a50?, 0x0?, 0x6b?}, 
{0xc0032a3500, 0x72}, {0xc0022e6b90, 0x5, 0x1b656c9c852?})
	github.com/evanw/esbuild/internal/resolver/resolver.go:1741 +0x31e fp=0xc002c108e0 sp=0xc002c10670 pc=0x7ff656f5a03e
github.com/evanw/esbuild/internal/resolver.resolverQuery.loadAsFileOrDirectory({0xc000f4f208?, 0xc003dc0a50?, 0x0?, 
0x72?}, {0xc0032a3500, 0x72})
	github.com/evanw/esbuild/internal/resolver/resolver.go:1930 +0x173 fp=0xc002c10a88 sp=0xc002c108e0 pc=0x7ff656f5c1f3
github.com/evanw/esbuild/internal/resolver.resolverQuery.resolveWithoutSymlinks({0xc000f4f208?, 0xc003dc0a50?, 0x0?, 
0x0?}, {0xc000704240, 0x36}, 0xc005bef700, {0xc0032a3500, 0x72})
	github.com/evanw/esbuild/internal/resolver/resolver.go:981 +0x4f1 fp=0xc002c10e50 sp=0xc002c10a88 pc=0x7ff656f52651
github.com/evanw/esbuild/internal/resolver.(*Resolver).Resolve(0xc000f4f208, {0xc000704240, 0x36}, {0xc0032a3500, 
0x72}, 0x1)
	github.com/evanw/esbuild/internal/resolver/resolver.go:548 +0x16f9 fp=0xc002c11220 sp=0xc002c10e50 pc=0x7ff656f4c779
github.com/evanw/esbuild/internal/bundler.RunOnResolvePlugins({_, _, _}, _, {0xc001a19e90, 0xc003e3fe90, 0xc003e3fec0, 
0xc003e3fed8, 0x3, 0xc001a19b60}, ...)
	github.com/evanw/esbuild/internal/bundler/bundler.go:1154 +0x36a fp=0xc002c11690 sp=0xc002c11220 pc=0x7ff656f80e0a
github.com/evanw/esbuild/pkg/api.loadPlugins.func2({0xc0032a3500, 0x72}, {{0xc002610690, 0x10}, {0x0, 0x0}, {0x0, 
0x0}, {0xc000704240, 0x36}, ...})
	github.com/evanw/esbuild/pkg/api/api_impl.go:2114 +0x4be fp=0xc002c11d18 sp=0xc002c11690 pc=0x7ff65703809e
main.(*serviceType).convertPlugins.func2.1(0xdb, 0xc005059d10)
	github.com/evanw/esbuild/cmd/esbuild/service.go:944 +0x665 fp=0xc002c11f50 sp=0xc002c11d18 pc=0x7ff65707a885
main.(*serviceType).handleIncomingPacket.func4()
	github.com/evanw/esbuild/cmd/esbuild/service.go:262 +0xa4 fp=0xc002c11fe0 sp=0xc002c11f50 pc=0x7ff6570740a4
runtime.goexit({})
	runtime/asm_amd64.s:1693 +0x1 fp=0xc002c11fe8 sp=0xc002c11fe0 pc=0x7ff656bcf221
created by main.(*serviceType).handleIncomingPacket in goroutine 1
	github.com/evanw/esbuild/cmd/esbuild/service.go:257 +0x156e

goroutine 1484 gp=0xc003629180 m=nil [chan send]:
runtime.gopark(0xc004d9f9f0?, 0xc0032e99e0?, 0xe8?, 0xdb?, 0x7ff656f59bde?)
	runtime/proc.go:460 +0xce fp=0xc0069ad8f8 sp=0xc0069ad8d8 pc=0x7ff656bc72ce
runtime.chansend(0xc000136000, 0x7ff6572b1690, 0x1, 0x7ff656c308a5?)
	runtime/chan.go:283 +0x3cb fp=0xc0069ad968 sp=0xc0069ad8f8 pc=0x7ff656b5d58b
runtime.chansend1(0x7ff6571b92e0?, 0xc003e1b201?)
	runtime/chan.go:161 +0x17 fp=0xc0069ad998 sp=0xc0069ad968 pc=0x7ff656b5d1b7
github.com/evanw/esbuild/internal/fs.BeforeFileOpen(...)
	github.com/evanw/esbuild/internal/fs/fs.go:245
github.com/evanw/esbuild/internal/fs.(*realFS).readdir(0xc0000da080, {0xc004d9f9a0, 0x4d})
	github.com/evanw/esbuild/internal/fs/fs_real.go:351 +0x6c fp=0xc0069ada30 sp=0xc0069ad998 pc=0x7ff656c9c32c
github.com/evanw/esbuild/internal/fs.(*realFS).ReadDirectory(0xc0000da080, {0xc004d9f9a0, 0x4d})
	github.com/evanw/esbuild/internal/fs/fs_real.go:146 +0x177 fp=0xc0069adbc0 sp=0xc0069ada30 pc=0x7ff656c9a637
github.com/evanw/esbuild/internal/fs.(*zipFS).ReadDirectory(0xc0000a6120, {0xc004d9f9a0, 0x4d})
	github.com/evanw/esbuild/internal/fs/fs_zip.go:188 +0xbf fp=0xc0069add00 sp=0xc0069adbc0 pc=0x7ff656c9e7df
github.com/evanw/esbuild/internal/resolver.resolverQuery.dirInfoUncached({0xc002b88d88?, 0xc0035da000?, 0x0?, 0x4d?}, 
{0xc004d9f9a0, 0x4d})
	github.com/evanw/esbuild/internal/resolver/resolver.go:1547 +0x11b fp=0xc0069adfe0 sp=0xc0069add00 pc=0x7ff656f5841b
github.com/evanw/esbuild/internal/resolver.resolverQuery.dirInfoCached({0xc002b88d88?, 0xc0035da000?, 0x0?, 0x2f?}, 
{0xc004d9f9a0, 0x4d})
	github.com/evanw/esbuild/internal/resolver/resolver.go:1174 +0xee fp=0xc0069ae0e8 sp=0xc0069adfe0 pc=0x7ff656f5420e
github.com/evanw/esbuild/internal/resolver.resolverQuery.dirInfoUncached({0xc002b88d88?, 0xc0035da000?, 0x0?, 0x51?}, 
{0xc0065a8a80, 0x51})
	github.com/evanw/esbuild/internal/resolver/resolver.go:1538 +0xe5 fp=0xc0069ae3c8 sp=0xc0069ae0e8 pc=0x7ff656f583e5
github.com/evanw/esbuild/internal/resolver.resolverQuery.dirInfoCached({0xc002b88d88?, 0xc0035da000?, 0x0?, 0x0?}, 
{0xc0065a8a80, 0x51})
	github.com/evanw/esbuild/internal/resolver/resolver.go:1174 +0xee fp=0xc0069ae4d0 sp=0xc0069ae3c8 pc=0x7ff656f5420e
github.com/evanw/esbuild/internal/resolver.resolverQuery.dirInfoUncached({0xc002b88d88?, 0xc0035da000?, 0x0?, 0x5a?}, 
{0xc0065a8a20, 0x5a})
	github.com/evanw/esbuild/internal/resolver/resolver.go:1538 +0xe5 fp=0xc0069ae7b0 sp=0xc0069ae4d0 pc=0x7ff656f583e5
github.com/evanw/esbuild/internal/resolver.resolverQuery.dirInfoCached({0xc002b88d88?, 0xc0035da000?, 0x0?, 0x78?}, 
{0xc0065a8a20, 0x5a})
	github.com/evanw/esbuild/internal/resolver/resolver.go:1174 +0xee fp=0xc0069ae8b8 sp=0xc0069ae7b0 pc=0x7ff656f5420e
github.com/evanw/esbuild/internal/resolver.resolverQuery.dirInfoUncached({0xc002b88d88?, 0xc0035da000?, 0x0?, 0x65?}, 
{0xc006189810, 0x65})
	github.com/evanw/esbuild/internal/resolver/resolver.go:1538 +0xe5 fp=0xc0069aeb98 sp=0xc0069ae8b8 pc=0x7ff656f583e5
github.com/evanw/esbuild/internal/resolver.resolverQuery.dirInfoCached({0xc002b88d88?, 0xc0035da000?, 0x0?, 0x0?}, 
{0xc006189810, 0x65})
	github.com/evanw/esbuild/internal/resolver/resolver.go:1174 +0xee fp=0xc0069aeca0 sp=0xc0069aeb98 pc=0x7ff656f5420e
github.com/evanw/esbuild/internal/resolver.resolverQuery.finalizeResolve({0xc002b88d88?, 0xc0035da000?, 0x0?, 0x0?}, 
0xc002e6be60)
	github.com/evanw/esbuild/internal/resolver/resolver.go:842 +0x6f1 fp=0xc0069aee50 sp=0xc0069aeca0 pc=0x7ff656f510d1
github.com/evanw/esbuild/internal/resolver.(*Resolver).Resolve(0xc002b88d88, {0xc0007043c0, 0x36}, {0xc0032a3580, 
0x71}, 0x1)
	github.com/evanw/esbuild/internal/resolver/resolver.go:572 +0x1a1a fp=0xc0069af220 sp=0xc0069aee50 pc=0x7ff656f4ca9a
github.com/evanw/esbuild/internal/bundler.RunOnResolvePlugins({_, _, _}, _, {0xc005059da0, 0xc003379c80, 0xc003379c98, 
0xc003379cb0, 0x3, 0xc005059d70}, ...)
	github.com/evanw/esbuild/internal/bundler/bundler.go:1154 +0x36a fp=0xc0069af690 sp=0xc0069af220 pc=0x7ff656f80e0a
github.com/evanw/esbuild/pkg/api.loadPlugins.func2({0xc0032a3580, 0x71}, {{0xc0026106f0, 0x10}, {0x0, 0x0}, {0x0, 
0x0}, {0xc0007043c0, 0x36}, ...})
	github.com/evanw/esbuild/pkg/api/api_impl.go:2114 +0x4be fp=0xc0069afd18 sp=0xc0069af690 pc=0x7ff65703809e
main.(*serviceType).convertPlugins.func2.1(0xdc, 0xc005059d40)
	github.com/evanw/esbuild/cmd/esbuild/service.go:944 +0x665 fp=0xc0069aff50 sp=0xc0069afd18 pc=0x7ff65707a885
main.(*serviceType).handleIncomingPacket.func4()
	github.com/evanw/esbuild/cmd/esbuild/service.go:262 +0xa4 fp=0xc0069affe0 sp=0xc0069aff50 pc=0x7ff6570740a4
runtime.goexit({})
	runtime/asm_amd64.s:1693 +0x1 fp=0xc0069affe8 sp=0xc0069affe0 pc=0x7ff656bcf221
created by main.(*serviceType).handleIncomingPacket in goroutine 1
	github.com/evanw/esbuild/cmd/esbuild/service.go:257 +0x156e

goroutine 1485 gp=0xc003629500 m=nil [runnable]:
runtime.cgocall(0x7ff656bd0a40, 0xc003281358)
	runtime/cgocall.go:167 +0x3e fp=0xc002c0c0d8 sp=0xc002c0c070 pc=0x7ff656bc467e
runtime.syscall_syscalln(0x20b0ba20a38?, 0x7ff656c2361f?, {0xc002c0c120?, 0xc002c0c198?, 0x7ff656c08dea?})
	runtime/syscall_windows.go:521 +0x4e fp=0xc002c0c0f8 sp=0xc002c0c0d8 pc=0x7ff656bb0bee
syscall.Syscall9(0x1?, 0xc0024ac680?, 0xc002c0c1f0?, 0x7ff656c074fe?, 0xc005f92070?, 0x64?, 0xc0024ac680?, 
0xffffffffffffffff?, 0x20?, 0x0, ...)
	runtime/syscall_windows.go:469 +0x57 fp=0xc002c0c178 sp=0xc002c0c0f8 pc=0x7ff656bcb097
syscall.createFile(0xc005f92070?, 0x80000000, 0x3, 0x1dcd2900ca32c5e?, 0x3, 0x2000001, 0x0)
	syscall/zsyscall_windows.go:507 +0xb2 fp=0xc002c0c200 sp=0xc002c0c178 pc=0x7ff656c0a252
syscall.Open({0xc005f92070?, 0x0?}, 0x80000, 0x0)
	syscall/syscall_windows.go:436 +0x19f fp=0xc002c0c290 sp=0xc002c0c200 pc=0x7ff656c07dbf
os.openFileNolog({0xc005f92070, 0x64}, 0x1?, 0x572afa00?)
	os/file_windows.go:158 +0x99 fp=0xc002c0c2d8 sp=0xc002c0c290 pc=0x7ff656c2d9d9
os.OpenFile({0xc005f92070, 0x64}, 0x0, 0x0)
	os/file.go:412 +0x3e fp=0xc002c0c308 sp=0xc002c0c2d8 pc=0x7ff656c2ca9e
os.Open(...)
	os/file.go:390
github.com/evanw/esbuild/internal/fs.(*realFS).readdir(0xc0000da080, {0xc005f92070, 0x64})
	github.com/evanw/esbuild/internal/fs/fs_real.go:353 +0x96 fp=0xc002c0c3a0 sp=0xc002c0c308 pc=0x7ff656c9c356
github.com/evanw/esbuild/internal/fs.(*realFS).ReadDirectory(0xc0000da080, {0xc005f92070, 0x64})
	github.com/evanw/esbuild/internal/fs/fs_real.go:146 +0x177 fp=0xc002c0c530 sp=0xc002c0c3a0 pc=0x7ff656c9a637
github.com/evanw/esbuild/internal/fs.(*zipFS).ReadDirectory(0xc0000a6120, {0xc005f92070, 0x64})
	github.com/evanw/esbuild/internal/fs/fs_zip.go:188 +0xbf fp=0xc002c0c670 sp=0xc002c0c530 pc=0x7ff656c9e7df
github.com/evanw/esbuild/internal/resolver.resolverQuery.loadAsFile({0xc0023c4d88?, 0xc0053ff090?, 0x0?, 0x6b?}, 
{0xc0032a3600, 0x72}, {0xc0022e6f00, 0x5, 0x1b656c9c852?})
	github.com/evanw/esbuild/internal/resolver/resolver.go:1741 +0x31e fp=0xc002c0c8e0 sp=0xc002c0c670 pc=0x7ff656f5a03e
github.com/evanw/esbuild/internal/resolver.resolverQuery.loadAsFileOrDirectory({0xc0023c4d88?, 0xc0053ff090?, 0x0?, 
0x72?}, {0xc0032a3600, 0x72})
	github.com/evanw/esbuild/internal/resolver/resolver.go:1930 +0x173 fp=0xc002c0ca88 sp=0xc002c0c8e0 pc=0x7ff656f5c1f3
github.com/evanw/esbuild/internal/resolver.resolverQuery.resolveWithoutSymlinks({0xc0023c4d88?, 0xc0053ff090?, 0x0?, 
0x0?}, {0xc000704900, 0x36}, 0xc0064e5900, {0xc0032a3600, 0x72})
	github.com/evanw/esbuild/internal/resolver/resolver.go:981 +0x4f1 fp=0xc002c0ce50 sp=0xc002c0ca88 pc=0x7ff656f52651
github.com/evanw/esbuild/internal/resolver.(*Resolver).Resolve(0xc0023c4d88, {0xc000704900, 0x36}, {0xc0032a3600, 
0x72}, 0x1)
	github.com/evanw/esbuild/internal/resolver/resolver.go:548 +0x16f9 fp=0xc002c0d220 sp=0xc002c0ce50 pc=0x7ff656f4c779
github.com/evanw/esbuild/internal/bundler.RunOnResolvePlugins({_, _, _}, _, {0xc0009df6e0, 0xc003e3ff08, 0xc003e3ff38, 
0xc003e3ff50, 0x3, 0xc0009df650}, ...)
	github.com/evanw/esbuild/internal/bundler/bundler.go:1154 +0x36a fp=0xc002c0d690 sp=0xc002c0d220 pc=0x7ff656f80e0a
github.com/evanw/esbuild/pkg/api.loadPlugins.func2({0xc0032a3600, 0x72}, {{0xc0026107d0, 0x10}, {0x0, 0x0}, {0x0, 
0x0}, {0xc000704900, 0x36}, ...})
	github.com/evanw/esbuild/pkg/api/api_impl.go:2114 +0x4be fp=0xc002c0dd18 sp=0xc002c0d690 pc=0x7ff65703809e
main.(*serviceType).convertPlugins.func2.1(0xdd, 0xc00064e7b0)
	github.com/evanw/esbuild/cmd/esbuild/service.go:944 +0x665 fp=0xc002c0df50 sp=0xc002c0dd18 pc=0x7ff65707a885
main.(*serviceType).handleIncomingPacket.func4()
	github.com/evanw/esbuild/cmd/esbuild/service.go:262 +0xa4 fp=0xc002c0dfe0 sp=0xc002c0df50 pc=0x7ff6570740a4
runtime.goexit({})
	runtime/asm_amd64.s:1693 +0x1 fp=0xc002c0dfe8 sp=0xc002c0dfe0 pc=0x7ff656bcf221
created by main.(*serviceType).handleIncomingPacket in goroutine 1
	github.com/evanw/esbuild/cmd/esbuild/service.go:257 +0x156e

goroutine 1486 gp=0xc0036296c0 m=nil [chan send]:
runtime.gopark(0xc00668d800?, 0xc0000ca080?, 0x0?, 0x0?, 0xc0000ca080?)
	runtime/proc.go:460 +0xce fp=0xc0020e1748 sp=0xc0020e1728 pc=0x7ff656bc72ce
runtime.chansend(0xc000136000, 0x7ff6572b1690, 0x1, 0x7ff656c9c852?)
	runtime/chan.go:283 +0x3cb fp=0xc0020e17b8 sp=0xc0020e1748 pc=0x7ff656b5d58b
runtime.chansend1(0xc0000ca080?, 0xc0020e1840?)
	runtime/chan.go:161 +0x17 fp=0xc0020e17e8 sp=0xc0020e17b8 pc=0x7ff656b5d1b7
github.com/evanw/esbuild/internal/fs.BeforeFileOpen(...)
	github.com/evanw/esbuild/internal/fs/fs.go:245
github.com/evanw/esbuild/internal/fs.(*realFS).kind(0xc0000da080, {0xc006084910?, 0xc0020e1908?}, {0xc002e67320?, 
0x7ff65714de40?})
	github.com/evanw/esbuild/internal/fs/fs_real.go:413 +0xb3 fp=0xc0020e1888 sp=0xc0020e17e8 pc=0x7ff656c9c793
github.com/evanw/esbuild/internal/fs.(*zipFS).kind(0xc?, {0xc006084910?, 0x48?}, {0xc002e67320?, 0x7ff6571d2411?})
	github.com/evanw/esbuild/internal/fs/fs_zip.go:330 +0x28 fp=0xc0020e18c0 sp=0xc0020e1888 pc=0x7ff656c9fa08
github.com/evanw/esbuild/internal/fs.(*Entry).Kind(0xc005a9ff40, {0x7ff6572bce40?, 0xc0000a6120?})
	github.com/evanw/esbuild/internal/fs/fs.go:37 +0xc3 fp=0xc0020e1918 sp=0xc0020e18c0 pc=0x7ff656c97f83
github.com/evanw/esbuild/internal/resolver.resolverQuery.dirInfoUncached({0xc0023c5688?, 0xc005d67b80?, 0x0?, 0x48?}, 
{0xc006084910, 0x48})
	github.com/evanw/esbuild/internal/resolver/resolver.go:1618 +0xf2c fp=0xc0020e1bf8 sp=0xc0020e1918 pc=0x7ff656f5922c
github.com/evanw/esbuild/internal/resolver.resolverQuery.dirInfoCached({0xc0023c5688?, 0xc005d67b80?, 0x0?, 0x9e?}, 
{0xc006084910, 0x48})
	github.com/evanw/esbuild/internal/resolver/resolver.go:1174 +0xee fp=0xc0020e1d00 sp=0xc0020e1bf8 pc=0x7ff656f5420e
github.com/evanw/esbuild/internal/resolver.resolverQuery.dirInfoUncached({0xc0023c5688?, 0xc005d67b80?, 0x0?, 0x4d?}, 
{0xc0060848c0, 0x4d})
	github.com/evanw/esbuild/internal/resolver/resolver.go:1538 +0xe5 fp=0xc0020e1fe0 sp=0xc0020e1d00 pc=0x7ff656f583e5
github.com/evanw/esbuild/internal/resolver.resolverQuery.dirInfoCached({0xc0023c5688?, 0xc005d67b80?, 0x0?, 0x2f?}, 
{0xc0060848c0, 0x4d})
	github.com/evanw/esbuild/internal/resolver/resolver.go:1174 +0xee fp=0xc0020e20e8 sp=0xc0020e1fe0 pc=0x7ff656f5420e
github.com/evanw/esbuild/internal/resolver.resolverQuery.dirInfoUncached({0xc0023c5688?, 0xc005d67b80?, 0x0?, 0x51?}, 
{0xc001a601e0, 0x51})
	github.com/evanw/esbuild/internal/resolver/resolver.go:1538 +0xe5 fp=0xc0020e23c8 sp=0xc0020e20e8 pc=0x7ff656f583e5
github.com/evanw/esbuild/internal/resolver.resolverQuery.dirInfoCached({0xc0023c5688?, 0xc005d67b80?, 0x0?, 0x0?}, 
{0xc001a601e0, 0x51})
	github.com/evanw/esbuild/internal/resolver/resolver.go:1174 +0xee fp=0xc0020e24d0 sp=0xc0020e23c8 pc=0x7ff656f5420e
github.com/evanw/esbuild/internal/resolver.resolverQuery.dirInfoUncached({0xc0023c5688?, 0xc005d67b80?, 0x0?, 0x5a?}, 
{0xc001a60180, 0x5a})
	github.com/evanw/esbuild/internal/resolver/resolver.go:1538 +0xe5 fp=0xc0020e27b0 sp=0xc0020e24d0 pc=0x7ff656f583e5
github.com/evanw/esbuild/internal/resolver.resolverQuery.dirInfoCached({0xc0023c5688?, 0xc005d67b80?, 0x0?, 0x78?}, 
{0xc001a60180, 0x5a})
	github.com/evanw/esbuild/internal/resolver/resolver.go:1174 +0xee fp=0xc0020e28b8 sp=0xc0020e27b0 pc=0x7ff656f5420e
github.com/evanw/esbuild/internal/resolver.resolverQuery.dirInfoUncached({0xc0023c5688?, 0xc005d67b80?, 0x0?, 0x64?}, 
{0xc0059ecc40, 0x64})
	github.com/evanw/esbuild/internal/resolver/resolver.go:1538 +0xe5 fp=0xc0020e2b98 sp=0xc0020e28b8 pc=0x7ff656f583e5
github.com/evanw/esbuild/internal/resolver.resolverQuery.dirInfoCached({0xc0023c5688?, 0xc005d67b80?, 0x0?, 0x80?}, 
{0xc0059ecc40, 0x64})
	github.com/evanw/esbuild/internal/resolver/resolver.go:1174 +0xee fp=0xc0020e2ca0 sp=0xc0020e2b98 pc=0x7ff656f5420e
github.com/evanw/esbuild/internal/resolver.resolverQuery.finalizeResolve({0xc0023c5688?, 0xc005d67b80?, 0x0?, 0x0?}, 
0xc005e8b0e0)
	github.com/evanw/esbuild/internal/resolver/resolver.go:842 +0x6f1 fp=0xc0020e2e50 sp=0xc0020e2ca0 pc=0x7ff656f510d1
github.com/evanw/esbuild/internal/resolver.(*Resolver).Resolve(0xc0023c5688, {0xc000704a00, 0x36}, {0xc0056d97a0, 
0x6f}, 0x1)
	github.com/evanw/esbuild/internal/resolver/resolver.go:572 +0x1a1a fp=0xc0020e3220 sp=0xc0020e2e50 pc=0x7ff656f4ca9a
github.com/evanw/esbuild/internal/bundler.RunOnResolvePlugins({_, _, _}, _, {0xc0009df800, 0xc00428e000, 0xc00428e030, 
0xc00428e048, 0x3, 0xc0009df7d0}, ...)
	github.com/evanw/esbuild/internal/bundler/bundler.go:1154 +0x36a fp=0xc0020e3690 sp=0xc0020e3220 pc=0x7ff656f80e0a
github.com/evanw/esbuild/pkg/api.loadPlugins.func2({0xc0056d97a0, 0x6f}, {{0xc002610830, 0x10}, {0x0, 0x0}, {0x0, 
0x0}, {0xc000704a00, 0x36}, ...})
	github.com/evanw/esbuild/pkg/api/api_impl.go:2114 +0x4be fp=0xc0020e3d18 sp=0xc0020e3690 pc=0x7ff65703809e
main.(*serviceType).convertPlugins.func2.1(0xde, 0xc00064e840)
	github.com/evanw/esbuild/cmd/esbuild/service.go:944 +0x665 fp=0xc0020e3f50 sp=0xc0020e3d18 pc=0x7ff65707a885
main.(*serviceType).handleIncomingPacket.func4()
	github.com/evanw/esbuild/cmd/esbuild/service.go:262 +0xa4 fp=0xc0020e3fe0 sp=0xc0020e3f50 pc=0x7ff6570740a4
runtime.goexit({})
	runtime/asm_amd64.s:1693 +0x1 fp=0xc0020e3fe8 sp=0xc0020e3fe0 pc=0x7ff656bcf221
created by main.(*serviceType).handleIncomingPacket in goroutine 1
	github.com/evanw/esbuild/cmd/esbuild/service.go:257 +0x156e

goroutine 1487 gp=0xc003629880 m=nil [chan send]:
runtime.gopark(0xc00457a280?, 0x4?, 0xc8?, 0xd7?, 0xc0000ca080?)
	runtime/proc.go:460 +0xce fp=0xc002fcd738 sp=0xc002fcd718 pc=0x7ff656bc72ce
runtime.chansend(0xc000136000, 0x7ff6572b1690, 0x1, 0x0?)
	runtime/chan.go:283 +0x3cb fp=0xc002fcd7a8 sp=0xc002fcd738 pc=0x7ff656b5d58b
runtime.chansend1(0xc0000ca080?, 0xc006084b90?)
	runtime/chan.go:161 +0x17 fp=0xc002fcd7d8 sp=0xc002fcd7a8 pc=0x7ff656b5d1b7
github.com/evanw/esbuild/internal/fs.BeforeFileOpen(...)
	github.com/evanw/esbuild/internal/fs/fs.go:245
github.com/evanw/esbuild/internal/fs.(*realFS).kind(0xc0000da080, {0xc006084be0?, 0x4?}, {0xc0027d3b78?, 
0xc002fcd908?})
	github.com/evanw/esbuild/internal/fs/fs_real.go:413 +0xb3 fp=0xc002fcd878 sp=0xc002fcd7d8 pc=0x7ff656c9c793
github.com/evanw/esbuild/internal/fs.(*zipFS).kind(0xc005d78a50?, {0xc006084be0?, 0x4?}, {0xc0027d3b78?, 0x43?})
	github.com/evanw/esbuild/internal/fs/fs_zip.go:330 +0x28 fp=0xc002fcd8b0 sp=0xc002fcd878 pc=0x7ff656c9fa08
github.com/evanw/esbuild/internal/fs.(*Entry).Symlink(0xc0057f3900, {0x7ff6572bce40?, 0xc0000a6120?})
	github.com/evanw/esbuild/internal/fs/fs.go:47 +0xc3 fp=0xc002fcd918 sp=0xc002fcd8b0 pc=0x7ff656c98143
github.com/evanw/esbuild/internal/resolver.resolverQuery.dirInfoUncached({0xc0023c5b08?, 0xc004a5a910?, 0x0?, 0x48?}, 
{0xc006084b90, 0x48})
	github.com/evanw/esbuild/internal/resolver/resolver.go:1601 +0x9ae fp=0xc002fcdbf8 sp=0xc002fcd918 pc=0x7ff656f58cae
github.com/evanw/esbuild/internal/resolver.resolverQuery.dirInfoCached({0xc0023c5b08?, 0xc004a5a910?, 0x0?, 0x9e?}, 
{0xc006084b90, 0x48})
	github.com/evanw/esbuild/internal/resolver/resolver.go:1174 +0xee fp=0xc002fcdd00 sp=0xc002fcdbf8 pc=0x7ff656f5420e
github.com/evanw/esbuild/internal/resolver.resolverQuery.dirInfoUncached({0xc0023c5b08?, 0xc004a5a910?, 0x0?, 0x4d?}, 
{0xc006084b40, 0x4d})
	github.com/evanw/esbuild/internal/resolver/resolver.go:1538 +0xe5 fp=0xc002fcdfe0 sp=0xc002fcdd00 pc=0x7ff656f583e5
github.com/evanw/esbuild/internal/resolver.resolverQuery.dirInfoCached({0xc0023c5b08?, 0xc004a5a910?, 0x0?, 0x0?}, 
{0xc006084b40, 0x4d})
	github.com/evanw/esbuild/internal/resolver/resolver.go:1174 +0xee fp=0xc002fce0e8 sp=0xc002fcdfe0 pc=0x7ff656f5420e
github.com/evanw/esbuild/internal/resolver.resolverQuery.dirInfoUncached({0xc0023c5b08?, 0xc004a5a910?, 0x0?, 0x51?}, 
{0xc001a602a0, 0x51})
	github.com/evanw/esbuild/internal/resolver/resolver.go:1538 +0xe5 fp=0xc002fce3c8 sp=0xc002fce0e8 pc=0x7ff656f583e5
github.com/evanw/esbuild/internal/resolver.resolverQuery.dirInfoCached({0xc0023c5b08?, 0xc004a5a910?, 0x0?, 0x0?}, 
{0xc001a602a0, 0x51})
	github.com/evanw/esbuild/internal/resolver/resolver.go:1174 +0xee fp=0xc002fce4d0 sp=0xc002fce3c8 pc=0x7ff656f5420e
github.com/evanw/esbuild/internal/resolver.resolverQuery.dirInfoUncached({0xc0023c5b08?, 0xc004a5a910?, 0x0?, 0x5a?}, 
{0xc001a60240, 0x5a})
	github.com/evanw/esbuild/internal/resolver/resolver.go:1538 +0xe5 fp=0xc002fce7b0 sp=0xc002fce4d0 pc=0x7ff656f583e5
github.com/evanw/esbuild/internal/resolver.resolverQuery.dirInfoCached({0xc0023c5b08?, 0xc004a5a910?, 0x0?, 0x78?}, 
{0xc001a60240, 0x5a})
	github.com/evanw/esbuild/internal/resolver/resolver.go:1174 +0xee fp=0xc002fce8b8 sp=0xc002fce7b0 pc=0x7ff656f5420e
github.com/evanw/esbuild/internal/resolver.resolverQuery.dirInfoUncached({0xc0023c5b08?, 0xc004a5a910?, 0x0?, 0x64?}, 
{0xc0059ece00, 0x64})
	github.com/evanw/esbuild/internal/resolver/resolver.go:1538 +0xe5 fp=0xc002fceb98 sp=0xc002fce8b8 pc=0x7ff656f583e5
github.com/evanw/esbuild/internal/resolver.resolverQuery.dirInfoCached({0xc0023c5b08?, 0xc004a5a910?, 0x0?, 0x10?}, 
{0xc0059ece00, 0x64})
	github.com/evanw/esbuild/internal/resolver/resolver.go:1174 +0xee fp=0xc002fceca0 sp=0xc002fceb98 pc=0x7ff656f5420e
github.com/evanw/esbuild/internal/resolver.resolverQuery.finalizeResolve({0xc0023c5b08?, 0xc004a5a910?, 0x0?, 0x0?}, 
0xc005e8b9e0)
	github.com/evanw/esbuild/internal/resolver/resolver.go:842 +0x6f1 fp=0xc002fcee50 sp=0xc002fceca0 pc=0x7ff656f510d1
github.com/evanw/esbuild/internal/resolver.(*Resolver).Resolve(0xc0023c5b08, {0xc000704c40, 0x36}, {0xc0032a3680, 
0x76}, 0x1)
	github.com/evanw/esbuild/internal/resolver/resolver.go:572 +0x1a1a fp=0xc002fcf220 sp=0xc002fcee50 pc=0x7ff656f4ca9a
github.com/evanw/esbuild/internal/bundler.RunOnResolvePlugins({_, _, _}, _, {0xc0009df920, 0xc00428e0c0, 0xc00428e0f0, 
0xc00428e1b0, 0x3, 0xc0009df8f0}, ...)
	github.com/evanw/esbuild/internal/bundler/bundler.go:1154 +0x36a fp=0xc002fcf690 sp=0xc002fcf220 pc=0x7ff656f80e0a
github.com/evanw/esbuild/pkg/api.loadPlugins.func2({0xc0032a3680, 0x76}, {{0xc002610890, 0x10}, {0x0, 0x0}, {0x0, 
0x0}, {0xc000704c40, 0x36}, ...})
	github.com/evanw/esbuild/pkg/api/api_impl.go:2114 +0x4be fp=0xc002fcfd18 sp=0xc002fcf690 pc=0x7ff65703809e
main.(*serviceType).convertPlugins.func2.1(0xdf, 0xc00064e930)
	github.com/evanw/esbuild/cmd/esbuild/service.go:944 +0x665 fp=0xc002fcff50 sp=0xc002fcfd18 pc=0x7ff65707a885
main.(*serviceType).handleIncomingPacket.func4()
	github.com/evanw/esbuild/cmd/esbuild/service.go:262 +0xa4 fp=0xc002fcffe0 sp=0xc002fcff50 pc=0x7ff6570740a4
runtime.goexit({})
	runtime/asm_amd64.s:1693 +0x1 fp=0xc002fcffe8 sp=0xc002fcffe0 pc=0x7ff656bcf221
created by main.(*serviceType).handleIncomingPacket in goroutine 1
	github.com/evanw/esbuild/cmd/esbuild/service.go:257 +0x156e

goroutine 1488 gp=0xc003629a40 m=nil [chan send]:
runtime.gopark(0xc0011848c0?, 0x4?, 0xc8?, 0xf7?, 0xc0000ca080?)
	runtime/proc.go:460 +0xce fp=0xc00336f738 sp=0xc00336f718 pc=0x7ff656bc72ce
runtime.chansend(0xc000136000, 0x7ff6572b1690, 0x1, 0x0?)
	runtime/chan.go:283 +0x3cb fp=0xc00336f7a8 sp=0xc00336f738 pc=0x7ff656b5d58b
runtime.chansend1(0xc0000ca080?, 0xc005e039a0?)
	runtime/chan.go:161 +0x17 fp=0xc00336f7d8 sp=0xc00336f7a8 pc=0x7ff656b5d1b7
github.com/evanw/esbuild/internal/fs.BeforeFileOpen(...)
	github.com/evanw/esbuild/internal/fs/fs.go:245
github.com/evanw/esbuild/internal/fs.(*realFS).kind(0xc0000da080, {0xc005e039f0?, 0x4?}, {0xc002e66ac8?, 
0xc00336f908?})
	github.com/evanw/esbuild/internal/fs/fs_real.go:413 +0xb3 fp=0xc00336f878 sp=0xc00336f7d8 pc=0x7ff656c9c793
github.com/evanw/esbuild/internal/fs.(*zipFS).kind(0xc005f474d0?, {0xc005e039f0?, 0x4?}, {0xc002e66ac8?, 0x43?})
	github.com/evanw/esbuild/internal/fs/fs_zip.go:330 +0x28 fp=0xc00336f8b0 sp=0xc00336f878 pc=0x7ff656c9fa08
github.com/evanw/esbuild/internal/fs.(*Entry).Symlink(0xc005a9e780, {0x7ff6572bce40?, 0xc0000a6120?})
	github.com/evanw/esbuild/internal/fs/fs.go:47 +0xc3 fp=0xc00336f918 sp=0xc00336f8b0 pc=0x7ff656c98143
github.com/evanw/esbuild/internal/resolver.resolverQuery.dirInfoUncached({0xc002a72488?, 0xc003dc0aa0?, 0x0?, 0x48?}, 
{0xc005e039a0, 0x48})
	github.com/evanw/esbuild/internal/resolver/resolver.go:1601 +0x9ae fp=0xc00336fbf8 sp=0xc00336f918 pc=0x7ff656f58cae
github.com/evanw/esbuild/internal/resolver.resolverQuery.dirInfoCached({0xc002a72488?, 0xc003dc0aa0?, 0x0?, 0x9e?}, 
{0xc005e039a0, 0x48})
	github.com/evanw/esbuild/internal/resolver/resolver.go:1174 +0xee fp=0xc00336fd00 sp=0xc00336fbf8 pc=0x7ff656f5420e
github.com/evanw/esbuild/internal/resolver.resolverQuery.dirInfoUncached({0xc002a72488?, 0xc003dc0aa0?, 0x0?, 0x4d?}, 
{0xc005e03950, 0x4d})
	github.com/evanw/esbuild/internal/resolver/resolver.go:1538 +0xe5 fp=0xc00336ffe0 sp=0xc00336fd00 pc=0x7ff656f583e5
github.com/evanw/esbuild/internal/resolver.resolverQuery.dirInfoCached({0xc002a72488?, 0xc003dc0aa0?, 0x0?, 0x2f?}, 
{0xc005e03950, 0x4d})
	github.com/evanw/esbuild/internal/resolver/resolver.go:1174 +0xee fp=0xc0033700e8 sp=0xc00336ffe0 pc=0x7ff656f5420e
github.com/evanw/esbuild/internal/resolver.resolverQuery.dirInfoUncached({0xc002a72488?, 0xc003dc0aa0?, 0x0?, 0x51?}, 
{0xc0065a8ea0, 0x51})
	github.com/evanw/esbuild/internal/resolver/resolver.go:1538 +0xe5 fp=0xc0033703c8 sp=0xc0033700e8 pc=0x7ff656f583e5
github.com/evanw/esbuild/internal/resolver.resolverQuery.dirInfoCached({0xc002a72488?, 0xc003dc0aa0?, 0x0?, 0x0?}, 
{0xc0065a8ea0, 0x51})
	github.com/evanw/esbuild/internal/resolver/resolver.go:1174 +0xee fp=0xc0033704d0 sp=0xc0033703c8 pc=0x7ff656f5420e
github.com/evanw/esbuild/internal/resolver.resolverQuery.dirInfoUncached({0xc002a72488?, 0xc003dc0aa0?, 0x0?, 0x5a?}, 
{0xc0065a8e40, 0x5a})
	github.com/evanw/esbuild/internal/resolver/resolver.go:1538 +0xe5 fp=0xc0033707b0 sp=0xc0033704d0 pc=0x7ff656f583e5
github.com/evanw/esbuild/internal/resolver.resolverQuery.dirInfoCached({0xc002a72488?, 0xc003dc0aa0?, 0x0?, 0x78?}, 
{0xc0065a8e40, 0x5a})
	github.com/evanw/esbuild/internal/resolver/resolver.go:1174 +0xee fp=0xc0033708b8 sp=0xc0033707b0 pc=0x7ff656f5420e
github.com/evanw/esbuild/internal/resolver.resolverQuery.dirInfoUncached({0xc002a72488?, 0xc003dc0aa0?, 0x0?, 0x64?}, 
{0xc005e89570, 0x64})
	github.com/evanw/esbuild/internal/resolver/resolver.go:1538 +0xe5 fp=0xc003370b98 sp=0xc0033708b8 pc=0x7ff656f583e5
github.com/evanw/esbuild/internal/resolver.resolverQuery.dirInfoCached({0xc002a72488?, 0xc003dc0aa0?, 0x0?, 0xa0?}, 
{0xc005e89570, 0x64})
	github.com/evanw/esbuild/internal/resolver/resolver.go:1174 +0xee fp=0xc003370ca0 sp=0xc003370b98 pc=0x7ff656f5420e
github.com/evanw/esbuild/internal/resolver.resolverQuery.finalizeResolve({0xc002a72488?, 0xc003dc0aa0?, 0x0?, 0x0?}, 
0xc005a9ab40)
	github.com/evanw/esbuild/internal/resolver/resolver.go:842 +0x6f1 fp=0xc003370e50 sp=0xc003370ca0 pc=0x7ff656f510d1
github.com/evanw/esbuild/internal/resolver.(*Resolver).Resolve(0xc002a72488, {0xc000705200, 0x36}, {0xc0032a3700, 
0x72}, 0x1)
	github.com/evanw/esbuild/internal/resolver/resolver.go:572 +0x1a1a fp=0xc003371220 sp=0xc003370e50 pc=0x7ff656f4ca9a
github.com/evanw/esbuild/internal/bundler.RunOnResolvePlugins({_, _, _}, _, {0xc0009dfaa0, 0xc00428e210, 0xc00428e240, 
0xc00428e258, 0x3, 0xc0009dfa10}, ...)
	github.com/evanw/esbuild/internal/bundler/bundler.go:1154 +0x36a fp=0xc003371690 sp=0xc003371220 pc=0x7ff656f80e0a
github.com/evanw/esbuild/pkg/api.loadPlugins.func2({0xc0032a3700, 0x72}, {{0xc0026108f0, 0x10}, {0x0, 0x0}, {0x0, 
0x0}, {0xc000705200, 0x36}, ...})
	github.com/evanw/esbuild/pkg/api/api_impl.go:2114 +0x4be fp=0xc003371d18 sp=0xc003371690 pc=0x7ff65703809e
main.(*serviceType).convertPlugins.func2.1(0xe0, 0xc00064e990)
	github.com/evanw/esbuild/cmd/esbuild/service.go:944 +0x665 fp=0xc003371f50 sp=0xc003371d18 pc=0x7ff65707a885
main.(*serviceType).handleIncomingPacket.func4()
	github.com/evanw/esbuild/cmd/esbuild/service.go:262 +0xa4 fp=0xc003371fe0 sp=0xc003371f50 pc=0x7ff6570740a4
runtime.goexit({})
	runtime/asm_amd64.s:1693 +0x1 fp=0xc003371fe8 sp=0xc003371fe0 pc=0x7ff656bcf221
created by main.(*serviceType).handleIncomingPacket in goroutine 1
	github.com/evanw/esbuild/cmd/esbuild/service.go:257 +0x156e

goroutine 1489 gp=0xc003629c00 m=nil [chan send]:
runtime.gopark(0xc000846000?, 0x4?, 0xc8?, 0x57?, 0xc0000ca080?)
	runtime/proc.go:460 +0xce fp=0xc003095738 sp=0xc003095718 pc=0x7ff656bc72ce
runtime.chansend(0xc000136000, 0x7ff6572b1690, 0x1, 0x0?)
	runtime/chan.go:283 +0x3cb fp=0xc0030957a8 sp=0xc003095738 pc=0x7ff656b5d58b
runtime.chansend1(0xc0000ca080?, 0xc006085220?)
	runtime/chan.go:161 +0x17 fp=0xc0030957d8 sp=0xc0030957a8 pc=0x7ff656b5d1b7
github.com/evanw/esbuild/internal/fs.BeforeFileOpen(...)
	github.com/evanw/esbuild/internal/fs/fs.go:245
github.com/evanw/esbuild/internal/fs.(*realFS).kind(0xc0000da080, {0xc006085270?, 0x4?}, {0xc003d5bea8?, 
0xc003095908?})
	github.com/evanw/esbuild/internal/fs/fs_real.go:413 +0xb3 fp=0xc003095878 sp=0xc0030957d8 pc=0x7ff656c9c793
github.com/evanw/esbuild/internal/fs.(*zipFS).kind(0xc005f47440?, {0xc006085270?, 0x4?}, {0xc003d5bea8?, 0x43?})
	github.com/evanw/esbuild/internal/fs/fs_zip.go:330 +0x28 fp=0xc0030958b0 sp=0xc003095878 pc=0x7ff656c9fa08
github.com/evanw/esbuild/internal/fs.(*Entry).Symlink(0xc006066ac0, {0x7ff6572bce40?, 0xc0000a6120?})
	github.com/evanw/esbuild/internal/fs/fs.go:47 +0xc3 fp=0xc003095918 sp=0xc0030958b0 pc=0x7ff656c98143
github.com/evanw/esbuild/internal/resolver.resolverQuery.dirInfoUncached({0xc002a72908?, 0xc002a9f680?, 0x0?, 0x48?}, 
{0xc006085220, 0x48})
	github.com/evanw/esbuild/internal/resolver/resolver.go:1601 +0x9ae fp=0xc003095bf8 sp=0xc003095918 pc=0x7ff656f58cae
github.com/evanw/esbuild/internal/resolver.resolverQuery.dirInfoCached({0xc002a72908?, 0xc002a9f680?, 0x0?, 0x9e?}, 
{0xc006085220, 0x48})
	github.com/evanw/esbuild/internal/resolver/resolver.go:1174 +0xee fp=0xc003095d00 sp=0xc003095bf8 pc=0x7ff656f5420e
github.com/evanw/esbuild/internal/resolver.resolverQuery.dirInfoUncached({0xc002a72908?, 0xc002a9f680?, 0x0?, 0x4d?}, 
{0xc0060851d0, 0x4d})
	github.com/evanw/esbuild/internal/resolver/resolver.go:1538 +0xe5 fp=0xc003095fe0 sp=0xc003095d00 pc=0x7ff656f583e5
github.com/evanw/esbuild/internal/resolver.resolverQuery.dirInfoCached({0xc002a72908?, 0xc002a9f680?, 0x0?, 0x2f?}, 
{0xc0060851d0, 0x4d})
	github.com/evanw/esbuild/internal/resolver/resolver.go:1174 +0xee fp=0xc0030960e8 sp=0xc003095fe0 pc=0x7ff656f5420e
github.com/evanw/esbuild/internal/resolver.resolverQuery.dirInfoUncached({0xc002a72908?, 0xc002a9f680?, 0x0?, 0x51?}, 
{0xc001a60720, 0x51})
	github.com/evanw/esbuild/internal/resolver/resolver.go:1538 +0xe5 fp=0xc0030963c8 sp=0xc0030960e8 pc=0x7ff656f583e5
github.com/evanw/esbuild/internal/resolver.resolverQuery.dirInfoCached({0xc002a72908?, 0xc002a9f680?, 0x0?, 0x0?}, 
{0xc001a60720, 0x51})
	github.com/evanw/esbuild/internal/resolver/resolver.go:1174 +0xee fp=0xc0030964d0 sp=0xc0030963c8 pc=0x7ff656f5420e
github.com/evanw/esbuild/internal/resolver.resolverQuery.dirInfoUncached({0xc002a72908?, 0xc002a9f680?, 0x0?, 0x5a?}, 
{0xc001a606c0, 0x5a})
	github.com/evanw/esbuild/internal/resolver/resolver.go:1538 +0xe5 fp=0xc0030967b0 sp=0xc0030964d0 pc=0x7ff656f583e5
github.com/evanw/esbuild/internal/resolver.resolverQuery.dirInfoCached({0xc002a72908?, 0xc002a9f680?, 0x0?, 0x78?}, 
{0xc001a606c0, 0x5a})
	github.com/evanw/esbuild/internal/resolver/resolver.go:1174 +0xee fp=0xc0030968b8 sp=0xc0030967b0 pc=0x7ff656f5420e
github.com/evanw/esbuild/internal/resolver.resolverQuery.dirInfoUncached({0xc002a72908?, 0xc002a9f680?, 0x0?, 0x65?}, 
{0xc0059ed340, 0x65})
	github.com/evanw/esbuild/internal/resolver/resolver.go:1538 +0xe5 fp=0xc003096b98 sp=0xc0030968b8 pc=0x7ff656f583e5
github.com/evanw/esbuild/internal/resolver.resolverQuery.dirInfoCached({0xc002a72908?, 0xc002a9f680?, 0x0?, 0x80?}, 
{0xc0059ed340, 0x65})
	github.com/evanw/esbuild/internal/resolver/resolver.go:1174 +0xee fp=0xc003096ca0 sp=0xc003096b98 pc=0x7ff656f5420e
github.com/evanw/esbuild/internal/resolver.resolverQuery.finalizeResolve({0xc002a72908?, 0xc002a9f680?, 0x0?, 0x0?}, 
0xc00219a360)
	github.com/evanw/esbuild/internal/resolver/resolver.go:842 +0x6f1 fp=0xc003096e50 sp=0xc003096ca0 pc=0x7ff656f510d1
github.com/evanw/esbuild/internal/resolver.(*Resolver).Resolve(0xc002a72908, {0xc000705400, 0x36}, {0xc0056d9810, 
0x6c}, 0x1)
	github.com/evanw/esbuild/internal/resolver/resolver.go:572 +0x1a1a fp=0xc003097220 sp=0xc003096e50 pc=0x7ff656f4ca9a
github.com/evanw/esbuild/internal/bundler.RunOnResolvePlugins({_, _, _}, _, {0xc0009dfc50, 0xc00428e288, 0xc00428e2a0, 
0xc00428e2d0, 0x3, 0xc0009dfc20}, ...)
	github.com/evanw/esbuild/internal/bundler/bundler.go:1154 +0x36a fp=0xc003097690 sp=0xc003097220 pc=0x7ff656f80e0a
github.com/evanw/esbuild/pkg/api.loadPlugins.func2({0xc0056d9810, 0x6c}, {{0xc002610950, 0x10}, {0x0, 0x0}, {0x0, 
0x0}, {0xc000705400, 0x36}, ...})
	github.com/evanw/esbuild/pkg/api/api_impl.go:2114 +0x4be fp=0xc003097d18 sp=0xc003097690 pc=0x7ff65703809e
main.(*serviceType).convertPlugins.func2.1(0xe1, 0xc00064eba0)
	github.com/evanw/esbuild/cmd/esbuild/service.go:944 +0x665 fp=0xc003097f50 sp=0xc003097d18 pc=0x7ff65707a885
main.(*serviceType).handleIncomingPacket.func4()
	github.com/evanw/esbuild/cmd/esbuild/service.go:262 +0xa4 fp=0xc003097fe0 sp=0xc003097f50 pc=0x7ff6570740a4
runtime.goexit({})
	runtime/asm_amd64.s:1693 +0x1 fp=0xc003097fe8 sp=0xc003097fe0 pc=0x7ff656bcf221
created by main.(*serviceType).handleIncomingPacket in goroutine 1
	github.com/evanw/esbuild/cmd/esbuild/service.go:257 +0x156e

goroutine 1490 gp=0xc003629dc0 m=nil [chan send]:
runtime.gopark(0xc00487e3c0?, 0x4?, 0xc8?, 0xd7?, 0xc0000ca080?)
	runtime/proc.go:460 +0xce fp=0xc00308d738 sp=0xc00308d718 pc=0x7ff656bc72ce
runtime.chansend(0xc000136000, 0x7ff6572b1690, 0x1, 0x0?)
	runtime/chan.go:283 +0x3cb fp=0xc00308d7a8 sp=0xc00308d738 pc=0x7ff656b5d58b
runtime.chansend1(0xc0000ca080?, 0xc005edb7c0?)
	runtime/chan.go:161 +0x17 fp=0xc00308d7d8 sp=0xc00308d7a8 pc=0x7ff656b5d1b7
github.com/evanw/esbuild/internal/fs.BeforeFileOpen(...)
	github.com/evanw/esbuild/internal/fs/fs.go:245
github.com/evanw/esbuild/internal/fs.(*realFS).kind(0xc0000da080, {0xc005edb810?, 0x4?}, {0xc002e4c058?, 
0xc00308d908?})
	github.com/evanw/esbuild/internal/fs/fs_real.go:413 +0xb3 fp=0xc00308d878 sp=0xc00308d7d8 pc=0x7ff656c9c793
github.com/evanw/esbuild/internal/fs.(*zipFS).kind(0xc0064a5980?, {0xc005edb810?, 0x4?}, {0xc002e4c058?, 0x43?})
	github.com/evanw/esbuild/internal/fs/fs_zip.go:330 +0x28 fp=0xc00308d8b0 sp=0xc00308d878 pc=0x7ff656c9fa08
github.com/evanw/esbuild/internal/fs.(*Entry).Symlink(0xc005f05280, {0x7ff6572bce40?, 0xc0000a6120?})
	github.com/evanw/esbuild/internal/fs/fs.go:47 +0xc3 fp=0xc00308d918 sp=0xc00308d8b0 pc=0x7ff656c98143
github.com/evanw/esbuild/internal/resolver.resolverQuery.dirInfoUncached({0xc002a72d88?, 0xc005a1cc30?, 0x0?, 0x48?}, 
{0xc005edb7c0, 0x48})
	github.com/evanw/esbuild/internal/resolver/resolver.go:1601 +0x9ae fp=0xc00308dbf8 sp=0xc00308d918 pc=0x7ff656f58cae
github.com/evanw/esbuild/internal/resolver.resolverQuery.dirInfoCached({0xc002a72d88?, 0xc005a1cc30?, 0x0?, 0x9e?}, 
{0xc005edb7c0, 0x48})
	github.com/evanw/esbuild/internal/resolver/resolver.go:1174 +0xee fp=0xc00308dd00 sp=0xc00308dbf8 pc=0x7ff656f5420e
github.com/evanw/esbuild/internal/resolver.resolverQuery.dirInfoUncached({0xc002a72d88?, 0xc005a1cc30?, 0x0?, 0x4d?}, 
{0xc005edb770, 0x4d})
	github.com/evanw/esbuild/internal/resolver/resolver.go:1538 +0xe5 fp=0xc00308dfe0 sp=0xc00308dd00 pc=0x7ff656f583e5
github.com/evanw/esbuild/internal/resolver.resolverQuery.dirInfoCached({0xc002a72d88?, 0xc005a1cc30?, 0x0?, 0x2f?}, 
{0xc005edb770, 0x4d})
	github.com/evanw/esbuild/internal/resolver/resolver.go:1174 +0xee fp=0xc00308e0e8 sp=0xc00308dfe0 pc=0x7ff656f5420e
github.com/evanw/esbuild/internal/resolver.resolverQuery.dirInfoUncached({0xc002a72d88?, 0xc005a1cc30?, 0x0?, 0x51?}, 
{0xc006804d20, 0x51})
	github.com/evanw/esbuild/internal/resolver/resolver.go:1538 +0xe5 fp=0xc00308e3c8 sp=0xc00308e0e8 pc=0x7ff656f583e5
github.com/evanw/esbuild/internal/resolver.resolverQuery.dirInfoCached({0xc002a72d88?, 0xc005a1cc30?, 0x0?, 0x0?}, 
{0xc006804d20, 0x51})
	github.com/evanw/esbuild/internal/resolver/resolver.go:1174 +0xee fp=0xc00308e4d0 sp=0xc00308e3c8 pc=0x7ff656f5420e
github.com/evanw/esbuild/internal/resolver.resolverQuery.dirInfoUncached({0xc002a72d88?, 0xc005a1cc30?, 0x0?, 0x5a?}, 
{0xc006804cc0, 0x5a})
	github.com/evanw/esbuild/internal/resolver/resolver.go:1538 +0xe5 fp=0xc00308e7b0 sp=0xc00308e4d0 pc=0x7ff656f583e5
github.com/evanw/esbuild/internal/resolver.resolverQuery.dirInfoCached({0xc002a72d88?, 0xc005a1cc30?, 0x0?, 0x78?}, 
{0xc006804cc0, 0x5a})
	github.com/evanw/esbuild/internal/resolver/resolver.go:1174 +0xee fp=0xc00308e8b8 sp=0xc00308e7b0 pc=0x7ff656f5420e
github.com/evanw/esbuild/internal/resolver.resolverQuery.dirInfoUncached({0xc002a72d88?, 0xc005a1cc30?, 0x0?, 0x64?}, 
{0xc0035aee70, 0x64})
	github.com/evanw/esbuild/internal/resolver/resolver.go:1538 +0xe5 fp=0xc00308eb98 sp=0xc00308e8b8 pc=0x7ff656f583e5
github.com/evanw/esbuild/internal/resolver.resolverQuery.dirInfoCached({0xc002a72d88?, 0xc005a1cc30?, 0x0?, 0x30?}, 
{0xc0035aee70, 0x64})
	github.com/evanw/esbuild/internal/resolver/resolver.go:1174 +0xee fp=0xc00308eca0 sp=0xc00308eb98 pc=0x7ff656f5420e
github.com/evanw/esbuild/internal/resolver.resolverQuery.finalizeResolve({0xc002a72d88?, 0xc005a1cc30?, 0x0?, 0x0?}, 
0xc004cdd9e0)
	github.com/evanw/esbuild/internal/resolver/resolver.go:842 +0x6f1 fp=0xc00308ee50 sp=0xc00308eca0 pc=0x7ff656f510d1
github.com/evanw/esbuild/internal/resolver.(*Resolver).Resolve(0xc002a72d88, {0xc000705440, 0x36}, {0xc0032a3780, 
0x78}, 0x1)
	github.com/evanw/esbuild/internal/resolver/resolver.go:572 +0x1a1a fp=0xc00308f220 sp=0xc00308ee50 pc=0x7ff656f4ca9a
github.com/evanw/esbuild/internal/bundler.RunOnResolvePlugins({_, _, _}, _, {0xc0009dfe90, 0xc00428e300, 0xc00428e318, 
0xc00428e330, 0x3, 0xc0009dfe00}, ...)
	github.com/evanw/esbuild/internal/bundler/bundler.go:1154 +0x36a fp=0xc00308f690 sp=0xc00308f220 pc=0x7ff656f80e0a
github.com/evanw/esbuild/pkg/api.loadPlugins.func2({0xc0032a3780, 0x78}, {{0xc0026109b0, 0x10}, {0x0, 0x0}, {0x0, 
0x0}, {0xc000705440, 0x36}, ...})
	github.com/evanw/esbuild/pkg/api/api_impl.go:2114 +0x4be fp=0xc00308fd18 sp=0xc00308f690 pc=0x7ff65703809e
main.(*serviceType).convertPlugins.func2.1(0xe2, 0xc00064ede0)
	github.com/evanw/esbuild/cmd/esbuild/service.go:944 +0x665 fp=0xc00308ff50 sp=0xc00308fd18 pc=0x7ff65707a885
main.(*serviceType).handleIncomingPacket.func4()
	github.com/evanw/esbuild/cmd/esbuild/service.go:262 +0xa4 fp=0xc00308ffe0 sp=0xc00308ff50 pc=0x7ff6570740a4
runtime.goexit({})
	runtime/asm_amd64.s:1693 +0x1 fp=0xc00308ffe8 sp=0xc00308ffe0 pc=0x7ff656bcf221
created by main.(*serviceType).handleIncomingPacket in goroutine 1
	github.com/evanw/esbuild/cmd/esbuild/service.go:257 +0x156e

goroutine 1491 gp=0xc001380fc0 m=nil [chan send]:
runtime.gopark(0xc00457a3c0?, 0x4?, 0xc8?, 0x97?, 0xc0000ca080?)
	runtime/proc.go:460 +0xce fp=0xc002ce9738 sp=0xc002ce9718 pc=0x7ff656bc72ce
runtime.chansend(0xc000136000, 0x7ff6572b1690, 0x1, 0x0?)
	runtime/chan.go:283 +0x3cb fp=0xc002ce97a8 sp=0xc002ce9738 pc=0x7ff656b5d58b
runtime.chansend1(0xc0000ca080?, 0xc006084e10?)
	runtime/chan.go:161 +0x17 fp=0xc002ce97d8 sp=0xc002ce97a8 pc=0x7ff656b5d1b7
github.com/evanw/esbuild/internal/fs.BeforeFileOpen(...)
	github.com/evanw/esbuild/internal/fs/fs.go:245
github.com/evanw/esbuild/internal/fs.(*realFS).kind(0xc0000da080, {0xc006084e60?, 0x4?}, {0xc004ecb448?, 
0xc002ce9908?})
	github.com/evanw/esbuild/internal/fs/fs_real.go:413 +0xb3 fp=0xc002ce9878 sp=0xc002ce97d8 pc=0x7ff656c9c793
github.com/evanw/esbuild/internal/fs.(*zipFS).kind(0xc005f47320?, {0xc006084e60?, 0x4?}, {0xc004ecb448?, 0x43?})
	github.com/evanw/esbuild/internal/fs/fs_zip.go:330 +0x28 fp=0xc002ce98b0 sp=0xc002ce9878 pc=0x7ff656c9fa08
github.com/evanw/esbuild/internal/fs.(*Entry).Symlink(0xc004d96800, {0x7ff6572bce40?, 0xc0000a6120?})
	github.com/evanw/esbuild/internal/fs/fs.go:47 +0xc3 fp=0xc002ce9918 sp=0xc002ce98b0 pc=0x7ff656c98143
github.com/evanw/esbuild/internal/resolver.resolverQuery.dirInfoUncached({0xc002a73208?, 0xc00353bc70?, 0x0?, 0x48?}, 
{0xc006084e10, 0x48})
	github.com/evanw/esbuild/internal/resolver/resolver.go:1601 +0x9ae fp=0xc002ce9bf8 sp=0xc002ce9918 pc=0x7ff656f58cae
github.com/evanw/esbuild/internal/resolver.resolverQuery.dirInfoCached({0xc002a73208?, 0xc00353bc70?, 0x0?, 0x9e?}, 
{0xc006084e10, 0x48})
	github.com/evanw/esbuild/internal/resolver/resolver.go:1174 +0xee fp=0xc002ce9d00 sp=0xc002ce9bf8 pc=0x7ff656f5420e
github.com/evanw/esbuild/internal/resolver.resolverQuery.dirInfoUncached({0xc002a73208?, 0xc00353bc70?, 0x0?, 0x4d?}, 
{0xc006084dc0, 0x4d})
	github.com/evanw/esbuild/internal/resolver/resolver.go:1538 +0xe5 fp=0xc002ce9fe0 sp=0xc002ce9d00 pc=0x7ff656f583e5
github.com/evanw/esbuild/internal/resolver.resolverQuery.dirInfoCached({0xc002a73208?, 0xc00353bc70?, 0x0?, 0x2f?}, 
{0xc006084dc0, 0x4d})
	github.com/evanw/esbuild/internal/resolver/resolver.go:1174 +0xee fp=0xc002cea0e8 sp=0xc002ce9fe0 pc=0x7ff656f5420e
github.com/evanw/esbuild/internal/resolver.resolverQuery.dirInfoUncached({0xc002a73208?, 0xc00353bc70?, 0x0?, 0x51?}, 
{0xc001a60420, 0x51})
	github.com/evanw/esbuild/internal/resolver/resolver.go:1538 +0xe5 fp=0xc002cea3c8 sp=0xc002cea0e8 pc=0x7ff656f583e5
github.com/evanw/esbuild/internal/resolver.resolverQuery.dirInfoCached({0xc002a73208?, 0xc00353bc70?, 0x0?, 0x0?}, 
{0xc001a60420, 0x51})
	github.com/evanw/esbuild/internal/resolver/resolver.go:1174 +0xee fp=0xc002cea4d0 sp=0xc002cea3c8 pc=0x7ff656f5420e
github.com/evanw/esbuild/internal/resolver.resolverQuery.dirInfoUncached({0xc002a73208?, 0xc00353bc70?, 0x0?, 0x5a?}, 
{0xc001a603c0, 0x5a})
	github.com/evanw/esbuild/internal/resolver/resolver.go:1538 +0xe5 fp=0xc002cea7b0 sp=0xc002cea4d0 pc=0x7ff656f583e5
github.com/evanw/esbuild/internal/resolver.resolverQuery.dirInfoCached({0xc002a73208?, 0xc00353bc70?, 0x0?, 0x78?}, 
{0xc001a603c0, 0x5a})
	github.com/evanw/esbuild/internal/resolver/resolver.go:1174 +0xee fp=0xc002cea8b8 sp=0xc002cea7b0 pc=0x7ff656f5420e
github.com/evanw/esbuild/internal/resolver.resolverQuery.dirInfoUncached({0xc002a73208?, 0xc00353bc70?, 0x0?, 0x64?}, 
{0xc0059ecf50, 0x64})
	github.com/evanw/esbuild/internal/resolver/resolver.go:1538 +0xe5 fp=0xc002ceab98 sp=0xc002cea8b8 pc=0x7ff656f583e5
github.com/evanw/esbuild/internal/resolver.resolverQuery.dirInfoCached({0xc002a73208?, 0xc00353bc70?, 0x0?, 0x70?}, 
{0xc0059ecf50, 0x64})
	github.com/evanw/esbuild/internal/resolver/resolver.go:1174 +0xee fp=0xc002ceaca0 sp=0xc002ceab98 pc=0x7ff656f5420e
github.com/evanw/esbuild/internal/resolver.resolverQuery.finalizeResolve({0xc002a73208?, 0xc00353bc70?, 0x0?, 0x0?}, 
0xc005e8bc20)
	github.com/evanw/esbuild/internal/resolver/resolver.go:842 +0x6f1 fp=0xc002ceae50 sp=0xc002ceaca0 pc=0x7ff656f510d1
github.com/evanw/esbuild/internal/resolver.(*Resolver).Resolve(0xc002a73208, {0xc000705480, 0x36}, {0xc0056d9880, 
0x6f}, 0x1)
	github.com/evanw/esbuild/internal/resolver/resolver.go:572 +0x1a1a fp=0xc002ceb220 sp=0xc002ceae50 pc=0x7ff656f4ca9a
github.com/evanw/esbuild/internal/bundler.RunOnResolvePlugins({_, _, _}, _, {0xc0041f65d0, 0xc00428e360, 0xc00428e408, 
0xc00428e438, 0x3, 0xc0041f6510}, ...)
	github.com/evanw/esbuild/internal/bundler/bundler.go:1154 +0x36a fp=0xc002ceb690 sp=0xc002ceb220 pc=0x7ff656f80e0a
github.com/evanw/esbuild/pkg/api.loadPlugins.func2({0xc0056d9880, 0x6f}, {{0xc002610a10, 0x10}, {0x0, 0x0}, {0x0, 
0x0}, {0xc000705480, 0x36}, ...})
	github.com/evanw/esbuild/pkg/api/api_impl.go:2114 +0x4be fp=0xc002cebd18 sp=0xc002ceb690 pc=0x7ff65703809e
main.(*serviceType).convertPlugins.func2.1(0xe3, 0xc00064f080)
	github.com/evanw/esbuild/cmd/esbuild/service.go:944 +0x665 fp=0xc002cebf50 sp=0xc002cebd18 pc=0x7ff65707a885
main.(*serviceType).handleIncomingPacket.func4()
	github.com/evanw/esbuild/cmd/esbuild/service.go:262 +0xa4 fp=0xc002cebfe0 sp=0xc002cebf50 pc=0x7ff6570740a4
runtime.goexit({})
	runtime/asm_amd64.s:1693 +0x1 fp=0xc002cebfe8 sp=0xc002cebfe0 pc=0x7ff656bcf221
created by main.(*serviceType).handleIncomingPacket in goroutine 1
	github.com/evanw/esbuild/cmd/esbuild/service.go:257 +0x156e

goroutine 1492 gp=0xc001381180 m=nil [runnable]:
runtime.cgocall(0x7ff656bd0a40, 0xc003f53358)
	runtime/cgocall.go:167 +0x3e fp=0xc002f280f0 sp=0xc002f28088 pc=0x7ff656bc467e
runtime.syscall_syscalln(0xc002f28170?, 0x7ff656b660f4?, {0xc002f28138?, 0xc003f53358?, 0x0?})
	runtime/syscall_windows.go:521 +0x4e fp=0xc002f28110 sp=0xc002f280f0 pc=0x7ff656bb0bee
syscall.Syscall6(0x7ff656be659d?, 0x1260?, 0x7ff6571a7a40?, 0xc002f281c8?, 0x7ff656be63a5?, 0x7ff6575e6b40?, 
0x7ff656b66b25?, 0x7ff657117a00?)
	runtime/syscall_windows.go:463 +0x38 fp=0xc002f28178 sp=0xc002f28110 pc=0x7ff656bcb038
internal/syscall/windows.GetFileInformationByHandleEx(0x1260, 0xb, 0x8?, 0x10000)
	internal/syscall/windows/zsyscall_windows.go:323 +0x73 fp=0xc002f281d8 sp=0xc002f28178 pc=0x7ff656c216f3
os.(*File).readdir(0xc005b7c150, 0xffffffffffffffff, 0x0)
	os/dir_windows.go:125 +0x2bf fp=0xc002f282d0 sp=0xc002f281d8 pc=0x7ff656c2ad1f
os.(*File).Readdirnames(0xc0067a4770?, 0x0?)
	os/dir.go:73 +0x1a fp=0xc002f28308 sp=0xc002f282d0 pc=0x7ff656c2a8da
github.com/evanw/esbuild/internal/fs.(*realFS).readdir(0xc0000da080, {0xc0067a4770, 0x64})
	github.com/evanw/esbuild/internal/fs/fs_real.go:362 +0xfd fp=0xc002f283a0 sp=0xc002f28308 pc=0x7ff656c9c3bd
github.com/evanw/esbuild/internal/fs.(*realFS).ReadDirectory(0xc0000da080, {0xc0067a4770, 0x64})
	github.com/evanw/esbuild/internal/fs/fs_real.go:146 +0x177 fp=0xc002f28530 sp=0xc002f283a0 pc=0x7ff656c9a637
github.com/evanw/esbuild/internal/fs.(*zipFS).ReadDirectory(0xc0000a6120, {0xc0067a4770, 0x64})
	github.com/evanw/esbuild/internal/fs/fs_zip.go:188 +0xbf fp=0xc002f28670 sp=0xc002f28530 pc=0x7ff656c9e7df
github.com/evanw/esbuild/internal/resolver.resolverQuery.loadAsFile({0xc002a73688?, 0xc005a1cbe0?, 0x0?, 0x6b?}, 
{0xc0056d98f0, 0x6b}, {0xc0022e7810, 0x5, 0x1b656c9c852?})
	github.com/evanw/esbuild/internal/resolver/resolver.go:1741 +0x31e fp=0xc002f288e0 sp=0xc002f28670 pc=0x7ff656f5a03e
github.com/evanw/esbuild/internal/resolver.resolverQuery.loadAsFileOrDirectory({0xc002a73688?, 0xc005a1cbe0?, 0x0?, 
0x6b?}, {0xc0056d98f0, 0x6b})
	github.com/evanw/esbuild/internal/resolver/resolver.go:1930 +0x173 fp=0xc002f28a88 sp=0xc002f288e0 pc=0x7ff656f5c1f3
github.com/evanw/esbuild/internal/resolver.resolverQuery.resolveWithoutSymlinks({0xc002a73688?, 0xc005a1cbe0?, 0x0?, 
0x0?}, {0xc0007054c0, 0x36}, 0xc0064e5e80, {0xc0056d98f0, 0x6b})
	github.com/evanw/esbuild/internal/resolver/resolver.go:981 +0x4f1 fp=0xc002f28e50 sp=0xc002f28a88 pc=0x7ff656f52651
github.com/evanw/esbuild/internal/resolver.(*Resolver).Resolve(0xc002a73688, {0xc0007054c0, 0x36}, {0xc0056d98f0, 
0x6b}, 0x1)
	github.com/evanw/esbuild/internal/resolver/resolver.go:548 +0x16f9 fp=0xc002f29220 sp=0xc002f28e50 pc=0x7ff656f4c779
github.com/evanw/esbuild/internal/bundler.RunOnResolvePlugins({_, _, _}, _, {0xc0041f6a20, 0xc00428e4e0, 0xc00428e510, 
0xc00428e528, 0x3, 0xc0041f68d0}, ...)
	github.com/evanw/esbuild/internal/bundler/bundler.go:1154 +0x36a fp=0xc002f29690 sp=0xc002f29220 pc=0x7ff656f80e0a
github.com/evanw/esbuild/pkg/api.loadPlugins.func2({0xc0056d98f0, 0x6b}, {{0xc002610a70, 0x10}, {0x0, 0x0}, {0x0, 
0x0}, {0xc0007054c0, 0x36}, ...})
	github.com/evanw/esbuild/pkg/api/api_impl.go:2114 +0x4be fp=0xc002f29d18 sp=0xc002f29690 pc=0x7ff65703809e
main.(*serviceType).convertPlugins.func2.1(0xe4, 0xc00064f2c0)
	github.com/evanw/esbuild/cmd/esbuild/service.go:944 +0x665 fp=0xc002f29f50 sp=0xc002f29d18 pc=0x7ff65707a885
main.(*serviceType).handleIncomingPacket.func4()
	github.com/evanw/esbuild/cmd/esbuild/service.go:262 +0xa4 fp=0xc002f29fe0 sp=0xc002f29f50 pc=0x7ff6570740a4
runtime.goexit({})
	runtime/asm_amd64.s:1693 +0x1 fp=0xc002f29fe8 sp=0xc002f29fe0 pc=0x7ff656bcf221
created by main.(*serviceType).handleIncomingPacket in goroutine 1
	github.com/evanw/esbuild/cmd/esbuild/service.go:257 +0x156e

goroutine 1493 gp=0xc0013816c0 m=nil [chan send]:
runtime.gopark(0xc005bc5ea0?, 0x4?, 0xc8?, 0x57?, 0xc0000ca080?)
	runtime/proc.go:460 +0xce fp=0xc003075738 sp=0xc003075718 pc=0x7ff656bc72ce
runtime.chansend(0xc000136000, 0x7ff6572b1690, 0x1, 0x0?)
	runtime/chan.go:283 +0x3cb fp=0xc0030757a8 sp=0xc003075738 pc=0x7ff656b5d58b
runtime.chansend1(0xc0000ca080?, 0xc004d9f540?)
	runtime/chan.go:161 +0x17 fp=0xc0030757d8 sp=0xc0030757a8 pc=0x7ff656b5d1b7
github.com/evanw/esbuild/internal/fs.BeforeFileOpen(...)
	github.com/evanw/esbuild/internal/fs/fs.go:245
github.com/evanw/esbuild/internal/fs.(*realFS).kind(0xc0000da080, {0xc004d9f590?, 0x4?}, {0xc003a05768?, 
0xc003075908?})
	github.com/evanw/esbuild/internal/fs/fs_real.go:413 +0xb3 fp=0xc003075878 sp=0xc0030757d8 pc=0x7ff656c9c793
github.com/evanw/esbuild/internal/fs.(*zipFS).kind(0xc0064a5950?, {0xc004d9f590?, 0x4?}, {0xc003a05768?, 0x43?})
	github.com/evanw/esbuild/internal/fs/fs_zip.go:330 +0x28 fp=0xc0030758b0 sp=0xc003075878 pc=0x7ff656c9fa08
github.com/evanw/esbuild/internal/fs.(*Entry).Symlink(0xc000a1eb00, {0x7ff6572bce40?, 0xc0000a6120?})
	github.com/evanw/esbuild/internal/fs/fs.go:47 +0xc3 fp=0xc003075918 sp=0xc0030758b0 pc=0x7ff656c98143
github.com/evanw/esbuild/internal/resolver.resolverQuery.dirInfoUncached({0xc0021fa008?, 0xc002a9f540?, 0x0?, 0x48?}, 
{0xc004d9f540, 0x48})
	github.com/evanw/esbuild/internal/resolver/resolver.go:1601 +0x9ae fp=0xc003075bf8 sp=0xc003075918 pc=0x7ff656f58cae
github.com/evanw/esbuild/internal/resolver.resolverQuery.dirInfoCached({0xc0021fa008?, 0xc002a9f540?, 0x0?, 0x9e?}, 
{0xc004d9f540, 0x48})
	github.com/evanw/esbuild/internal/resolver/resolver.go:1174 +0xee fp=0xc003075d00 sp=0xc003075bf8 pc=0x7ff656f5420e
github.com/evanw/esbuild/internal/resolver.resolverQuery.dirInfoUncached({0xc0021fa008?, 0xc002a9f540?, 0x0?, 0x4d?}, 
{0xc004d9f4f0, 0x4d})
	github.com/evanw/esbuild/internal/resolver/resolver.go:1538 +0xe5 fp=0xc003075fe0 sp=0xc003075d00 pc=0x7ff656f583e5
github.com/evanw/esbuild/internal/resolver.resolverQuery.dirInfoCached({0xc0021fa008?, 0xc002a9f540?, 0x0?, 0x2f?}, 
{0xc004d9f4f0, 0x4d})
	github.com/evanw/esbuild/internal/resolver/resolver.go:1174 +0xee fp=0xc0030760e8 sp=0xc003075fe0 pc=0x7ff656f5420e
github.com/evanw/esbuild/internal/resolver.resolverQuery.dirInfoUncached({0xc0021fa008?, 0xc002a9f540?, 0x0?, 0x51?}, 
{0xc00668ca80, 0x51})
	github.com/evanw/esbuild/internal/resolver/resolver.go:1538 +0xe5 fp=0xc0030763c8 sp=0xc0030760e8 pc=0x7ff656f583e5
github.com/evanw/esbuild/internal/resolver.resolverQuery.dirInfoCached({0xc0021fa008?, 0xc002a9f540?, 0x0?, 0x0?}, 
{0xc00668ca80, 0x51})
	github.com/evanw/esbuild/internal/resolver/resolver.go:1174 +0xee fp=0xc0030764d0 sp=0xc0030763c8 pc=0x7ff656f5420e
github.com/evanw/esbuild/internal/resolver.resolverQuery.dirInfoUncached({0xc0021fa008?, 0xc002a9f540?, 0x0?, 0x5a?}, 
{0xc00668ca20, 0x5a})
	github.com/evanw/esbuild/internal/resolver/resolver.go:1538 +0xe5 fp=0xc0030767b0 sp=0xc0030764d0 pc=0x7ff656f583e5
github.com/evanw/esbuild/internal/resolver.resolverQuery.dirInfoCached({0xc0021fa008?, 0xc002a9f540?, 0x0?, 0x48?}, 
{0xc00668ca20, 0x5a})
	github.com/evanw/esbuild/internal/resolver/resolver.go:1174 +0xee fp=0xc0030768b8 sp=0xc0030767b0 pc=0x7ff656f5420e
github.com/evanw/esbuild/internal/resolver.resolverQuery.dirInfoUncached({0xc0021fa008?, 0xc002a9f540?, 0x0?, 0x64?}, 
{0xc0067a5110, 0x64})
	github.com/evanw/esbuild/internal/resolver/resolver.go:1538 +0xe5 fp=0xc003076b98 sp=0xc0030768b8 pc=0x7ff656f583e5
github.com/evanw/esbuild/internal/resolver.resolverQuery.dirInfoCached({0xc0021fa008?, 0xc002a9f540?, 0x0?, 0x40?}, 
{0xc0067a5110, 0x64})
	github.com/evanw/esbuild/internal/resolver/resolver.go:1174 +0xee fp=0xc003076ca0 sp=0xc003076b98 pc=0x7ff656f5420e
github.com/evanw/esbuild/internal/resolver.resolverQuery.finalizeResolve({0xc0021fa008?, 0xc002a9f540?, 0x0?, 0x0?}, 
0xc003b90000)
	github.com/evanw/esbuild/internal/resolver/resolver.go:842 +0x6f1 fp=0xc003076e50 sp=0xc003076ca0 pc=0x7ff656f510d1
github.com/evanw/esbuild/internal/resolver.(*Resolver).Resolve(0xc0021fa008, {0xc000705580, 0x36}, {0xc0032a3800, 
0x79}, 0x1)
	github.com/evanw/esbuild/internal/resolver/resolver.go:572 +0x1a1a fp=0xc003077220 sp=0xc003076e50 pc=0x7ff656f4ca9a
github.com/evanw/esbuild/internal/bundler.RunOnResolvePlugins({_, _, _}, _, {0xc0041f72c0, 0xc00428e5b8, 0xc00428e600, 
0xc00428e618, 0x3, 0xc0041f7080}, ...)
	github.com/evanw/esbuild/internal/bundler/bundler.go:1154 +0x36a fp=0xc003077690 sp=0xc003077220 pc=0x7ff656f80e0a
github.com/evanw/esbuild/pkg/api.loadPlugins.func2({0xc0032a3800, 0x79}, {{0xc002610ad0, 0x10}, {0x0, 0x0}, {0x0, 
0x0}, {0xc000705580, 0x36}, ...})
	github.com/evanw/esbuild/pkg/api/api_impl.go:2114 +0x4be fp=0xc003077d18 sp=0xc003077690 pc=0x7ff65703809e
main.(*serviceType).convertPlugins.func2.1(0xe5, 0xc00064f4a0)
	github.com/evanw/esbuild/cmd/esbuild/service.go:944 +0x665 fp=0xc003077f50 sp=0xc003077d18 pc=0x7ff65707a885
main.(*serviceType).handleIncomingPacket.func4()
	github.com/evanw/esbuild/cmd/esbuild/service.go:262 +0xa4 fp=0xc003077fe0 sp=0xc003077f50 pc=0x7ff6570740a4
runtime.goexit({})
	runtime/asm_amd64.s:1693 +0x1 fp=0xc003077fe8 sp=0xc003077fe0 pc=0x7ff656bcf221
created by main.(*serviceType).handleIncomingPacket in goroutine 1
	github.com/evanw/esbuild/cmd/esbuild/service.go:257 +0x156e

goroutine 1494 gp=0xc001381c00 m=nil [chan send]:
runtime.gopark(0xc00487e370?, 0x0?, 0xc6?, 0xd?, 0xc0000ca080?)
	runtime/proc.go:460 +0xce fp=0xc00307d738 sp=0xc00307d718 pc=0x7ff656bc72ce
runtime.chansend(0xc000136000, 0x7ff6572b1690, 0x1, 0x7ff657618cb8?)
	runtime/chan.go:283 +0x3cb fp=0xc00307d7a8 sp=0xc00307d738 pc=0x7ff656b5d58b
runtime.chansend1(0xc0000ca080?, 0x7ff656b77a45?)
	runtime/chan.go:161 +0x17 fp=0xc00307d7d8 sp=0xc00307d7a8 pc=0x7ff656b5d1b7
github.com/evanw/esbuild/internal/fs.BeforeFileOpen(...)
	github.com/evanw/esbuild/internal/fs/fs.go:245
github.com/evanw/esbuild/internal/fs.(*realFS).kind(0xc0000da080, {0xc006085090?, 0x4?}, {0xc003b85348?, 
0xc00307d908?})
	github.com/evanw/esbuild/internal/fs/fs_real.go:413 +0xb3 fp=0xc00307d878 sp=0xc00307d7d8 pc=0x7ff656c9c793
github.com/evanw/esbuild/internal/fs.(*zipFS).kind(0xc0032e9e30?, {0xc006085090?, 0x4?}, {0xc003b85348?, 0x43?})
	github.com/evanw/esbuild/internal/fs/fs_zip.go:330 +0x28 fp=0xc00307d8b0 sp=0xc00307d878 pc=0x7ff656c9fa08
github.com/evanw/esbuild/internal/fs.(*Entry).Symlink(0xc003b42480, {0x7ff6572bce40?, 0xc0000a6120?})
	github.com/evanw/esbuild/internal/fs/fs.go:47 +0xc3 fp=0xc00307d918 sp=0xc00307d8b0 pc=0x7ff656c98143
github.com/evanw/esbuild/internal/resolver.resolverQuery.dirInfoUncached({0xc0021fa488?, 0xc003210f50?, 0x0?, 0x48?}, 
{0xc006085040, 0x48})
	github.com/evanw/esbuild/internal/resolver/resolver.go:1601 +0x9ae fp=0xc00307dbf8 sp=0xc00307d918 pc=0x7ff656f58cae
github.com/evanw/esbuild/internal/resolver.resolverQuery.dirInfoCached({0xc0021fa488?, 0xc003210f50?, 0x0?, 0x60?}, 
{0xc006085040, 0x48})
	github.com/evanw/esbuild/internal/resolver/resolver.go:1174 +0xee fp=0xc00307dd00 sp=0xc00307dbf8 pc=0x7ff656f5420e
github.com/evanw/esbuild/internal/resolver.resolverQuery.dirInfoUncached({0xc0021fa488?, 0xc003210f50?, 0x0?, 0x4d?}, 
{0xc006084ff0, 0x4d})
	github.com/evanw/esbuild/internal/resolver/resolver.go:1538 +0xe5 fp=0xc00307dfe0 sp=0xc00307dd00 pc=0x7ff656f583e5
github.com/evanw/esbuild/internal/resolver.resolverQuery.dirInfoCached({0xc0021fa488?, 0xc003210f50?, 0x0?, 0x2f?}, 
{0xc006084ff0, 0x4d})
	github.com/evanw/esbuild/internal/resolver/resolver.go:1174 +0xee fp=0xc00307e0e8 sp=0xc00307dfe0 pc=0x7ff656f5420e
github.com/evanw/esbuild/internal/resolver.resolverQuery.dirInfoUncached({0xc0021fa488?, 0xc003210f50?, 0x0?, 0x51?}, 
{0xc001a605a0, 0x51})
	github.com/evanw/esbuild/internal/resolver/resolver.go:1538 +0xe5 fp=0xc00307e3c8 sp=0xc00307e0e8 pc=0x7ff656f583e5
github.com/evanw/esbuild/internal/resolver.resolverQuery.dirInfoCached({0xc0021fa488?, 0xc003210f50?, 0x0?, 0x0?}, 
{0xc001a605a0, 0x51})
	github.com/evanw/esbuild/internal/resolver/resolver.go:1174 +0xee fp=0xc00307e4d0 sp=0xc00307e3c8 pc=0x7ff656f5420e
github.com/evanw/esbuild/internal/resolver.resolverQuery.dirInfoUncached({0xc0021fa488?, 0xc003210f50?, 0x0?, 0x5a?}, 
{0xc001a60540, 0x5a})
	github.com/evanw/esbuild/internal/resolver/resolver.go:1538 +0xe5 fp=0xc00307e7b0 sp=0xc00307e4d0 pc=0x7ff656f583e5
github.com/evanw/esbuild/internal/resolver.resolverQuery.dirInfoCached({0xc0021fa488?, 0xc003210f50?, 0x0?, 0x78?}, 
{0xc001a60540, 0x5a})
	github.com/evanw/esbuild/internal/resolver/resolver.go:1174 +0xee fp=0xc00307e8b8 sp=0xc00307e7b0 pc=0x7ff656f5420e
github.com/evanw/esbuild/internal/resolver.resolverQuery.dirInfoUncached({0xc0021fa488?, 0xc003210f50?, 0x0?, 0x64?}, 
{0xc0059ed0a0, 0x64})
	github.com/evanw/esbuild/internal/resolver/resolver.go:1538 +0xe5 fp=0xc00307eb98 sp=0xc00307e8b8 pc=0x7ff656f583e5
github.com/evanw/esbuild/internal/resolver.resolverQuery.dirInfoCached({0xc0021fa488?, 0xc003210f50?, 0x0?, 0x50?}, 
{0xc0059ed0a0, 0x64})
	github.com/evanw/esbuild/internal/resolver/resolver.go:1174 +0xee fp=0xc00307eca0 sp=0xc00307eb98 pc=0x7ff656f5420e
github.com/evanw/esbuild/internal/resolver.resolverQuery.finalizeResolve({0xc0021fa488?, 0xc003210f50?, 0x0?, 0x0?}, 
0xc005e8be60)
	github.com/evanw/esbuild/internal/resolver/resolver.go:842 +0x6f1 fp=0xc00307ee50 sp=0xc00307eca0 pc=0x7ff656f510d1
github.com/evanw/esbuild/internal/resolver.(*Resolver).Resolve(0xc0021fa488, {0xc0007055c0, 0x36}, {0xc0056d9960, 
0x6b}, 0x1)
	github.com/evanw/esbuild/internal/resolver/resolver.go:572 +0x1a1a fp=0xc00307f220 sp=0xc00307ee50 pc=0x7ff656f4ca9a
github.com/evanw/esbuild/internal/bundler.RunOnResolvePlugins({_, _, _}, _, {0xc0041f7a10, 0xc00428e738, 0xc00428e750, 
0xc00428e798, 0x3, 0xc0041f78c0}, ...)
	github.com/evanw/esbuild/internal/bundler/bundler.go:1154 +0x36a fp=0xc00307f690 sp=0xc00307f220 pc=0x7ff656f80e0a
github.com/evanw/esbuild/pkg/api.loadPlugins.func2({0xc0056d9960, 0x6b}, {{0xc002610b30, 0x10}, {0x0, 0x0}, {0x0, 
0x0}, {0xc0007055c0, 0x36}, ...})
	github.com/evanw/esbuild/pkg/api/api_impl.go:2114 +0x4be fp=0xc00307fd18 sp=0xc00307f690 pc=0x7ff65703809e
main.(*serviceType).convertPlugins.func2.1(0xe6, 0xc00064f6b0)
	github.com/evanw/esbuild/cmd/esbuild/service.go:944 +0x665 fp=0xc00307ff50 sp=0xc00307fd18 pc=0x7ff65707a885
main.(*serviceType).handleIncomingPacket.func4()
	github.com/evanw/esbuild/cmd/esbuild/service.go:262 +0xa4 fp=0xc00307ffe0 sp=0xc00307ff50 pc=0x7ff6570740a4
runtime.goexit({})
	runtime/asm_amd64.s:1693 +0x1 fp=0xc00307ffe8 sp=0xc00307ffe0 pc=0x7ff656bcf221
created by main.(*serviceType).handleIncomingPacket in goroutine 1
	github.com/evanw/esbuild/cmd/esbuild/service.go:257 +0x156e

goroutine 1495 gp=0xc000a7e380 m=nil [chan send]:
runtime.gopark(0xc006085db0?, 0x4?, 0xc8?, 0xf7?, 0xc0000ca080?)
	runtime/proc.go:460 +0xce fp=0xc000fef738 sp=0xc000fef718 pc=0x7ff656bc72ce
runtime.chansend(0xc000136000, 0x7ff6572b1690, 0x1, 0x0?)
	runtime/chan.go:283 +0x3cb fp=0xc000fef7a8 sp=0xc000fef738 pc=0x7ff656b5d58b
runtime.chansend1(0xc0000ca080?, 0xc001a632c0?)
	runtime/chan.go:161 +0x17 fp=0xc000fef7d8 sp=0xc000fef7a8 pc=0x7ff656b5d1b7
github.com/evanw/esbuild/internal/fs.BeforeFileOpen(...)
	github.com/evanw/esbuild/internal/fs/fs.go:245
github.com/evanw/esbuild/internal/fs.(*realFS).kind(0xc0000da080, {0xc001a63310?, 0x4?}, {0xc0025b5658?, 
0xc000fef908?})
	github.com/evanw/esbuild/internal/fs/fs_real.go:413 +0xb3 fp=0xc000fef878 sp=0xc000fef7d8 pc=0x7ff656c9c793
github.com/evanw/esbuild/internal/fs.(*zipFS).kind(0xc005d79d70?, {0xc001a63310?, 0x4?}, {0xc0025b5658?, 0x43?})
	github.com/evanw/esbuild/internal/fs/fs_zip.go:330 +0x28 fp=0xc000fef8b0 sp=0xc000fef878 pc=0x7ff656c9fa08
github.com/evanw/esbuild/internal/fs.(*Entry).Symlink(0xc002d1e3c0, {0x7ff6572bce40?, 0xc0000a6120?})
	github.com/evanw/esbuild/internal/fs/fs.go:47 +0xc3 fp=0xc000fef918 sp=0xc000fef8b0 pc=0x7ff656c98143
github.com/evanw/esbuild/internal/resolver.resolverQuery.dirInfoUncached({0xc0021fad88?, 0xc002a9f630?, 0x0?, 0x48?}, 
{0xc001a632c0, 0x48})
	github.com/evanw/esbuild/internal/resolver/resolver.go:1601 +0x9ae fp=0xc000fefbf8 sp=0xc000fef918 pc=0x7ff656f58cae
github.com/evanw/esbuild/internal/resolver.resolverQuery.dirInfoCached({0xc0021fad88?, 0xc002a9f630?, 0x0?, 0x9e?}, 
{0xc001a632c0, 0x48})
	github.com/evanw/esbuild/internal/resolver/resolver.go:1174 +0xee fp=0xc000fefd00 sp=0xc000fefbf8 pc=0x7ff656f5420e
github.com/evanw/esbuild/internal/resolver.resolverQuery.dirInfoUncached({0xc0021fad88?, 0xc002a9f630?, 0x0?, 0x4d?}, 
{0xc001a63270, 0x4d})
	github.com/evanw/esbuild/internal/resolver/resolver.go:1538 +0xe5 fp=0xc000feffe0 sp=0xc000fefd00 pc=0x7ff656f583e5
github.com/evanw/esbuild/internal/resolver.resolverQuery.dirInfoCached({0xc0021fad88?, 0xc002a9f630?, 0x0?, 0x2f?}, 
{0xc001a63270, 0x4d})
	github.com/evanw/esbuild/internal/resolver/resolver.go:1174 +0xee fp=0xc000ff00e8 sp=0xc000feffe0 pc=0x7ff656f5420e
github.com/evanw/esbuild/internal/resolver.resolverQuery.dirInfoUncached({0xc0021fad88?, 0xc002a9f630?, 0x0?, 0x51?}, 
{0xc0060dc6c0, 0x51})
	github.com/evanw/esbuild/internal/resolver/resolver.go:1538 +0xe5 fp=0xc000ff03c8 sp=0xc000ff00e8 pc=0x7ff656f583e5
github.com/evanw/esbuild/internal/resolver.resolverQuery.dirInfoCached({0xc0021fad88?, 0xc002a9f630?, 0x0?, 0x0?}, 
{0xc0060dc6c0, 0x51})
	github.com/evanw/esbuild/internal/resolver/resolver.go:1174 +0xee fp=0xc000ff04d0 sp=0xc000ff03c8 pc=0x7ff656f5420e
github.com/evanw/esbuild/internal/resolver.resolverQuery.dirInfoUncached({0xc0021fad88?, 0xc002a9f630?, 0x0?, 0x5a?}, 
{0xc0060dc660, 0x5a})
	github.com/evanw/esbuild/internal/resolver/resolver.go:1538 +0xe5 fp=0xc000ff07b0 sp=0xc000ff04d0 pc=0x7ff656f583e5
github.com/evanw/esbuild/internal/resolver.resolverQuery.dirInfoCached({0xc0021fad88?, 0xc002a9f630?, 0x0?, 0x48?}, 
{0xc0060dc660, 0x5a})
	github.com/evanw/esbuild/internal/resolver/resolver.go:1174 +0xee fp=0xc000ff08b8 sp=0xc000ff07b0 pc=0x7ff656f5420e
github.com/evanw/esbuild/internal/resolver.resolverQuery.dirInfoUncached({0xc0021fad88?, 0xc002a9f630?, 0x0?, 0x65?}, 
{0xc006512f50, 0x65})
	github.com/evanw/esbuild/internal/resolver/resolver.go:1538 +0xe5 fp=0xc000ff0b98 sp=0xc000ff08b8 pc=0x7ff656f583e5
github.com/evanw/esbuild/internal/resolver.resolverQuery.dirInfoCached({0xc0021fad88?, 0xc002a9f630?, 0x0?, 0x30?}, 
{0xc006512f50, 0x65})
	github.com/evanw/esbuild/internal/resolver/resolver.go:1174 +0xee fp=0xc000ff0ca0 sp=0xc000ff0b98 pc=0x7ff656f5420e
github.com/evanw/esbuild/internal/resolver.resolverQuery.finalizeResolve({0xc0021fad88?, 0xc002a9f630?, 0x0?, 0x0?}, 
0xc002cfa000)
	github.com/evanw/esbuild/internal/resolver/resolver.go:842 +0x6f1 fp=0xc000ff0e50 sp=0xc000ff0ca0 pc=0x7ff656f510d1
github.com/evanw/esbuild/internal/resolver.(*Resolver).Resolve(0xc0021fad88, {0xc000705600, 0x36}, {0xc0032a3880, 
0x71}, 0x1)
	github.com/evanw/esbuild/internal/resolver/resolver.go:572 +0x1a1a fp=0xc000ff1220 sp=0xc000ff0e50 pc=0x7ff656f4ca9a
github.com/evanw/esbuild/internal/bundler.RunOnResolvePlugins({_, _, _}, _, {0xc0042bc2d0, 0xc00428e810, 0xc00428e888, 
0xc00428e918, 0x3, 0xc0042bc240}, ...)
	github.com/evanw/esbuild/internal/bundler/bundler.go:1154 +0x36a fp=0xc000ff1690 sp=0xc000ff1220 pc=0x7ff656f80e0a
github.com/evanw/esbuild/pkg/api.loadPlugins.func2({0xc0032a3880, 0x71}, {{0xc002610b90, 0x10}, {0x0, 0x0}, {0x0, 
0x0}, {0xc000705600, 0x36}, ...})
	github.com/evanw/esbuild/pkg/api/api_impl.go:2114 +0x4be fp=0xc000ff1d18 sp=0xc000ff1690 pc=0x7ff65703809e
main.(*serviceType).convertPlugins.func2.1(0xe7, 0xc00064f710)
	github.com/evanw/esbuild/cmd/esbuild/service.go:944 +0x665 fp=0xc000ff1f50 sp=0xc000ff1d18 pc=0x7ff65707a885
main.(*serviceType).handleIncomingPacket.func4()
	github.com/evanw/esbuild/cmd/esbuild/service.go:262 +0xa4 fp=0xc000ff1fe0 sp=0xc000ff1f50 pc=0x7ff6570740a4
runtime.goexit({})
	runtime/asm_amd64.s:1693 +0x1 fp=0xc000ff1fe8 sp=0xc000ff1fe0 pc=0x7ff656bcf221
created by main.(*serviceType).handleIncomingPacket in goroutine 1
	github.com/evanw/esbuild/cmd/esbuild/service.go:257 +0x156e

goroutine 1496 gp=0xc003818000 m=nil [chan send]:
runtime.gopark(0xc001184910?, 0x4?, 0xc8?, 0xb7?, 0xc0000ca080?)
	runtime/proc.go:460 +0xce fp=0xc0034eb738 sp=0xc0034eb718 pc=0x7ff656bc72ce
runtime.chansend(0xc000136000, 0x7ff6572b1690, 0x1, 0x0?)
	runtime/chan.go:283 +0x3cb fp=0xc0034eb7a8 sp=0xc0034eb738 pc=0x7ff656b5d58b
runtime.chansend1(0xc0000ca080?, 0xc001a633b0?)
	runtime/chan.go:161 +0x17 fp=0xc0034eb7d8 sp=0xc0034eb7a8 pc=0x7ff656b5d1b7
github.com/evanw/esbuild/internal/fs.BeforeFileOpen(...)
	github.com/evanw/esbuild/internal/fs/fs.go:245
github.com/evanw/esbuild/internal/fs.(*realFS).kind(0xc0000da080, {0xc001a63400?, 0x4?}, {0xc0041d63c8?, 
0xc0034eb908?})
	github.com/evanw/esbuild/internal/fs/fs_real.go:413 +0xb3 fp=0xc0034eb878 sp=0xc0034eb7d8 pc=0x7ff656c9c793
github.com/evanw/esbuild/internal/fs.(*zipFS).kind(0xc005d9da40?, {0xc001a63400?, 0x4?}, {0xc0041d63c8?, 0x43?})
	github.com/evanw/esbuild/internal/fs/fs_zip.go:330 +0x28 fp=0xc0034eb8b0 sp=0xc0034eb878 pc=0x7ff656c9fa08
github.com/evanw/esbuild/internal/fs.(*Entry).Symlink(0xc0031c3580, {0x7ff6572bce40?, 0xc0000a6120?})
	github.com/evanw/esbuild/internal/fs/fs.go:47 +0xc3 fp=0xc0034eb918 sp=0xc0034eb8b0 pc=0x7ff656c98143
github.com/evanw/esbuild/internal/resolver.resolverQuery.dirInfoUncached({0xc0021fb688?, 0xc005a1cc80?, 0x0?, 0x48?}, 
{0xc001a633b0, 0x48})
	github.com/evanw/esbuild/internal/resolver/resolver.go:1601 +0x9ae fp=0xc0034ebbf8 sp=0xc0034eb918 pc=0x7ff656f58cae
github.com/evanw/esbuild/internal/resolver.resolverQuery.dirInfoCached({0xc0021fb688?, 0xc005a1cc80?, 0x0?, 0x9e?}, 
{0xc001a633b0, 0x48})
	github.com/evanw/esbuild/internal/resolver/resolver.go:1174 +0xee fp=0xc0034ebd00 sp=0xc0034ebbf8 pc=0x7ff656f5420e
github.com/evanw/esbuild/internal/resolver.resolverQuery.dirInfoUncached({0xc0021fb688?, 0xc005a1cc80?, 0x0?, 0x4d?}, 
{0xc001a63360, 0x4d})
	github.com/evanw/esbuild/internal/resolver/resolver.go:1538 +0xe5 fp=0xc0034ebfe0 sp=0xc0034ebd00 pc=0x7ff656f583e5
github.com/evanw/esbuild/internal/resolver.resolverQuery.dirInfoCached({0xc0021fb688?, 0xc005a1cc80?, 0x0?, 0x2f?}, 
{0xc001a63360, 0x4d})
	github.com/evanw/esbuild/internal/resolver/resolver.go:1174 +0xee fp=0xc0034ec0e8 sp=0xc0034ebfe0 pc=0x7ff656f5420e
github.com/evanw/esbuild/internal/resolver.resolverQuery.dirInfoUncached({0xc0021fb688?, 0xc005a1cc80?, 0x0?, 0x51?}, 
{0xc0060dc780, 0x51})
	github.com/evanw/esbuild/internal/resolver/resolver.go:1538 +0xe5 fp=0xc0034ec3c8 sp=0xc0034ec0e8 pc=0x7ff656f583e5
github.com/evanw/esbuild/internal/resolver.resolverQuery.dirInfoCached({0xc0021fb688?, 0xc005a1cc80?, 0x0?, 0x0?}, 
{0xc0060dc780, 0x51})
	github.com/evanw/esbuild/internal/resolver/resolver.go:1174 +0xee fp=0xc0034ec4d0 sp=0xc0034ec3c8 pc=0x7ff656f5420e
github.com/evanw/esbuild/internal/resolver.resolverQuery.dirInfoUncached({0xc0021fb688?, 0xc005a1cc80?, 0x0?, 0x5a?}, 
{0xc0060dc720, 0x5a})
	github.com/evanw/esbuild/internal/resolver/resolver.go:1538 +0xe5 fp=0xc0034ec7b0 sp=0xc0034ec4d0 pc=0x7ff656f583e5
github.com/evanw/esbuild/internal/resolver.resolverQuery.dirInfoCached({0xc0021fb688?, 0xc005a1cc80?, 0x0?, 0x78?}, 
{0xc0060dc720, 0x5a})
	github.com/evanw/esbuild/internal/resolver/resolver.go:1174 +0xee fp=0xc0034ec8b8 sp=0xc0034ec7b0 pc=0x7ff656f5420e
github.com/evanw/esbuild/internal/resolver.resolverQuery.dirInfoUncached({0xc0021fb688?, 0xc005a1cc80?, 0x0?, 0x64?}, 
{0xc006513030, 0x64})
	github.com/evanw/esbuild/internal/resolver/resolver.go:1538 +0xe5 fp=0xc0034ecb98 sp=0xc0034ec8b8 pc=0x7ff656f583e5
github.com/evanw/esbuild/internal/resolver.resolverQuery.dirInfoCached({0xc0021fb688?, 0xc005a1cc80?, 0x0?, 0x80?}, 
{0xc006513030, 0x64})
	github.com/evanw/esbuild/internal/resolver/resolver.go:1174 +0xee fp=0xc0034ecca0 sp=0xc0034ecb98 pc=0x7ff656f5420e
github.com/evanw/esbuild/internal/resolver.resolverQuery.finalizeResolve({0xc0021fb688?, 0xc005a1cc80?, 0x0?, 0x0?}, 
0xc002cfa360)
	github.com/evanw/esbuild/internal/resolver/resolver.go:842 +0x6f1 fp=0xc0034ece50 sp=0xc0034ecca0 pc=0x7ff656f510d1
github.com/evanw/esbuild/internal/resolver.(*Resolver).Resolve(0xc0021fb688, {0xc000705c00, 0x36}, {0xc0032a3900, 
0x71}, 0x1)
	github.com/evanw/esbuild/internal/resolver/resolver.go:572 +0x1a1a fp=0xc0034ed220 sp=0xc0034ece50 pc=0x7ff656f4ca9a
github.com/evanw/esbuild/internal/bundler.RunOnResolvePlugins({_, _, _}, _, {0xc0042bd2f0, 0xc00428ea20, 0xc00428ea68, 
0xc00428ea98, 0x3, 0xc0042bd1a0}, ...)
	github.com/evanw/esbuild/internal/bundler/bundler.go:1154 +0x36a fp=0xc0034ed690 sp=0xc0034ed220 pc=0x7ff656f80e0a
github.com/evanw/esbuild/pkg/api.loadPlugins.func2({0xc0032a3900, 0x71}, {{0xc002610bf0, 0x10}, {0x0, 0x0}, {0x0, 
0x0}, {0xc000705c00, 0x36}, ...})
	github.com/evanw/esbuild/pkg/api/api_impl.go:2114 +0x4be fp=0xc0034edd18 sp=0xc0034ed690 pc=0x7ff65703809e
main.(*serviceType).convertPlugins.func2.1(0xe8, 0xc00064f830)
	github.com/evanw/esbuild/cmd/esbuild/service.go:944 +0x665 fp=0xc0034edf50 sp=0xc0034edd18 pc=0x7ff65707a885
main.(*serviceType).handleIncomingPacket.func4()
	github.com/evanw/esbuild/cmd/esbuild/service.go:262 +0xa4 fp=0xc0034edfe0 sp=0xc0034edf50 pc=0x7ff6570740a4
runtime.goexit({})
	runtime/asm_amd64.s:1693 +0x1 fp=0xc0034edfe8 sp=0xc0034edfe0 pc=0x7ff656bcf221
created by main.(*serviceType).handleIncomingPacket in goroutine 1
	github.com/evanw/esbuild/cmd/esbuild/service.go:257 +0x156e

goroutine 1497 gp=0xc00517a000 m=nil [chan send]:
runtime.gopark(0xc005edbf40?, 0xc0065590b0?, 0x0?, 0xd8?, 0x7ff656f59bde?)
	runtime/proc.go:460 +0xce fp=0xc00489d510 sp=0xc00489d4f0 pc=0x7ff656bc72ce
runtime.chansend(0xc000136000, 0x7ff6572b1690, 0x1, 0x20b5197c6c8?)
	runtime/chan.go:283 +0x3cb fp=0xc00489d580 sp=0xc00489d510 pc=0x7ff656b5d58b
runtime.chansend1(0xc003a26008?, 0xc005ee2a88?)
	runtime/chan.go:161 +0x17 fp=0xc00489d5b0 sp=0xc00489d580 pc=0x7ff656b5d1b7
github.com/evanw/esbuild/internal/fs.BeforeFileOpen(...)
	github.com/evanw/esbuild/internal/fs/fs.go:245
github.com/evanw/esbuild/internal/fs.(*realFS).readdir(0xc0000da080, {0xc005edbef0, 0x48})
	github.com/evanw/esbuild/internal/fs/fs_real.go:351 +0x6c fp=0xc00489d648 sp=0xc00489d5b0 pc=0x7ff656c9c32c
github.com/evanw/esbuild/internal/fs.(*realFS).ReadDirectory(0xc0000da080, {0xc005edbef0, 0x48})
	github.com/evanw/esbuild/internal/fs/fs_real.go:146 +0x177 fp=0xc00489d7d8 sp=0xc00489d648 pc=0x7ff656c9a637
github.com/evanw/esbuild/internal/fs.(*zipFS).ReadDirectory(0xc0000a6120, {0xc005edbef0, 0x48})
	github.com/evanw/esbuild/internal/fs/fs_zip.go:188 +0xbf fp=0xc00489d918 sp=0xc00489d7d8 pc=0x7ff656c9e7df
github.com/evanw/esbuild/internal/resolver.resolverQuery.dirInfoUncached({0xc0021fbb08?, 0xc005f96000?, 0x0?, 0x48?}, 
{0xc005edbef0, 0x48})
	github.com/evanw/esbuild/internal/resolver/resolver.go:1547 +0x11b fp=0xc00489dbf8 sp=0xc00489d918 pc=0x7ff656f5841b
github.com/evanw/esbuild/internal/resolver.resolverQuery.dirInfoCached({0xc0021fbb08?, 0xc005f96000?, 0x0?, 0x9e?}, 
{0xc005edbef0, 0x48})
	github.com/evanw/esbuild/internal/resolver/resolver.go:1174 +0xee fp=0xc00489dd00 sp=0xc00489dbf8 pc=0x7ff656f5420e
github.com/evanw/esbuild/internal/resolver.resolverQuery.dirInfoUncached({0xc0021fbb08?, 0xc005f96000?, 0x0?, 0x4d?}, 
{0xc005edbea0, 0x4d})
	github.com/evanw/esbuild/internal/resolver/resolver.go:1538 +0xe5 fp=0xc00489dfe0 sp=0xc00489dd00 pc=0x7ff656f583e5
github.com/evanw/esbuild/internal/resolver.resolverQuery.dirInfoCached({0xc0021fbb08?, 0xc005f96000?, 0x0?, 0x2f?}, 
{0xc005edbea0, 0x4d})
	github.com/evanw/esbuild/internal/resolver/resolver.go:1174 +0xee fp=0xc00489e0e8 sp=0xc00489dfe0 pc=0x7ff656f5420e
github.com/evanw/esbuild/internal/resolver.resolverQuery.dirInfoUncached({0xc0021fbb08?, 0xc005f96000?, 0x0?, 0x51?}, 
{0xc006804f00, 0x51})
	github.com/evanw/esbuild/internal/resolver/resolver.go:1538 +0xe5 fp=0xc00489e3c8 sp=0xc00489e0e8 pc=0x7ff656f583e5
github.com/evanw/esbuild/internal/resolver.resolverQuery.dirInfoCached({0xc0021fbb08?, 0xc005f96000?, 0x0?, 0x0?}, 
{0xc006804f00, 0x51})
	github.com/evanw/esbuild/internal/resolver/resolver.go:1174 +0xee fp=0xc00489e4d0 sp=0xc00489e3c8 pc=0x7ff656f5420e
github.com/evanw/esbuild/internal/resolver.resolverQuery.dirInfoUncached({0xc0021fbb08?, 0xc005f96000?, 0x0?, 0x5a?}, 
{0xc006804ea0, 0x5a})
	github.com/evanw/esbuild/internal/resolver/resolver.go:1538 +0xe5 fp=0xc00489e7b0 sp=0xc00489e4d0 pc=0x7ff656f583e5
github.com/evanw/esbuild/internal/resolver.resolverQuery.dirInfoCached({0xc0021fbb08?, 0xc005f96000?, 0x0?, 0x78?}, 
{0xc006804ea0, 0x5a})
	github.com/evanw/esbuild/internal/resolver/resolver.go:1174 +0xee fp=0xc00489e8b8 sp=0xc00489e7b0 pc=0x7ff656f5420e
github.com/evanw/esbuild/internal/resolver.resolverQuery.dirInfoUncached({0xc0021fbb08?, 0xc005f96000?, 0x0?, 0x64?}, 
{0xc0035af570, 0x64})
	github.com/evanw/esbuild/internal/resolver/resolver.go:1538 +0xe5 fp=0xc00489eb98 sp=0xc00489e8b8 pc=0x7ff656f583e5
github.com/evanw/esbuild/internal/resolver.resolverQuery.dirInfoCached({0xc0021fbb08?, 0xc005f96000?, 0x0?, 0x0?}, 
{0xc0035af570, 0x64})
	github.com/evanw/esbuild/internal/resolver/resolver.go:1174 +0xee fp=0xc00489eca0 sp=0xc00489eb98 pc=0x7ff656f5420e
github.com/evanw/esbuild/internal/resolver.resolverQuery.finalizeResolve({0xc0021fbb08?, 0xc005f96000?, 0x0?, 0x0?}, 
0xc002cd4480)
	github.com/evanw/esbuild/internal/resolver/resolver.go:842 +0x6f1 fp=0xc00489ee50 sp=0xc00489eca0 pc=0x7ff656f510d1
github.com/evanw/esbuild/internal/resolver.(*Resolver).Resolve(0xc0021fbb08, {0xc000705c80, 0x36}, {0xc0056d99d0, 
0x6c}, 0x1)
	github.com/evanw/esbuild/internal/resolver/resolver.go:572 +0x1a1a fp=0xc00489f220 sp=0xc00489ee50 pc=0x7ff656f4ca9a
github.com/evanw/esbuild/internal/bundler.RunOnResolvePlugins({_, _, _}, _, {0xc0042bd7a0, 0xc00428eac8, 0xc00428eb40, 
0xc00428eb58, 0x3, 0xc0042bd770}, ...)
	github.com/evanw/esbuild/internal/bundler/bundler.go:1154 +0x36a fp=0xc00489f690 sp=0xc00489f220 pc=0x7ff656f80e0a
github.com/evanw/esbuild/pkg/api.loadPlugins.func2({0xc0056d99d0, 0x6c}, {{0xc002610c50, 0x10}, {0x0, 0x0}, {0x0, 
0x0}, {0xc000705c80, 0x36}, ...})
	github.com/evanw/esbuild/pkg/api/api_impl.go:2114 +0x4be fp=0xc00489fd18 sp=0xc00489f690 pc=0x7ff65703809e
main.(*serviceType).convertPlugins.func2.1(0xe9, 0xc00064fa10)
	github.com/evanw/esbuild/cmd/esbuild/service.go:944 +0x665 fp=0xc00489ff50 sp=0xc00489fd18 pc=0x7ff65707a885
main.(*serviceType).handleIncomingPacket.func4()
	github.com/evanw/esbuild/cmd/esbuild/service.go:262 +0xa4 fp=0xc00489ffe0 sp=0xc00489ff50 pc=0x7ff6570740a4
runtime.goexit({})
	runtime/asm_amd64.s:1693 +0x1 fp=0xc00489ffe8 sp=0xc00489ffe0 pc=0x7ff656bcf221
created by main.(*serviceType).handleIncomingPacket in goroutine 1
	github.com/evanw/esbuild/cmd/esbuild/service.go:257 +0x156e

goroutine 1498 gp=0xc00517a1c0 m=nil [chan send]:
runtime.gopark(0xc00457a000?, 0xc005d9dd40?, 0x0?, 0xd8?, 0x7ff656f59bde?)
	runtime/proc.go:460 +0xce fp=0xc004c7d510 sp=0xc004c7d4f0 pc=0x7ff656bc72ce
runtime.chansend(0xc000136000, 0x7ff6572b1690, 0x1, 0x20b5193bd18?)
	runtime/chan.go:283 +0x3cb fp=0xc004c7d580 sp=0xc004c7d510 pc=0x7ff656b5d58b
runtime.chansend1(0x20b5181c1a0?, 0x0?)
	runtime/chan.go:161 +0x17 fp=0xc004c7d5b0 sp=0xc004c7d580 pc=0x7ff656b5d1b7
github.com/evanw/esbuild/internal/fs.BeforeFileOpen(...)
	github.com/evanw/esbuild/internal/fs/fs.go:245
github.com/evanw/esbuild/internal/fs.(*realFS).readdir(0xc0000da080, {0xc004d9ff90, 0x48})
	github.com/evanw/esbuild/internal/fs/fs_real.go:351 +0x6c fp=0xc004c7d648 sp=0xc004c7d5b0 pc=0x7ff656c9c32c
github.com/evanw/esbuild/internal/fs.(*realFS).ReadDirectory(0xc0000da080, {0xc004d9ff90, 0x48})
	github.com/evanw/esbuild/internal/fs/fs_real.go:146 +0x177 fp=0xc004c7d7d8 sp=0xc004c7d648 pc=0x7ff656c9a637
github.com/evanw/esbuild/internal/fs.(*zipFS).ReadDirectory(0xc0000a6120, {0xc004d9ff90, 0x48})
	github.com/evanw/esbuild/internal/fs/fs_zip.go:188 +0xbf fp=0xc004c7d918 sp=0xc004c7d7d8 pc=0x7ff656c9e7df
github.com/evanw/esbuild/internal/resolver.resolverQuery.dirInfoUncached({0xc002378d88?, 0xc0053ff130?, 0x0?, 0x48?}, 
{0xc004d9ff90, 0x48})
	github.com/evanw/esbuild/internal/resolver/resolver.go:1547 +0x11b fp=0xc004c7dbf8 sp=0xc004c7d918 pc=0x7ff656f5841b
github.com/evanw/esbuild/internal/resolver.resolverQuery.dirInfoCached({0xc002378d88?, 0xc0053ff130?, 0x0?, 0x80?}, 
{0xc004d9ff90, 0x48})
	github.com/evanw/esbuild/internal/resolver/resolver.go:1174 +0xee fp=0xc004c7dd00 sp=0xc004c7dbf8 pc=0x7ff656f5420e
github.com/evanw/esbuild/internal/resolver.resolverQuery.dirInfoUncached({0xc002378d88?, 0xc0053ff130?, 0x0?, 0x4d?}, 
{0xc004d9ff40, 0x4d})
	github.com/evanw/esbuild/internal/resolver/resolver.go:1538 +0xe5 fp=0xc004c7dfe0 sp=0xc004c7dd00 pc=0x7ff656f583e5
github.com/evanw/esbuild/internal/resolver.resolverQuery.dirInfoCached({0xc002378d88?, 0xc0053ff130?, 0x0?, 0x2f?}, 
{0xc004d9ff40, 0x4d})
	github.com/evanw/esbuild/internal/resolver/resolver.go:1174 +0xee fp=0xc004c7e0e8 sp=0xc004c7dfe0 pc=0x7ff656f5420e
github.com/evanw/esbuild/internal/resolver.resolverQuery.dirInfoUncached({0xc002378d88?, 0xc0053ff130?, 0x0?, 0x51?}, 
{0xc00668d0e0, 0x51})
	github.com/evanw/esbuild/internal/resolver/resolver.go:1538 +0xe5 fp=0xc004c7e3c8 sp=0xc004c7e0e8 pc=0x7ff656f583e5
github.com/evanw/esbuild/internal/resolver.resolverQuery.dirInfoCached({0xc002378d88?, 0xc0053ff130?, 0x0?, 0x0?}, 
{0xc00668d0e0, 0x51})
	github.com/evanw/esbuild/internal/resolver/resolver.go:1174 +0xee fp=0xc004c7e4d0 sp=0xc004c7e3c8 pc=0x7ff656f5420e
github.com/evanw/esbuild/internal/resolver.resolverQuery.dirInfoUncached({0xc002378d88?, 0xc0053ff130?, 0x0?, 0x5a?}, 
{0xc00668d080, 0x5a})
	github.com/evanw/esbuild/internal/resolver/resolver.go:1538 +0xe5 fp=0xc004c7e7b0 sp=0xc004c7e4d0 pc=0x7ff656f583e5
github.com/evanw/esbuild/internal/resolver.resolverQuery.dirInfoCached({0xc002378d88?, 0xc0053ff130?, 0x0?, 0x78?}, 
{0xc00668d080, 0x5a})
	github.com/evanw/esbuild/internal/resolver/resolver.go:1174 +0xee fp=0xc004c7e8b8 sp=0xc004c7e7b0 pc=0x7ff656f5420e
github.com/evanw/esbuild/internal/resolver.resolverQuery.dirInfoUncached({0xc002378d88?, 0xc0053ff130?, 0x0?, 0x64?}, 
{0xc0067a5b20, 0x64})
	github.com/evanw/esbuild/internal/resolver/resolver.go:1538 +0xe5 fp=0xc004c7eb98 sp=0xc004c7e8b8 pc=0x7ff656f583e5
github.com/evanw/esbuild/internal/resolver.resolverQuery.dirInfoCached({0xc002378d88?, 0xc0053ff130?, 0x0?, 0x30?}, 
{0xc0067a5b20, 0x64})
	github.com/evanw/esbuild/internal/resolver/resolver.go:1174 +0xee fp=0xc004c7eca0 sp=0xc004c7eb98 pc=0x7ff656f5420e
github.com/evanw/esbuild/internal/resolver.resolverQuery.finalizeResolve({0xc002378d88?, 0xc0053ff130?, 0x0?, 0x0?}, 
0xc0045ecd80)
	github.com/evanw/esbuild/internal/resolver/resolver.go:842 +0x6f1 fp=0xc004c7ee50 sp=0xc004c7eca0 pc=0x7ff656f510d1
github.com/evanw/esbuild/internal/resolver.(*Resolver).Resolve(0xc002378d88, {0xc000705cc0, 0x36}, {0xc0032a3980, 
0x71}, 0x1)
	github.com/evanw/esbuild/internal/resolver/resolver.go:572 +0x1a1a fp=0xc004c7f220 sp=0xc004c7ee50 pc=0x7ff656f4ca9a
github.com/evanw/esbuild/internal/bundler.RunOnResolvePlugins({_, _, _}, _, {0xc00397fb60, 0xc0041a4d50, 0xc0041a4d80, 
0xc0041a4dc8, 0x3, 0xc00397fb30}, ...)
	github.com/evanw/esbuild/internal/bundler/bundler.go:1154 +0x36a fp=0xc004c7f690 sp=0xc004c7f220 pc=0x7ff656f80e0a
github.com/evanw/esbuild/pkg/api.loadPlugins.func2({0xc0032a3980, 0x71}, {{0xc002610cb0, 0x10}, {0x0, 0x0}, {0x0, 
0x0}, {0xc000705cc0, 0x36}, ...})
	github.com/evanw/esbuild/pkg/api/api_impl.go:2114 +0x4be fp=0xc004c7fd18 sp=0xc004c7f690 pc=0x7ff65703809e
main.(*serviceType).convertPlugins.func2.1(0xea, 0xc00064fd40)
	github.com/evanw/esbuild/cmd/esbuild/service.go:944 +0x665 fp=0xc004c7ff50 sp=0xc004c7fd18 pc=0x7ff65707a885
main.(*serviceType).handleIncomingPacket.func4()
	github.com/evanw/esbuild/cmd/esbuild/service.go:262 +0xa4 fp=0xc004c7ffe0 sp=0xc004c7ff50 pc=0x7ff6570740a4
runtime.goexit({})
	runtime/asm_amd64.s:1693 +0x1 fp=0xc004c7ffe8 sp=0xc004c7ffe0 pc=0x7ff656bcf221
created by main.(*serviceType).handleIncomingPacket in goroutine 1
	github.com/evanw/esbuild/cmd/esbuild/service.go:257 +0x156e

goroutine 1499 gp=0xc00517a380 m=nil [chan send]:
runtime.gopark(0xc001a634f0?, 0xc005f47710?, 0x0?, 0xf8?, 0x7ff656f59bde?)
	runtime/proc.go:460 +0xce fp=0xc00464f510 sp=0xc00464f4f0 pc=0x7ff656bc72ce
runtime.chansend(0xc000136000, 0x7ff6572b1690, 0x1, 0x20b5193bd18?)
	runtime/chan.go:283 +0x3cb fp=0xc00464f580 sp=0xc00464f510 pc=0x7ff656b5d58b
runtime.chansend1(0xc003e4a808?, 0xc005e28708?)
	runtime/chan.go:161 +0x17 fp=0xc00464f5b0 sp=0xc00464f580 pc=0x7ff656b5d1b7
github.com/evanw/esbuild/internal/fs.BeforeFileOpen(...)
	github.com/evanw/esbuild/internal/fs/fs.go:245
github.com/evanw/esbuild/internal/fs.(*realFS).readdir(0xc0000da080, {0xc001a634a0, 0x48})
	github.com/evanw/esbuild/internal/fs/fs_real.go:351 +0x6c fp=0xc00464f648 sp=0xc00464f5b0 pc=0x7ff656c9c32c
github.com/evanw/esbuild/internal/fs.(*realFS).ReadDirectory(0xc0000da080, {0xc001a634a0, 0x48})
	github.com/evanw/esbuild/internal/fs/fs_real.go:146 +0x177 fp=0xc00464f7d8 sp=0xc00464f648 pc=0x7ff656c9a637
github.com/evanw/esbuild/internal/fs.(*zipFS).ReadDirectory(0xc0000a6120, {0xc001a634a0, 0x48})
	github.com/evanw/esbuild/internal/fs/fs_zip.go:188 +0xbf fp=0xc00464f918 sp=0xc00464f7d8 pc=0x7ff656c9e7df
github.com/evanw/esbuild/internal/resolver.resolverQuery.dirInfoUncached({0xc002a5a008?, 0xc005cfb680?, 0x0?, 0x48?}, 
{0xc001a634a0, 0x48})
	github.com/evanw/esbuild/internal/resolver/resolver.go:1547 +0x11b fp=0xc00464fbf8 sp=0xc00464f918 pc=0x7ff656f5841b
github.com/evanw/esbuild/internal/resolver.resolverQuery.dirInfoCached({0xc002a5a008?, 0xc005cfb680?, 0x0?, 0x9e?}, 
{0xc001a634a0, 0x48})
	github.com/evanw/esbuild/internal/resolver/resolver.go:1174 +0xee fp=0xc00464fd00 sp=0xc00464fbf8 pc=0x7ff656f5420e
github.com/evanw/esbuild/internal/resolver.resolverQuery.dirInfoUncached({0xc002a5a008?, 0xc005cfb680?, 0x0?, 0x4d?}, 
{0xc001a63450, 0x4d})
	github.com/evanw/esbuild/internal/resolver/resolver.go:1538 +0xe5 fp=0xc00464ffe0 sp=0xc00464fd00 pc=0x7ff656f583e5
github.com/evanw/esbuild/internal/resolver.resolverQuery.dirInfoCached({0xc002a5a008?, 0xc005cfb680?, 0x0?, 0x2f?}, 
{0xc001a63450, 0x4d})
	github.com/evanw/esbuild/internal/resolver/resolver.go:1174 +0xee fp=0xc0046500e8 sp=0xc00464ffe0 pc=0x7ff656f5420e
github.com/evanw/esbuild/internal/resolver.resolverQuery.dirInfoUncached({0xc002a5a008?, 0xc005cfb680?, 0x0?, 0x51?}, 
{0xc0060dc900, 0x51})
	github.com/evanw/esbuild/internal/resolver/resolver.go:1538 +0xe5 fp=0xc0046503c8 sp=0xc0046500e8 pc=0x7ff656f583e5
github.com/evanw/esbuild/internal/resolver.resolverQuery.dirInfoCached({0xc002a5a008?, 0xc005cfb680?, 0x0?, 0x0?}, 
{0xc0060dc900, 0x51})
	github.com/evanw/esbuild/internal/resolver/resolver.go:1174 +0xee fp=0xc0046504d0 sp=0xc0046503c8 pc=0x7ff656f5420e
github.com/evanw/esbuild/internal/resolver.resolverQuery.dirInfoUncached({0xc002a5a008?, 0xc005cfb680?, 0x0?, 0x5a?}, 
{0xc0060dc8a0, 0x5a})
	github.com/evanw/esbuild/internal/resolver/resolver.go:1538 +0xe5 fp=0xc0046507b0 sp=0xc0046504d0 pc=0x7ff656f583e5
github.com/evanw/esbuild/internal/resolver.resolverQuery.dirInfoCached({0xc002a5a008?, 0xc005cfb680?, 0x0?, 0x78?}, 
{0xc0060dc8a0, 0x5a})
	github.com/evanw/esbuild/internal/resolver/resolver.go:1174 +0xee fp=0xc0046508b8 sp=0xc0046507b0 pc=0x7ff656f5420e
github.com/evanw/esbuild/internal/resolver.resolverQuery.dirInfoUncached({0xc002a5a008?, 0xc005cfb680?, 0x0?, 0x65?}, 
{0xc006513340, 0x65})
	github.com/evanw/esbuild/internal/resolver/resolver.go:1538 +0xe5 fp=0xc004650b98 sp=0xc0046508b8 pc=0x7ff656f583e5
github.com/evanw/esbuild/internal/resolver.resolverQuery.dirInfoCached({0xc002a5a008?, 0xc005cfb680?, 0x0?, 0x80?}, 
{0xc006513340, 0x65})
	github.com/evanw/esbuild/internal/resolver/resolver.go:1174 +0xee fp=0xc004650ca0 sp=0xc004650b98 pc=0x7ff656f5420e
github.com/evanw/esbuild/internal/resolver.resolverQuery.finalizeResolve({0xc002a5a008?, 0xc005cfb680?, 0x0?, 0x0?}, 
0xc002cfad80)
	github.com/evanw/esbuild/internal/resolver/resolver.go:842 +0x6f1 fp=0xc004650e50 sp=0xc004650ca0 pc=0x7ff656f510d1
github.com/evanw/esbuild/internal/resolver.(*Resolver).Resolve(0xc002a5a008, {0xc000705d00, 0x36}, {0xc0056d9a40, 
0x6e}, 0x1)
	github.com/evanw/esbuild/internal/resolver/resolver.go:572 +0x1a1a fp=0xc004651220 sp=0xc004650e50 pc=0x7ff656f4ca9a
github.com/evanw/esbuild/internal/bundler.RunOnResolvePlugins({_, _, _}, _, {0xc001f525d0, 0xc0041a4df8, 0xc0041a4e10, 
0xc0041a4e28, 0x3, 0xc001f52360}, ...)
	github.com/evanw/esbuild/internal/bundler/bundler.go:1154 +0x36a fp=0xc004651690 sp=0xc004651220 pc=0x7ff656f80e0a
github.com/evanw/esbuild/pkg/api.loadPlugins.func2({0xc0056d9a40, 0x6e}, {{0xc002610d10, 0x10}, {0x0, 0x0}, {0x0, 
0x0}, {0xc000705d00, 0x36}, ...})
	github.com/evanw/esbuild/pkg/api/api_impl.go:2114 +0x4be fp=0xc004651d18 sp=0xc004651690 pc=0x7ff65703809e
main.(*serviceType).convertPlugins.func2.1(0xeb, 0xc0025d0180)
	github.com/evanw/esbuild/cmd/esbuild/service.go:944 +0x665 fp=0xc004651f50 sp=0xc004651d18 pc=0x7ff65707a885
main.(*serviceType).handleIncomingPacket.func4()
	github.com/evanw/esbuild/cmd/esbuild/service.go:262 +0xa4 fp=0xc004651fe0 sp=0xc004651f50 pc=0x7ff6570740a4
runtime.goexit({})
	runtime/asm_amd64.s:1693 +0x1 fp=0xc004651fe8 sp=0xc004651fe0 pc=0x7ff656bcf221
created by main.(*serviceType).handleIncomingPacket in goroutine 1
	github.com/evanw/esbuild/cmd/esbuild/service.go:257 +0x156e

goroutine 1500 gp=0xc00517a540 m=nil [chan send]:
runtime.gopark(0x0?, 0x0?, 0x0?, 0x0?, 0x0?)
	runtime/proc.go:460 +0xce fp=0xc005aa5128 sp=0xc005aa5108 pc=0x7ff656bc72ce
runtime.chansend(0xc000136000, 0x7ff6572b1690, 0x1, 0x0?)
	runtime/chan.go:283 +0x3cb fp=0xc005aa5198 sp=0xc005aa5128 pc=0x7ff656b5d58b
runtime.chansend1(0x0?, 0x0?)
	runtime/chan.go:161 +0x17 fp=0xc005aa51c8 sp=0xc005aa5198 pc=0x7ff656b5d1b7
github.com/evanw/esbuild/internal/fs.BeforeFileOpen(...)
	github.com/evanw/esbuild/internal/fs/fs.go:245
github.com/evanw/esbuild/internal/fs.(*realFS).readdir(0xc0000da080, {0xc006085900, 0x43})
	github.com/evanw/esbuild/internal/fs/fs_real.go:351 +0x6c fp=0xc005aa5260 sp=0xc005aa51c8 pc=0x7ff656c9c32c
github.com/evanw/esbuild/internal/fs.(*realFS).ReadDirectory(0xc0000da080, {0xc006085900, 0x43})
	github.com/evanw/esbuild/internal/fs/fs_real.go:146 +0x177 fp=0xc005aa53f0 sp=0xc005aa5260 pc=0x7ff656c9a637
github.com/evanw/esbuild/internal/fs.(*zipFS).ReadDirectory(0xc0000a6120, {0xc006085900, 0x43})
	github.com/evanw/esbuild/internal/fs/fs_zip.go:188 +0xbf fp=0xc005aa5530 sp=0xc005aa53f0 pc=0x7ff656c9e7df
github.com/evanw/esbuild/internal/resolver.resolverQuery.dirInfoUncached({0xc002a5a488?, 0xc005cfb6d0?, 0x0?, 0x43?}, 
{0xc006085900, 0x43})
	github.com/evanw/esbuild/internal/resolver/resolver.go:1547 +0x11b fp=0xc005aa5810 sp=0xc005aa5530 pc=0x7ff656f5841b
github.com/evanw/esbuild/internal/resolver.resolverQuery.dirInfoCached({0xc002a5a488?, 0xc005cfb6d0?, 0x0?, 0x9e?}, 
{0xc006085900, 0x43})
	github.com/evanw/esbuild/internal/resolver/resolver.go:1174 +0xee fp=0xc005aa5918 sp=0xc005aa5810 pc=0x7ff656f5420e
github.com/evanw/esbuild/internal/resolver.resolverQuery.dirInfoUncached({0xc002a5a488?, 0xc005cfb6d0?, 0x0?, 0x48?}, 
{0xc0060858b0, 0x48})
	github.com/evanw/esbuild/internal/resolver/resolver.go:1538 +0xe5 fp=0xc005aa5bf8 sp=0xc005aa5918 pc=0x7ff656f583e5
github.com/evanw/esbuild/internal/resolver.resolverQuery.dirInfoCached({0xc002a5a488?, 0xc005cfb6d0?, 0x0?, 0x9e?}, 
{0xc0060858b0, 0x48})
	github.com/evanw/esbuild/internal/resolver/resolver.go:1174 +0xee fp=0xc005aa5d00 sp=0xc005aa5bf8 pc=0x7ff656f5420e
github.com/evanw/esbuild/internal/resolver.resolverQuery.dirInfoUncached({0xc002a5a488?, 0xc005cfb6d0?, 0x0?, 0x4d?}, 
{0xc006085860, 0x4d})
	github.com/evanw/esbuild/internal/resolver/resolver.go:1538 +0xe5 fp=0xc005aa5fe0 sp=0xc005aa5d00 pc=0x7ff656f583e5
github.com/evanw/esbuild/internal/resolver.resolverQuery.dirInfoCached({0xc002a5a488?, 0xc005cfb6d0?, 0x0?, 0x2f?}, 
{0xc006085860, 0x4d})
	github.com/evanw/esbuild/internal/resolver/resolver.go:1174 +0xee fp=0xc005aa60e8 sp=0xc005aa5fe0 pc=0x7ff656f5420e
github.com/evanw/esbuild/internal/resolver.resolverQuery.dirInfoUncached({0xc002a5a488?, 0xc005cfb6d0?, 0x0?, 0x51?}, 
{0xc001a61a40, 0x51})
	github.com/evanw/esbuild/internal/resolver/resolver.go:1538 +0xe5 fp=0xc005aa63c8 sp=0xc005aa60e8 pc=0x7ff656f583e5
github.com/evanw/esbuild/internal/resolver.resolverQuery.dirInfoCached({0xc002a5a488?, 0xc005cfb6d0?, 0x0?, 0x0?}, 
{0xc001a61a40, 0x51})
	github.com/evanw/esbuild/internal/resolver/resolver.go:1174 +0xee fp=0xc005aa64d0 sp=0xc005aa63c8 pc=0x7ff656f5420e
github.com/evanw/esbuild/internal/resolver.resolverQuery.dirInfoUncached({0xc002a5a488?, 0xc005cfb6d0?, 0x0?, 0x5a?}, 
{0xc001a619e0, 0x5a})
	github.com/evanw/esbuild/internal/resolver/resolver.go:1538 +0xe5 fp=0xc005aa67b0 sp=0xc005aa64d0 pc=0x7ff656f583e5
github.com/evanw/esbuild/internal/resolver.resolverQuery.dirInfoCached({0xc002a5a488?, 0xc005cfb6d0?, 0x0?, 0x78?}, 
{0xc001a619e0, 0x5a})
	github.com/evanw/esbuild/internal/resolver/resolver.go:1174 +0xee fp=0xc005aa68b8 sp=0xc005aa67b0 pc=0x7ff656f5420e
github.com/evanw/esbuild/internal/resolver.resolverQuery.dirInfoUncached({0xc002a5a488?, 0xc005cfb6d0?, 0x0?, 0x64?}, 
{0xc0059ede30, 0x64})
	github.com/evanw/esbuild/internal/resolver/resolver.go:1538 +0xe5 fp=0xc005aa6b98 sp=0xc005aa68b8 pc=0x7ff656f583e5
github.com/evanw/esbuild/internal/resolver.resolverQuery.dirInfoCached({0xc002a5a488?, 0xc005cfb6d0?, 0x0?, 0xd0?}, 
{0xc0059ede30, 0x64})
	github.com/evanw/esbuild/internal/resolver/resolver.go:1174 +0xee fp=0xc005aa6ca0 sp=0xc005aa6b98 pc=0x7ff656f5420e
github.com/evanw/esbuild/internal/resolver.resolverQuery.finalizeResolve({0xc002a5a488?, 0xc005cfb6d0?, 0x0?, 0x0?}, 
0xc00219be60)
	github.com/evanw/esbuild/internal/resolver/resolver.go:842 +0x6f1 fp=0xc005aa6e50 sp=0xc005aa6ca0 pc=0x7ff656f510d1
github.com/evanw/esbuild/internal/resolver.(*Resolver).Resolve(0xc002a5a488, {0xc000705d80, 0x36}, {0xc0056d9ab0, 
0x6f}, 0x1)
	github.com/evanw/esbuild/internal/resolver/resolver.go:572 +0x1a1a fp=0xc005aa7220 sp=0xc005aa6e50 pc=0x7ff656f4ca9a
github.com/evanw/esbuild/internal/bundler.RunOnResolvePlugins({_, _, _}, _, {0xc001f53440, 0xc0041a4e58, 0xc0041a4e70, 
0xc0041a4f00, 0x3, 0xc001f53290}, ...)
	github.com/evanw/esbuild/internal/bundler/bundler.go:1154 +0x36a fp=0xc005aa7690 sp=0xc005aa7220 pc=0x7ff656f80e0a
github.com/evanw/esbuild/pkg/api.loadPlugins.func2({0xc0056d9ab0, 0x6f}, {{0xc002610d70, 0x10}, {0x0, 0x0}, {0x0, 
0x0}, {0xc000705d80, 0x36}, ...})
	github.com/evanw/esbuild/pkg/api/api_impl.go:2114 +0x4be fp=0xc005aa7d18 sp=0xc005aa7690 pc=0x7ff65703809e
main.(*serviceType).convertPlugins.func2.1(0xec, 0xc0025d07e0)
	github.com/evanw/esbuild/cmd/esbuild/service.go:944 +0x665 fp=0xc005aa7f50 sp=0xc005aa7d18 pc=0x7ff65707a885
main.(*serviceType).handleIncomingPacket.func4()
	github.com/evanw/esbuild/cmd/esbuild/service.go:262 +0xa4 fp=0xc005aa7fe0 sp=0xc005aa7f50 pc=0x7ff6570740a4
runtime.goexit({})
	runtime/asm_amd64.s:1693 +0x1 fp=0xc005aa7fe8 sp=0xc005aa7fe0 pc=0x7ff656bcf221
created by main.(*serviceType).handleIncomingPacket in goroutine 1
	github.com/evanw/esbuild/cmd/esbuild/service.go:257 +0x156e

goroutine 1501 gp=0xc00517a700 m=nil [chan send]:
runtime.gopark(0x0?, 0x0?, 0x0?, 0x0?, 0x0?)
	runtime/proc.go:460 +0xce fp=0xc005915128 sp=0xc005915108 pc=0x7ff656bc72ce
runtime.chansend(0xc000136000, 0x7ff6572b1690, 0x1, 0x3?)
	runtime/chan.go:283 +0x3cb fp=0xc005915198 sp=0xc005915128 pc=0x7ff656b5d58b
runtime.chansend1(0x0?, 0x0?)
	runtime/chan.go:161 +0x17 fp=0xc0059151c8 sp=0xc005915198 pc=0x7ff656b5d1b7
github.com/evanw/esbuild/internal/fs.BeforeFileOpen(...)
	github.com/evanw/esbuild/internal/fs/fs.go:245
github.com/evanw/esbuild/internal/fs.(*realFS).readdir(0xc0000da080, {0xc005e03d60, 0x43})
	github.com/evanw/esbuild/internal/fs/fs_real.go:351 +0x6c fp=0xc005915260 sp=0xc0059151c8 pc=0x7ff656c9c32c
github.com/evanw/esbuild/internal/fs.(*realFS).ReadDirectory(0xc0000da080, {0xc005e03d60, 0x43})
	github.com/evanw/esbuild/internal/fs/fs_real.go:146 +0x177 fp=0xc0059153f0 sp=0xc005915260 pc=0x7ff656c9a637
github.com/evanw/esbuild/internal/fs.(*zipFS).ReadDirectory(0xc0000a6120, {0xc005e03d60, 0x43})
	github.com/evanw/esbuild/internal/fs/fs_zip.go:188 +0xbf fp=0xc005915530 sp=0xc0059153f0 pc=0x7ff656c9e7df
github.com/evanw/esbuild/internal/resolver.resolverQuery.dirInfoUncached({0xc002a5a908?, 0xc0035b50e0?, 0x0?, 0x43?}, 
{0xc005e03d60, 0x43})
	github.com/evanw/esbuild/internal/resolver/resolver.go:1547 +0x11b fp=0xc005915810 sp=0xc005915530 pc=0x7ff656f5841b
github.com/evanw/esbuild/internal/resolver.resolverQuery.dirInfoCached({0xc002a5a908?, 0xc0035b50e0?, 0x0?, 0x9e?}, 
{0xc005e03d60, 0x43})
	github.com/evanw/esbuild/internal/resolver/resolver.go:1174 +0xee fp=0xc005915918 sp=0xc005915810 pc=0x7ff656f5420e
github.com/evanw/esbuild/internal/resolver.resolverQuery.dirInfoUncached({0xc002a5a908?, 0xc0035b50e0?, 0x0?, 0x48?}, 
{0xc005e03d10, 0x48})
	github.com/evanw/esbuild/internal/resolver/resolver.go:1538 +0xe5 fp=0xc005915bf8 sp=0xc005915918 pc=0x7ff656f583e5
github.com/evanw/esbuild/internal/resolver.resolverQuery.dirInfoCached({0xc002a5a908?, 0xc0035b50e0?, 0x0?, 0x9e?}, 
{0xc005e03d10, 0x48})
	github.com/evanw/esbuild/internal/resolver/resolver.go:1174 +0xee fp=0xc005915d00 sp=0xc005915bf8 pc=0x7ff656f5420e
github.com/evanw/esbuild/internal/resolver.resolverQuery.dirInfoUncached({0xc002a5a908?, 0xc0035b50e0?, 0x0?, 0x4d?}, 
{0xc005e03cc0, 0x4d})
	github.com/evanw/esbuild/internal/resolver/resolver.go:1538 +0xe5 fp=0xc005915fe0 sp=0xc005915d00 pc=0x7ff656f583e5
github.com/evanw/esbuild/internal/resolver.resolverQuery.dirInfoCached({0xc002a5a908?, 0xc0035b50e0?, 0x0?, 0x2f?}, 
{0xc005e03cc0, 0x4d})
	github.com/evanw/esbuild/internal/resolver/resolver.go:1174 +0xee fp=0xc0059160e8 sp=0xc005915fe0 pc=0x7ff656f5420e
github.com/evanw/esbuild/internal/resolver.resolverQuery.dirInfoUncached({0xc002a5a908?, 0xc0035b50e0?, 0x0?, 0x51?}, 
{0xc0065a9200, 0x51})
	github.com/evanw/esbuild/internal/resolver/resolver.go:1538 +0xe5 fp=0xc0059163c8 sp=0xc0059160e8 pc=0x7ff656f583e5
github.com/evanw/esbuild/internal/resolver.resolverQuery.dirInfoCached({0xc002a5a908?, 0xc0035b50e0?, 0x0?, 0x0?}, 
{0xc0065a9200, 0x51})
	github.com/evanw/esbuild/internal/resolver/resolver.go:1174 +0xee fp=0xc0059164d0 sp=0xc0059163c8 pc=0x7ff656f5420e
github.com/evanw/esbuild/internal/resolver.resolverQuery.dirInfoUncached({0xc002a5a908?, 0xc0035b50e0?, 0x0?, 0x5a?}, 
{0xc0065a91a0, 0x5a})
	github.com/evanw/esbuild/internal/resolver/resolver.go:1538 +0xe5 fp=0xc0059167b0 sp=0xc0059164d0 pc=0x7ff656f583e5
github.com/evanw/esbuild/internal/resolver.resolverQuery.dirInfoCached({0xc002a5a908?, 0xc0035b50e0?, 0x0?, 0x78?}, 
{0xc0065a91a0, 0x5a})
	github.com/evanw/esbuild/internal/resolver/resolver.go:1174 +0xee fp=0xc0059168b8 sp=0xc0059167b0 pc=0x7ff656f5420e
github.com/evanw/esbuild/internal/resolver.resolverQuery.dirInfoUncached({0xc002a5a908?, 0xc0035b50e0?, 0x0?, 0x64?}, 
{0xc005e899d0, 0x64})
	github.com/evanw/esbuild/internal/resolver/resolver.go:1538 +0xe5 fp=0xc005916b98 sp=0xc0059168b8 pc=0x7ff656f583e5
github.com/evanw/esbuild/internal/resolver.resolverQuery.dirInfoCached({0xc002a5a908?, 0xc0035b50e0?, 0x0?, 0xe0?}, 
{0xc005e899d0, 0x64})
	github.com/evanw/esbuild/internal/resolver/resolver.go:1174 +0xee fp=0xc005916ca0 sp=0xc005916b98 pc=0x7ff656f5420e
github.com/evanw/esbuild/internal/resolver.resolverQuery.finalizeResolve({0xc002a5a908?, 0xc0035b50e0?, 0x0?, 0x0?}, 
0xc004808240)
	github.com/evanw/esbuild/internal/resolver/resolver.go:842 +0x6f1 fp=0xc005916e50 sp=0xc005916ca0 pc=0x7ff656f510d1
github.com/evanw/esbuild/internal/resolver.(*Resolver).Resolve(0xc002a5a908, {0xc000705e00, 0x36}, {0xc0032a3a00, 
0x7d}, 0x1)
	github.com/evanw/esbuild/internal/resolver/resolver.go:572 +0x1a1a fp=0xc005917220 sp=0xc005916e50 pc=0x7ff656f4ca9a
github.com/evanw/esbuild/internal/bundler.RunOnResolvePlugins({_, _, _}, _, {0xc001f539e0, 0xc0041a4f30, 0xc0041a4f48, 
0xc0041a4f60, 0x3, 0xc001f538f0}, ...)
	github.com/evanw/esbuild/internal/bundler/bundler.go:1154 +0x36a fp=0xc005917690 sp=0xc005917220 pc=0x7ff656f80e0a
github.com/evanw/esbuild/pkg/api.loadPlugins.func2({0xc0032a3a00, 0x7d}, {{0xc002610dd0, 0x10}, {0x0, 0x0}, {0x0, 
0x0}, {0xc000705e00, 0x36}, ...})
	github.com/evanw/esbuild/pkg/api/api_impl.go:2114 +0x4be fp=0xc005917d18 sp=0xc005917690 pc=0x7ff65703809e
main.(*serviceType).convertPlugins.func2.1(0xed, 0xc0025d0c00)
	github.com/evanw/esbuild/cmd/esbuild/service.go:944 +0x665 fp=0xc005917f50 sp=0xc005917d18 pc=0x7ff65707a885
main.(*serviceType).handleIncomingPacket.func4()
	github.com/evanw/esbuild/cmd/esbuild/service.go:262 +0xa4 fp=0xc005917fe0 sp=0xc005917f50 pc=0x7ff6570740a4
runtime.goexit({})
	runtime/asm_amd64.s:1693 +0x1 fp=0xc005917fe8 sp=0xc005917fe0 pc=0x7ff656bcf221
created by main.(*serviceType).handleIncomingPacket in goroutine 1
	github.com/evanw/esbuild/cmd/esbuild/service.go:257 +0x156e

goroutine 1502 gp=0xc00517a8c0 m=nil [chan send]:
runtime.gopark(0x600c2f2d35371360?, 0xc002bec7f7?, 0x5?, 0x0?, 0xc002a59600?)
	runtime/proc.go:460 +0xce fp=0xc002bfb128 sp=0xc002bfb108 pc=0x7ff656bc72ce
runtime.chansend(0xc000136000, 0x7ff6572b1690, 0x1, 0x11?)
	runtime/chan.go:283 +0x3cb fp=0xc002bfb198 sp=0xc002bfb128 pc=0x7ff656b5d58b
runtime.chansend1(0x6?, 0xc002a5cfc0?)
	runtime/chan.go:161 +0x17 fp=0xc002bfb1c8 sp=0xc002bfb198 pc=0x7ff656b5d1b7
github.com/evanw/esbuild/internal/fs.BeforeFileOpen(...)
	github.com/evanw/esbuild/internal/fs/fs.go:245
github.com/evanw/esbuild/internal/fs.(*realFS).readdir(0xc0000da080, {0xc005bc5db0, 0x43})
	github.com/evanw/esbuild/internal/fs/fs_real.go:351 +0x6c fp=0xc002bfb260 sp=0xc002bfb1c8 pc=0x7ff656c9c32c
github.com/evanw/esbuild/internal/fs.(*realFS).ReadDirectory(0xc0000da080, {0xc005bc5db0, 0x43})
	github.com/evanw/esbuild/internal/fs/fs_real.go:146 +0x177 fp=0xc002bfb3f0 sp=0xc002bfb260 pc=0x7ff656c9a637
github.com/evanw/esbuild/internal/fs.(*zipFS).ReadDirectory(0xc0000a6120, {0xc005bc5db0, 0x43})
	github.com/evanw/esbuild/internal/fs/fs_zip.go:188 +0xbf fp=0xc002bfb530 sp=0xc002bfb3f0 pc=0x7ff656c9e7df
github.com/evanw/esbuild/internal/resolver.resolverQuery.dirInfoUncached({0xc002a5ad88?, 0xc005d67cc0?, 0x0?, 0x43?}, 
{0xc005bc5db0, 0x43})
	github.com/evanw/esbuild/internal/resolver/resolver.go:1547 +0x11b fp=0xc002bfb810 sp=0xc002bfb530 pc=0x7ff656f5841b
github.com/evanw/esbuild/internal/resolver.resolverQuery.dirInfoCached({0xc002a5ad88?, 0xc005d67cc0?, 0x0?, 0x9e?}, 
{0xc005bc5db0, 0x43})
	github.com/evanw/esbuild/internal/resolver/resolver.go:1174 +0xee fp=0xc002bfb918 sp=0xc002bfb810 pc=0x7ff656f5420e
github.com/evanw/esbuild/internal/resolver.resolverQuery.dirInfoUncached({0xc002a5ad88?, 0xc005d67cc0?, 0x0?, 0x48?}, 
{0xc005bc5d60, 0x48})
	github.com/evanw/esbuild/internal/resolver/resolver.go:1538 +0xe5 fp=0xc002bfbbf8 sp=0xc002bfb918 pc=0x7ff656f583e5
github.com/evanw/esbuild/internal/resolver.resolverQuery.dirInfoCached({0xc002a5ad88?, 0xc005d67cc0?, 0x0?, 0x9e?}, 
{0xc005bc5d60, 0x48})
	github.com/evanw/esbuild/internal/resolver/resolver.go:1174 +0xee fp=0xc002bfbd00 sp=0xc002bfbbf8 pc=0x7ff656f5420e
github.com/evanw/esbuild/internal/resolver.resolverQuery.dirInfoUncached({0xc002a5ad88?, 0xc005d67cc0?, 0x0?, 0x4d?}, 
{0xc005bc5d10, 0x4d})
	github.com/evanw/esbuild/internal/resolver/resolver.go:1538 +0xe5 fp=0xc002bfbfe0 sp=0xc002bfbd00 pc=0x7ff656f583e5
github.com/evanw/esbuild/internal/resolver.resolverQuery.dirInfoCached({0xc002a5ad88?, 0xc005d67cc0?, 0x0?, 0x2f?}, 
{0xc005bc5d10, 0x4d})
	github.com/evanw/esbuild/internal/resolver/resolver.go:1174 +0xee fp=0xc002bfc0e8 sp=0xc002bfbfe0 pc=0x7ff656f5420e
github.com/evanw/esbuild/internal/resolver.resolverQuery.dirInfoUncached({0xc002a5ad88?, 0xc005d67cc0?, 0x0?, 0x51?}, 
{0xc006902960, 0x51})
	github.com/evanw/esbuild/internal/resolver/resolver.go:1538 +0xe5 fp=0xc002bfc3c8 sp=0xc002bfc0e8 pc=0x7ff656f583e5
github.com/evanw/esbuild/internal/resolver.resolverQuery.dirInfoCached({0xc002a5ad88?, 0xc005d67cc0?, 0x0?, 0x0?}, 
{0xc006902960, 0x51})
	github.com/evanw/esbuild/internal/resolver/resolver.go:1174 +0xee fp=0xc002bfc4d0 sp=0xc002bfc3c8 pc=0x7ff656f5420e
github.com/evanw/esbuild/internal/resolver.resolverQuery.dirInfoUncached({0xc002a5ad88?, 0xc005d67cc0?, 0x0?, 0x5a?}, 
{0xc006902900, 0x5a})
	github.com/evanw/esbuild/internal/resolver/resolver.go:1538 +0xe5 fp=0xc002bfc7b0 sp=0xc002bfc4d0 pc=0x7ff656f583e5
github.com/evanw/esbuild/internal/resolver.resolverQuery.dirInfoCached({0xc002a5ad88?, 0xc005d67cc0?, 0x0?, 0x48?}, 
{0xc006902900, 0x5a})
	github.com/evanw/esbuild/internal/resolver/resolver.go:1174 +0xee fp=0xc002bfc8b8 sp=0xc002bfc7b0 pc=0x7ff656f5420e
github.com/evanw/esbuild/internal/resolver.resolverQuery.dirInfoUncached({0xc002a5ad88?, 0xc005d67cc0?, 0x0?, 0x65?}, 
{0xc005f93e30, 0x65})
	github.com/evanw/esbuild/internal/resolver/resolver.go:1538 +0xe5 fp=0xc002bfcb98 sp=0xc002bfc8b8 pc=0x7ff656f583e5
github.com/evanw/esbuild/internal/resolver.resolverQuery.dirInfoCached({0xc002a5ad88?, 0xc005d67cc0?, 0x0?, 0xc0?}, 
{0xc005f93e30, 0x65})
	github.com/evanw/esbuild/internal/resolver/resolver.go:1174 +0xee fp=0xc002bfcca0 sp=0xc002bfcb98 pc=0x7ff656f5420e
github.com/evanw/esbuild/internal/resolver.resolverQuery.finalizeResolve({0xc002a5ad88?, 0xc005d67cc0?, 0x0?, 0x0?}, 
0xc003c1e6c0)
	github.com/evanw/esbuild/internal/resolver/resolver.go:842 +0x6f1 fp=0xc002bfce50 sp=0xc002bfcca0 pc=0x7ff656f510d1
github.com/evanw/esbuild/internal/resolver.(*Resolver).Resolve(0xc002a5ad88, {0xc002652000, 0x36}, {0xc0056d9b20, 
0x6e}, 0x1)
	github.com/evanw/esbuild/internal/resolver/resolver.go:572 +0x1a1a fp=0xc002bfd220 sp=0xc002bfce50 pc=0x7ff656f4ca9a
github.com/evanw/esbuild/internal/bundler.RunOnResolvePlugins({_, _, _}, _, {0xc001f53c50, 0xc0041a4fa8, 0xc0041a4fc0, 
0xc0041a4ff0, 0x3, 0xc001f53c20}, ...)
	github.com/evanw/esbuild/internal/bundler/bundler.go:1154 +0x36a fp=0xc002bfd690 sp=0xc002bfd220 pc=0x7ff656f80e0a
github.com/evanw/esbuild/pkg/api.loadPlugins.func2({0xc0056d9b20, 0x6e}, {{0xc002610e30, 0x10}, {0x0, 0x0}, {0x0, 
0x0}, {0xc002652000, 0x36}, ...})
	github.com/evanw/esbuild/pkg/api/api_impl.go:2114 +0x4be fp=0xc002bfdd18 sp=0xc002bfd690 pc=0x7ff65703809e
main.(*serviceType).convertPlugins.func2.1(0xee, 0xc0025d0d50)
	github.com/evanw/esbuild/cmd/esbuild/service.go:944 +0x665 fp=0xc002bfdf50 sp=0xc002bfdd18 pc=0x7ff65707a885
main.(*serviceType).handleIncomingPacket.func4()
	github.com/evanw/esbuild/cmd/esbuild/service.go:262 +0xa4 fp=0xc002bfdfe0 sp=0xc002bfdf50 pc=0x7ff6570740a4
runtime.goexit({})
	runtime/asm_amd64.s:1693 +0x1 fp=0xc002bfdfe8 sp=0xc002bfdfe0 pc=0x7ff656bcf221
created by main.(*serviceType).handleIncomingPacket in goroutine 1
	github.com/evanw/esbuild/cmd/esbuild/service.go:257 +0x156e

goroutine 1503 gp=0xc00517aa80 m=nil [chan send]:
runtime.gopark(0x100000000000002?, 0x7ff656c44e45?, 0x2?, 0x98?, 0x5c?)
	runtime/proc.go:460 +0xce fp=0xc00591d128 sp=0xc00591d108 pc=0x7ff656bc72ce
runtime.chansend(0xc000136000, 0x7ff6572b1690, 0x1, 0xc0005d9780?)
	runtime/chan.go:283 +0x3cb fp=0xc00591d198 sp=0xc00591d128 pc=0x7ff656b5d58b
runtime.chansend1(0xc001b73a80?, 0x16?)
	runtime/chan.go:161 +0x17 fp=0xc00591d1c8 sp=0xc00591d198 pc=0x7ff656b5d1b7
github.com/evanw/esbuild/internal/fs.BeforeFileOpen(...)
	github.com/evanw/esbuild/internal/fs/fs.go:245
github.com/evanw/esbuild/internal/fs.(*realFS).readdir(0xc0000da080, {0xc00487e320, 0x43})
	github.com/evanw/esbuild/internal/fs/fs_real.go:351 +0x6c fp=0xc00591d260 sp=0xc00591d1c8 pc=0x7ff656c9c32c
github.com/evanw/esbuild/internal/fs.(*realFS).ReadDirectory(0xc0000da080, {0xc00487e320, 0x43})
	github.com/evanw/esbuild/internal/fs/fs_real.go:146 +0x177 fp=0xc00591d3f0 sp=0xc00591d260 pc=0x7ff656c9a637
github.com/evanw/esbuild/internal/fs.(*zipFS).ReadDirectory(0xc0000a6120, {0xc00487e320, 0x43})
	github.com/evanw/esbuild/internal/fs/fs_zip.go:188 +0xbf fp=0xc00591d530 sp=0xc00591d3f0 pc=0x7ff656c9e7df
github.com/evanw/esbuild/internal/resolver.resolverQuery.dirInfoUncached({0xc002a5b208?, 0xc005f960a0?, 0x0?, 0x43?}, 
{0xc00487e320, 0x43})
	github.com/evanw/esbuild/internal/resolver/resolver.go:1547 +0x11b fp=0xc00591d810 sp=0xc00591d530 pc=0x7ff656f5841b
github.com/evanw/esbuild/internal/resolver.resolverQuery.dirInfoCached({0xc002a5b208?, 0xc005f960a0?, 0x0?, 0x9e?}, 
{0xc00487e320, 0x43})
	github.com/evanw/esbuild/internal/resolver/resolver.go:1174 +0xee fp=0xc00591d918 sp=0xc00591d810 pc=0x7ff656f5420e
github.com/evanw/esbuild/internal/resolver.resolverQuery.dirInfoUncached({0xc002a5b208?, 0xc005f960a0?, 0x0?, 0x48?}, 
{0xc00487e2d0, 0x48})
	github.com/evanw/esbuild/internal/resolver/resolver.go:1538 +0xe5 fp=0xc00591dbf8 sp=0xc00591d918 pc=0x7ff656f583e5
github.com/evanw/esbuild/internal/resolver.resolverQuery.dirInfoCached({0xc002a5b208?, 0xc005f960a0?, 0x0?, 0x9e?}, 
{0xc00487e2d0, 0x48})
	github.com/evanw/esbuild/internal/resolver/resolver.go:1174 +0xee fp=0xc00591dd00 sp=0xc00591dbf8 pc=0x7ff656f5420e
github.com/evanw/esbuild/internal/resolver.resolverQuery.dirInfoUncached({0xc002a5b208?, 0xc005f960a0?, 0x0?, 0x4d?}, 
{0xc00487e280, 0x4d})
	github.com/evanw/esbuild/internal/resolver/resolver.go:1538 +0xe5 fp=0xc00591dfe0 sp=0xc00591dd00 pc=0x7ff656f583e5
github.com/evanw/esbuild/internal/resolver.resolverQuery.dirInfoCached({0xc002a5b208?, 0xc005f960a0?, 0x0?, 0x2f?}, 
{0xc00487e280, 0x4d})
	github.com/evanw/esbuild/internal/resolver/resolver.go:1174 +0xee fp=0xc00591e0e8 sp=0xc00591dfe0 pc=0x7ff656f5420e
github.com/evanw/esbuild/internal/resolver.resolverQuery.dirInfoUncached({0xc002a5b208?, 0xc005f960a0?, 0x0?, 0x51?}, 
{0xc006805140, 0x51})
	github.com/evanw/esbuild/internal/resolver/resolver.go:1538 +0xe5 fp=0xc00591e3c8 sp=0xc00591e0e8 pc=0x7ff656f583e5
github.com/evanw/esbuild/internal/resolver.resolverQuery.dirInfoCached({0xc002a5b208?, 0xc005f960a0?, 0x0?, 0x0?}, 
{0xc006805140, 0x51})
	github.com/evanw/esbuild/internal/resolver/resolver.go:1174 +0xee fp=0xc00591e4d0 sp=0xc00591e3c8 pc=0x7ff656f5420e
github.com/evanw/esbuild/internal/resolver.resolverQuery.dirInfoUncached({0xc002a5b208?, 0xc005f960a0?, 0x0?, 0x5a?}, 
{0xc0068050e0, 0x5a})
	github.com/evanw/esbuild/internal/resolver/resolver.go:1538 +0xe5 fp=0xc00591e7b0 sp=0xc00591e4d0 pc=0x7ff656f583e5
github.com/evanw/esbuild/internal/resolver.resolverQuery.dirInfoCached({0xc002a5b208?, 0xc005f960a0?, 0x0?, 0x78?}, 
{0xc0068050e0, 0x5a})
	github.com/evanw/esbuild/internal/resolver/resolver.go:1174 +0xee fp=0xc00591e8b8 sp=0xc00591e7b0 pc=0x7ff656f5420e
github.com/evanw/esbuild/internal/resolver.resolverQuery.dirInfoUncached({0xc002a5b208?, 0xc005f960a0?, 0x0?, 0x64?}, 
{0xc0035afb90, 0x64})
	github.com/evanw/esbuild/internal/resolver/resolver.go:1538 +0xe5 fp=0xc00591eb98 sp=0xc00591e8b8 pc=0x7ff656f583e5
github.com/evanw/esbuild/internal/resolver.resolverQuery.dirInfoCached({0xc002a5b208?, 0xc005f960a0?, 0x0?, 0xa0?}, 
{0xc0035afb90, 0x64})
	github.com/evanw/esbuild/internal/resolver/resolver.go:1174 +0xee fp=0xc00591eca0 sp=0xc00591eb98 pc=0x7ff656f5420e
github.com/evanw/esbuild/internal/resolver.resolverQuery.finalizeResolve({0xc002a5b208?, 0xc005f960a0?, 0x0?, 0x0?}, 
0xc002cd4a20)
	github.com/evanw/esbuild/internal/resolver/resolver.go:842 +0x6f1 fp=0xc00591ee50 sp=0xc00591eca0 pc=0x7ff656f510d1
github.com/evanw/esbuild/internal/resolver.(*Resolver).Resolve(0xc002a5b208, {0xc002652040, 0x36}, {0xc0056d9b90, 
0x6b}, 0x1)
	github.com/evanw/esbuild/internal/resolver/resolver.go:572 +0x1a1a fp=0xc00591f220 sp=0xc00591ee50 pc=0x7ff656f4ca9a
github.com/evanw/esbuild/internal/bundler.RunOnResolvePlugins({_, _, _}, _, {0xc004532150, 0xc0041a5020, 0xc0041a5080, 
0xc0041a5098, 0x3, 0xc004532120}, ...)
	github.com/evanw/esbuild/internal/bundler/bundler.go:1154 +0x36a fp=0xc00591f690 sp=0xc00591f220 pc=0x7ff656f80e0a
github.com/evanw/esbuild/pkg/api.loadPlugins.func2({0xc0056d9b90, 0x6b}, {{0xc002610e90, 0x10}, {0x0, 0x0}, {0x0, 
0x0}, {0xc002652040, 0x36}, ...})
	github.com/evanw/esbuild/pkg/api/api_impl.go:2114 +0x4be fp=0xc00591fd18 sp=0xc00591f690 pc=0x7ff65703809e
main.(*serviceType).convertPlugins.func2.1(0xef, 0xc0025d12c0)
	github.com/evanw/esbuild/cmd/esbuild/service.go:944 +0x665 fp=0xc00591ff50 sp=0xc00591fd18 pc=0x7ff65707a885
main.(*serviceType).handleIncomingPacket.func4()
	github.com/evanw/esbuild/cmd/esbuild/service.go:262 +0xa4 fp=0xc00591ffe0 sp=0xc00591ff50 pc=0x7ff6570740a4
runtime.goexit({})
	runtime/asm_amd64.s:1693 +0x1 fp=0xc00591ffe8 sp=0xc00591ffe0 pc=0x7ff656bcf221
created by main.(*serviceType).handleIncomingPacket in goroutine 1
	github.com/evanw/esbuild/cmd/esbuild/service.go:257 +0x156e

goroutine 1504 gp=0xc00517ac40 m=nil [chan send]:
runtime.gopark(0x0?, 0x0?, 0x0?, 0x0?, 0x0?)
	runtime/proc.go:460 +0xce fp=0xc005753128 sp=0xc005753108 pc=0x7ff656bc72ce
runtime.chansend(0xc000136000, 0x7ff6572b1690, 0x1, 0x0?)
	runtime/chan.go:283 +0x3cb fp=0xc005753198 sp=0xc005753128 pc=0x7ff656b5d58b
runtime.chansend1(0x0?, 0x0?)
	runtime/chan.go:161 +0x17 fp=0xc0057531c8 sp=0xc005753198 pc=0x7ff656b5d1b7
github.com/evanw/esbuild/internal/fs.BeforeFileOpen(...)
	github.com/evanw/esbuild/internal/fs/fs.go:245
github.com/evanw/esbuild/internal/fs.(*realFS).readdir(0xc0000da080, {0xc006085630, 0x43})
	github.com/evanw/esbuild/internal/fs/fs_real.go:351 +0x6c fp=0xc005753260 sp=0xc0057531c8 pc=0x7ff656c9c32c
github.com/evanw/esbuild/internal/fs.(*realFS).ReadDirectory(0xc0000da080, {0xc006085630, 0x43})
	github.com/evanw/esbuild/internal/fs/fs_real.go:146 +0x177 fp=0xc0057533f0 sp=0xc005753260 pc=0x7ff656c9a637
github.com/evanw/esbuild/internal/fs.(*zipFS).ReadDirectory(0xc0000a6120, {0xc006085630, 0x43})
	github.com/evanw/esbuild/internal/fs/fs_zip.go:188 +0xbf fp=0xc005753530 sp=0xc0057533f0 pc=0x7ff656c9e7df
github.com/evanw/esbuild/internal/resolver.resolverQuery.dirInfoUncached({0xc002a5b688?, 0xc0053ff180?, 0x0?, 0x43?}, 
{0xc006085630, 0x43})
	github.com/evanw/esbuild/internal/resolver/resolver.go:1547 +0x11b fp=0xc005753810 sp=0xc005753530 pc=0x7ff656f5841b
github.com/evanw/esbuild/internal/resolver.resolverQuery.dirInfoCached({0xc002a5b688?, 0xc0053ff180?, 0x0?, 0x9e?}, 
{0xc006085630, 0x43})
	github.com/evanw/esbuild/internal/resolver/resolver.go:1174 +0xee fp=0xc005753918 sp=0xc005753810 pc=0x7ff656f5420e
github.com/evanw/esbuild/internal/resolver.resolverQuery.dirInfoUncached({0xc002a5b688?, 0xc0053ff180?, 0x0?, 0x48?}, 
{0xc0060855e0, 0x48})
	github.com/evanw/esbuild/internal/resolver/resolver.go:1538 +0xe5 fp=0xc005753bf8 sp=0xc005753918 pc=0x7ff656f583e5
github.com/evanw/esbuild/internal/resolver.resolverQuery.dirInfoCached({0xc002a5b688?, 0xc0053ff180?, 0x0?, 0x9e?}, 
{0xc0060855e0, 0x48})
	github.com/evanw/esbuild/internal/resolver/resolver.go:1174 +0xee fp=0xc005753d00 sp=0xc005753bf8 pc=0x7ff656f5420e
github.com/evanw/esbuild/internal/resolver.resolverQuery.dirInfoUncached({0xc002a5b688?, 0xc0053ff180?, 0x0?, 0x4d?}, 
{0xc006085590, 0x4d})
	github.com/evanw/esbuild/internal/resolver/resolver.go:1538 +0xe5 fp=0xc005753fe0 sp=0xc005753d00 pc=0x7ff656f583e5
github.com/evanw/esbuild/internal/resolver.resolverQuery.dirInfoCached({0xc002a5b688?, 0xc0053ff180?, 0x0?, 0x2f?}, 
{0xc006085590, 0x4d})
	github.com/evanw/esbuild/internal/resolver/resolver.go:1174 +0xee fp=0xc0057540e8 sp=0xc005753fe0 pc=0x7ff656f5420e
github.com/evanw/esbuild/internal/resolver.resolverQuery.dirInfoUncached({0xc002a5b688?, 0xc0053ff180?, 0x0?, 0x51?}, 
{0xc001a61800, 0x51})
	github.com/evanw/esbuild/internal/resolver/resolver.go:1538 +0xe5 fp=0xc0057543c8 sp=0xc0057540e8 pc=0x7ff656f583e5
github.com/evanw/esbuild/internal/resolver.resolverQuery.dirInfoCached({0xc002a5b688?, 0xc0053ff180?, 0x0?, 0x0?}, 
{0xc001a61800, 0x51})
	github.com/evanw/esbuild/internal/resolver/resolver.go:1174 +0xee fp=0xc0057544d0 sp=0xc0057543c8 pc=0x7ff656f5420e
github.com/evanw/esbuild/internal/resolver.resolverQuery.dirInfoUncached({0xc002a5b688?, 0xc0053ff180?, 0x0?, 0x5a?}, 
{0xc001a617a0, 0x5a})
	github.com/evanw/esbuild/internal/resolver/resolver.go:1538 +0xe5 fp=0xc0057547b0 sp=0xc0057544d0 pc=0x7ff656f583e5
github.com/evanw/esbuild/internal/resolver.resolverQuery.dirInfoCached({0xc002a5b688?, 0xc0053ff180?, 0x0?, 0x78?}, 
{0xc001a617a0, 0x5a})
	github.com/evanw/esbuild/internal/resolver/resolver.go:1174 +0xee fp=0xc0057548b8 sp=0xc0057547b0 pc=0x7ff656f5420e
github.com/evanw/esbuild/internal/resolver.resolverQuery.dirInfoUncached({0xc002a5b688?, 0xc0053ff180?, 0x0?, 0x64?}, 
{0xc0059edb90, 0x64})
	github.com/evanw/esbuild/internal/resolver/resolver.go:1538 +0xe5 fp=0xc005754b98 sp=0xc0057548b8 pc=0x7ff656f583e5
github.com/evanw/esbuild/internal/resolver.resolverQuery.dirInfoCached({0xc002a5b688?, 0xc0053ff180?, 0x0?, 0x80?}, 
{0xc0059edb90, 0x64})
	github.com/evanw/esbuild/internal/resolver/resolver.go:1174 +0xee fp=0xc005754ca0 sp=0xc005754b98 pc=0x7ff656f5420e
github.com/evanw/esbuild/internal/resolver.resolverQuery.finalizeResolve({0xc002a5b688?, 0xc0053ff180?, 0x0?, 0x0?}, 
0xc00219bb00)
	github.com/evanw/esbuild/internal/resolver/resolver.go:842 +0x6f1 fp=0xc005754e50 sp=0xc005754ca0 pc=0x7ff656f510d1
github.com/evanw/esbuild/internal/resolver.(*Resolver).Resolve(0xc002a5b688, {0xc002652080, 0x36}, {0xc0056d9c00, 
0x70}, 0x1)
	github.com/evanw/esbuild/internal/resolver/resolver.go:572 +0x1a1a fp=0xc005755220 sp=0xc005754e50 pc=0x7ff656f4ca9a
github.com/evanw/esbuild/internal/bundler.RunOnResolvePlugins({_, _, _}, _, {0xc004532510, 0xc0041a50f8, 0xc0041a5110, 
0xc0041a5128, 0x3, 0xc0045324b0}, ...)
	github.com/evanw/esbuild/internal/bundler/bundler.go:1154 +0x36a fp=0xc005755690 sp=0xc005755220 pc=0x7ff656f80e0a
github.com/evanw/esbuild/pkg/api.loadPlugins.func2({0xc0056d9c00, 0x70}, {{0xc002610ef0, 0x10}, {0x0, 0x0}, {0x0, 
0x0}, {0xc002652080, 0x36}, ...})
	github.com/evanw/esbuild/pkg/api/api_impl.go:2114 +0x4be fp=0xc005755d18 sp=0xc005755690 pc=0x7ff65703809e
main.(*serviceType).convertPlugins.func2.1(0xf0, 0xc0025d13e0)
	github.com/evanw/esbuild/cmd/esbuild/service.go:944 +0x665 fp=0xc005755f50 sp=0xc005755d18 pc=0x7ff65707a885
main.(*serviceType).handleIncomingPacket.func4()
	github.com/evanw/esbuild/cmd/esbuild/service.go:262 +0xa4 fp=0xc005755fe0 sp=0xc005755f50 pc=0x7ff6570740a4
runtime.goexit({})
	runtime/asm_amd64.s:1693 +0x1 fp=0xc005755fe8 sp=0xc005755fe0 pc=0x7ff656bcf221
created by main.(*serviceType).handleIncomingPacket in goroutine 1
	github.com/evanw/esbuild/cmd/esbuild/service.go:257 +0x156e

goroutine 1505 gp=0xc00517ae00 m=nil [chan send]:
runtime.gopark(0x6500680063005f?, 0x61006d006b0063?, 0x72?, 0x0?, 0x20006800740061?)
	runtime/proc.go:460 +0xce fp=0xc004f9d128 sp=0xc004f9d108 pc=0x7ff656bc72ce
runtime.chansend(0xc000136000, 0x7ff6572b1690, 0x1, 0x6100740073002d?)
	runtime/chan.go:283 +0x3cb fp=0xc004f9d198 sp=0xc004f9d128 pc=0x7ff656b5d58b
runtime.chansend1(0x2e002000700069?, 0x2d00630064006d?)
	runtime/chan.go:161 +0x17 fp=0xc004f9d1c8 sp=0xc004f9d198 pc=0x7ff656b5d1b7
github.com/evanw/esbuild/internal/fs.BeforeFileOpen(...)
	github.com/evanw/esbuild/internal/fs/fs.go:245
github.com/evanw/esbuild/internal/fs.(*realFS).readdir(0xc0000da080, {0xc0064639a0, 0x43})
	github.com/evanw/esbuild/internal/fs/fs_real.go:351 +0x6c fp=0xc004f9d260 sp=0xc004f9d1c8 pc=0x7ff656c9c32c
github.com/evanw/esbuild/internal/fs.(*realFS).ReadDirectory(0xc0000da080, {0xc0064639a0, 0x43})
	github.com/evanw/esbuild/internal/fs/fs_real.go:146 +0x177 fp=0xc004f9d3f0 sp=0xc004f9d260 pc=0x7ff656c9a637
github.com/evanw/esbuild/internal/fs.(*zipFS).ReadDirectory(0xc0000a6120, {0xc0064639a0, 0x43})
	github.com/evanw/esbuild/internal/fs/fs_zip.go:188 +0xbf fp=0xc004f9d530 sp=0xc004f9d3f0 pc=0x7ff656c9e7df
github.com/evanw/esbuild/internal/resolver.resolverQuery.dirInfoUncached({0xc002a5bb08?, 0xc005f960f0?, 0x0?, 0x43?}, 
{0xc0064639a0, 0x43})
	github.com/evanw/esbuild/internal/resolver/resolver.go:1547 +0x11b fp=0xc004f9d810 sp=0xc004f9d530 pc=0x7ff656f5841b
github.com/evanw/esbuild/internal/resolver.resolverQuery.dirInfoCached({0xc002a5bb08?, 0xc005f960f0?, 0x0?, 0x9e?}, 
{0xc0064639a0, 0x43})
	github.com/evanw/esbuild/internal/resolver/resolver.go:1174 +0xee fp=0xc004f9d918 sp=0xc004f9d810 pc=0x7ff656f5420e
github.com/evanw/esbuild/internal/resolver.resolverQuery.dirInfoUncached({0xc002a5bb08?, 0xc005f960f0?, 0x0?, 0x48?}, 
{0xc006463950, 0x48})
	github.com/evanw/esbuild/internal/resolver/resolver.go:1538 +0xe5 fp=0xc004f9dbf8 sp=0xc004f9d918 pc=0x7ff656f583e5
github.com/evanw/esbuild/internal/resolver.resolverQuery.dirInfoCached({0xc002a5bb08?, 0xc005f960f0?, 0x0?, 0x9e?}, 
{0xc006463950, 0x48})
	github.com/evanw/esbuild/internal/resolver/resolver.go:1174 +0xee fp=0xc004f9dd00 sp=0xc004f9dbf8 pc=0x7ff656f5420e
github.com/evanw/esbuild/internal/resolver.resolverQuery.dirInfoUncached({0xc002a5bb08?, 0xc005f960f0?, 0x0?, 0x4d?}, 
{0xc006463900, 0x4d})
	github.com/evanw/esbuild/internal/resolver/resolver.go:1538 +0xe5 fp=0xc004f9dfe0 sp=0xc004f9dd00 pc=0x7ff656f583e5
github.com/evanw/esbuild/internal/resolver.resolverQuery.dirInfoCached({0xc002a5bb08?, 0xc005f960f0?, 0x0?, 0x2f?}, 
{0xc006463900, 0x4d})
	github.com/evanw/esbuild/internal/resolver/resolver.go:1174 +0xee fp=0xc004f9e0e8 sp=0xc004f9dfe0 pc=0x7ff656f5420e
github.com/evanw/esbuild/internal/resolver.resolverQuery.dirInfoUncached({0xc002a5bb08?, 0xc005f960f0?, 0x0?, 0x51?}, 
{0xc00608db00, 0x51})
	github.com/evanw/esbuild/internal/resolver/resolver.go:1538 +0xe5 fp=0xc004f9e3c8 sp=0xc004f9e0e8 pc=0x7ff656f583e5
github.com/evanw/esbuild/internal/resolver.resolverQuery.dirInfoCached({0xc002a5bb08?, 0xc005f960f0?, 0x0?, 0x0?}, 
{0xc00608db00, 0x51})
	github.com/evanw/esbuild/internal/resolver/resolver.go:1174 +0xee fp=0xc004f9e4d0 sp=0xc004f9e3c8 pc=0x7ff656f5420e
github.com/evanw/esbuild/internal/resolver.resolverQuery.dirInfoUncached({0xc002a5bb08?, 0xc005f960f0?, 0x0?, 0x5a?}, 
{0xc00608daa0, 0x5a})
	github.com/evanw/esbuild/internal/resolver/resolver.go:1538 +0xe5 fp=0xc004f9e7b0 sp=0xc004f9e4d0 pc=0x7ff656f583e5
github.com/evanw/esbuild/internal/resolver.resolverQuery.dirInfoCached({0xc002a5bb08?, 0xc005f960f0?, 0x0?, 0x78?}, 
{0xc00608daa0, 0x5a})
	github.com/evanw/esbuild/internal/resolver/resolver.go:1174 +0xee fp=0xc004f9e8b8 sp=0xc004f9e7b0 pc=0x7ff656f5420e
github.com/evanw/esbuild/internal/resolver.resolverQuery.dirInfoUncached({0xc002a5bb08?, 0xc005f960f0?, 0x0?, 0x64?}, 
{0xc006189f10, 0x64})
	github.com/evanw/esbuild/internal/resolver/resolver.go:1538 +0xe5 fp=0xc004f9eb98 sp=0xc004f9e8b8 pc=0x7ff656f583e5
github.com/evanw/esbuild/internal/resolver.resolverQuery.dirInfoCached({0xc002a5bb08?, 0xc005f960f0?, 0x0?, 0xf0?}, 
{0xc006189f10, 0x64})
	github.com/evanw/esbuild/internal/resolver/resolver.go:1174 +0xee fp=0xc004f9eca0 sp=0xc004f9eb98 pc=0x7ff656f5420e
github.com/evanw/esbuild/internal/resolver.resolverQuery.finalizeResolve({0xc002a5bb08?, 0xc005f960f0?, 0x0?, 0x0?}, 
0xc004597b00)
	github.com/evanw/esbuild/internal/resolver/resolver.go:842 +0x6f1 fp=0xc004f9ee50 sp=0xc004f9eca0 pc=0x7ff656f510d1
github.com/evanw/esbuild/internal/resolver.(*Resolver).Resolve(0xc002a5bb08, {0xc0026520c0, 0x36}, {0xc0056d9c70, 
0x70}, 0x1)
	github.com/evanw/esbuild/internal/resolver/resolver.go:572 +0x1a1a fp=0xc004f9f220 sp=0xc004f9ee50 pc=0x7ff656f4ca9a
github.com/evanw/esbuild/internal/bundler.RunOnResolvePlugins({_, _, _}, _, {0xc004532720, 0xc0041a5170, 0xc0041a5188, 
0xc0041a51a0, 0x3, 0xc0045326c0}, ...)
	github.com/evanw/esbuild/internal/bundler/bundler.go:1154 +0x36a fp=0xc004f9f690 sp=0xc004f9f220 pc=0x7ff656f80e0a
github.com/evanw/esbuild/pkg/api.loadPlugins.func2({0xc0056d9c70, 0x70}, {{0xc002610f50, 0x10}, {0x0, 0x0}, {0x0, 
0x0}, {0xc0026520c0, 0x36}, ...})
	github.com/evanw/esbuild/pkg/api/api_impl.go:2114 +0x4be fp=0xc004f9fd18 sp=0xc004f9f690 pc=0x7ff65703809e
main.(*serviceType).convertPlugins.func2.1(0xf1, 0xc0025d1860)
	github.com/evanw/esbuild/cmd/esbuild/service.go:944 +0x665 fp=0xc004f9ff50 sp=0xc004f9fd18 pc=0x7ff65707a885
main.(*serviceType).handleIncomingPacket.func4()
	github.com/evanw/esbuild/cmd/esbuild/service.go:262 +0xa4 fp=0xc004f9ffe0 sp=0xc004f9ff50 pc=0x7ff6570740a4
runtime.goexit({})
	runtime/asm_amd64.s:1693 +0x1 fp=0xc004f9ffe8 sp=0xc004f9ffe0 pc=0x7ff656bcf221
created by main.(*serviceType).handleIncomingPacket in goroutine 1
	github.com/evanw/esbuild/cmd/esbuild/service.go:257 +0x156e

goroutine 1506 gp=0xc00517afc0 m=nil [chan send]:
runtime.gopark(0xc004d9fea0?, 0xc004f2a2a0?, 0x0?, 0x18?, 0x7ff656f59bde?)
	runtime/proc.go:460 +0xce fp=0xc004661510 sp=0xc0046614f0 pc=0x7ff656bc72ce
runtime.chansend(0xc000136000, 0x7ff6572b1690, 0x1, 0x20b51b30d40?)
	runtime/chan.go:283 +0x3cb fp=0xc004661580 sp=0xc004661510 pc=0x7ff656b5d58b
runtime.chansend1(0xc00030b008?, 0xc005f0b888?)
	runtime/chan.go:161 +0x17 fp=0xc0046615b0 sp=0xc004661580 pc=0x7ff656b5d1b7
github.com/evanw/esbuild/internal/fs.BeforeFileOpen(...)
	github.com/evanw/esbuild/internal/fs/fs.go:245
github.com/evanw/esbuild/internal/fs.(*realFS).readdir(0xc0000da080, {0xc004d9fe50, 0x48})
	github.com/evanw/esbuild/internal/fs/fs_real.go:351 +0x6c fp=0xc004661648 sp=0xc0046615b0 pc=0x7ff656c9c32c
github.com/evanw/esbuild/internal/fs.(*realFS).ReadDirectory(0xc0000da080, {0xc004d9fe50, 0x48})
	github.com/evanw/esbuild/internal/fs/fs_real.go:146 +0x177 fp=0xc0046617d8 sp=0xc004661648 pc=0x7ff656c9a637
github.com/evanw/esbuild/internal/fs.(*zipFS).ReadDirectory(0xc0000a6120, {0xc004d9fe50, 0x48})
	github.com/evanw/esbuild/internal/fs/fs_zip.go:188 +0xbf fp=0xc004661918 sp=0xc0046617d8 pc=0x7ff656c9e7df
github.com/evanw/esbuild/internal/resolver.resolverQuery.dirInfoUncached({0xc002a76008?, 0xc004d37590?, 0x0?, 0x48?}, 
{0xc004d9fe50, 0x48})
	github.com/evanw/esbuild/internal/resolver/resolver.go:1547 +0x11b fp=0xc004661bf8 sp=0xc004661918 pc=0x7ff656f5841b
github.com/evanw/esbuild/internal/resolver.resolverQuery.dirInfoCached({0xc002a76008?, 0xc004d37590?, 0x0?, 0x9e?}, 
{0xc004d9fe50, 0x48})
	github.com/evanw/esbuild/internal/resolver/resolver.go:1174 +0xee fp=0xc004661d00 sp=0xc004661bf8 pc=0x7ff656f5420e
github.com/evanw/esbuild/internal/resolver.resolverQuery.dirInfoUncached({0xc002a76008?, 0xc004d37590?, 0x0?, 0x4d?}, 
{0xc004d9fe00, 0x4d})
	github.com/evanw/esbuild/internal/resolver/resolver.go:1538 +0xe5 fp=0xc004661fe0 sp=0xc004661d00 pc=0x7ff656f583e5
github.com/evanw/esbuild/internal/resolver.resolverQuery.dirInfoCached({0xc002a76008?, 0xc004d37590?, 0x0?, 0x2f?}, 
{0xc004d9fe00, 0x4d})
	github.com/evanw/esbuild/internal/resolver/resolver.go:1174 +0xee fp=0xc0046620e8 sp=0xc004661fe0 pc=0x7ff656f5420e
github.com/evanw/esbuild/internal/resolver.resolverQuery.dirInfoUncached({0xc002a76008?, 0xc004d37590?, 0x0?, 0x51?}, 
{0xc00668d020, 0x51})
	github.com/evanw/esbuild/internal/resolver/resolver.go:1538 +0xe5 fp=0xc0046623c8 sp=0xc0046620e8 pc=0x7ff656f583e5
github.com/evanw/esbuild/internal/resolver.resolverQuery.dirInfoCached({0xc002a76008?, 0xc004d37590?, 0x0?, 0x0?}, 
{0xc00668d020, 0x51})
	github.com/evanw/esbuild/internal/resolver/resolver.go:1174 +0xee fp=0xc0046624d0 sp=0xc0046623c8 pc=0x7ff656f5420e
github.com/evanw/esbuild/internal/resolver.resolverQuery.dirInfoUncached({0xc002a76008?, 0xc004d37590?, 0x0?, 0x5a?}, 
{0xc00668cfc0, 0x5a})
	github.com/evanw/esbuild/internal/resolver/resolver.go:1538 +0xe5 fp=0xc0046627b0 sp=0xc0046624d0 pc=0x7ff656f583e5
github.com/evanw/esbuild/internal/resolver.resolverQuery.dirInfoCached({0xc002a76008?, 0xc004d37590?, 0x0?, 0x48?}, 
{0xc00668cfc0, 0x5a})
	github.com/evanw/esbuild/internal/resolver/resolver.go:1174 +0xee fp=0xc0046628b8 sp=0xc0046627b0 pc=0x7ff656f5420e
github.com/evanw/esbuild/internal/resolver.resolverQuery.dirInfoUncached({0xc002a76008?, 0xc004d37590?, 0x0?, 0x65?}, 
{0xc0067a5ab0, 0x65})
	github.com/evanw/esbuild/internal/resolver/resolver.go:1538 +0xe5 fp=0xc004662b98 sp=0xc0046628b8 pc=0x7ff656f583e5
github.com/evanw/esbuild/internal/resolver.resolverQuery.dirInfoCached({0xc002a76008?, 0xc004d37590?, 0x0?, 0x90?}, 
{0xc0067a5ab0, 0x65})
	github.com/evanw/esbuild/internal/resolver/resolver.go:1174 +0xee fp=0xc004662ca0 sp=0xc004662b98 pc=0x7ff656f5420e
github.com/evanw/esbuild/internal/resolver.resolverQuery.finalizeResolve({0xc002a76008?, 0xc004d37590?, 0x0?, 0x0?}, 
0xc0045ecb40)
	github.com/evanw/esbuild/internal/resolver/resolver.go:842 +0x6f1 fp=0xc004662e50 sp=0xc004662ca0 pc=0x7ff656f510d1
github.com/evanw/esbuild/internal/resolver.(*Resolver).Resolve(0xc002a76008, {0xc002652100, 0x36}, {0xc0056d9ce0, 
0x6b}, 0x1)
	github.com/evanw/esbuild/internal/resolver/resolver.go:572 +0x1a1a fp=0xc004663220 sp=0xc004662e50 pc=0x7ff656f4ca9a
github.com/evanw/esbuild/internal/bundler.RunOnResolvePlugins({_, _, _}, _, {0xc004532870, 0xc0041a51d0, 0xc0041a51e8, 
0xc0041a5200, 0x3, 0xc004532840}, ...)
	github.com/evanw/esbuild/internal/bundler/bundler.go:1154 +0x36a fp=0xc004663690 sp=0xc004663220 pc=0x7ff656f80e0a
github.com/evanw/esbuild/pkg/api.loadPlugins.func2({0xc0056d9ce0, 0x6b}, {{0xc002610fb0, 0x10}, {0x0, 0x0}, {0x0, 
0x0}, {0xc002652100, 0x36}, ...})
	github.com/evanw/esbuild/pkg/api/api_impl.go:2114 +0x4be fp=0xc004663d18 sp=0xc004663690 pc=0x7ff65703809e
main.(*serviceType).convertPlugins.func2.1(0xf2, 0xc0025d18f0)
	github.com/evanw/esbuild/cmd/esbuild/service.go:944 +0x665 fp=0xc004663f50 sp=0xc004663d18 pc=0x7ff65707a885
main.(*serviceType).handleIncomingPacket.func4()
	github.com/evanw/esbuild/cmd/esbuild/service.go:262 +0xa4 fp=0xc004663fe0 sp=0xc004663f50 pc=0x7ff6570740a4
runtime.goexit({})
	runtime/asm_amd64.s:1693 +0x1 fp=0xc004663fe8 sp=0xc004663fe0 pc=0x7ff656bcf221
created by main.(*serviceType).handleIncomingPacket in goroutine 1
	github.com/evanw/esbuild/cmd/esbuild/service.go:257 +0x156e

goroutine 1507 gp=0xc00517b180 m=nil [chan send]:
runtime.gopark(0x0?, 0x0?, 0x0?, 0x0?, 0x0?)
	runtime/proc.go:460 +0xce fp=0xc00590d128 sp=0xc00590d108 pc=0x7ff656bc72ce
runtime.chansend(0xc000136000, 0x7ff6572b1690, 0x1, 0x0?)
	runtime/chan.go:283 +0x3cb fp=0xc00590d198 sp=0xc00590d128 pc=0x7ff656b5d58b
runtime.chansend1(0x0?, 0x0?)
	runtime/chan.go:161 +0x17 fp=0xc00590d1c8 sp=0xc00590d198 pc=0x7ff656b5d1b7
github.com/evanw/esbuild/internal/fs.BeforeFileOpen(...)
	github.com/evanw/esbuild/internal/fs/fs.go:245
github.com/evanw/esbuild/internal/fs.(*realFS).readdir(0xc0000da080, {0xc001a637c0, 0x43})
	github.com/evanw/esbuild/internal/fs/fs_real.go:351 +0x6c fp=0xc00590d260 sp=0xc00590d1c8 pc=0x7ff656c9c32c
github.com/evanw/esbuild/internal/fs.(*realFS).ReadDirectory(0xc0000da080, {0xc001a637c0, 0x43})
	github.com/evanw/esbuild/internal/fs/fs_real.go:146 +0x177 fp=0xc00590d3f0 sp=0xc00590d260 pc=0x7ff656c9a637
github.com/evanw/esbuild/internal/fs.(*zipFS).ReadDirectory(0xc0000a6120, {0xc001a637c0, 0x43})
	github.com/evanw/esbuild/internal/fs/fs_zip.go:188 +0xbf fp=0xc00590d530 sp=0xc00590d3f0 pc=0x7ff656c9e7df
github.com/evanw/esbuild/internal/resolver.resolverQuery.dirInfoUncached({0xc002a76488?, 0xc0035b5130?, 0x0?, 0x43?}, 
{0xc001a637c0, 0x43})
	github.com/evanw/esbuild/internal/resolver/resolver.go:1547 +0x11b fp=0xc00590d810 sp=0xc00590d530 pc=0x7ff656f5841b
github.com/evanw/esbuild/internal/resolver.resolverQuery.dirInfoCached({0xc002a76488?, 0xc0035b5130?, 0x0?, 0x9e?}, 
{0xc001a637c0, 0x43})
	github.com/evanw/esbuild/internal/resolver/resolver.go:1174 +0xee fp=0xc00590d918 sp=0xc00590d810 pc=0x7ff656f5420e
github.com/evanw/esbuild/internal/resolver.resolverQuery.dirInfoUncached({0xc002a76488?, 0xc0035b5130?, 0x0?, 0x48?}, 
{0xc001a63770, 0x48})
	github.com/evanw/esbuild/internal/resolver/resolver.go:1538 +0xe5 fp=0xc00590dbf8 sp=0xc00590d918 pc=0x7ff656f583e5
github.com/evanw/esbuild/internal/resolver.resolverQuery.dirInfoCached({0xc002a76488?, 0xc0035b5130?, 0x0?, 0x9e?}, 
{0xc001a63770, 0x48})
	github.com/evanw/esbuild/internal/resolver/resolver.go:1174 +0xee fp=0xc00590dd00 sp=0xc00590dbf8 pc=0x7ff656f5420e
github.com/evanw/esbuild/internal/resolver.resolverQuery.dirInfoUncached({0xc002a76488?, 0xc0035b5130?, 0x0?, 0x4d?}, 
{0xc001a63720, 0x4d})
	github.com/evanw/esbuild/internal/resolver/resolver.go:1538 +0xe5 fp=0xc00590dfe0 sp=0xc00590dd00 pc=0x7ff656f583e5
github.com/evanw/esbuild/internal/resolver.resolverQuery.dirInfoCached({0xc002a76488?, 0xc0035b5130?, 0x0?, 0x2f?}, 
{0xc001a63720, 0x4d})
	github.com/evanw/esbuild/internal/resolver/resolver.go:1174 +0xee fp=0xc00590e0e8 sp=0xc00590dfe0 pc=0x7ff656f5420e
github.com/evanw/esbuild/internal/resolver.resolverQuery.dirInfoUncached({0xc002a76488?, 0xc0035b5130?, 0x0?, 0x51?}, 
{0xc0060dcb40, 0x51})
	github.com/evanw/esbuild/internal/resolver/resolver.go:1538 +0xe5 fp=0xc00590e3c8 sp=0xc00590e0e8 pc=0x7ff656f583e5
github.com/evanw/esbuild/internal/resolver.resolverQuery.dirInfoCached({0xc002a76488?, 0xc0035b5130?, 0x0?, 0x0?}, 
{0xc0060dcb40, 0x51})
	github.com/evanw/esbuild/internal/resolver/resolver.go:1174 +0xee fp=0xc00590e4d0 sp=0xc00590e3c8 pc=0x7ff656f5420e
github.com/evanw/esbuild/internal/resolver.resolverQuery.dirInfoUncached({0xc002a76488?, 0xc0035b5130?, 0x0?, 0x5a?}, 
{0xc0060dcae0, 0x5a})
	github.com/evanw/esbuild/internal/resolver/resolver.go:1538 +0xe5 fp=0xc00590e7b0 sp=0xc00590e4d0 pc=0x7ff656f583e5
github.com/evanw/esbuild/internal/resolver.resolverQuery.dirInfoCached({0xc002a76488?, 0xc0035b5130?, 0x0?, 0x78?}, 
{0xc0060dcae0, 0x5a})
	github.com/evanw/esbuild/internal/resolver/resolver.go:1174 +0xee fp=0xc00590e8b8 sp=0xc00590e7b0 pc=0x7ff656f5420e
github.com/evanw/esbuild/internal/resolver.resolverQuery.dirInfoUncached({0xc002a76488?, 0xc0035b5130?, 0x0?, 0x64?}, 
{0xc006513650, 0x64})
	github.com/evanw/esbuild/internal/resolver/resolver.go:1538 +0xe5 fp=0xc00590eb98 sp=0xc00590e8b8 pc=0x7ff656f583e5
github.com/evanw/esbuild/internal/resolver.resolverQuery.dirInfoCached({0xc002a76488?, 0xc0035b5130?, 0x0?, 0x30?}, 
{0xc006513650, 0x64})
	github.com/evanw/esbuild/internal/resolver/resolver.go:1174 +0xee fp=0xc00590eca0 sp=0xc00590eb98 pc=0x7ff656f5420e
github.com/evanw/esbuild/internal/resolver.resolverQuery.finalizeResolve({0xc002a76488?, 0xc0035b5130?, 0x0?, 0x0?}, 
0xc002cfb0e0)
	github.com/evanw/esbuild/internal/resolver/resolver.go:842 +0x6f1 fp=0xc00590ee50 sp=0xc00590eca0 pc=0x7ff656f510d1
github.com/evanw/esbuild/internal/resolver.(*Resolver).Resolve(0xc002a76488, {0xc002652140, 0x36}, {0xc0056d9d50, 
0x6d}, 0x1)
	github.com/evanw/esbuild/internal/resolver/resolver.go:572 +0x1a1a fp=0xc00590f220 sp=0xc00590ee50 pc=0x7ff656f4ca9a
github.com/evanw/esbuild/internal/bundler.RunOnResolvePlugins({_, _, _}, _, {0xc002a740f0, 0xc0041a5230, 0xc0041a5248, 
0xc0041a5260, 0x3, 0xc002a740c0}, ...)
	github.com/evanw/esbuild/internal/bundler/bundler.go:1154 +0x36a fp=0xc00590f690 sp=0xc00590f220 pc=0x7ff656f80e0a
github.com/evanw/esbuild/pkg/api.loadPlugins.func2({0xc0056d9d50, 0x6d}, {{0xc002611010, 0x10}, {0x0, 0x0}, {0x0, 
0x0}, {0xc002652140, 0x36}, ...})
	github.com/evanw/esbuild/pkg/api/api_impl.go:2114 +0x4be fp=0xc00590fd18 sp=0xc00590f690 pc=0x7ff65703809e
main.(*serviceType).convertPlugins.func2.1(0xf3, 0xc0025d1980)
	github.com/evanw/esbuild/cmd/esbuild/service.go:944 +0x665 fp=0xc00590ff50 sp=0xc00590fd18 pc=0x7ff65707a885
main.(*serviceType).handleIncomingPacket.func4()
	github.com/evanw/esbuild/cmd/esbuild/service.go:262 +0xa4 fp=0xc00590ffe0 sp=0xc00590ff50 pc=0x7ff6570740a4
runtime.goexit({})
	runtime/asm_amd64.s:1693 +0x1 fp=0xc00590ffe8 sp=0xc00590ffe0 pc=0x7ff656bcf221
created by main.(*serviceType).handleIncomingPacket in goroutine 1
	github.com/evanw/esbuild/cmd/esbuild/service.go:257 +0x156e

goroutine 1508 gp=0xc00517b340 m=nil [chan send]:
runtime.gopark(0x0?, 0x0?, 0x0?, 0x0?, 0x0?)
	runtime/proc.go:460 +0xce fp=0xc0057b1128 sp=0xc0057b1108 pc=0x7ff656bc72ce
runtime.chansend(0xc000136000, 0x7ff6572b1690, 0x1, 0x0?)
	runtime/chan.go:283 +0x3cb fp=0xc0057b1198 sp=0xc0057b1128 pc=0x7ff656b5d58b
runtime.chansend1(0x0?, 0x0?)
	runtime/chan.go:161 +0x17 fp=0xc0057b11c8 sp=0xc0057b1198 pc=0x7ff656b5d1b7
github.com/evanw/esbuild/internal/fs.BeforeFileOpen(...)
	github.com/evanw/esbuild/internal/fs/fs.go:245
github.com/evanw/esbuild/internal/fs.(*realFS).readdir(0xc0000da080, {0xc006085720, 0x43})
	github.com/evanw/esbuild/internal/fs/fs_real.go:351 +0x6c fp=0xc0057b1260 sp=0xc0057b11c8 pc=0x7ff656c9c32c
github.com/evanw/esbuild/internal/fs.(*realFS).ReadDirectory(0xc0000da080, {0xc006085720, 0x43})
	github.com/evanw/esbuild/internal/fs/fs_real.go:146 +0x177 fp=0xc0057b13f0 sp=0xc0057b1260 pc=0x7ff656c9a637
github.com/evanw/esbuild/internal/fs.(*zipFS).ReadDirectory(0xc0000a6120, {0xc006085720, 0x43})
	github.com/evanw/esbuild/internal/fs/fs_zip.go:188 +0xbf fp=0xc0057b1530 sp=0xc0057b13f0 pc=0x7ff656c9e7df
github.com/evanw/esbuild/internal/resolver.resolverQuery.dirInfoUncached({0xc002a76908?, 0xc0035b5220?, 0x0?, 0x43?}, 
{0xc006085720, 0x43})
	github.com/evanw/esbuild/internal/resolver/resolver.go:1547 +0x11b fp=0xc0057b1810 sp=0xc0057b1530 pc=0x7ff656f5841b
github.com/evanw/esbuild/internal/resolver.resolverQuery.dirInfoCached({0xc002a76908?, 0xc0035b5220?, 0x0?, 0x9e?}, 
{0xc006085720, 0x43})
	github.com/evanw/esbuild/internal/resolver/resolver.go:1174 +0xee fp=0xc0057b1918 sp=0xc0057b1810 pc=0x7ff656f5420e
github.com/evanw/esbuild/internal/resolver.resolverQuery.dirInfoUncached({0xc002a76908?, 0xc0035b5220?, 0x0?, 0x48?}, 
{0xc0060856d0, 0x48})
	github.com/evanw/esbuild/internal/resolver/resolver.go:1538 +0xe5 fp=0xc0057b1bf8 sp=0xc0057b1918 pc=0x7ff656f583e5
github.com/evanw/esbuild/internal/resolver.resolverQuery.dirInfoCached({0xc002a76908?, 0xc0035b5220?, 0x0?, 0x9e?}, 
{0xc0060856d0, 0x48})
	github.com/evanw/esbuild/internal/resolver/resolver.go:1174 +0xee fp=0xc0057b1d00 sp=0xc0057b1bf8 pc=0x7ff656f5420e
github.com/evanw/esbuild/internal/resolver.resolverQuery.dirInfoUncached({0xc002a76908?, 0xc0035b5220?, 0x0?, 0x4d?}, 
{0xc006085680, 0x4d})
	github.com/evanw/esbuild/internal/resolver/resolver.go:1538 +0xe5 fp=0xc0057b1fe0 sp=0xc0057b1d00 pc=0x7ff656f583e5
github.com/evanw/esbuild/internal/resolver.resolverQuery.dirInfoCached({0xc002a76908?, 0xc0035b5220?, 0x0?, 0x2f?}, 
{0xc006085680, 0x4d})
	github.com/evanw/esbuild/internal/resolver/resolver.go:1174 +0xee fp=0xc0057b20e8 sp=0xc0057b1fe0 pc=0x7ff656f5420e
github.com/evanw/esbuild/internal/resolver.resolverQuery.dirInfoUncached({0xc002a76908?, 0xc0035b5220?, 0x0?, 0x51?}, 
{0xc001a618c0, 0x51})
	github.com/evanw/esbuild/internal/resolver/resolver.go:1538 +0xe5 fp=0xc0057b23c8 sp=0xc0057b20e8 pc=0x7ff656f583e5
github.com/evanw/esbuild/internal/resolver.resolverQuery.dirInfoCached({0xc002a76908?, 0xc0035b5220?, 0x0?, 0x0?}, 
{0xc001a618c0, 0x51})
	github.com/evanw/esbuild/internal/resolver/resolver.go:1174 +0xee fp=0xc0057b24d0 sp=0xc0057b23c8 pc=0x7ff656f5420e
github.com/evanw/esbuild/internal/resolver.resolverQuery.dirInfoUncached({0xc002a76908?, 0xc0035b5220?, 0x0?, 0x5a?}, 
{0xc001a61860, 0x5a})
	github.com/evanw/esbuild/internal/resolver/resolver.go:1538 +0xe5 fp=0xc0057b27b0 sp=0xc0057b24d0 pc=0x7ff656f583e5
github.com/evanw/esbuild/internal/resolver.resolverQuery.dirInfoCached({0xc002a76908?, 0xc0035b5220?, 0x0?, 0x78?}, 
{0xc001a61860, 0x5a})
	github.com/evanw/esbuild/internal/resolver/resolver.go:1174 +0xee fp=0xc0057b28b8 sp=0xc0057b27b0 pc=0x7ff656f5420e
github.com/evanw/esbuild/internal/resolver.resolverQuery.dirInfoUncached({0xc002a76908?, 0xc0035b5220?, 0x0?, 0x65?}, 
{0xc0059edc00, 0x65})
	github.com/evanw/esbuild/internal/resolver/resolver.go:1538 +0xe5 fp=0xc0057b2b98 sp=0xc0057b28b8 pc=0x7ff656f583e5
github.com/evanw/esbuild/internal/resolver.resolverQuery.dirInfoCached({0xc002a76908?, 0xc0035b5220?, 0x0?, 0x20?}, 
{0xc0059edc00, 0x65})
	github.com/evanw/esbuild/internal/resolver/resolver.go:1174 +0xee fp=0xc0057b2ca0 sp=0xc0057b2b98 pc=0x7ff656f5420e
github.com/evanw/esbuild/internal/resolver.resolverQuery.finalizeResolve({0xc002a76908?, 0xc0035b5220?, 0x0?, 0x0?}, 
0xc00219bc20)
	github.com/evanw/esbuild/internal/resolver/resolver.go:842 +0x6f1 fp=0xc0057b2e50 sp=0xc0057b2ca0 pc=0x7ff656f510d1
github.com/evanw/esbuild/internal/resolver.(*Resolver).Resolve(0xc002a76908, {0xc002652180, 0x36}, {0xc0032a3a80, 
0x7a}, 0x1)
	github.com/evanw/esbuild/internal/resolver/resolver.go:572 +0x1a1a fp=0xc0057b3220 sp=0xc0057b2e50 pc=0x7ff656f4ca9a
github.com/evanw/esbuild/internal/bundler.RunOnResolvePlugins({_, _, _}, _, {0xc002a74210, 0xc0041a5290, 0xc0041a52a8, 
0xc0041a52c0, 0x3, 0xc002a741e0}, ...)
	github.com/evanw/esbuild/internal/bundler/bundler.go:1154 +0x36a fp=0xc0057b3690 sp=0xc0057b3220 pc=0x7ff656f80e0a
github.com/evanw/esbuild/pkg/api.loadPlugins.func2({0xc0032a3a80, 0x7a}, {{0xc002611070, 0x10}, {0x0, 0x0}, {0x0, 
0x0}, {0xc002652180, 0x36}, ...})
	github.com/evanw/esbuild/pkg/api/api_impl.go:2114 +0x4be fp=0xc0057b3d18 sp=0xc0057b3690 pc=0x7ff65703809e
main.(*serviceType).convertPlugins.func2.1(0xf4, 0xc0025d1aa0)
	github.com/evanw/esbuild/cmd/esbuild/service.go:944 +0x665 fp=0xc0057b3f50 sp=0xc0057b3d18 pc=0x7ff65707a885
main.(*serviceType).handleIncomingPacket.func4()
	github.com/evanw/esbuild/cmd/esbuild/service.go:262 +0xa4 fp=0xc0057b3fe0 sp=0xc0057b3f50 pc=0x7ff6570740a4
runtime.goexit({})
	runtime/asm_amd64.s:1693 +0x1 fp=0xc0057b3fe8 sp=0xc0057b3fe0 pc=0x7ff656bcf221
created by main.(*serviceType).handleIncomingPacket in goroutine 1
	github.com/evanw/esbuild/cmd/esbuild/service.go:257 +0x156e

goroutine 1509 gp=0xc00517b500 m=nil [chan send]:
runtime.gopark(0x0?, 0x0?, 0x0?, 0x0?, 0x0?)
	runtime/proc.go:460 +0xce fp=0xc005905128 sp=0xc005905108 pc=0x7ff656bc72ce
runtime.chansend(0xc000136000, 0x7ff6572b1690, 0x1, 0x0?)
	runtime/chan.go:283 +0x3cb fp=0xc005905198 sp=0xc005905128 pc=0x7ff656b5d58b
runtime.chansend1(0x0?, 0x0?)
	runtime/chan.go:161 +0x17 fp=0xc0059051c8 sp=0xc005905198 pc=0x7ff656b5d1b7
github.com/evanw/esbuild/internal/fs.BeforeFileOpen(...)
	github.com/evanw/esbuild/internal/fs/fs.go:245
github.com/evanw/esbuild/internal/fs.(*realFS).readdir(0xc0000da080, {0xc001a636d0, 0x43})
	github.com/evanw/esbuild/internal/fs/fs_real.go:351 +0x6c fp=0xc005905260 sp=0xc0059051c8 pc=0x7ff656c9c32c
github.com/evanw/esbuild/internal/fs.(*realFS).ReadDirectory(0xc0000da080, {0xc001a636d0, 0x43})
	github.com/evanw/esbuild/internal/fs/fs_real.go:146 +0x177 fp=0xc0059053f0 sp=0xc005905260 pc=0x7ff656c9a637
github.com/evanw/esbuild/internal/fs.(*zipFS).ReadDirectory(0xc0000a6120, {0xc001a636d0, 0x43})
	github.com/evanw/esbuild/internal/fs/fs_zip.go:188 +0xbf fp=0xc005905530 sp=0xc0059053f0 pc=0x7ff656c9e7df
github.com/evanw/esbuild/internal/resolver.resolverQuery.dirInfoUncached({0xc002cb9208?, 0xc004d375e0?, 0x0?, 0x43?}, 
{0xc001a636d0, 0x43})
	github.com/evanw/esbuild/internal/resolver/resolver.go:1547 +0x11b fp=0xc005905810 sp=0xc005905530 pc=0x7ff656f5841b
github.com/evanw/esbuild/internal/resolver.resolverQuery.dirInfoCached({0xc002cb9208?, 0xc004d375e0?, 0x0?, 0x9e?}, 
{0xc001a636d0, 0x43})
	github.com/evanw/esbuild/internal/resolver/resolver.go:1174 +0xee fp=0xc005905918 sp=0xc005905810 pc=0x7ff656f5420e
github.com/evanw/esbuild/internal/resolver.resolverQuery.dirInfoUncached({0xc002cb9208?, 0xc004d375e0?, 0x0?, 0x48?}, 
{0xc001a63680, 0x48})
	github.com/evanw/esbuild/internal/resolver/resolver.go:1538 +0xe5 fp=0xc005905bf8 sp=0xc005905918 pc=0x7ff656f583e5
github.com/evanw/esbuild/internal/resolver.resolverQuery.dirInfoCached({0xc002cb9208?, 0xc004d375e0?, 0x0?, 0x9e?}, 
{0xc001a63680, 0x48})
	github.com/evanw/esbuild/internal/resolver/resolver.go:1174 +0xee fp=0xc005905d00 sp=0xc005905bf8 pc=0x7ff656f5420e
github.com/evanw/esbuild/internal/resolver.resolverQuery.dirInfoUncached({0xc002cb9208?, 0xc004d375e0?, 0x0?, 0x4d?}, 
{0xc001a63630, 0x4d})
	github.com/evanw/esbuild/internal/resolver/resolver.go:1538 +0xe5 fp=0xc005905fe0 sp=0xc005905d00 pc=0x7ff656f583e5
github.com/evanw/esbuild/internal/resolver.resolverQuery.dirInfoCached({0xc002cb9208?, 0xc004d375e0?, 0x0?, 0x2f?}, 
{0xc001a63630, 0x4d})
	github.com/evanw/esbuild/internal/resolver/resolver.go:1174 +0xee fp=0xc0059060e8 sp=0xc005905fe0 pc=0x7ff656f5420e
github.com/evanw/esbuild/internal/resolver.resolverQuery.dirInfoUncached({0xc002cb9208?, 0xc004d375e0?, 0x0?, 0x51?}, 
{0xc0060dca80, 0x51})
	github.com/evanw/esbuild/internal/resolver/resolver.go:1538 +0xe5 fp=0xc0059063c8 sp=0xc0059060e8 pc=0x7ff656f583e5
github.com/evanw/esbuild/internal/resolver.resolverQuery.dirInfoCached({0xc002cb9208?, 0xc004d375e0?, 0x0?, 0x0?}, 
{0xc0060dca80, 0x51})
	github.com/evanw/esbuild/internal/resolver/resolver.go:1174 +0xee fp=0xc0059064d0 sp=0xc0059063c8 pc=0x7ff656f5420e
github.com/evanw/esbuild/internal/resolver.resolverQuery.dirInfoUncached({0xc002cb9208?, 0xc004d375e0?, 0x0?, 0x5a?}, 
{0xc0060dca20, 0x5a})
	github.com/evanw/esbuild/internal/resolver/resolver.go:1538 +0xe5 fp=0xc0059067b0 sp=0xc0059064d0 pc=0x7ff656f583e5
github.com/evanw/esbuild/internal/resolver.resolverQuery.dirInfoCached({0xc002cb9208?, 0xc004d375e0?, 0x0?, 0x78?}, 
{0xc0060dca20, 0x5a})
	github.com/evanw/esbuild/internal/resolver/resolver.go:1174 +0xee fp=0xc0059068b8 sp=0xc0059067b0 pc=0x7ff656f5420e
github.com/evanw/esbuild/internal/resolver.resolverQuery.dirInfoUncached({0xc002cb9208?, 0xc004d375e0?, 0x0?, 0x64?}, 
{0xc006513570, 0x64})
	github.com/evanw/esbuild/internal/resolver/resolver.go:1538 +0xe5 fp=0xc005906b98 sp=0xc0059068b8 pc=0x7ff656f583e5
github.com/evanw/esbuild/internal/resolver.resolverQuery.dirInfoCached({0xc002cb9208?, 0xc004d375e0?, 0x0?, 0xe0?}, 
{0xc006513570, 0x64})
	github.com/evanw/esbuild/internal/resolver/resolver.go:1174 +0xee fp=0xc005906ca0 sp=0xc005906b98 pc=0x7ff656f5420e
github.com/evanw/esbuild/internal/resolver.resolverQuery.finalizeResolve({0xc002cb9208?, 0xc004d375e0?, 0x0?, 0x0?}, 
0xc002cfafc0)
	github.com/evanw/esbuild/internal/resolver/resolver.go:842 +0x6f1 fp=0xc005906e50 sp=0xc005906ca0 pc=0x7ff656f510d1
github.com/evanw/esbuild/internal/resolver.(*Resolver).Resolve(0xc002cb9208, {0xc0026521c0, 0x36}, {0xc0056d9dc0, 
0x6d}, 0x1)
	github.com/evanw/esbuild/internal/resolver/resolver.go:572 +0x1a1a fp=0xc005907220 sp=0xc005906e50 pc=0x7ff656f4ca9a
github.com/evanw/esbuild/internal/bundler.RunOnResolvePlugins({_, _, _}, _, {0xc002d77920, 0xc00235fba8, 0xc00235fbc0, 
0xc00235fbd8, 0x3, 0xc002d778c0}, ...)
	github.com/evanw/esbuild/internal/bundler/bundler.go:1154 +0x36a fp=0xc005907690 sp=0xc005907220 pc=0x7ff656f80e0a
github.com/evanw/esbuild/pkg/api.loadPlugins.func2({0xc0056d9dc0, 0x6d}, {{0xc0026110d0, 0x10}, {0x0, 0x0}, {0x0, 
0x0}, {0xc0026521c0, 0x36}, ...})
	github.com/evanw/esbuild/pkg/api/api_impl.go:2114 +0x4be fp=0xc005907d18 sp=0xc005907690 pc=0x7ff65703809e
main.(*serviceType).convertPlugins.func2.1(0xf5, 0xc0025d1da0)
	github.com/evanw/esbuild/cmd/esbuild/service.go:944 +0x665 fp=0xc005907f50 sp=0xc005907d18 pc=0x7ff65707a885
main.(*serviceType).handleIncomingPacket.func4()
	github.com/evanw/esbuild/cmd/esbuild/service.go:262 +0xa4 fp=0xc005907fe0 sp=0xc005907f50 pc=0x7ff6570740a4
runtime.goexit({})
	runtime/asm_amd64.s:1693 +0x1 fp=0xc005907fe8 sp=0xc005907fe0 pc=0x7ff656bcf221
created by main.(*serviceType).handleIncomingPacket in goroutine 1
	github.com/evanw/esbuild/cmd/esbuild/service.go:257 +0x156e

goroutine 1510 gp=0xc00517b6c0 m=nil [chan send]:
runtime.gopark(0x17000000000?, 0xa198?, 0xc0?, 0x4f?, 0x1700000008a?)
	runtime/proc.go:460 +0xce fp=0xc005ab5128 sp=0xc005ab5108 pc=0x7ff656bc72ce
runtime.chansend(0xc000136000, 0x7ff6572b1690, 0x1, 0x0?)
	runtime/chan.go:283 +0x3cb fp=0xc005ab5198 sp=0xc005ab5128 pc=0x7ff656b5d58b
runtime.chansend1(0x0?, 0x0?)
	runtime/chan.go:161 +0x17 fp=0xc005ab51c8 sp=0xc005ab5198 pc=0x7ff656b5d1b7
github.com/evanw/esbuild/internal/fs.BeforeFileOpen(...)
	github.com/evanw/esbuild/internal/fs/fs.go:245
github.com/evanw/esbuild/internal/fs.(*realFS).readdir(0xc0000da080, {0xc006463e00, 0x43})
	github.com/evanw/esbuild/internal/fs/fs_real.go:351 +0x6c fp=0xc005ab5260 sp=0xc005ab51c8 pc=0x7ff656c9c32c
github.com/evanw/esbuild/internal/fs.(*realFS).ReadDirectory(0xc0000da080, {0xc006463e00, 0x43})
	github.com/evanw/esbuild/internal/fs/fs_real.go:146 +0x177 fp=0xc005ab53f0 sp=0xc005ab5260 pc=0x7ff656c9a637
github.com/evanw/esbuild/internal/fs.(*zipFS).ReadDirectory(0xc0000a6120, {0xc006463e00, 0x43})
	github.com/evanw/esbuild/internal/fs/fs_zip.go:188 +0xbf fp=0xc005ab5530 sp=0xc005ab53f0 pc=0x7ff656c9e7df
github.com/evanw/esbuild/internal/resolver.resolverQuery.dirInfoUncached({0xc0032d0488?, 0xc006422c30?, 0x0?, 0x43?}, 
{0xc006463e00, 0x43})
	github.com/evanw/esbuild/internal/resolver/resolver.go:1547 +0x11b fp=0xc005ab5810 sp=0xc005ab5530 pc=0x7ff656f5841b
github.com/evanw/esbuild/internal/resolver.resolverQuery.dirInfoCached({0xc0032d0488?, 0xc006422c30?, 0x0?, 0x9e?}, 
{0xc006463e00, 0x43})
	github.com/evanw/esbuild/internal/resolver/resolver.go:1174 +0xee fp=0xc005ab5918 sp=0xc005ab5810 pc=0x7ff656f5420e
github.com/evanw/esbuild/internal/resolver.resolverQuery.dirInfoUncached({0xc0032d0488?, 0xc006422c30?, 0x0?, 0x48?}, 
{0xc006463db0, 0x48})
	github.com/evanw/esbuild/internal/resolver/resolver.go:1538 +0xe5 fp=0xc005ab5bf8 sp=0xc005ab5918 pc=0x7ff656f583e5
github.com/evanw/esbuild/internal/resolver.resolverQuery.dirInfoCached({0xc0032d0488?, 0xc006422c30?, 0x0?, 0x9e?}, 
{0xc006463db0, 0x48})
	github.com/evanw/esbuild/internal/resolver/resolver.go:1174 +0xee fp=0xc005ab5d00 sp=0xc005ab5bf8 pc=0x7ff656f5420e
github.com/evanw/esbuild/internal/resolver.resolverQuery.dirInfoUncached({0xc0032d0488?, 0xc006422c30?, 0x0?, 0x4d?}, 
{0xc006463d60, 0x4d})
	github.com/evanw/esbuild/internal/resolver/resolver.go:1538 +0xe5 fp=0xc005ab5fe0 sp=0xc005ab5d00 pc=0x7ff656f583e5
github.com/evanw/esbuild/internal/resolver.resolverQuery.dirInfoCached({0xc0032d0488?, 0xc006422c30?, 0x0?, 0x2f?}, 
{0xc006463d60, 0x4d})
	github.com/evanw/esbuild/internal/resolver/resolver.go:1174 +0xee fp=0xc005ab60e8 sp=0xc005ab5fe0 pc=0x7ff656f5420e
github.com/evanw/esbuild/internal/resolver.resolverQuery.dirInfoUncached({0xc0032d0488?, 0xc006422c30?, 0x0?, 0x51?}, 
{0xc00608de60, 0x51})
	github.com/evanw/esbuild/internal/resolver/resolver.go:1538 +0xe5 fp=0xc005ab63c8 sp=0xc005ab60e8 pc=0x7ff656f583e5
github.com/evanw/esbuild/internal/resolver.resolverQuery.dirInfoCached({0xc0032d0488?, 0xc006422c30?, 0x0?, 0x0?}, 
{0xc00608de60, 0x51})
	github.com/evanw/esbuild/internal/resolver/resolver.go:1174 +0xee fp=0xc005ab64d0 sp=0xc005ab63c8 pc=0x7ff656f5420e
github.com/evanw/esbuild/internal/resolver.resolverQuery.dirInfoUncached({0xc0032d0488?, 0xc006422c30?, 0x0?, 0x5a?}, 
{0xc00608de00, 0x5a})
	github.com/evanw/esbuild/internal/resolver/resolver.go:1538 +0xe5 fp=0xc005ab67b0 sp=0xc005ab64d0 pc=0x7ff656f583e5
github.com/evanw/esbuild/internal/resolver.resolverQuery.dirInfoCached({0xc0032d0488?, 0xc006422c30?, 0x0?, 0x48?}, 
{0xc00608de00, 0x5a})
	github.com/evanw/esbuild/internal/resolver/resolver.go:1174 +0xee fp=0xc005ab68b8 sp=0xc005ab67b0 pc=0x7ff656f5420e
github.com/evanw/esbuild/internal/resolver.resolverQuery.dirInfoUncached({0xc0032d0488?, 0xc006422c30?, 0x0?, 0x64?}, 
{0xc0018223f0, 0x64})
	github.com/evanw/esbuild/internal/resolver/resolver.go:1538 +0xe5 fp=0xc005ab6b98 sp=0xc005ab68b8 pc=0x7ff656f583e5
github.com/evanw/esbuild/internal/resolver.resolverQuery.dirInfoCached({0xc0032d0488?, 0xc006422c30?, 0x0?, 0x30?}, 
{0xc0018223f0, 0x64})
	github.com/evanw/esbuild/internal/resolver/resolver.go:1174 +0xee fp=0xc005ab6ca0 sp=0xc005ab6b98 pc=0x7ff656f5420e
github.com/evanw/esbuild/internal/resolver.resolverQuery.finalizeResolve({0xc0032d0488?, 0xc006422c30?, 0x0?, 0x0?}, 
0xc004837d40)
	github.com/evanw/esbuild/internal/resolver/resolver.go:842 +0x6f1 fp=0xc005ab6e50 sp=0xc005ab6ca0 pc=0x7ff656f510d1
github.com/evanw/esbuild/internal/resolver.(*Resolver).Resolve(0xc0032d0488, {0xc002652200, 0x36}, {0xc0032a3b00, 
0x73}, 0x1)
	github.com/evanw/esbuild/internal/resolver/resolver.go:572 +0x1a1a fp=0xc005ab7220 sp=0xc005ab6e50 pc=0x7ff656f4ca9a
github.com/evanw/esbuild/internal/bundler.RunOnResolvePlugins({_, _, _}, _, {0xc002df95c0, 0xc004107bd8, 0xc004107c08, 
0xc004107c20, 0x3, 0xc002df9560}, ...)
	github.com/evanw/esbuild/internal/bundler/bundler.go:1154 +0x36a fp=0xc005ab7690 sp=0xc005ab7220 pc=0x7ff656f80e0a
github.com/evanw/esbuild/pkg/api.loadPlugins.func2({0xc0032a3b00, 0x73}, {{0xc002611130, 0x10}, {0x0, 0x0}, {0x0, 
0x0}, {0xc002652200, 0x36}, ...})
	github.com/evanw/esbuild/pkg/api/api_impl.go:2114 +0x4be fp=0xc005ab7d18 sp=0xc005ab7690 pc=0x7ff65703809e
main.(*serviceType).convertPlugins.func2.1(0xf6, 0xc0024b4270)
	github.com/evanw/esbuild/cmd/esbuild/service.go:944 +0x665 fp=0xc005ab7f50 sp=0xc005ab7d18 pc=0x7ff65707a885
main.(*serviceType).handleIncomingPacket.func4()
	github.com/evanw/esbuild/cmd/esbuild/service.go:262 +0xa4 fp=0xc005ab7fe0 sp=0xc005ab7f50 pc=0x7ff6570740a4
runtime.goexit({})
	runtime/asm_amd64.s:1693 +0x1 fp=0xc005ab7fe8 sp=0xc005ab7fe0 pc=0x7ff656bcf221
created by main.(*serviceType).handleIncomingPacket in goroutine 1
	github.com/evanw/esbuild/cmd/esbuild/service.go:257 +0x156e

goroutine 1511 gp=0xc00517b880 m=nil [chan send]:
runtime.gopark(0x73696874202c6574?, 0x6f46657461645f2e?, 0x72?, 0x6d?, 0x6f6d2e79616c7073?)
	runtime/proc.go:460 +0xce fp=0xc006237128 sp=0xc006237108 pc=0x7ff656bc72ce
runtime.chansend(0xc000136000, 0x7ff6572b1690, 0x1, 0x74202c6574614465?)
	runtime/chan.go:283 +0x3cb fp=0xc006237198 sp=0xc006237128 pc=0x7ff656b5d58b
runtime.chansend1(0x79616c707369642e?, 0x655968746e6f6d2e?)
	runtime/chan.go:161 +0x17 fp=0xc0062371c8 sp=0xc006237198 pc=0x7ff656b5d1b7
github.com/evanw/esbuild/internal/fs.BeforeFileOpen(...)
	github.com/evanw/esbuild/internal/fs/fs.go:245
github.com/evanw/esbuild/internal/fs.(*realFS).readdir(0xc0000da080, {0xc001184460, 0x43})
	github.com/evanw/esbuild/internal/fs/fs_real.go:351 +0x6c fp=0xc006237260 sp=0xc0062371c8 pc=0x7ff656c9c32c
github.com/evanw/esbuild/internal/fs.(*realFS).ReadDirectory(0xc0000da080, {0xc001184460, 0x43})
	github.com/evanw/esbuild/internal/fs/fs_real.go:146 +0x177 fp=0xc0062373f0 sp=0xc006237260 pc=0x7ff656c9a637
github.com/evanw/esbuild/internal/fs.(*zipFS).ReadDirectory(0xc0000a6120, {0xc001184460, 0x43})
	github.com/evanw/esbuild/internal/fs/fs_zip.go:188 +0xbf fp=0xc006237530 sp=0xc0062373f0 pc=0x7ff656c9e7df
github.com/evanw/esbuild/internal/resolver.resolverQuery.dirInfoUncached({0xc0032d0908?, 0xc0035b52c0?, 0x0?, 0x43?}, 
{0xc001184460, 0x43})
	github.com/evanw/esbuild/internal/resolver/resolver.go:1547 +0x11b fp=0xc006237810 sp=0xc006237530 pc=0x7ff656f5841b
github.com/evanw/esbuild/internal/resolver.resolverQuery.dirInfoCached({0xc0032d0908?, 0xc0035b52c0?, 0x0?, 0x9e?}, 
{0xc001184460, 0x43})
	github.com/evanw/esbuild/internal/resolver/resolver.go:1174 +0xee fp=0xc006237918 sp=0xc006237810 pc=0x7ff656f5420e
github.com/evanw/esbuild/internal/resolver.resolverQuery.dirInfoUncached({0xc0032d0908?, 0xc0035b52c0?, 0x0?, 0x48?}, 
{0xc001184370, 0x48})
	github.com/evanw/esbuild/internal/resolver/resolver.go:1538 +0xe5 fp=0xc006237bf8 sp=0xc006237918 pc=0x7ff656f583e5
github.com/evanw/esbuild/internal/resolver.resolverQuery.dirInfoCached({0xc0032d0908?, 0xc0035b52c0?, 0x0?, 0x9e?}, 
{0xc001184370, 0x48})
	github.com/evanw/esbuild/internal/resolver/resolver.go:1174 +0xee fp=0xc006237d00 sp=0xc006237bf8 pc=0x7ff656f5420e
github.com/evanw/esbuild/internal/resolver.resolverQuery.dirInfoUncached({0xc0032d0908?, 0xc0035b52c0?, 0x0?, 0x4d?}, 
{0xc001184320, 0x4d})
	github.com/evanw/esbuild/internal/resolver/resolver.go:1538 +0xe5 fp=0xc006237fe0 sp=0xc006237d00 pc=0x7ff656f583e5
github.com/evanw/esbuild/internal/resolver.resolverQuery.dirInfoCached({0xc0032d0908?, 0xc0035b52c0?, 0x0?, 0x2f?}, 
{0xc001184320, 0x4d})
	github.com/evanw/esbuild/internal/resolver/resolver.go:1174 +0xee fp=0xc0062380e8 sp=0xc006237fe0 pc=0x7ff656f5420e
github.com/evanw/esbuild/internal/resolver.resolverQuery.dirInfoUncached({0xc0032d0908?, 0xc0035b52c0?, 0x0?, 0x51?}, 
{0xc0065a9500, 0x51})
	github.com/evanw/esbuild/internal/resolver/resolver.go:1538 +0xe5 fp=0xc0062383c8 sp=0xc0062380e8 pc=0x7ff656f583e5
github.com/evanw/esbuild/internal/resolver.resolverQuery.dirInfoCached({0xc0032d0908?, 0xc0035b52c0?, 0x0?, 0x0?}, 
{0xc0065a9500, 0x51})
	github.com/evanw/esbuild/internal/resolver/resolver.go:1174 +0xee fp=0xc0062384d0 sp=0xc0062383c8 pc=0x7ff656f5420e
github.com/evanw/esbuild/internal/resolver.resolverQuery.dirInfoUncached({0xc0032d0908?, 0xc0035b52c0?, 0x0?, 0x5a?}, 
{0xc0065a94a0, 0x5a})
	github.com/evanw/esbuild/internal/resolver/resolver.go:1538 +0xe5 fp=0xc0062387b0 sp=0xc0062384d0 pc=0x7ff656f583e5
github.com/evanw/esbuild/internal/resolver.resolverQuery.dirInfoCached({0xc0032d0908?, 0xc0035b52c0?, 0x0?, 0x78?}, 
{0xc0065a94a0, 0x5a})
	github.com/evanw/esbuild/internal/resolver/resolver.go:1174 +0xee fp=0xc0062388b8 sp=0xc0062387b0 pc=0x7ff656f5420e
github.com/evanw/esbuild/internal/resolver.resolverQuery.dirInfoUncached({0xc0032d0908?, 0xc0035b52c0?, 0x0?, 0x64?}, 
{0xc005e89ce0, 0x64})
	github.com/evanw/esbuild/internal/resolver/resolver.go:1538 +0xe5 fp=0xc006238b98 sp=0xc0062388b8 pc=0x7ff656f583e5
github.com/evanw/esbuild/internal/resolver.resolverQuery.dirInfoCached({0xc0032d0908?, 0xc0035b52c0?, 0x0?, 0xc0?}, 
{0xc005e89ce0, 0x64})
	github.com/evanw/esbuild/internal/resolver/resolver.go:1174 +0xee fp=0xc006238ca0 sp=0xc006238b98 pc=0x7ff656f5420e
github.com/evanw/esbuild/internal/resolver.resolverQuery.finalizeResolve({0xc0032d0908?, 0xc0035b52c0?, 0x0?, 0x0?}, 
0xc0048086c0)
	github.com/evanw/esbuild/internal/resolver/resolver.go:842 +0x6f1 fp=0xc006238e50 sp=0xc006238ca0 pc=0x7ff656f510d1
github.com/evanw/esbuild/internal/resolver.(*Resolver).Resolve(0xc0032d0908, {0xc002652240, 0x36}, {0xc0056d9e30, 
0x6f}, 0x1)
	github.com/evanw/esbuild/internal/resolver/resolver.go:572 +0x1a1a fp=0xc006239220 sp=0xc006238e50 pc=0x7ff656f4ca9a
github.com/evanw/esbuild/internal/bundler.RunOnResolvePlugins({_, _, _}, _, {0xc002df97d0, 0xc004107c98, 0xc004107cb0, 
0xc004107ce0, 0x3, 0xc002df9740}, ...)
	github.com/evanw/esbuild/internal/bundler/bundler.go:1154 +0x36a fp=0xc006239690 sp=0xc006239220 pc=0x7ff656f80e0a
github.com/evanw/esbuild/pkg/api.loadPlugins.func2({0xc0056d9e30, 0x6f}, {{0xc002611190, 0x10}, {0x0, 0x0}, {0x0, 
0x0}, {0xc002652240, 0x36}, ...})
	github.com/evanw/esbuild/pkg/api/api_impl.go:2114 +0x4be fp=0xc006239d18 sp=0xc006239690 pc=0x7ff65703809e
main.(*serviceType).convertPlugins.func2.1(0xf7, 0xc0024b4540)
	github.com/evanw/esbuild/cmd/esbuild/service.go:944 +0x665 fp=0xc006239f50 sp=0xc006239d18 pc=0x7ff65707a885
main.(*serviceType).handleIncomingPacket.func4()
	github.com/evanw/esbuild/cmd/esbuild/service.go:262 +0xa4 fp=0xc006239fe0 sp=0xc006239f50 pc=0x7ff6570740a4
runtime.goexit({})
	runtime/asm_amd64.s:1693 +0x1 fp=0xc006239fe8 sp=0xc006239fe0 pc=0x7ff656bcf221
created by main.(*serviceType).handleIncomingPacket in goroutine 1
	github.com/evanw/esbuild/cmd/esbuild/service.go:257 +0x156e

goroutine 1512 gp=0xc00517ba40 m=nil [chan send]:
runtime.gopark(0x0?, 0x1b000000000000?, 0x0?, 0x0?, 0xc00625af8f?)
	runtime/proc.go:460 +0xce fp=0xc00616d128 sp=0xc00616d108 pc=0x7ff656bc72ce
runtime.chansend(0xc000136000, 0x7ff6572b1690, 0x1, 0xffffffffffffffff?)
	runtime/chan.go:283 +0x3cb fp=0xc00616d198 sp=0xc00616d128 pc=0x7ff656b5d58b
runtime.chansend1(0x0?, 0xc00625b0cc?)
	runtime/chan.go:161 +0x17 fp=0xc00616d1c8 sp=0xc00616d198 pc=0x7ff656b5d1b7
github.com/evanw/esbuild/internal/fs.BeforeFileOpen(...)
	github.com/evanw/esbuild/internal/fs/fs.go:245
github.com/evanw/esbuild/internal/fs.(*realFS).readdir(0xc0000da080, {0xc006085c20, 0x43})
	github.com/evanw/esbuild/internal/fs/fs_real.go:351 +0x6c fp=0xc00616d260 sp=0xc00616d1c8 pc=0x7ff656c9c32c
github.com/evanw/esbuild/internal/fs.(*realFS).ReadDirectory(0xc0000da080, {0xc006085c20, 0x43})
	github.com/evanw/esbuild/internal/fs/fs_real.go:146 +0x177 fp=0xc00616d3f0 sp=0xc00616d260 pc=0x7ff656c9a637
github.com/evanw/esbuild/internal/fs.(*zipFS).ReadDirectory(0xc0000a6120, {0xc006085c20, 0x43})
	github.com/evanw/esbuild/internal/fs/fs_zip.go:188 +0xbf fp=0xc00616d530 sp=0xc00616d3f0 pc=0x7ff656c9e7df
github.com/evanw/esbuild/internal/resolver.resolverQuery.dirInfoUncached({0xc0032d0d88?, 0xc002a9f950?, 0x0?, 0x43?}, 
{0xc006085c20, 0x43})
	github.com/evanw/esbuild/internal/resolver/resolver.go:1547 +0x11b fp=0xc00616d810 sp=0xc00616d530 pc=0x7ff656f5841b
github.com/evanw/esbuild/internal/resolver.resolverQuery.dirInfoCached({0xc0032d0d88?, 0xc002a9f950?, 0x0?, 0x9e?}, 
{0xc006085c20, 0x43})
	github.com/evanw/esbuild/internal/resolver/resolver.go:1174 +0xee fp=0xc00616d918 sp=0xc00616d810 pc=0x7ff656f5420e
github.com/evanw/esbuild/internal/resolver.resolverQuery.dirInfoUncached({0xc0032d0d88?, 0xc002a9f950?, 0x0?, 0x48?}, 
{0xc006085bd0, 0x48})
	github.com/evanw/esbuild/internal/resolver/resolver.go:1538 +0xe5 fp=0xc00616dbf8 sp=0xc00616d918 pc=0x7ff656f583e5
github.com/evanw/esbuild/internal/resolver.resolverQuery.dirInfoCached({0xc0032d0d88?, 0xc002a9f950?, 0x0?, 0x9e?}, 
{0xc006085bd0, 0x48})
	github.com/evanw/esbuild/internal/resolver/resolver.go:1174 +0xee fp=0xc00616dd00 sp=0xc00616dbf8 pc=0x7ff656f5420e
github.com/evanw/esbuild/internal/resolver.resolverQuery.dirInfoUncached({0xc0032d0d88?, 0xc002a9f950?, 0x0?, 0x4d?}, 
{0xc006085b80, 0x4d})
	github.com/evanw/esbuild/internal/resolver/resolver.go:1538 +0xe5 fp=0xc00616dfe0 sp=0xc00616dd00 pc=0x7ff656f583e5
github.com/evanw/esbuild/internal/resolver.resolverQuery.dirInfoCached({0xc0032d0d88?, 0xc002a9f950?, 0x0?, 0x2f?}, 
{0xc006085b80, 0x4d})
	github.com/evanw/esbuild/internal/resolver/resolver.go:1174 +0xee fp=0xc00616e0e8 sp=0xc00616dfe0 pc=0x7ff656f5420e
github.com/evanw/esbuild/internal/resolver.resolverQuery.dirInfoUncached({0xc0032d0d88?, 0xc002a9f950?, 0x0?, 0x51?}, 
{0xc001a61c80, 0x51})
	github.com/evanw/esbuild/internal/resolver/resolver.go:1538 +0xe5 fp=0xc00616e3c8 sp=0xc00616e0e8 pc=0x7ff656f583e5
github.com/evanw/esbuild/internal/resolver.resolverQuery.dirInfoCached({0xc0032d0d88?, 0xc002a9f950?, 0x0?, 0x0?}, 
{0xc001a61c80, 0x51})
	github.com/evanw/esbuild/internal/resolver/resolver.go:1174 +0xee fp=0xc00616e4d0 sp=0xc00616e3c8 pc=0x7ff656f5420e
github.com/evanw/esbuild/internal/resolver.resolverQuery.dirInfoUncached({0xc0032d0d88?, 0xc002a9f950?, 0x0?, 0x5a?}, 
{0xc001a61c20, 0x5a})
	github.com/evanw/esbuild/internal/resolver/resolver.go:1538 +0xe5 fp=0xc00616e7b0 sp=0xc00616e4d0 pc=0x7ff656f583e5
github.com/evanw/esbuild/internal/resolver.resolverQuery.dirInfoCached({0xc0032d0d88?, 0xc002a9f950?, 0x0?, 0x78?}, 
{0xc001a61c20, 0x5a})
	github.com/evanw/esbuild/internal/resolver/resolver.go:1174 +0xee fp=0xc00616e8b8 sp=0xc00616e7b0 pc=0x7ff656f5420e
github.com/evanw/esbuild/internal/resolver.resolverQuery.dirInfoUncached({0xc0032d0d88?, 0xc002a9f950?, 0x0?, 0x64?}, 
{0xc003a0a310, 0x64})
	github.com/evanw/esbuild/internal/resolver/resolver.go:1538 +0xe5 fp=0xc00616eb98 sp=0xc00616e8b8 pc=0x7ff656f583e5
github.com/evanw/esbuild/internal/resolver.resolverQuery.dirInfoCached({0xc0032d0d88?, 0xc002a9f950?, 0x0?, 0x50?}, 
{0xc003a0a310, 0x64})
	github.com/evanw/esbuild/internal/resolver/resolver.go:1174 +0xee fp=0xc00616eca0 sp=0xc00616eb98 pc=0x7ff656f5420e
github.com/evanw/esbuild/internal/resolver.resolverQuery.finalizeResolve({0xc0032d0d88?, 0xc002a9f950?, 0x0?, 0x0?}, 
0xc0044c3b00)
	github.com/evanw/esbuild/internal/resolver/resolver.go:842 +0x6f1 fp=0xc00616ee50 sp=0xc00616eca0 pc=0x7ff656f510d1
github.com/evanw/esbuild/internal/resolver.(*Resolver).Resolve(0xc0032d0d88, {0xc002652280, 0x36}, {0xc0056d9ea0, 
0x6e}, 0x1)
	github.com/evanw/esbuild/internal/resolver/resolver.go:572 +0x1a1a fp=0xc00616f220 sp=0xc00616ee50 pc=0x7ff656f4ca9a
github.com/evanw/esbuild/internal/bundler.RunOnResolvePlugins({_, _, _}, _, {0xc002df9b30, 0xc004107d40, 0xc004107d70, 
0xc004107da0, 0x3, 0xc002df98c0}, ...)
	github.com/evanw/esbuild/internal/bundler/bundler.go:1154 +0x36a fp=0xc00616f690 sp=0xc00616f220 pc=0x7ff656f80e0a
github.com/evanw/esbuild/pkg/api.loadPlugins.func2({0xc0056d9ea0, 0x6e}, {{0xc0026111f0, 0x10}, {0x0, 0x0}, {0x0, 
0x0}, {0xc002652280, 0x36}, ...})
	github.com/evanw/esbuild/pkg/api/api_impl.go:2114 +0x4be fp=0xc00616fd18 sp=0xc00616f690 pc=0x7ff65703809e
main.(*serviceType).convertPlugins.func2.1(0xf8, 0xc0024b4a50)
	github.com/evanw/esbuild/cmd/esbuild/service.go:944 +0x665 fp=0xc00616ff50 sp=0xc00616fd18 pc=0x7ff65707a885
main.(*serviceType).handleIncomingPacket.func4()
	github.com/evanw/esbuild/cmd/esbuild/service.go:262 +0xa4 fp=0xc00616ffe0 sp=0xc00616ff50 pc=0x7ff6570740a4
runtime.goexit({})
	runtime/asm_amd64.s:1693 +0x1 fp=0xc00616ffe8 sp=0xc00616ffe0 pc=0x7ff656bcf221
created by main.(*serviceType).handleIncomingPacket in goroutine 1
	github.com/evanw/esbuild/cmd/esbuild/service.go:257 +0x156e

goroutine 1513 gp=0xc00517bc00 m=nil [chan send]:
runtime.gopark(0xc006217bc8?, 0x7ff656eda99e?, 0x0?, 0x0?, 0xc004dc5508?)
	runtime/proc.go:460 +0xce fp=0xc006217128 sp=0xc006217108 pc=0x7ff656bc72ce
runtime.chansend(0xc000136000, 0x7ff6572b1690, 0x1, 0x0?)
	runtime/chan.go:283 +0x3cb fp=0xc006217198 sp=0xc006217128 pc=0x7ff656b5d58b
runtime.chansend1(0x7ff6572b4f60?, 0x0?)
	runtime/chan.go:161 +0x17 fp=0xc0062171c8 sp=0xc006217198 pc=0x7ff656b5d1b7
github.com/evanw/esbuild/internal/fs.BeforeFileOpen(...)
	github.com/evanw/esbuild/internal/fs/fs.go:245
github.com/evanw/esbuild/internal/fs.(*realFS).readdir(0xc0000da080, {0xc001184050, 0x43})
	github.com/evanw/esbuild/internal/fs/fs_real.go:351 +0x6c fp=0xc006217260 sp=0xc0062171c8 pc=0x7ff656c9c32c
github.com/evanw/esbuild/internal/fs.(*realFS).ReadDirectory(0xc0000da080, {0xc001184050, 0x43})
	github.com/evanw/esbuild/internal/fs/fs_real.go:146 +0x177 fp=0xc0062173f0 sp=0xc006217260 pc=0x7ff656c9a637
github.com/evanw/esbuild/internal/fs.(*zipFS).ReadDirectory(0xc0000a6120, {0xc001184050, 0x43})
	github.com/evanw/esbuild/internal/fs/fs_zip.go:188 +0xbf fp=0xc006217530 sp=0xc0062173f0 pc=0x7ff656c9e7df
github.com/evanw/esbuild/internal/resolver.resolverQuery.dirInfoUncached({0xc0032d1208?, 0xc003dc0c30?, 0x0?, 0x43?}, 
{0xc001184050, 0x43})
	github.com/evanw/esbuild/internal/resolver/resolver.go:1547 +0x11b fp=0xc006217810 sp=0xc006217530 pc=0x7ff656f5841b
github.com/evanw/esbuild/internal/resolver.resolverQuery.dirInfoCached({0xc0032d1208?, 0xc003dc0c30?, 0x0?, 0x9e?}, 
{0xc001184050, 0x43})
	github.com/evanw/esbuild/internal/resolver/resolver.go:1174 +0xee fp=0xc006217918 sp=0xc006217810 pc=0x7ff656f5420e
github.com/evanw/esbuild/internal/resolver.resolverQuery.dirInfoUncached({0xc0032d1208?, 0xc003dc0c30?, 0x0?, 0x48?}, 
{0xc005e03f90, 0x48})
	github.com/evanw/esbuild/internal/resolver/resolver.go:1538 +0xe5 fp=0xc006217bf8 sp=0xc006217918 pc=0x7ff656f583e5
github.com/evanw/esbuild/internal/resolver.resolverQuery.dirInfoCached({0xc0032d1208?, 0xc003dc0c30?, 0x0?, 0x60?}, 
{0xc005e03f90, 0x48})
	github.com/evanw/esbuild/internal/resolver/resolver.go:1174 +0xee fp=0xc006217d00 sp=0xc006217bf8 pc=0x7ff656f5420e
github.com/evanw/esbuild/internal/resolver.resolverQuery.dirInfoUncached({0xc0032d1208?, 0xc003dc0c30?, 0x0?, 0x4d?}, 
{0xc005e03f40, 0x4d})
	github.com/evanw/esbuild/internal/resolver/resolver.go:1538 +0xe5 fp=0xc006217fe0 sp=0xc006217d00 pc=0x7ff656f583e5
github.com/evanw/esbuild/internal/resolver.resolverQuery.dirInfoCached({0xc0032d1208?, 0xc003dc0c30?, 0x0?, 0x2f?}, 
{0xc005e03f40, 0x4d})
	github.com/evanw/esbuild/internal/resolver/resolver.go:1174 +0xee fp=0xc0062180e8 sp=0xc006217fe0 pc=0x7ff656f5420e
github.com/evanw/esbuild/internal/resolver.resolverQuery.dirInfoUncached({0xc0032d1208?, 0xc003dc0c30?, 0x0?, 0x51?}, 
{0xc0065a9380, 0x51})
	github.com/evanw/esbuild/internal/resolver/resolver.go:1538 +0xe5 fp=0xc0062183c8 sp=0xc0062180e8 pc=0x7ff656f583e5
github.com/evanw/esbuild/internal/resolver.resolverQuery.dirInfoCached({0xc0032d1208?, 0xc003dc0c30?, 0x0?, 0x0?}, 
{0xc0065a9380, 0x51})
	github.com/evanw/esbuild/internal/resolver/resolver.go:1174 +0xee fp=0xc0062184d0 sp=0xc0062183c8 pc=0x7ff656f5420e
github.com/evanw/esbuild/internal/resolver.resolverQuery.dirInfoUncached({0xc0032d1208?, 0xc003dc0c30?, 0x0?, 0x5a?}, 
{0xc0065a9320, 0x5a})
	github.com/evanw/esbuild/internal/resolver/resolver.go:1538 +0xe5 fp=0xc0062187b0 sp=0xc0062184d0 pc=0x7ff656f583e5
github.com/evanw/esbuild/internal/resolver.resolverQuery.dirInfoCached({0xc0032d1208?, 0xc003dc0c30?, 0x0?, 0x78?}, 
{0xc0065a9320, 0x5a})
	github.com/evanw/esbuild/internal/resolver/resolver.go:1174 +0xee fp=0xc0062188b8 sp=0xc0062187b0 pc=0x7ff656f5420e
github.com/evanw/esbuild/internal/resolver.resolverQuery.dirInfoUncached({0xc0032d1208?, 0xc003dc0c30?, 0x0?, 0x64?}, 
{0xc005e89b90, 0x64})
	github.com/evanw/esbuild/internal/resolver/resolver.go:1538 +0xe5 fp=0xc006218b98 sp=0xc0062188b8 pc=0x7ff656f583e5
github.com/evanw/esbuild/internal/resolver.resolverQuery.dirInfoCached({0xc0032d1208?, 0xc003dc0c30?, 0x0?, 0x30?}, 
{0xc005e89b90, 0x64})
	github.com/evanw/esbuild/internal/resolver/resolver.go:1174 +0xee fp=0xc006218ca0 sp=0xc006218b98 pc=0x7ff656f5420e
github.com/evanw/esbuild/internal/resolver.resolverQuery.finalizeResolve({0xc0032d1208?, 0xc003dc0c30?, 0x0?, 0x0?}, 
0xc004808480)
	github.com/evanw/esbuild/internal/resolver/resolver.go:842 +0x6f1 fp=0xc006218e50 sp=0xc006218ca0 pc=0x7ff656f510d1
github.com/evanw/esbuild/internal/resolver.(*Resolver).Resolve(0xc0032d1208, {0xc002652380, 0x36}, {0xc0032a3b80, 
0x77}, 0x1)
	github.com/evanw/esbuild/internal/resolver/resolver.go:572 +0x1a1a fp=0xc006219220 sp=0xc006218e50 pc=0x7ff656f4ca9a
github.com/evanw/esbuild/internal/bundler.RunOnResolvePlugins({_, _, _}, _, {0xc002df9c80, 0xc004107dd0, 0xc004107e00, 
0xc004107e30, 0x3, 0xc002df9c50}, ...)
	github.com/evanw/esbuild/internal/bundler/bundler.go:1154 +0x36a fp=0xc006219690 sp=0xc006219220 pc=0x7ff656f80e0a
github.com/evanw/esbuild/pkg/api.loadPlugins.func2({0xc0032a3b80, 0x77}, {{0xc002611250, 0x10}, {0x0, 0x0}, {0x0, 
0x0}, {0xc002652380, 0x36}, ...})
	github.com/evanw/esbuild/pkg/api/api_impl.go:2114 +0x4be fp=0xc006219d18 sp=0xc006219690 pc=0x7ff65703809e
main.(*serviceType).convertPlugins.func2.1(0xf9, 0xc0024b50b0)
	github.com/evanw/esbuild/cmd/esbuild/service.go:944 +0x665 fp=0xc006219f50 sp=0xc006219d18 pc=0x7ff65707a885
main.(*serviceType).handleIncomingPacket.func4()
	github.com/evanw/esbuild/cmd/esbuild/service.go:262 +0xa4 fp=0xc006219fe0 sp=0xc006219f50 pc=0x7ff6570740a4
runtime.goexit({})
	runtime/asm_amd64.s:1693 +0x1 fp=0xc006219fe8 sp=0xc006219fe0 pc=0x7ff656bcf221
created by main.(*serviceType).handleIncomingPacket in goroutine 1
	github.com/evanw/esbuild/cmd/esbuild/service.go:257 +0x156e

goroutine 1514 gp=0xc00517bdc0 m=nil [chan send]:
runtime.gopark(0x0?, 0x0?, 0x0?, 0x0?, 0x0?)
	runtime/proc.go:460 +0xce fp=0xc005eb5128 sp=0xc005eb5108 pc=0x7ff656bc72ce
runtime.chansend(0xc000136000, 0x7ff6572b1690, 0x1, 0x0?)
	runtime/chan.go:283 +0x3cb fp=0xc005eb5198 sp=0xc005eb5128 pc=0x7ff656b5d58b
runtime.chansend1(0x0?, 0x0?)
	runtime/chan.go:161 +0x17 fp=0xc005eb51c8 sp=0xc005eb5198 pc=0x7ff656b5d1b7
github.com/evanw/esbuild/internal/fs.BeforeFileOpen(...)
	github.com/evanw/esbuild/internal/fs/fs.go:245
github.com/evanw/esbuild/internal/fs.(*realFS).readdir(0xc0000da080, {0xc006085a40, 0x43})
	github.com/evanw/esbuild/internal/fs/fs_real.go:351 +0x6c fp=0xc005eb5260 sp=0xc005eb51c8 pc=0x7ff656c9c32c
github.com/evanw/esbuild/internal/fs.(*realFS).ReadDirectory(0xc0000da080, {0xc006085a40, 0x43})
	github.com/evanw/esbuild/internal/fs/fs_real.go:146 +0x177 fp=0xc005eb53f0 sp=0xc005eb5260 pc=0x7ff656c9a637
github.com/evanw/esbuild/internal/fs.(*zipFS).ReadDirectory(0xc0000a6120, {0xc006085a40, 0x43})
	github.com/evanw/esbuild/internal/fs/fs_zip.go:188 +0xbf fp=0xc005eb5530 sp=0xc005eb53f0 pc=0x7ff656c9e7df
github.com/evanw/esbuild/internal/resolver.resolverQuery.dirInfoUncached({0xc0032d1688?, 0xc0035b5310?, 0x0?, 0x43?}, 
{0xc006085a40, 0x43})
	github.com/evanw/esbuild/internal/resolver/resolver.go:1547 +0x11b fp=0xc005eb5810 sp=0xc005eb5530 pc=0x7ff656f5841b
github.com/evanw/esbuild/internal/resolver.resolverQuery.dirInfoCached({0xc0032d1688?, 0xc0035b5310?, 0x0?, 0x9e?}, 
{0xc006085a40, 0x43})
	github.com/evanw/esbuild/internal/resolver/resolver.go:1174 +0xee fp=0xc005eb5918 sp=0xc005eb5810 pc=0x7ff656f5420e
github.com/evanw/esbuild/internal/resolver.resolverQuery.dirInfoUncached({0xc0032d1688?, 0xc0035b5310?, 0x0?, 0x48?}, 
{0xc0060859f0, 0x48})
	github.com/evanw/esbuild/internal/resolver/resolver.go:1538 +0xe5 fp=0xc005eb5bf8 sp=0xc005eb5918 pc=0x7ff656f583e5
github.com/evanw/esbuild/internal/resolver.resolverQuery.dirInfoCached({0xc0032d1688?, 0xc0035b5310?, 0x0?, 0x9e?}, 
{0xc0060859f0, 0x48})
	github.com/evanw/esbuild/internal/resolver/resolver.go:1174 +0xee fp=0xc005eb5d00 sp=0xc005eb5bf8 pc=0x7ff656f5420e
github.com/evanw/esbuild/internal/resolver.resolverQuery.dirInfoUncached({0xc0032d1688?, 0xc0035b5310?, 0x0?, 0x4d?}, 
{0xc0060859a0, 0x4d})
	github.com/evanw/esbuild/internal/resolver/resolver.go:1538 +0xe5 fp=0xc005eb5fe0 sp=0xc005eb5d00 pc=0x7ff656f583e5
github.com/evanw/esbuild/internal/resolver.resolverQuery.dirInfoCached({0xc0032d1688?, 0xc0035b5310?, 0x0?, 0x2f?}, 
{0xc0060859a0, 0x4d})
	github.com/evanw/esbuild/internal/resolver/resolver.go:1174 +0xee fp=0xc005eb60e8 sp=0xc005eb5fe0 pc=0x7ff656f5420e
github.com/evanw/esbuild/internal/resolver.resolverQuery.dirInfoUncached({0xc0032d1688?, 0xc0035b5310?, 0x0?, 0x51?}, 
{0xc001a61b00, 0x51})
	github.com/evanw/esbuild/internal/resolver/resolver.go:1538 +0xe5 fp=0xc005eb63c8 sp=0xc005eb60e8 pc=0x7ff656f583e5
github.com/evanw/esbuild/internal/resolver.resolverQuery.dirInfoCached({0xc0032d1688?, 0xc0035b5310?, 0x0?, 0x0?}, 
{0xc001a61b00, 0x51})
	github.com/evanw/esbuild/internal/resolver/resolver.go:1174 +0xee fp=0xc005eb64d0 sp=0xc005eb63c8 pc=0x7ff656f5420e
github.com/evanw/esbuild/internal/resolver.resolverQuery.dirInfoUncached({0xc0032d1688?, 0xc0035b5310?, 0x0?, 0x5a?}, 
{0xc001a61aa0, 0x5a})
	github.com/evanw/esbuild/internal/resolver/resolver.go:1538 +0xe5 fp=0xc005eb67b0 sp=0xc005eb64d0 pc=0x7ff656f583e5
github.com/evanw/esbuild/internal/resolver.resolverQuery.dirInfoCached({0xc0032d1688?, 0xc0035b5310?, 0x0?, 0x48?}, 
{0xc001a61aa0, 0x5a})
	github.com/evanw/esbuild/internal/resolver/resolver.go:1174 +0xee fp=0xc005eb68b8 sp=0xc005eb67b0 pc=0x7ff656f5420e
github.com/evanw/esbuild/internal/resolver.resolverQuery.dirInfoUncached({0xc0032d1688?, 0xc0035b5310?, 0x0?, 0x64?}, 
{0xc0059edf80, 0x64})
	github.com/evanw/esbuild/internal/resolver/resolver.go:1538 +0xe5 fp=0xc005eb6b98 sp=0xc005eb68b8 pc=0x7ff656f583e5
github.com/evanw/esbuild/internal/resolver.resolverQuery.dirInfoCached({0xc0032d1688?, 0xc0035b5310?, 0x0?, 0x10?}, 
{0xc0059edf80, 0x64})
	github.com/evanw/esbuild/internal/resolver/resolver.go:1174 +0xee fp=0xc005eb6ca0 sp=0xc005eb6b98 pc=0x7ff656f5420e
github.com/evanw/esbuild/internal/resolver.resolverQuery.finalizeResolve({0xc0032d1688?, 0xc0035b5310?, 0x0?, 0x0?}, 
0xc0049278c0)
	github.com/evanw/esbuild/internal/resolver/resolver.go:842 +0x6f1 fp=0xc005eb6e50 sp=0xc005eb6ca0 pc=0x7ff656f510d1
github.com/evanw/esbuild/internal/resolver.(*Resolver).Resolve(0xc0032d1688, {0xc0026523c0, 0x36}, {0xc0056d9f10, 
0x70}, 0x1)
	github.com/evanw/esbuild/internal/resolver/resolver.go:572 +0x1a1a fp=0xc005eb7220 sp=0xc005eb6e50 pc=0x7ff656f4ca9a
github.com/evanw/esbuild/internal/bundler.RunOnResolvePlugins({_, _, _}, _, {0xc002df9dd0, 0xc004107e78, 0xc004107ea8, 
0xc004107ec0, 0x3, 0xc002df9da0}, ...)
	github.com/evanw/esbuild/internal/bundler/bundler.go:1154 +0x36a fp=0xc005eb7690 sp=0xc005eb7220 pc=0x7ff656f80e0a
github.com/evanw/esbuild/pkg/api.loadPlugins.func2({0xc0056d9f10, 0x70}, {{0xc0026112b0, 0x10}, {0x0, 0x0}, {0x0, 
0x0}, {0xc0026523c0, 0x36}, ...})
	github.com/evanw/esbuild/pkg/api/api_impl.go:2114 +0x4be fp=0xc005eb7d18 sp=0xc005eb7690 pc=0x7ff65703809e
main.(*serviceType).convertPlugins.func2.1(0xfa, 0xc0024b50e0)
	github.com/evanw/esbuild/cmd/esbuild/service.go:944 +0x665 fp=0xc005eb7f50 sp=0xc005eb7d18 pc=0x7ff65707a885
main.(*serviceType).handleIncomingPacket.func4()
	github.com/evanw/esbuild/cmd/esbuild/service.go:262 +0xa4 fp=0xc005eb7fe0 sp=0xc005eb7f50 pc=0x7ff6570740a4
runtime.goexit({})
	runtime/asm_amd64.s:1693 +0x1 fp=0xc005eb7fe8 sp=0xc005eb7fe0 pc=0x7ff656bcf221
created by main.(*serviceType).handleIncomingPacket in goroutine 1
	github.com/evanw/esbuild/cmd/esbuild/service.go:257 +0x156e

goroutine 1515 gp=0xc00517e000 m=nil [runnable]:
github.com/evanw/esbuild/internal/resolver.resolverQuery.dirInfoCached({0xc0032d1b08?, 0xc005d67db0?, 0x0?, 0x1?}, 
{0xc005b412c0, 0x36})
	github.com/evanw/esbuild/internal/resolver/resolver.go:1161 +0x545 fp=0xc0060fb530 sp=0xc0060fb528 pc=0x7ff656f54665
github.com/evanw/esbuild/internal/resolver.resolverQuery.dirInfoUncached({0xc0032d1b08?, 0xc005d67db0?, 0x0?, 0x43?}, 
{0xc004ea2190, 0x43})
	github.com/evanw/esbuild/internal/resolver/resolver.go:1538 +0xe5 fp=0xc0060fb810 sp=0xc0060fb530 pc=0x7ff656f583e5
github.com/evanw/esbuild/internal/resolver.resolverQuery.dirInfoCached({0xc0032d1b08?, 0xc005d67db0?, 0x0?, 0x9e?}, 
{0xc004ea2190, 0x43})
	github.com/evanw/esbuild/internal/resolver/resolver.go:1174 +0xee fp=0xc0060fb918 sp=0xc0060fb810 pc=0x7ff656f5420e
github.com/evanw/esbuild/internal/resolver.resolverQuery.dirInfoUncached({0xc0032d1b08?, 0xc005d67db0?, 0x0?, 0x48?}, 
{0xc004ea2140, 0x48})
	github.com/evanw/esbuild/internal/resolver/resolver.go:1538 +0xe5 fp=0xc0060fbbf8 sp=0xc0060fb918 pc=0x7ff656f583e5
github.com/evanw/esbuild/internal/resolver.resolverQuery.dirInfoCached({0xc0032d1b08?, 0xc005d67db0?, 0x0?, 0x9e?}, 
{0xc004ea2140, 0x48})
	github.com/evanw/esbuild/internal/resolver/resolver.go:1174 +0xee fp=0xc0060fbd00 sp=0xc0060fbbf8 pc=0x7ff656f5420e
github.com/evanw/esbuild/internal/resolver.resolverQuery.dirInfoUncached({0xc0032d1b08?, 0xc005d67db0?, 0x0?, 0x4d?}, 
{0xc004ea20f0, 0x4d})
	github.com/evanw/esbuild/internal/resolver/resolver.go:1538 +0xe5 fp=0xc0060fbfe0 sp=0xc0060fbd00 pc=0x7ff656f583e5
github.com/evanw/esbuild/internal/resolver.resolverQuery.dirInfoCached({0xc0032d1b08?, 0xc005d67db0?, 0x0?, 0x2f?}, 
{0xc004ea20f0, 0x4d})
	github.com/evanw/esbuild/internal/resolver/resolver.go:1174 +0xee fp=0xc0060fc0e8 sp=0xc0060fbfe0 pc=0x7ff656f5420e
github.com/evanw/esbuild/internal/resolver.resolverQuery.dirInfoUncached({0xc0032d1b08?, 0xc005d67db0?, 0x0?, 0x51?}, 
{0xc0045581e0, 0x51})
	github.com/evanw/esbuild/internal/resolver/resolver.go:1538 +0xe5 fp=0xc0060fc3c8 sp=0xc0060fc0e8 pc=0x7ff656f583e5
github.com/evanw/esbuild/internal/resolver.resolverQuery.dirInfoCached({0xc0032d1b08?, 0xc005d67db0?, 0x0?, 0x0?}, 
{0xc0045581e0, 0x51})
	github.com/evanw/esbuild/internal/resolver/resolver.go:1174 +0xee fp=0xc0060fc4d0 sp=0xc0060fc3c8 pc=0x7ff656f5420e
github.com/evanw/esbuild/internal/resolver.resolverQuery.dirInfoUncached({0xc0032d1b08?, 0xc005d67db0?, 0x0?, 0x5a?}, 
{0xc004558180, 0x5a})
	github.com/evanw/esbuild/internal/resolver/resolver.go:1538 +0xe5 fp=0xc0060fc7b0 sp=0xc0060fc4d0 pc=0x7ff656f583e5
github.com/evanw/esbuild/internal/resolver.resolverQuery.dirInfoCached({0xc0032d1b08?, 0xc005d67db0?, 0x0?, 0x78?}, 
{0xc004558180, 0x5a})
	github.com/evanw/esbuild/internal/resolver/resolver.go:1174 +0xee fp=0xc0060fc8b8 sp=0xc0060fc7b0 pc=0x7ff656f5420e
github.com/evanw/esbuild/internal/resolver.resolverQuery.dirInfoUncached({0xc0032d1b08?, 0xc005d67db0?, 0x0?, 0x64?}, 
{0xc001822850, 0x64})
	github.com/evanw/esbuild/internal/resolver/resolver.go:1538 +0xe5 fp=0xc0060fcb98 sp=0xc0060fc8b8 pc=0x7ff656f583e5
github.com/evanw/esbuild/internal/resolver.resolverQuery.dirInfoCached({0xc0032d1b08?, 0xc005d67db0?, 0x0?, 0xb0?}, 
{0xc001822850, 0x64})
	github.com/evanw/esbuild/internal/resolver/resolver.go:1174 +0xee fp=0xc0060fcca0 sp=0xc0060fcb98 pc=0x7ff656f5420e
github.com/evanw/esbuild/internal/resolver.resolverQuery.finalizeResolve({0xc0032d1b08?, 0xc005d67db0?, 0x0?, 0x0?}, 
0xc00490a360)
	github.com/evanw/esbuild/internal/resolver/resolver.go:842 +0x6f1 fp=0xc0060fce50 sp=0xc0060fcca0 pc=0x7ff656f510d1
github.com/evanw/esbuild/internal/resolver.(*Resolver).Resolve(0xc0032d1b08, {0xc002652400, 0x36}, {0xc0032a3c00, 
0x72}, 0x1)
	github.com/evanw/esbuild/internal/resolver/resolver.go:572 +0x1a1a fp=0xc0060fd220 sp=0xc0060fce50 pc=0x7ff656f4ca9a
github.com/evanw/esbuild/internal/bundler.RunOnResolvePlugins({_, _, _}, _, {0xc0032e8030, 0xc004107f08, 0xc004107f20, 
0xc004107f50, 0x3, 0xc0032e8000}, ...)
	github.com/evanw/esbuild/internal/bundler/bundler.go:1154 +0x36a fp=0xc0060fd690 sp=0xc0060fd220 pc=0x7ff656f80e0a
github.com/evanw/esbuild/pkg/api.loadPlugins.func2({0xc0032a3c00, 0x72}, {{0xc002611310, 0x10}, {0x0, 0x0}, {0x0, 
0x0}, {0xc002652400, 0x36}, ...})
	github.com/evanw/esbuild/pkg/api/api_impl.go:2114 +0x4be fp=0xc0060fdd18 sp=0xc0060fd690 pc=0x7ff65703809e
main.(*serviceType).convertPlugins.func2.1(0xfb, 0xc0024b5260)
	github.com/evanw/esbuild/cmd/esbuild/service.go:944 +0x665 fp=0xc0060fdf50 sp=0xc0060fdd18 pc=0x7ff65707a885
main.(*serviceType).handleIncomingPacket.func4()
	github.com/evanw/esbuild/cmd/esbuild/service.go:262 +0xa4 fp=0xc0060fdfe0 sp=0xc0060fdf50 pc=0x7ff6570740a4
runtime.goexit({})
	runtime/asm_amd64.s:1693 +0x1 fp=0xc0060fdfe8 sp=0xc0060fdfe0 pc=0x7ff656bcf221
created by main.(*serviceType).handleIncomingPacket in goroutine 1
	github.com/evanw/esbuild/cmd/esbuild/service.go:257 +0x156e

goroutine 1516 gp=0xc00517e1c0 m=nil [chan send]:
runtime.gopark(0xc0032311a0?, 0xc0032311a8?, 0xb1?, 0x98?, 0x2000?)
	runtime/proc.go:460 +0xce fp=0xc003231128 sp=0xc003231108 pc=0x7ff656bc72ce
runtime.chansend(0xc000136000, 0x7ff6572b1690, 0x1, 0x7ff656b77a45?)
	runtime/chan.go:283 +0x3cb fp=0xc003231198 sp=0xc003231128 pc=0x7ff656b5d58b
runtime.chansend1(0xc003231208?, 0x7ff656b77b7c?)
	runtime/chan.go:161 +0x17 fp=0xc0032311c8 sp=0xc003231198 pc=0x7ff656b5d1b7
github.com/evanw/esbuild/internal/fs.BeforeFileOpen(...)
	github.com/evanw/esbuild/internal/fs/fs.go:245
github.com/evanw/esbuild/internal/fs.(*realFS).readdir(0xc0000da080, {0xc00457a780, 0x43})
	github.com/evanw/esbuild/internal/fs/fs_real.go:351 +0x6c fp=0xc003231260 sp=0xc0032311c8 pc=0x7ff656c9c32c
github.com/evanw/esbuild/internal/fs.(*realFS).ReadDirectory(0xc0000da080, {0xc00457a780, 0x43})
	github.com/evanw/esbuild/internal/fs/fs_real.go:146 +0x177 fp=0xc0032313f0 sp=0xc003231260 pc=0x7ff656c9a637
github.com/evanw/esbuild/internal/fs.(*zipFS).ReadDirectory(0xc0000a6120, {0xc00457a780, 0x43})
	github.com/evanw/esbuild/internal/fs/fs_zip.go:188 +0xbf fp=0xc003231530 sp=0xc0032313f0 pc=0x7ff656c9e7df
github.com/evanw/esbuild/internal/resolver.resolverQuery.dirInfoUncached({0xc001d80008?, 0xc0032daf50?, 0x0?, 0x43?}, 
{0xc00457a780, 0x43})
	github.com/evanw/esbuild/internal/resolver/resolver.go:1547 +0x11b fp=0xc003231810 sp=0xc003231530 pc=0x7ff656f5841b
github.com/evanw/esbuild/internal/resolver.resolverQuery.dirInfoCached({0xc001d80008?, 0xc0032daf50?, 0x0?, 0x9e?}, 
{0xc00457a780, 0x43})
	github.com/evanw/esbuild/internal/resolver/resolver.go:1174 +0xee fp=0xc003231918 sp=0xc003231810 pc=0x7ff656f5420e
github.com/evanw/esbuild/internal/resolver.resolverQuery.dirInfoUncached({0xc001d80008?, 0xc0032daf50?, 0x0?, 0x48?}, 
{0xc00457a730, 0x48})
	github.com/evanw/esbuild/internal/resolver/resolver.go:1538 +0xe5 fp=0xc003231bf8 sp=0xc003231918 pc=0x7ff656f583e5
github.com/evanw/esbuild/internal/resolver.resolverQuery.dirInfoCached({0xc001d80008?, 0xc0032daf50?, 0x0?, 0x9e?}, 
{0xc00457a730, 0x48})
	github.com/evanw/esbuild/internal/resolver/resolver.go:1174 +0xee fp=0xc003231d00 sp=0xc003231bf8 pc=0x7ff656f5420e
github.com/evanw/esbuild/internal/resolver.resolverQuery.dirInfoUncached({0xc001d80008?, 0xc0032daf50?, 0x0?, 0x4d?}, 
{0xc00457a6e0, 0x4d})
	github.com/evanw/esbuild/internal/resolver/resolver.go:1538 +0xe5 fp=0xc003231fe0 sp=0xc003231d00 pc=0x7ff656f583e5
github.com/evanw/esbuild/internal/resolver.resolverQuery.dirInfoCached({0xc001d80008?, 0xc0032daf50?, 0x0?, 0x2f?}, 
{0xc00457a6e0, 0x4d})
	github.com/evanw/esbuild/internal/resolver/resolver.go:1174 +0xee fp=0xc0032320e8 sp=0xc003231fe0 pc=0x7ff656f5420e
github.com/evanw/esbuild/internal/resolver.resolverQuery.dirInfoUncached({0xc001d80008?, 0xc0032daf50?, 0x0?, 0x51?}, 
{0xc00668d6e0, 0x51})
	github.com/evanw/esbuild/internal/resolver/resolver.go:1538 +0xe5 fp=0xc0032323c8 sp=0xc0032320e8 pc=0x7ff656f583e5
github.com/evanw/esbuild/internal/resolver.resolverQuery.dirInfoCached({0xc001d80008?, 0xc0032daf50?, 0x0?, 0x0?}, 
{0xc00668d6e0, 0x51})
	github.com/evanw/esbuild/internal/resolver/resolver.go:1174 +0xee fp=0xc0032324d0 sp=0xc0032323c8 pc=0x7ff656f5420e
github.com/evanw/esbuild/internal/resolver.resolverQuery.dirInfoUncached({0xc001d80008?, 0xc0032daf50?, 0x0?, 0x5a?}, 
{0xc00668d680, 0x5a})
	github.com/evanw/esbuild/internal/resolver/resolver.go:1538 +0xe5 fp=0xc0032327b0 sp=0xc0032324d0 pc=0x7ff656f583e5
github.com/evanw/esbuild/internal/resolver.resolverQuery.dirInfoCached({0xc001d80008?, 0xc0032daf50?, 0x0?, 0x78?}, 
{0xc00668d680, 0x5a})
	github.com/evanw/esbuild/internal/resolver/resolver.go:1174 +0xee fp=0xc0032328b8 sp=0xc0032327b0 pc=0x7ff656f5420e
github.com/evanw/esbuild/internal/resolver.resolverQuery.dirInfoUncached({0xc001d80008?, 0xc0032daf50?, 0x0?, 0x64?}, 
{0xc002b42070, 0x64})
	github.com/evanw/esbuild/internal/resolver/resolver.go:1538 +0xe5 fp=0xc003232b98 sp=0xc0032328b8 pc=0x7ff656f583e5
github.com/evanw/esbuild/internal/resolver.resolverQuery.dirInfoCached({0xc001d80008?, 0xc0032daf50?, 0x0?, 0x50?}, 
{0xc002b42070, 0x64})
	github.com/evanw/esbuild/internal/resolver/resolver.go:1174 +0xee fp=0xc003232ca0 sp=0xc003232b98 pc=0x7ff656f5420e
github.com/evanw/esbuild/internal/resolver.resolverQuery.finalizeResolve({0xc001d80008?, 0xc0032daf50?, 0x0?, 0x0?}, 
0xc00492c480)
	github.com/evanw/esbuild/internal/resolver/resolver.go:842 +0x6f1 fp=0xc003232e50 sp=0xc003232ca0 pc=0x7ff656f510d1
github.com/evanw/esbuild/internal/resolver.(*Resolver).Resolve(0xc001d80008, {0xc002652440, 0x36}, {0xc0032a3c80, 
0x72}, 0x1)
	github.com/evanw/esbuild/internal/resolver/resolver.go:572 +0x1a1a fp=0xc003233220 sp=0xc003232e50 pc=0x7ff656f4ca9a
github.com/evanw/esbuild/internal/bundler.RunOnResolvePlugins({_, _, _}, _, {0xc0032e8150, 0xc0032ec018, 0xc0032ec030, 
0xc0032ec048, 0x3, 0xc0032e8120}, ...)
	github.com/evanw/esbuild/internal/bundler/bundler.go:1154 +0x36a fp=0xc003233690 sp=0xc003233220 pc=0x7ff656f80e0a
github.com/evanw/esbuild/pkg/api.loadPlugins.func2({0xc0032a3c80, 0x72}, {{0xc002611370, 0x10}, {0x0, 0x0}, {0x0, 
0x0}, {0xc002652440, 0x36}, ...})
	github.com/evanw/esbuild/pkg/api/api_impl.go:2114 +0x4be fp=0xc003233d18 sp=0xc003233690 pc=0x7ff65703809e
main.(*serviceType).convertPlugins.func2.1(0xfc, 0xc0024b54d0)
	github.com/evanw/esbuild/cmd/esbuild/service.go:944 +0x665 fp=0xc003233f50 sp=0xc003233d18 pc=0x7ff65707a885
main.(*serviceType).handleIncomingPacket.func4()
	github.com/evanw/esbuild/cmd/esbuild/service.go:262 +0xa4 fp=0xc003233fe0 sp=0xc003233f50 pc=0x7ff6570740a4
runtime.goexit({})
	runtime/asm_amd64.s:1693 +0x1 fp=0xc003233fe8 sp=0xc003233fe0 pc=0x7ff656bcf221
created by main.(*serviceType).handleIncomingPacket in goroutine 1
	github.com/evanw/esbuild/cmd/esbuild/service.go:257 +0x156e

goroutine 1517 gp=0xc00517e380 m=nil [chan send]:
runtime.gopark(0x0?, 0x0?, 0x0?, 0x0?, 0x0?)
	runtime/proc.go:460 +0xce fp=0xc00620f128 sp=0xc00620f108 pc=0x7ff656bc72ce
runtime.chansend(0xc000136000, 0x7ff6572b1690, 0x1, 0x0?)
	runtime/chan.go:283 +0x3cb fp=0xc00620f198 sp=0xc00620f128 pc=0x7ff656b5d58b
runtime.chansend1(0x0?, 0x0?)
	runtime/chan.go:161 +0x17 fp=0xc00620f1c8 sp=0xc00620f198 pc=0x7ff656b5d1b7
github.com/evanw/esbuild/internal/fs.BeforeFileOpen(...)
	github.com/evanw/esbuild/internal/fs/fs.go:245
github.com/evanw/esbuild/internal/fs.(*realFS).readdir(0xc0000da080, {0xc00457a550, 0x43})
	github.com/evanw/esbuild/internal/fs/fs_real.go:351 +0x6c fp=0xc00620f260 sp=0xc00620f1c8 pc=0x7ff656c9c32c
github.com/evanw/esbuild/internal/fs.(*realFS).ReadDirectory(0xc0000da080, {0xc00457a550, 0x43})
	github.com/evanw/esbuild/internal/fs/fs_real.go:146 +0x177 fp=0xc00620f3f0 sp=0xc00620f260 pc=0x7ff656c9a637
github.com/evanw/esbuild/internal/fs.(*zipFS).ReadDirectory(0xc0000a6120, {0xc00457a550, 0x43})
	github.com/evanw/esbuild/internal/fs/fs_zip.go:188 +0xbf fp=0xc00620f530 sp=0xc00620f3f0 pc=0x7ff656c9e7df
github.com/evanw/esbuild/internal/resolver.resolverQuery.dirInfoUncached({0xc001d80488?, 0xc006422cd0?, 0x0?, 0x43?}, 
{0xc00457a550, 0x43})
	github.com/evanw/esbuild/internal/resolver/resolver.go:1547 +0x11b fp=0xc00620f810 sp=0xc00620f530 pc=0x7ff656f5841b
github.com/evanw/esbuild/internal/resolver.resolverQuery.dirInfoCached({0xc001d80488?, 0xc006422cd0?, 0x0?, 0x9e?}, 
{0xc00457a550, 0x43})
	github.com/evanw/esbuild/internal/resolver/resolver.go:1174 +0xee fp=0xc00620f918 sp=0xc00620f810 pc=0x7ff656f5420e
github.com/evanw/esbuild/internal/resolver.resolverQuery.dirInfoUncached({0xc001d80488?, 0xc006422cd0?, 0x0?, 0x48?}, 
{0xc00457a500, 0x48})
	github.com/evanw/esbuild/internal/resolver/resolver.go:1538 +0xe5 fp=0xc00620fbf8 sp=0xc00620f918 pc=0x7ff656f583e5
github.com/evanw/esbuild/internal/resolver.resolverQuery.dirInfoCached({0xc001d80488?, 0xc006422cd0?, 0x0?, 0x9e?}, 
{0xc00457a500, 0x48})
	github.com/evanw/esbuild/internal/resolver/resolver.go:1174 +0xee fp=0xc00620fd00 sp=0xc00620fbf8 pc=0x7ff656f5420e
github.com/evanw/esbuild/internal/resolver.resolverQuery.dirInfoUncached({0xc001d80488?, 0xc006422cd0?, 0x0?, 0x4d?}, 
{0xc00457a4b0, 0x4d})
	github.com/evanw/esbuild/internal/resolver/resolver.go:1538 +0xe5 fp=0xc00620ffe0 sp=0xc00620fd00 pc=0x7ff656f583e5
github.com/evanw/esbuild/internal/resolver.resolverQuery.dirInfoCached({0xc001d80488?, 0xc006422cd0?, 0x0?, 0x2f?}, 
{0xc00457a4b0, 0x4d})
	github.com/evanw/esbuild/internal/resolver/resolver.go:1174 +0xee fp=0xc0062100e8 sp=0xc00620ffe0 pc=0x7ff656f5420e
github.com/evanw/esbuild/internal/resolver.resolverQuery.dirInfoUncached({0xc001d80488?, 0xc006422cd0?, 0x0?, 0x51?}, 
{0xc00668d560, 0x51})
	github.com/evanw/esbuild/internal/resolver/resolver.go:1538 +0xe5 fp=0xc0062103c8 sp=0xc0062100e8 pc=0x7ff656f583e5
github.com/evanw/esbuild/internal/resolver.resolverQuery.dirInfoCached({0xc001d80488?, 0xc006422cd0?, 0x0?, 0x0?}, 
{0xc00668d560, 0x51})
	github.com/evanw/esbuild/internal/resolver/resolver.go:1174 +0xee fp=0xc0062104d0 sp=0xc0062103c8 pc=0x7ff656f5420e
github.com/evanw/esbuild/internal/resolver.resolverQuery.dirInfoUncached({0xc001d80488?, 0xc006422cd0?, 0x0?, 0x5a?}, 
{0xc00668d500, 0x5a})
	github.com/evanw/esbuild/internal/resolver/resolver.go:1538 +0xe5 fp=0xc0062107b0 sp=0xc0062104d0 pc=0x7ff656f583e5
github.com/evanw/esbuild/internal/resolver.resolverQuery.dirInfoCached({0xc001d80488?, 0xc006422cd0?, 0x0?, 0x78?}, 
{0xc00668d500, 0x5a})
	github.com/evanw/esbuild/internal/resolver/resolver.go:1174 +0xee fp=0xc0062108b8 sp=0xc0062107b0 pc=0x7ff656f5420e
github.com/evanw/esbuild/internal/resolver.resolverQuery.dirInfoUncached({0xc001d80488?, 0xc006422cd0?, 0x0?, 0x64?}, 
{0xc0067a5f80, 0x64})
	github.com/evanw/esbuild/internal/resolver/resolver.go:1538 +0xe5 fp=0xc006210b98 sp=0xc0062108b8 pc=0x7ff656f583e5
github.com/evanw/esbuild/internal/resolver.resolverQuery.dirInfoCached({0xc001d80488?, 0xc006422cd0?, 0x0?, 0xd0?}, 
{0xc0067a5f80, 0x64})
	github.com/evanw/esbuild/internal/resolver/resolver.go:1174 +0xee fp=0xc006210ca0 sp=0xc006210b98 pc=0x7ff656f5420e
github.com/evanw/esbuild/internal/resolver.resolverQuery.finalizeResolve({0xc001d80488?, 0xc006422cd0?, 0x0?, 0x0?}, 
0xc004903e60)
	github.com/evanw/esbuild/internal/resolver/resolver.go:842 +0x6f1 fp=0xc006210e50 sp=0xc006210ca0 pc=0x7ff656f510d1
github.com/evanw/esbuild/internal/resolver.(*Resolver).Resolve(0xc001d80488, {0xc002652480, 0x36}, {0xc0032a3d00, 
0x72}, 0x1)
	github.com/evanw/esbuild/internal/resolver/resolver.go:572 +0x1a1a fp=0xc006211220 sp=0xc006210e50 pc=0x7ff656f4ca9a
github.com/evanw/esbuild/internal/bundler.RunOnResolvePlugins({_, _, _}, _, {0xc0032e8270, 0xc0032ec078, 0xc0032ec090, 
0xc0032ec0a8, 0x3, 0xc0032e8240}, ...)
	github.com/evanw/esbuild/internal/bundler/bundler.go:1154 +0x36a fp=0xc006211690 sp=0xc006211220 pc=0x7ff656f80e0a
github.com/evanw/esbuild/pkg/api.loadPlugins.func2({0xc0032a3d00, 0x72}, {{0xc0026113d0, 0x10}, {0x0, 0x0}, {0x0, 
0x0}, {0xc002652480, 0x36}, ...})
	github.com/evanw/esbuild/pkg/api/api_impl.go:2114 +0x4be fp=0xc006211d18 sp=0xc006211690 pc=0x7ff65703809e
main.(*serviceType).convertPlugins.func2.1(0xfd, 0xc0024b5620)
	github.com/evanw/esbuild/cmd/esbuild/service.go:944 +0x665 fp=0xc006211f50 sp=0xc006211d18 pc=0x7ff65707a885
main.(*serviceType).handleIncomingPacket.func4()
	github.com/evanw/esbuild/cmd/esbuild/service.go:262 +0xa4 fp=0xc006211fe0 sp=0xc006211f50 pc=0x7ff6570740a4
runtime.goexit({})
	runtime/asm_amd64.s:1693 +0x1 fp=0xc006211fe8 sp=0xc006211fe0 pc=0x7ff656bcf221
created by main.(*serviceType).handleIncomingPacket in goroutine 1
	github.com/evanw/esbuild/cmd/esbuild/service.go:257 +0x156e

goroutine 1518 gp=0xc00517e540 m=nil [chan send]:
runtime.gopark(0x0?, 0x0?, 0x0?, 0x0?, 0x0?)
	runtime/proc.go:460 +0xce fp=0xc005aad128 sp=0xc005aad108 pc=0x7ff656bc72ce
runtime.chansend(0xc000136000, 0x7ff6572b1690, 0x1, 0x0?)
	runtime/chan.go:283 +0x3cb fp=0xc005aad198 sp=0xc005aad128 pc=0x7ff656b5d58b
runtime.chansend1(0x0?, 0x0?)
	runtime/chan.go:161 +0x17 fp=0xc005aad1c8 sp=0xc005aad198 pc=0x7ff656b5d1b7
github.com/evanw/esbuild/internal/fs.BeforeFileOpen(...)
	github.com/evanw/esbuild/internal/fs/fs.go:245
github.com/evanw/esbuild/internal/fs.(*realFS).readdir(0xc0000da080, {0xc006463d10, 0x43})
	github.com/evanw/esbuild/internal/fs/fs_real.go:351 +0x6c fp=0xc005aad260 sp=0xc005aad1c8 pc=0x7ff656c9c32c
github.com/evanw/esbuild/internal/fs.(*realFS).ReadDirectory(0xc0000da080, {0xc006463d10, 0x43})
	github.com/evanw/esbuild/internal/fs/fs_real.go:146 +0x177 fp=0xc005aad3f0 sp=0xc005aad260 pc=0x7ff656c9a637
github.com/evanw/esbuild/internal/fs.(*zipFS).ReadDirectory(0xc0000a6120, {0xc006463d10, 0x43})
	github.com/evanw/esbuild/internal/fs/fs_zip.go:188 +0xbf fp=0xc005aad530 sp=0xc005aad3f0 pc=0x7ff656c9e7df
github.com/evanw/esbuild/internal/resolver.resolverQuery.dirInfoUncached({0xc0032d0008?, 0xc0032dac80?, 0x0?, 0x43?}, 
{0xc006463d10, 0x43})
	github.com/evanw/esbuild/internal/resolver/resolver.go:1547 +0x11b fp=0xc005aad810 sp=0xc005aad530 pc=0x7ff656f5841b
github.com/evanw/esbuild/internal/resolver.resolverQuery.dirInfoCached({0xc0032d0008?, 0xc0032dac80?, 0x0?, 0x9e?}, 
{0xc006463d10, 0x43})
	github.com/evanw/esbuild/internal/resolver/resolver.go:1174 +0xee fp=0xc005aad918 sp=0xc005aad810 pc=0x7ff656f5420e
github.com/evanw/esbuild/internal/resolver.resolverQuery.dirInfoUncached({0xc0032d0008?, 0xc0032dac80?, 0x0?, 0x48?}, 
{0xc006463cc0, 0x48})
	github.com/evanw/esbuild/internal/resolver/resolver.go:1538 +0xe5 fp=0xc005aadbf8 sp=0xc005aad918 pc=0x7ff656f583e5
github.com/evanw/esbuild/internal/resolver.resolverQuery.dirInfoCached({0xc0032d0008?, 0xc0032dac80?, 0x0?, 0x9e?}, 
{0xc006463cc0, 0x48})
	github.com/evanw/esbuild/internal/resolver/resolver.go:1174 +0xee fp=0xc005aadd00 sp=0xc005aadbf8 pc=0x7ff656f5420e
github.com/evanw/esbuild/internal/resolver.resolverQuery.dirInfoUncached({0xc0032d0008?, 0xc0032dac80?, 0x0?, 0x4d?}, 
{0xc006463c70, 0x4d})
	github.com/evanw/esbuild/internal/resolver/resolver.go:1538 +0xe5 fp=0xc005aadfe0 sp=0xc005aadd00 pc=0x7ff656f583e5
github.com/evanw/esbuild/internal/resolver.resolverQuery.dirInfoCached({0xc0032d0008?, 0xc0032dac80?, 0x0?, 0x2f?}, 
{0xc006463c70, 0x4d})
	github.com/evanw/esbuild/internal/resolver/resolver.go:1174 +0xee fp=0xc005aae0e8 sp=0xc005aadfe0 pc=0x7ff656f5420e
github.com/evanw/esbuild/internal/resolver.resolverQuery.dirInfoUncached({0xc0032d0008?, 0xc0032dac80?, 0x0?, 0x51?}, 
{0xc00608dda0, 0x51})
	github.com/evanw/esbuild/internal/resolver/resolver.go:1538 +0xe5 fp=0xc005aae3c8 sp=0xc005aae0e8 pc=0x7ff656f583e5
github.com/evanw/esbuild/internal/resolver.resolverQuery.dirInfoCached({0xc0032d0008?, 0xc0032dac80?, 0x0?, 0x0?}, 
{0xc00608dda0, 0x51})
	github.com/evanw/esbuild/internal/resolver/resolver.go:1174 +0xee fp=0xc005aae4d0 sp=0xc005aae3c8 pc=0x7ff656f5420e
github.com/evanw/esbuild/internal/resolver.resolverQuery.dirInfoUncached({0xc0032d0008?, 0xc0032dac80?, 0x0?, 0x5a?}, 
{0xc00608dd40, 0x5a})
	github.com/evanw/esbuild/internal/resolver/resolver.go:1538 +0xe5 fp=0xc005aae7b0 sp=0xc005aae4d0 pc=0x7ff656f583e5
github.com/evanw/esbuild/internal/resolver.resolverQuery.dirInfoCached({0xc0032d0008?, 0xc0032dac80?, 0x0?, 0x78?}, 
{0xc00608dd40, 0x5a})
	github.com/evanw/esbuild/internal/resolver/resolver.go:1174 +0xee fp=0xc005aae8b8 sp=0xc005aae7b0 pc=0x7ff656f5420e
github.com/evanw/esbuild/internal/resolver.resolverQuery.dirInfoUncached({0xc0032d0008?, 0xc0032dac80?, 0x0?, 0x64?}, 
{0xc001822380, 0x64})
	github.com/evanw/esbuild/internal/resolver/resolver.go:1538 +0xe5 fp=0xc005aaeb98 sp=0xc005aae8b8 pc=0x7ff656f583e5
github.com/evanw/esbuild/internal/resolver.resolverQuery.dirInfoCached({0xc0032d0008?, 0xc0032dac80?, 0x0?, 0x80?}, 
{0xc001822380, 0x64})
	github.com/evanw/esbuild/internal/resolver/resolver.go:1174 +0xee fp=0xc005aaeca0 sp=0xc005aaeb98 pc=0x7ff656f5420e
github.com/evanw/esbuild/internal/resolver.resolverQuery.finalizeResolve({0xc0032d0008?, 0xc0032dac80?, 0x0?, 0x0?}, 
0xc004597e60)
	github.com/evanw/esbuild/internal/resolver/resolver.go:842 +0x6f1 fp=0xc005aaee50 sp=0xc005aaeca0 pc=0x7ff656f510d1
github.com/evanw/esbuild/internal/resolver.(*Resolver).Resolve(0xc0032d0008, {0xc0026524c0, 0x36}, {0xc0032a3d80, 
0x73}, 0x1)
	github.com/evanw/esbuild/internal/resolver/resolver.go:572 +0x1a1a fp=0xc005aaf220 sp=0xc005aaee50 pc=0x7ff656f4ca9a
github.com/evanw/esbuild/internal/bundler.RunOnResolvePlugins({_, _, _}, _, {0xc002df9470, 0xc004107b48, 0xc004107b78, 
0xc004107ba8, 0x3, 0xc002df9440}, ...)
	github.com/evanw/esbuild/internal/bundler/bundler.go:1154 +0x36a fp=0xc005aaf690 sp=0xc005aaf220 pc=0x7ff656f80e0a
github.com/evanw/esbuild/pkg/api.loadPlugins.func2({0xc0032a3d80, 0x73}, {{0xc002611430, 0x10}, {0x0, 0x0}, {0x0, 
0x0}, {0xc0026524c0, 0x36}, ...})
	github.com/evanw/esbuild/pkg/api/api_impl.go:2114 +0x4be fp=0xc005aafd18 sp=0xc005aaf690 pc=0x7ff65703809e
main.(*serviceType).convertPlugins.func2.1(0xfe, 0xc0024b56e0)
	github.com/evanw/esbuild/cmd/esbuild/service.go:944 +0x665 fp=0xc005aaff50 sp=0xc005aafd18 pc=0x7ff65707a885
main.(*serviceType).handleIncomingPacket.func4()
	github.com/evanw/esbuild/cmd/esbuild/service.go:262 +0xa4 fp=0xc005aaffe0 sp=0xc005aaff50 pc=0x7ff6570740a4
runtime.goexit({})
	runtime/asm_amd64.s:1693 +0x1 fp=0xc005aaffe8 sp=0xc005aaffe0 pc=0x7ff656bcf221
created by main.(*serviceType).handleIncomingPacket in goroutine 1
	github.com/evanw/esbuild/cmd/esbuild/service.go:257 +0x156e

goroutine 1519 gp=0xc00517e700 m=nil [chan send]:
runtime.gopark(0x0?, 0x0?, 0x0?, 0x0?, 0x0?)
	runtime/proc.go:460 +0xce fp=0xc004d61128 sp=0xc004d61108 pc=0x7ff656bc72ce
runtime.chansend(0xc000136000, 0x7ff6572b1690, 0x1, 0x0?)
	runtime/chan.go:283 +0x3cb fp=0xc004d61198 sp=0xc004d61128 pc=0x7ff656b5d58b
runtime.chansend1(0x0?, 0x0?)
	runtime/chan.go:161 +0x17 fp=0xc004d611c8 sp=0xc004d61198 pc=0x7ff656b5d1b7
github.com/evanw/esbuild/internal/fs.BeforeFileOpen(...)
	github.com/evanw/esbuild/internal/fs/fs.go:245
github.com/evanw/esbuild/internal/fs.(*realFS).readdir(0xc0000da080, {0xc001a63ae0, 0x43})
	github.com/evanw/esbuild/internal/fs/fs_real.go:351 +0x6c fp=0xc004d61260 sp=0xc004d611c8 pc=0x7ff656c9c32c
github.com/evanw/esbuild/internal/fs.(*realFS).ReadDirectory(0xc0000da080, {0xc001a63ae0, 0x43})
	github.com/evanw/esbuild/internal/fs/fs_real.go:146 +0x177 fp=0xc004d613f0 sp=0xc004d61260 pc=0x7ff656c9a637
github.com/evanw/esbuild/internal/fs.(*zipFS).ReadDirectory(0xc0000a6120, {0xc001a63ae0, 0x43})
	github.com/evanw/esbuild/internal/fs/fs_zip.go:188 +0xbf fp=0xc004d61530 sp=0xc004d613f0 pc=0x7ff656c9e7df
github.com/evanw/esbuild/internal/resolver.resolverQuery.dirInfoUncached({0xc002cb9688?, 0xc0061b7810?, 0x0?, 0x43?}, 
{0xc001a63ae0, 0x43})
	github.com/evanw/esbuild/internal/resolver/resolver.go:1547 +0x11b fp=0xc004d61810 sp=0xc004d61530 pc=0x7ff656f5841b
github.com/evanw/esbuild/internal/resolver.resolverQuery.dirInfoCached({0xc002cb9688?, 0xc0061b7810?, 0x0?, 0x9e?}, 
{0xc001a63ae0, 0x43})
	github.com/evanw/esbuild/internal/resolver/resolver.go:1174 +0xee fp=0xc004d61918 sp=0xc004d61810 pc=0x7ff656f5420e
github.com/evanw/esbuild/internal/resolver.resolverQuery.dirInfoUncached({0xc002cb9688?, 0xc0061b7810?, 0x0?, 0x48?}, 
{0xc001a63a90, 0x48})
	github.com/evanw/esbuild/internal/resolver/resolver.go:1538 +0xe5 fp=0xc004d61bf8 sp=0xc004d61918 pc=0x7ff656f583e5
github.com/evanw/esbuild/internal/resolver.resolverQuery.dirInfoCached({0xc002cb9688?, 0xc0061b7810?, 0x0?, 0x9e?}, 
{0xc001a63a90, 0x48})
	github.com/evanw/esbuild/internal/resolver/resolver.go:1174 +0xee fp=0xc004d61d00 sp=0xc004d61bf8 pc=0x7ff656f5420e
github.com/evanw/esbuild/internal/resolver.resolverQuery.dirInfoUncached({0xc002cb9688?, 0xc0061b7810?, 0x0?, 0x4d?}, 
{0xc001a63a40, 0x4d})
	github.com/evanw/esbuild/internal/resolver/resolver.go:1538 +0xe5 fp=0xc004d61fe0 sp=0xc004d61d00 pc=0x7ff656f583e5
github.com/evanw/esbuild/internal/resolver.resolverQuery.dirInfoCached({0xc002cb9688?, 0xc0061b7810?, 0x0?, 0x2f?}, 
{0xc001a63a40, 0x4d})
	github.com/evanw/esbuild/internal/resolver/resolver.go:1174 +0xee fp=0xc004d620e8 sp=0xc004d61fe0 pc=0x7ff656f5420e
github.com/evanw/esbuild/internal/resolver.resolverQuery.dirInfoUncached({0xc002cb9688?, 0xc0061b7810?, 0x0?, 0x51?}, 
{0xc0060dcde0, 0x51})
	github.com/evanw/esbuild/internal/resolver/resolver.go:1538 +0xe5 fp=0xc004d623c8 sp=0xc004d620e8 pc=0x7ff656f583e5
github.com/evanw/esbuild/internal/resolver.resolverQuery.dirInfoCached({0xc002cb9688?, 0xc0061b7810?, 0x0?, 0x0?}, 
{0xc0060dcde0, 0x51})
	github.com/evanw/esbuild/internal/resolver/resolver.go:1174 +0xee fp=0xc004d624d0 sp=0xc004d623c8 pc=0x7ff656f5420e
github.com/evanw/esbuild/internal/resolver.resolverQuery.dirInfoUncached({0xc002cb9688?, 0xc0061b7810?, 0x0?, 0x5a?}, 
{0xc0060dcd80, 0x5a})
	github.com/evanw/esbuild/internal/resolver/resolver.go:1538 +0xe5 fp=0xc004d627b0 sp=0xc004d624d0 pc=0x7ff656f583e5
github.com/evanw/esbuild/internal/resolver.resolverQuery.dirInfoCached({0xc002cb9688?, 0xc0061b7810?, 0x0?, 0x78?}, 
{0xc0060dcd80, 0x5a})
	github.com/evanw/esbuild/internal/resolver/resolver.go:1174 +0xee fp=0xc004d628b8 sp=0xc004d627b0 pc=0x7ff656f5420e
github.com/evanw/esbuild/internal/resolver.resolverQuery.dirInfoUncached({0xc002cb9688?, 0xc0061b7810?, 0x0?, 0x64?}, 
{0xc0065139d0, 0x64})
	github.com/evanw/esbuild/internal/resolver/resolver.go:1538 +0xe5 fp=0xc004d62b98 sp=0xc004d628b8 pc=0x7ff656f583e5
github.com/evanw/esbuild/internal/resolver.resolverQuery.dirInfoCached({0xc002cb9688?, 0xc0061b7810?, 0x0?, 0x10?}, 
{0xc0065139d0, 0x64})
	github.com/evanw/esbuild/internal/resolver/resolver.go:1174 +0xee fp=0xc004d62ca0 sp=0xc004d62b98 pc=0x7ff656f5420e
github.com/evanw/esbuild/internal/resolver.resolverQuery.finalizeResolve({0xc002cb9688?, 0xc0061b7810?, 0x0?, 0x0?}, 
0xc004966b40)
	github.com/evanw/esbuild/internal/resolver/resolver.go:842 +0x6f1 fp=0xc004d62e50 sp=0xc004d62ca0 pc=0x7ff656f510d1
github.com/evanw/esbuild/internal/resolver.(*Resolver).Resolve(0xc002cb9688, {0xc002652500, 0x36}, {0xc0056d9f80, 
0x6f}, 0x1)
	github.com/evanw/esbuild/internal/resolver/resolver.go:572 +0x1a1a fp=0xc004d63220 sp=0xc004d62e50 pc=0x7ff656f4ca9a
github.com/evanw/esbuild/internal/bundler.RunOnResolvePlugins({_, _, _}, _, {0xc002d77ad0, 0xc00235fc08, 0xc00235fcb0, 
0xc00235fce0, 0x3, 0xc002d77a70}, ...)
	github.com/evanw/esbuild/internal/bundler/bundler.go:1154 +0x36a fp=0xc004d63690 sp=0xc004d63220 pc=0x7ff656f80e0a
github.com/evanw/esbuild/pkg/api.loadPlugins.func2({0xc0056d9f80, 0x6f}, {{0xc002611490, 0x10}, {0x0, 0x0}, {0x0, 
0x0}, {0xc002652500, 0x36}, ...})
	github.com/evanw/esbuild/pkg/api/api_impl.go:2114 +0x4be fp=0xc004d63d18 sp=0xc004d63690 pc=0x7ff65703809e
main.(*serviceType).convertPlugins.func2.1(0xff, 0xc0024b5800)
	github.com/evanw/esbuild/cmd/esbuild/service.go:944 +0x665 fp=0xc004d63f50 sp=0xc004d63d18 pc=0x7ff65707a885
main.(*serviceType).handleIncomingPacket.func4()
	github.com/evanw/esbuild/cmd/esbuild/service.go:262 +0xa4 fp=0xc004d63fe0 sp=0xc004d63f50 pc=0x7ff6570740a4
runtime.goexit({})
	runtime/asm_amd64.s:1693 +0x1 fp=0xc004d63fe8 sp=0xc004d63fe0 pc=0x7ff656bcf221
created by main.(*serviceType).handleIncomingPacket in goroutine 1
	github.com/evanw/esbuild/cmd/esbuild/service.go:257 +0x156e

goroutine 1520 gp=0xc00517e8c0 m=nil [chan send]:
runtime.gopark(0x7?, 0xc005e9c540?, 0x40?, 0x4?, 0xc005e96560?)
	runtime/proc.go:460 +0xce fp=0xc00581f128 sp=0xc00581f108 pc=0x7ff656bc72ce
runtime.chansend(0xc000136000, 0x7ff6572b1690, 0x1, 0xc005e9b7c0?)
	runtime/chan.go:283 +0x3cb fp=0xc00581f198 sp=0xc00581f128 pc=0x7ff656b5d58b
runtime.chansend1(0xc005e9b840?, 0xc005e968d0?)
	runtime/chan.go:161 +0x17 fp=0xc00581f1c8 sp=0xc00581f198 pc=0x7ff656b5d1b7
github.com/evanw/esbuild/internal/fs.BeforeFileOpen(...)
	github.com/evanw/esbuild/internal/fs/fs.go:245
github.com/evanw/esbuild/internal/fs.(*realFS).readdir(0xc0000da080, {0xc006085810, 0x43})
	github.com/evanw/esbuild/internal/fs/fs_real.go:351 +0x6c fp=0xc00581f260 sp=0xc00581f1c8 pc=0x7ff656c9c32c
github.com/evanw/esbuild/internal/fs.(*realFS).ReadDirectory(0xc0000da080, {0xc006085810, 0x43})
	github.com/evanw/esbuild/internal/fs/fs_real.go:146 +0x177 fp=0xc00581f3f0 sp=0xc00581f260 pc=0x7ff656c9a637
github.com/evanw/esbuild/internal/fs.(*zipFS).ReadDirectory(0xc0000a6120, {0xc006085810, 0x43})
	github.com/evanw/esbuild/internal/fs/fs_zip.go:188 +0xbf fp=0xc00581f530 sp=0xc00581f3f0 pc=0x7ff656c9e7df
github.com/evanw/esbuild/internal/resolver.resolverQuery.dirInfoUncached({0xc002f36008?, 0xc002a9f900?, 0x0?, 0x43?}, 
{0xc006085810, 0x43})
	github.com/evanw/esbuild/internal/resolver/resolver.go:1547 +0x11b fp=0xc00581f810 sp=0xc00581f530 pc=0x7ff656f5841b
github.com/evanw/esbuild/internal/resolver.resolverQuery.dirInfoCached({0xc002f36008?, 0xc002a9f900?, 0x0?, 0x9e?}, 
{0xc006085810, 0x43})
	github.com/evanw/esbuild/internal/resolver/resolver.go:1174 +0xee fp=0xc00581f918 sp=0xc00581f810 pc=0x7ff656f5420e
github.com/evanw/esbuild/internal/resolver.resolverQuery.dirInfoUncached({0xc002f36008?, 0xc002a9f900?, 0x0?, 0x48?}, 
{0xc0060857c0, 0x48})
	github.com/evanw/esbuild/internal/resolver/resolver.go:1538 +0xe5 fp=0xc00581fbf8 sp=0xc00581f918 pc=0x7ff656f583e5
github.com/evanw/esbuild/internal/resolver.resolverQuery.dirInfoCached({0xc002f36008?, 0xc002a9f900?, 0x0?, 0x9e?}, 
{0xc0060857c0, 0x48})
	github.com/evanw/esbuild/internal/resolver/resolver.go:1174 +0xee fp=0xc00581fd00 sp=0xc00581fbf8 pc=0x7ff656f5420e
github.com/evanw/esbuild/internal/resolver.resolverQuery.dirInfoUncached({0xc002f36008?, 0xc002a9f900?, 0x0?, 0x4d?}, 
{0xc006085770, 0x4d})
	github.com/evanw/esbuild/internal/resolver/resolver.go:1538 +0xe5 fp=0xc00581ffe0 sp=0xc00581fd00 pc=0x7ff656f583e5
github.com/evanw/esbuild/internal/resolver.resolverQuery.dirInfoCached({0xc002f36008?, 0xc002a9f900?, 0x0?, 0x2f?}, 
{0xc006085770, 0x4d})
	github.com/evanw/esbuild/internal/resolver/resolver.go:1174 +0xee fp=0xc0058200e8 sp=0xc00581ffe0 pc=0x7ff656f5420e
github.com/evanw/esbuild/internal/resolver.resolverQuery.dirInfoUncached({0xc002f36008?, 0xc002a9f900?, 0x0?, 0x51?}, 
{0xc001a61980, 0x51})
	github.com/evanw/esbuild/internal/resolver/resolver.go:1538 +0xe5 fp=0xc0058203c8 sp=0xc0058200e8 pc=0x7ff656f583e5
github.com/evanw/esbuild/internal/resolver.resolverQuery.dirInfoCached({0xc002f36008?, 0xc002a9f900?, 0x0?, 0x0?}, 
{0xc001a61980, 0x51})
	github.com/evanw/esbuild/internal/resolver/resolver.go:1174 +0xee fp=0xc0058204d0 sp=0xc0058203c8 pc=0x7ff656f5420e
github.com/evanw/esbuild/internal/resolver.resolverQuery.dirInfoUncached({0xc002f36008?, 0xc002a9f900?, 0x0?, 0x5a?}, 
{0xc001a61920, 0x5a})
	github.com/evanw/esbuild/internal/resolver/resolver.go:1538 +0xe5 fp=0xc0058207b0 sp=0xc0058204d0 pc=0x7ff656f583e5
github.com/evanw/esbuild/internal/resolver.resolverQuery.dirInfoCached({0xc002f36008?, 0xc002a9f900?, 0x0?, 0x78?}, 
{0xc001a61920, 0x5a})
	github.com/evanw/esbuild/internal/resolver/resolver.go:1174 +0xee fp=0xc0058208b8 sp=0xc0058207b0 pc=0x7ff656f5420e
github.com/evanw/esbuild/internal/resolver.resolverQuery.dirInfoUncached({0xc002f36008?, 0xc002a9f900?, 0x0?, 0x64?}, 
{0xc0059edce0, 0x64})
	github.com/evanw/esbuild/internal/resolver/resolver.go:1538 +0xe5 fp=0xc005820b98 sp=0xc0058208b8 pc=0x7ff656f583e5
github.com/evanw/esbuild/internal/resolver.resolverQuery.dirInfoCached({0xc002f36008?, 0xc002a9f900?, 0x0?, 0x0?}, 
{0xc0059edce0, 0x64})
	github.com/evanw/esbuild/internal/resolver/resolver.go:1174 +0xee fp=0xc005820ca0 sp=0xc005820b98 pc=0x7ff656f5420e
github.com/evanw/esbuild/internal/resolver.resolverQuery.finalizeResolve({0xc002f36008?, 0xc002a9f900?, 0x0?, 0x0?}, 
0xc00219bd40)
	github.com/evanw/esbuild/internal/resolver/resolver.go:842 +0x6f1 fp=0xc005820e50 sp=0xc005820ca0 pc=0x7ff656f510d1
github.com/evanw/esbuild/internal/resolver.(*Resolver).Resolve(0xc002f36008, {0xc002652540, 0x36}, {0xc002984070, 
0x6d}, 0x1)
	github.com/evanw/esbuild/internal/resolver/resolver.go:572 +0x1a1a fp=0xc005821220 sp=0xc005820e50 pc=0x7ff656f4ca9a
github.com/evanw/esbuild/internal/bundler.RunOnResolvePlugins({_, _, _}, _, {0xc002d77c80, 0xc00235fd10, 0xc00235fda0, 
0xc00235fdb8, 0x3, 0xc002d77c50}, ...)
	github.com/evanw/esbuild/internal/bundler/bundler.go:1154 +0x36a fp=0xc005821690 sp=0xc005821220 pc=0x7ff656f80e0a
github.com/evanw/esbuild/pkg/api.loadPlugins.func2({0xc002984070, 0x6d}, {{0xc0026114f0, 0x10}, {0x0, 0x0}, {0x0, 
0x0}, {0xc002652540, 0x36}, ...})
	github.com/evanw/esbuild/pkg/api/api_impl.go:2114 +0x4be fp=0xc005821d18 sp=0xc005821690 pc=0x7ff65703809e
main.(*serviceType).convertPlugins.func2.1(0x100, 0xc0024b5980)
	github.com/evanw/esbuild/cmd/esbuild/service.go:944 +0x665 fp=0xc005821f50 sp=0xc005821d18 pc=0x7ff65707a885
main.(*serviceType).handleIncomingPacket.func4()
	github.com/evanw/esbuild/cmd/esbuild/service.go:262 +0xa4 fp=0xc005821fe0 sp=0xc005821f50 pc=0x7ff6570740a4
runtime.goexit({})
	runtime/asm_amd64.s:1693 +0x1 fp=0xc005821fe8 sp=0xc005821fe0 pc=0x7ff656bcf221
created by main.(*serviceType).handleIncomingPacket in goroutine 1
	github.com/evanw/esbuild/cmd/esbuild/service.go:257 +0x156e

goroutine 1521 gp=0xc00517ea80 m=nil [chan send]:
runtime.gopark(0x0?, 0x0?, 0x0?, 0x0?, 0x0?)
	runtime/proc.go:460 +0xce fp=0xc0060f3128 sp=0xc0060f3108 pc=0x7ff656bc72ce
runtime.chansend(0xc000136000, 0x7ff6572b1690, 0x1, 0x0?)
	runtime/chan.go:283 +0x3cb fp=0xc0060f3198 sp=0xc0060f3128 pc=0x7ff656b5d58b
runtime.chansend1(0x0?, 0x0?)
	runtime/chan.go:161 +0x17 fp=0xc0060f31c8 sp=0xc0060f3198 pc=0x7ff656b5d1b7
github.com/evanw/esbuild/internal/fs.BeforeFileOpen(...)
	github.com/evanw/esbuild/internal/fs/fs.go:245
github.com/evanw/esbuild/internal/fs.(*realFS).readdir(0xc0000da080, {0xc005e03ef0, 0x43})
	github.com/evanw/esbuild/internal/fs/fs_real.go:351 +0x6c fp=0xc0060f3260 sp=0xc0060f31c8 pc=0x7ff656c9c32c
github.com/evanw/esbuild/internal/fs.(*realFS).ReadDirectory(0xc0000da080, {0xc005e03ef0, 0x43})
	github.com/evanw/esbuild/internal/fs/fs_real.go:146 +0x177 fp=0xc0060f33f0 sp=0xc0060f3260 pc=0x7ff656c9a637
github.com/evanw/esbuild/internal/fs.(*zipFS).ReadDirectory(0xc0000a6120, {0xc005e03ef0, 0x43})
	github.com/evanw/esbuild/internal/fs/fs_zip.go:188 +0xbf fp=0xc0060f3530 sp=0xc0060f33f0 pc=0x7ff656c9e7df
github.com/evanw/esbuild/internal/resolver.resolverQuery.dirInfoUncached({0xc002f36908?, 0xc0053ff1d0?, 0x0?, 0x43?}, 
{0xc005e03ef0, 0x43})
	github.com/evanw/esbuild/internal/resolver/resolver.go:1547 +0x11b fp=0xc0060f3810 sp=0xc0060f3530 pc=0x7ff656f5841b
github.com/evanw/esbuild/internal/resolver.resolverQuery.dirInfoCached({0xc002f36908?, 0xc0053ff1d0?, 0x0?, 0x9e?}, 
{0xc005e03ef0, 0x43})
	github.com/evanw/esbuild/internal/resolver/resolver.go:1174 +0xee fp=0xc0060f3918 sp=0xc0060f3810 pc=0x7ff656f5420e
github.com/evanw/esbuild/internal/resolver.resolverQuery.dirInfoUncached({0xc002f36908?, 0xc0053ff1d0?, 0x0?, 0x48?}, 
{0xc005e03ea0, 0x48})
	github.com/evanw/esbuild/internal/resolver/resolver.go:1538 +0xe5 fp=0xc0060f3bf8 sp=0xc0060f3918 pc=0x7ff656f583e5
github.com/evanw/esbuild/internal/resolver.resolverQuery.dirInfoCached({0xc002f36908?, 0xc0053ff1d0?, 0x0?, 0x9e?}, 
{0xc005e03ea0, 0x48})
	github.com/evanw/esbuild/internal/resolver/resolver.go:1174 +0xee fp=0xc0060f3d00 sp=0xc0060f3bf8 pc=0x7ff656f5420e
github.com/evanw/esbuild/internal/resolver.resolverQuery.dirInfoUncached({0xc002f36908?, 0xc0053ff1d0?, 0x0?, 0x4d?}, 
{0xc005e03e50, 0x4d})
	github.com/evanw/esbuild/internal/resolver/resolver.go:1538 +0xe5 fp=0xc0060f3fe0 sp=0xc0060f3d00 pc=0x7ff656f583e5
github.com/evanw/esbuild/internal/resolver.resolverQuery.dirInfoCached({0xc002f36908?, 0xc0053ff1d0?, 0x0?, 0x2f?}, 
{0xc005e03e50, 0x4d})
	github.com/evanw/esbuild/internal/resolver/resolver.go:1174 +0xee fp=0xc0060f40e8 sp=0xc0060f3fe0 pc=0x7ff656f5420e
github.com/evanw/esbuild/internal/resolver.resolverQuery.dirInfoUncached({0xc002f36908?, 0xc0053ff1d0?, 0x0?, 0x51?}, 
{0xc0065a92c0, 0x51})
	github.com/evanw/esbuild/internal/resolver/resolver.go:1538 +0xe5 fp=0xc0060f43c8 sp=0xc0060f40e8 pc=0x7ff656f583e5
github.com/evanw/esbuild/internal/resolver.resolverQuery.dirInfoCached({0xc002f36908?, 0xc0053ff1d0?, 0x0?, 0x0?}, 
{0xc0065a92c0, 0x51})
	github.com/evanw/esbuild/internal/resolver/resolver.go:1174 +0xee fp=0xc0060f44d0 sp=0xc0060f43c8 pc=0x7ff656f5420e
github.com/evanw/esbuild/internal/resolver.resolverQuery.dirInfoUncached({0xc002f36908?, 0xc0053ff1d0?, 0x0?, 0x5a?}, 
{0xc0065a9260, 0x5a})
	github.com/evanw/esbuild/internal/resolver/resolver.go:1538 +0xe5 fp=0xc0060f47b0 sp=0xc0060f44d0 pc=0x7ff656f583e5
github.com/evanw/esbuild/internal/resolver.resolverQuery.dirInfoCached({0xc002f36908?, 0xc0053ff1d0?, 0x0?, 0x78?}, 
{0xc0065a9260, 0x5a})
	github.com/evanw/esbuild/internal/resolver/resolver.go:1174 +0xee fp=0xc0060f48b8 sp=0xc0060f47b0 pc=0x7ff656f5420e
github.com/evanw/esbuild/internal/resolver.resolverQuery.dirInfoUncached({0xc002f36908?, 0xc0053ff1d0?, 0x0?, 0x64?}, 
{0xc005e89ab0, 0x64})
	github.com/evanw/esbuild/internal/resolver/resolver.go:1538 +0xe5 fp=0xc0060f4b98 sp=0xc0060f48b8 pc=0x7ff656f583e5
github.com/evanw/esbuild/internal/resolver.resolverQuery.dirInfoCached({0xc002f36908?, 0xc0053ff1d0?, 0x0?, 0xd0?}, 
{0xc005e89ab0, 0x64})
	github.com/evanw/esbuild/internal/resolver/resolver.go:1174 +0xee fp=0xc0060f4ca0 sp=0xc0060f4b98 pc=0x7ff656f5420e
github.com/evanw/esbuild/internal/resolver.resolverQuery.finalizeResolve({0xc002f36908?, 0xc0053ff1d0?, 0x0?, 0x0?}, 
0xc004808360)
	github.com/evanw/esbuild/internal/resolver/resolver.go:842 +0x6f1 fp=0xc0060f4e50 sp=0xc0060f4ca0 pc=0x7ff656f510d1
github.com/evanw/esbuild/internal/resolver.(*Resolver).Resolve(0xc002f36908, {0xc002652580, 0x36}, {0xc0032a3e00, 
0x75}, 0x1)
	github.com/evanw/esbuild/internal/resolver/resolver.go:572 +0x1a1a fp=0xc0060f5220 sp=0xc0060f4e50 pc=0x7ff656f4ca9a
github.com/evanw/esbuild/internal/bundler.RunOnResolvePlugins({_, _, _}, _, {0xc002d77e30, 0xc00235fde8, 0xc00235fe00, 
0xc00235fe18, 0x3, 0xc002d77e00}, ...)
	github.com/evanw/esbuild/internal/bundler/bundler.go:1154 +0x36a fp=0xc0060f5690 sp=0xc0060f5220 pc=0x7ff656f80e0a
github.com/evanw/esbuild/pkg/api.loadPlugins.func2({0xc0032a3e00, 0x75}, {{0xc002611550, 0x10}, {0x0, 0x0}, {0x0, 
0x0}, {0xc002652580, 0x36}, ...})
	github.com/evanw/esbuild/pkg/api/api_impl.go:2114 +0x4be fp=0xc0060f5d18 sp=0xc0060f5690 pc=0x7ff65703809e
main.(*serviceType).convertPlugins.func2.1(0x101, 0xc0024b5a70)
	github.com/evanw/esbuild/cmd/esbuild/service.go:944 +0x665 fp=0xc0060f5f50 sp=0xc0060f5d18 pc=0x7ff65707a885
main.(*serviceType).handleIncomingPacket.func4()
	github.com/evanw/esbuild/cmd/esbuild/service.go:262 +0xa4 fp=0xc0060f5fe0 sp=0xc0060f5f50 pc=0x7ff6570740a4
runtime.goexit({})
	runtime/asm_amd64.s:1693 +0x1 fp=0xc0060f5fe8 sp=0xc0060f5fe0 pc=0x7ff656bcf221
created by main.(*serviceType).handleIncomingPacket in goroutine 1
	github.com/evanw/esbuild/cmd/esbuild/service.go:257 +0x156e

goroutine 1522 gp=0xc00517ec40 m=nil [chan send]:
runtime.gopark(0x0?, 0x0?, 0x0?, 0x0?, 0x0?)
	runtime/proc.go:460 +0xce fp=0xc006575128 sp=0xc006575108 pc=0x7ff656bc72ce
runtime.chansend(0xc000136000, 0x7ff6572b1690, 0x1, 0x0?)
	runtime/chan.go:283 +0x3cb fp=0xc006575198 sp=0xc006575128 pc=0x7ff656b5d58b
runtime.chansend1(0x0?, 0x0?)
	runtime/chan.go:161 +0x17 fp=0xc0065751c8 sp=0xc006575198 pc=0x7ff656b5d1b7
github.com/evanw/esbuild/internal/fs.BeforeFileOpen(...)
	github.com/evanw/esbuild/internal/fs/fs.go:245
github.com/evanw/esbuild/internal/fs.(*realFS).readdir(0xc0000da080, {0xc000846460, 0x43})
	github.com/evanw/esbuild/internal/fs/fs_real.go:351 +0x6c fp=0xc006575260 sp=0xc0065751c8 pc=0x7ff656c9c32c
github.com/evanw/esbuild/internal/fs.(*realFS).ReadDirectory(0xc0000da080, {0xc000846460, 0x43})
	github.com/evanw/esbuild/internal/fs/fs_real.go:146 +0x177 fp=0xc0065753f0 sp=0xc006575260 pc=0x7ff656c9a637
github.com/evanw/esbuild/internal/fs.(*zipFS).ReadDirectory(0xc0000a6120, {0xc000846460, 0x43})
	github.com/evanw/esbuild/internal/fs/fs_zip.go:188 +0xbf fp=0xc006575530 sp=0xc0065753f0 pc=0x7ff656c9e7df
github.com/evanw/esbuild/internal/resolver.resolverQuery.dirInfoUncached({0xc002f36d88?, 0xc003dc0c80?, 0x0?, 0x43?}, 
{0xc000846460, 0x43})
	github.com/evanw/esbuild/internal/resolver/resolver.go:1547 +0x11b fp=0xc006575810 sp=0xc006575530 pc=0x7ff656f5841b
github.com/evanw/esbuild/internal/resolver.resolverQuery.dirInfoCached({0xc002f36d88?, 0xc003dc0c80?, 0x0?, 0x9e?}, 
{0xc000846460, 0x43})
	github.com/evanw/esbuild/internal/resolver/resolver.go:1174 +0xee fp=0xc006575918 sp=0xc006575810 pc=0x7ff656f5420e
github.com/evanw/esbuild/internal/resolver.resolverQuery.dirInfoUncached({0xc002f36d88?, 0xc003dc0c80?, 0x0?, 0x48?}, 
{0xc000846410, 0x48})
	github.com/evanw/esbuild/internal/resolver/resolver.go:1538 +0xe5 fp=0xc006575bf8 sp=0xc006575918 pc=0x7ff656f583e5
github.com/evanw/esbuild/internal/resolver.resolverQuery.dirInfoCached({0xc002f36d88?, 0xc003dc0c80?, 0x0?, 0x9e?}, 
{0xc000846410, 0x48})
	github.com/evanw/esbuild/internal/resolver/resolver.go:1174 +0xee fp=0xc006575d00 sp=0xc006575bf8 pc=0x7ff656f5420e
github.com/evanw/esbuild/internal/resolver.resolverQuery.dirInfoUncached({0xc002f36d88?, 0xc003dc0c80?, 0x0?, 0x4d?}, 
{0xc0008463c0, 0x4d})
	github.com/evanw/esbuild/internal/resolver/resolver.go:1538 +0xe5 fp=0xc006575fe0 sp=0xc006575d00 pc=0x7ff656f583e5
github.com/evanw/esbuild/internal/resolver.resolverQuery.dirInfoCached({0xc002f36d88?, 0xc003dc0c80?, 0x0?, 0x2f?}, 
{0xc0008463c0, 0x4d})
	github.com/evanw/esbuild/internal/resolver/resolver.go:1174 +0xee fp=0xc0065760e8 sp=0xc006575fe0 pc=0x7ff656f5420e
github.com/evanw/esbuild/internal/resolver.resolverQuery.dirInfoUncached({0xc002f36d88?, 0xc003dc0c80?, 0x0?, 0x51?}, 
{0xc006902de0, 0x51})
	github.com/evanw/esbuild/internal/resolver/resolver.go:1538 +0xe5 fp=0xc0065763c8 sp=0xc0065760e8 pc=0x7ff656f583e5
github.com/evanw/esbuild/internal/resolver.resolverQuery.dirInfoCached({0xc002f36d88?, 0xc003dc0c80?, 0x0?, 0x0?}, 
{0xc006902de0, 0x51})
	github.com/evanw/esbuild/internal/resolver/resolver.go:1174 +0xee fp=0xc0065764d0 sp=0xc0065763c8 pc=0x7ff656f5420e
github.com/evanw/esbuild/internal/resolver.resolverQuery.dirInfoUncached({0xc002f36d88?, 0xc003dc0c80?, 0x0?, 0x5a?}, 
{0xc006902d80, 0x5a})
	github.com/evanw/esbuild/internal/resolver/resolver.go:1538 +0xe5 fp=0xc0065767b0 sp=0xc0065764d0 pc=0x7ff656f583e5
github.com/evanw/esbuild/internal/resolver.resolverQuery.dirInfoCached({0xc002f36d88?, 0xc003dc0c80?, 0x0?, 0x78?}, 
{0xc006902d80, 0x5a})
	github.com/evanw/esbuild/internal/resolver/resolver.go:1174 +0xee fp=0xc0065768b8 sp=0xc0065767b0 pc=0x7ff656f5420e
github.com/evanw/esbuild/internal/resolver.resolverQuery.dirInfoUncached({0xc002f36d88?, 0xc003dc0c80?, 0x0?, 0x64?}, 
{0xc002a14230, 0x64})
	github.com/evanw/esbuild/internal/resolver/resolver.go:1538 +0xe5 fp=0xc006576b98 sp=0xc0065768b8 pc=0x7ff656f583e5
github.com/evanw/esbuild/internal/resolver.resolverQuery.dirInfoCached({0xc002f36d88?, 0xc003dc0c80?, 0x0?, 0x80?}, 
{0xc002a14230, 0x64})
	github.com/evanw/esbuild/internal/resolver/resolver.go:1174 +0xee fp=0xc006576ca0 sp=0xc006576b98 pc=0x7ff656f5420e
github.com/evanw/esbuild/internal/resolver.resolverQuery.finalizeResolve({0xc002f36d88?, 0xc003dc0c80?, 0x0?, 0x0?}, 
0xc003c1eea0)
	github.com/evanw/esbuild/internal/resolver/resolver.go:842 +0x6f1 fp=0xc006576e50 sp=0xc006576ca0 pc=0x7ff656f510d1
github.com/evanw/esbuild/internal/resolver.(*Resolver).Resolve(0xc002f36d88, {0xc0026525c0, 0x36}, {0xc0032a3e80, 
0x71}, 0x1)
	github.com/evanw/esbuild/internal/resolver/resolver.go:572 +0x1a1a fp=0xc006577220 sp=0xc006576e50 pc=0x7ff656f4ca9a
github.com/evanw/esbuild/internal/bundler.RunOnResolvePlugins({_, _, _}, _, {0xc002f52030, 0xc00235fe48, 0xc00235fe78, 
0xc00235fea8, 0x3, 0xc002f52000}, ...)
	github.com/evanw/esbuild/internal/bundler/bundler.go:1154 +0x36a fp=0xc006577690 sp=0xc006577220 pc=0x7ff656f80e0a
github.com/evanw/esbuild/pkg/api.loadPlugins.func2({0xc0032a3e80, 0x71}, {{0xc0026115b0, 0x10}, {0x0, 0x0}, {0x0, 
0x0}, {0xc0026525c0, 0x36}, ...})
	github.com/evanw/esbuild/pkg/api/api_impl.go:2114 +0x4be fp=0xc006577d18 sp=0xc006577690 pc=0x7ff65703809e
main.(*serviceType).convertPlugins.func2.1(0x102, 0xc0024b5c20)
	github.com/evanw/esbuild/cmd/esbuild/service.go:944 +0x665 fp=0xc006577f50 sp=0xc006577d18 pc=0x7ff65707a885
main.(*serviceType).handleIncomingPacket.func4()
	github.com/evanw/esbuild/cmd/esbuild/service.go:262 +0xa4 fp=0xc006577fe0 sp=0xc006577f50 pc=0x7ff6570740a4
runtime.goexit({})
	runtime/asm_amd64.s:1693 +0x1 fp=0xc006577fe8 sp=0xc006577fe0 pc=0x7ff656bcf221
created by main.(*serviceType).handleIncomingPacket in goroutine 1
	github.com/evanw/esbuild/cmd/esbuild/service.go:257 +0x156e

goroutine 1523 gp=0xc00517ee00 m=nil [chan send]:
runtime.gopark(0x657461645f2e7369?, 0x2e72657470616441?, 0x63?, 0x72?, 0x2e73696874286574?)
	runtime/proc.go:460 +0xce fp=0xc00622f128 sp=0xc00622f108 pc=0x7ff656bc72ce
runtime.chansend(0xc000136000, 0x7ff6572b1690, 0x1, 0x656c62616e652074?)
	runtime/chan.go:283 +0x3cb fp=0xc00622f198 sp=0xc00622f128 pc=0x7ff656b5d58b
runtime.chansend1(0x6144656c62616e45?, 0x2965746164286574?)
	runtime/chan.go:161 +0x17 fp=0xc00622f1c8 sp=0xc00622f198 pc=0x7ff656b5d1b7
github.com/evanw/esbuild/internal/fs.BeforeFileOpen(...)
	github.com/evanw/esbuild/internal/fs/fs.go:245
github.com/evanw/esbuild/internal/fs.(*realFS).readdir(0xc0000da080, {0xc00487e4b0, 0x43})
	github.com/evanw/esbuild/internal/fs/fs_real.go:351 +0x6c fp=0xc00622f260 sp=0xc00622f1c8 pc=0x7ff656c9c32c
github.com/evanw/esbuild/internal/fs.(*realFS).ReadDirectory(0xc0000da080, {0xc00487e4b0, 0x43})
	github.com/evanw/esbuild/internal/fs/fs_real.go:146 +0x177 fp=0xc00622f3f0 sp=0xc00622f260 pc=0x7ff656c9a637
github.com/evanw/esbuild/internal/fs.(*zipFS).ReadDirectory(0xc0000a6120, {0xc00487e4b0, 0x43})
	github.com/evanw/esbuild/internal/fs/fs_zip.go:188 +0xbf fp=0xc00622f530 sp=0xc00622f3f0 pc=0x7ff656c9e7df
github.com/evanw/esbuild/internal/resolver.resolverQuery.dirInfoUncached({0xc002f37208?, 0xc0032daeb0?, 0x0?, 0x43?}, 
{0xc00487e4b0, 0x43})
	github.com/evanw/esbuild/internal/resolver/resolver.go:1547 +0x11b fp=0xc00622f810 sp=0xc00622f530 pc=0x7ff656f5841b
github.com/evanw/esbuild/internal/resolver.resolverQuery.dirInfoCached({0xc002f37208?, 0xc0032daeb0?, 0x0?, 0x9e?}, 
{0xc00487e4b0, 0x43})
	github.com/evanw/esbuild/internal/resolver/resolver.go:1174 +0xee fp=0xc00622f918 sp=0xc00622f810 pc=0x7ff656f5420e
github.com/evanw/esbuild/internal/resolver.resolverQuery.dirInfoUncached({0xc002f37208?, 0xc0032daeb0?, 0x0?, 0x48?}, 
{0xc00487e460, 0x48})
	github.com/evanw/esbuild/internal/resolver/resolver.go:1538 +0xe5 fp=0xc00622fbf8 sp=0xc00622f918 pc=0x7ff656f583e5
github.com/evanw/esbuild/internal/resolver.resolverQuery.dirInfoCached({0xc002f37208?, 0xc0032daeb0?, 0x0?, 0x9e?}, 
{0xc00487e460, 0x48})
	github.com/evanw/esbuild/internal/resolver/resolver.go:1174 +0xee fp=0xc00622fd00 sp=0xc00622fbf8 pc=0x7ff656f5420e
github.com/evanw/esbuild/internal/resolver.resolverQuery.dirInfoUncached({0xc002f37208?, 0xc0032daeb0?, 0x0?, 0x4d?}, 
{0xc00487e410, 0x4d})
	github.com/evanw/esbuild/internal/resolver/resolver.go:1538 +0xe5 fp=0xc00622ffe0 sp=0xc00622fd00 pc=0x7ff656f583e5
github.com/evanw/esbuild/internal/resolver.resolverQuery.dirInfoCached({0xc002f37208?, 0xc0032daeb0?, 0x0?, 0x2f?}, 
{0xc00487e410, 0x4d})
	github.com/evanw/esbuild/internal/resolver/resolver.go:1174 +0xee fp=0xc0062300e8 sp=0xc00622ffe0 pc=0x7ff656f5420e
github.com/evanw/esbuild/internal/resolver.resolverQuery.dirInfoUncached({0xc002f37208?, 0xc0032daeb0?, 0x0?, 0x51?}, 
{0xc006805200, 0x51})
	github.com/evanw/esbuild/internal/resolver/resolver.go:1538 +0xe5 fp=0xc0062303c8 sp=0xc0062300e8 pc=0x7ff656f583e5
github.com/evanw/esbuild/internal/resolver.resolverQuery.dirInfoCached({0xc002f37208?, 0xc0032daeb0?, 0x0?, 0x0?}, 
{0xc006805200, 0x51})
	github.com/evanw/esbuild/internal/resolver/resolver.go:1174 +0xee fp=0xc0062304d0 sp=0xc0062303c8 pc=0x7ff656f5420e
github.com/evanw/esbuild/internal/resolver.resolverQuery.dirInfoUncached({0xc002f37208?, 0xc0032daeb0?, 0x0?, 0x5a?}, 
{0xc0068051a0, 0x5a})
	github.com/evanw/esbuild/internal/resolver/resolver.go:1538 +0xe5 fp=0xc0062307b0 sp=0xc0062304d0 pc=0x7ff656f583e5
github.com/evanw/esbuild/internal/resolver.resolverQuery.dirInfoCached({0xc002f37208?, 0xc0032daeb0?, 0x0?, 0x78?}, 
{0xc0068051a0, 0x5a})
	github.com/evanw/esbuild/internal/resolver/resolver.go:1174 +0xee fp=0xc0062308b8 sp=0xc0062307b0 pc=0x7ff656f5420e
github.com/evanw/esbuild/internal/resolver.resolverQuery.dirInfoUncached({0xc002f37208?, 0xc0032daeb0?, 0x0?, 0x64?}, 
{0xc0035afce0, 0x64})
	github.com/evanw/esbuild/internal/resolver/resolver.go:1538 +0xe5 fp=0xc006230b98 sp=0xc0062308b8 pc=0x7ff656f583e5
github.com/evanw/esbuild/internal/resolver.resolverQuery.dirInfoCached({0xc002f37208?, 0xc0032daeb0?, 0x0?, 0xb0?}, 
{0xc0035afce0, 0x64})
	github.com/evanw/esbuild/internal/resolver/resolver.go:1174 +0xee fp=0xc006230ca0 sp=0xc006230b98 pc=0x7ff656f5420e
github.com/evanw/esbuild/internal/resolver.resolverQuery.finalizeResolve({0xc002f37208?, 0xc0032daeb0?, 0x0?, 0x0?}, 
0xc002cd4b40)
	github.com/evanw/esbuild/internal/resolver/resolver.go:842 +0x6f1 fp=0xc006230e50 sp=0xc006230ca0 pc=0x7ff656f510d1
github.com/evanw/esbuild/internal/resolver.(*Resolver).Resolve(0xc002f37208, {0xc002652600, 0x36}, {0xc0032a3f00, 
0x71}, 0x1)
	github.com/evanw/esbuild/internal/resolver/resolver.go:572 +0x1a1a fp=0xc006231220 sp=0xc006230e50 pc=0x7ff656f4ca9a
github.com/evanw/esbuild/internal/bundler.RunOnResolvePlugins({_, _, _}, _, {0xc002f52150, 0xc00235fed8, 0xc00235fef0, 
0xc00235ff38, 0x3, 0xc002f52120}, ...)
	github.com/evanw/esbuild/internal/bundler/bundler.go:1154 +0x36a fp=0xc006231690 sp=0xc006231220 pc=0x7ff656f80e0a
github.com/evanw/esbuild/pkg/api.loadPlugins.func2({0xc0032a3f00, 0x71}, {{0xc002611610, 0x10}, {0x0, 0x0}, {0x0, 
0x0}, {0xc002652600, 0x36}, ...})
	github.com/evanw/esbuild/pkg/api/api_impl.go:2114 +0x4be fp=0xc006231d18 sp=0xc006231690 pc=0x7ff65703809e
main.(*serviceType).convertPlugins.func2.1(0x103, 0xc0024b5dd0)
	github.com/evanw/esbuild/cmd/esbuild/service.go:944 +0x665 fp=0xc006231f50 sp=0xc006231d18 pc=0x7ff65707a885
main.(*serviceType).handleIncomingPacket.func4()
	github.com/evanw/esbuild/cmd/esbuild/service.go:262 +0xa4 fp=0xc006231fe0 sp=0xc006231f50 pc=0x7ff6570740a4
runtime.goexit({})
	runtime/asm_amd64.s:1693 +0x1 fp=0xc006231fe8 sp=0xc006231fe0 pc=0x7ff656bcf221
created by main.(*serviceType).handleIncomingPacket in goroutine 1
	github.com/evanw/esbuild/cmd/esbuild/service.go:257 +0x156e

goroutine 1524 gp=0xc00517efc0 m=nil [chan send]:
runtime.gopark(0x12?, 0xc0067c3d80?, 0x61?, 0x17?, 0xc0067ba8f0?)
	runtime/proc.go:460 +0xce fp=0xc00602d128 sp=0xc00602d108 pc=0x7ff656bc72ce
runtime.chansend(0xc000136000, 0x7ff6572b1690, 0x1, 0xc0067c30c0?)
	runtime/chan.go:283 +0x3cb fp=0xc00602d198 sp=0xc00602d128 pc=0x7ff656b5d58b
runtime.chansend1(0xc0067c3a80?, 0xc0067ba7c0?)
	runtime/chan.go:161 +0x17 fp=0xc00602d1c8 sp=0xc00602d198 pc=0x7ff656b5d1b7
github.com/evanw/esbuild/internal/fs.BeforeFileOpen(...)
	github.com/evanw/esbuild/internal/fs/fs.go:245
github.com/evanw/esbuild/internal/fs.(*realFS).readdir(0xc0000da080, {0xc006085b30, 0x43})
	github.com/evanw/esbuild/internal/fs/fs_real.go:351 +0x6c fp=0xc00602d260 sp=0xc00602d1c8 pc=0x7ff656c9c32c
github.com/evanw/esbuild/internal/fs.(*realFS).ReadDirectory(0xc0000da080, {0xc006085b30, 0x43})
	github.com/evanw/esbuild/internal/fs/fs_real.go:146 +0x177 fp=0xc00602d3f0 sp=0xc00602d260 pc=0x7ff656c9a637
github.com/evanw/esbuild/internal/fs.(*zipFS).ReadDirectory(0xc0000a6120, {0xc006085b30, 0x43})
	github.com/evanw/esbuild/internal/fs/fs_zip.go:188 +0xbf fp=0xc00602d530 sp=0xc00602d3f0 pc=0x7ff656c9e7df
github.com/evanw/esbuild/internal/resolver.resolverQuery.dirInfoUncached({0xc002f37688?, 0xc0053ff220?, 0x0?, 0x43?}, 
{0xc006085b30, 0x43})
	github.com/evanw/esbuild/internal/resolver/resolver.go:1547 +0x11b fp=0xc00602d810 sp=0xc00602d530 pc=0x7ff656f5841b
github.com/evanw/esbuild/internal/resolver.resolverQuery.dirInfoCached({0xc002f37688?, 0xc0053ff220?, 0x0?, 0x9e?}, 
{0xc006085b30, 0x43})
	github.com/evanw/esbuild/internal/resolver/resolver.go:1174 +0xee fp=0xc00602d918 sp=0xc00602d810 pc=0x7ff656f5420e
github.com/evanw/esbuild/internal/resolver.resolverQuery.dirInfoUncached({0xc002f37688?, 0xc0053ff220?, 0x0?, 0x48?}, 
{0xc006085ae0, 0x48})
	github.com/evanw/esbuild/internal/resolver/resolver.go:1538 +0xe5 fp=0xc00602dbf8 sp=0xc00602d918 pc=0x7ff656f583e5
github.com/evanw/esbuild/internal/resolver.resolverQuery.dirInfoCached({0xc002f37688?, 0xc0053ff220?, 0x0?, 0x9e?}, 
{0xc006085ae0, 0x48})
	github.com/evanw/esbuild/internal/resolver/resolver.go:1174 +0xee fp=0xc00602dd00 sp=0xc00602dbf8 pc=0x7ff656f5420e
github.com/evanw/esbuild/internal/resolver.resolverQuery.dirInfoUncached({0xc002f37688?, 0xc0053ff220?, 0x0?, 0x4d?}, 
{0xc006085a90, 0x4d})
	github.com/evanw/esbuild/internal/resolver/resolver.go:1538 +0xe5 fp=0xc00602dfe0 sp=0xc00602dd00 pc=0x7ff656f583e5
github.com/evanw/esbuild/internal/resolver.resolverQuery.dirInfoCached({0xc002f37688?, 0xc0053ff220?, 0x0?, 0x1e?}, 
{0xc006085a90, 0x4d})
	github.com/evanw/esbuild/internal/resolver/resolver.go:1174 +0xee fp=0xc00602e0e8 sp=0xc00602dfe0 pc=0x7ff656f5420e
github.com/evanw/esbuild/internal/resolver.resolverQuery.dirInfoUncached({0xc002f37688?, 0xc0053ff220?, 0x0?, 0x51?}, 
{0xc001a61bc0, 0x51})
	github.com/evanw/esbuild/internal/resolver/resolver.go:1538 +0xe5 fp=0xc00602e3c8 sp=0xc00602e0e8 pc=0x7ff656f583e5
github.com/evanw/esbuild/internal/resolver.resolverQuery.dirInfoCached({0xc002f37688?, 0xc0053ff220?, 0x0?, 0x0?}, 
{0xc001a61bc0, 0x51})
	github.com/evanw/esbuild/internal/resolver/resolver.go:1174 +0xee fp=0xc00602e4d0 sp=0xc00602e3c8 pc=0x7ff656f5420e
github.com/evanw/esbuild/internal/resolver.resolverQuery.dirInfoUncached({0xc002f37688?, 0xc0053ff220?, 0x0?, 0x5a?}, 
{0xc001a61b60, 0x5a})
	github.com/evanw/esbuild/internal/resolver/resolver.go:1538 +0xe5 fp=0xc00602e7b0 sp=0xc00602e4d0 pc=0x7ff656f583e5
github.com/evanw/esbuild/internal/resolver.resolverQuery.dirInfoCached({0xc002f37688?, 0xc0053ff220?, 0x0?, 0x48?}, 
{0xc001a61b60, 0x5a})
	github.com/evanw/esbuild/internal/resolver/resolver.go:1174 +0xee fp=0xc00602e8b8 sp=0xc00602e7b0 pc=0x7ff656f5420e
github.com/evanw/esbuild/internal/resolver.resolverQuery.dirInfoUncached({0xc002f37688?, 0xc0053ff220?, 0x0?, 0x64?}, 
{0xc003a0a0e0, 0x64})
	github.com/evanw/esbuild/internal/resolver/resolver.go:1538 +0xe5 fp=0xc00602eb98 sp=0xc00602e8b8 pc=0x7ff656f583e5
github.com/evanw/esbuild/internal/resolver.resolverQuery.dirInfoCached({0xc002f37688?, 0xc0053ff220?, 0x0?, 0x20?}, 
{0xc003a0a0e0, 0x64})
	github.com/evanw/esbuild/internal/resolver/resolver.go:1174 +0xee fp=0xc00602eca0 sp=0xc00602eb98 pc=0x7ff656f5420e
github.com/evanw/esbuild/internal/resolver.resolverQuery.finalizeResolve({0xc002f37688?, 0xc0053ff220?, 0x0?, 0x0?}, 
0xc0044c3680)
	github.com/evanw/esbuild/internal/resolver/resolver.go:842 +0x6f1 fp=0xc00602ee50 sp=0xc00602eca0 pc=0x7ff656f510d1
github.com/evanw/esbuild/internal/resolver.(*Resolver).Resolve(0xc002f37688, {0xc002652640, 0x36}, {0xc0029840e0, 
0x6d}, 0x1)
	github.com/evanw/esbuild/internal/resolver/resolver.go:572 +0x1a1a fp=0xc00602f220 sp=0xc00602ee50 pc=0x7ff656f4ca9a
github.com/evanw/esbuild/internal/bundler.RunOnResolvePlugins({_, _, _}, _, {0xc002f52270, 0xc00235ff68, 0xc002f54000, 
0xc002f54018, 0x3, 0xc002f52240}, ...)
	github.com/evanw/esbuild/internal/bundler/bundler.go:1154 +0x36a fp=0xc00602f690 sp=0xc00602f220 pc=0x7ff656f80e0a
github.com/evanw/esbuild/pkg/api.loadPlugins.func2({0xc0029840e0, 0x6d}, {{0xc002611670, 0x10}, {0x0, 0x0}, {0x0, 
0x0}, {0xc002652640, 0x36}, ...})
	github.com/evanw/esbuild/pkg/api/api_impl.go:2114 +0x4be fp=0xc00602fd18 sp=0xc00602f690 pc=0x7ff65703809e
main.(*serviceType).convertPlugins.func2.1(0x104, 0xc002658090)
	github.com/evanw/esbuild/cmd/esbuild/service.go:944 +0x665 fp=0xc00602ff50 sp=0xc00602fd18 pc=0x7ff65707a885
main.(*serviceType).handleIncomingPacket.func4()
	github.com/evanw/esbuild/cmd/esbuild/service.go:262 +0xa4 fp=0xc00602ffe0 sp=0xc00602ff50 pc=0x7ff6570740a4
runtime.goexit({})
	runtime/asm_amd64.s:1693 +0x1 fp=0xc00602ffe8 sp=0xc00602ffe0 pc=0x7ff656bcf221
created by main.(*serviceType).handleIncomingPacket in goroutine 1
	github.com/evanw/esbuild/cmd/esbuild/service.go:257 +0x156e

goroutine 1525 gp=0xc00517f180 m=nil [chan send]:
runtime.gopark(0x1b000000000000?, 0x0?, 0x8f?, 0xaf?, 0x3?)
	runtime/proc.go:460 +0xce fp=0xc006299128 sp=0xc006299108 pc=0x7ff656bc72ce
runtime.chansend(0xc000136000, 0x7ff6572b1690, 0x1, 0x0?)
	runtime/chan.go:283 +0x3cb fp=0xc006299198 sp=0xc006299128 pc=0x7ff656b5d58b
runtime.chansend1(0xc00625b0cc?, 0x3?)
	runtime/chan.go:161 +0x17 fp=0xc0062991c8 sp=0xc006299198 pc=0x7ff656b5d1b7
github.com/evanw/esbuild/internal/fs.BeforeFileOpen(...)
	github.com/evanw/esbuild/internal/fs/fs.go:245
github.com/evanw/esbuild/internal/fs.(*realFS).readdir(0xc0000da080, {0xc001a63900, 0x43})
	github.com/evanw/esbuild/internal/fs/fs_real.go:351 +0x6c fp=0xc006299260 sp=0xc0062991c8 pc=0x7ff656c9c32c
github.com/evanw/esbuild/internal/fs.(*realFS).ReadDirectory(0xc0000da080, {0xc001a63900, 0x43})
	github.com/evanw/esbuild/internal/fs/fs_real.go:146 +0x177 fp=0xc0062993f0 sp=0xc006299260 pc=0x7ff656c9a637
github.com/evanw/esbuild/internal/fs.(*zipFS).ReadDirectory(0xc0000a6120, {0xc001a63900, 0x43})
	github.com/evanw/esbuild/internal/fs/fs_zip.go:188 +0xbf fp=0xc006299530 sp=0xc0062993f0 pc=0x7ff656c9e7df
github.com/evanw/esbuild/internal/resolver.resolverQuery.dirInfoUncached({0xc002f37b08?, 0xc003dc0be0?, 0x0?, 0x43?}, 
{0xc001a63900, 0x43})
	github.com/evanw/esbuild/internal/resolver/resolver.go:1547 +0x11b fp=0xc006299810 sp=0xc006299530 pc=0x7ff656f5841b
github.com/evanw/esbuild/internal/resolver.resolverQuery.dirInfoCached({0xc002f37b08?, 0xc003dc0be0?, 0x0?, 0x9e?}, 
{0xc001a63900, 0x43})
	github.com/evanw/esbuild/internal/resolver/resolver.go:1174 +0xee fp=0xc006299918 sp=0xc006299810 pc=0x7ff656f5420e
github.com/evanw/esbuild/internal/resolver.resolverQuery.dirInfoUncached({0xc002f37b08?, 0xc003dc0be0?, 0x0?, 0x48?}, 
{0xc001a638b0, 0x48})
	github.com/evanw/esbuild/internal/resolver/resolver.go:1538 +0xe5 fp=0xc006299bf8 sp=0xc006299918 pc=0x7ff656f583e5
github.com/evanw/esbuild/internal/resolver.resolverQuery.dirInfoCached({0xc002f37b08?, 0xc003dc0be0?, 0x0?, 0x9e?}, 
{0xc001a638b0, 0x48})
	github.com/evanw/esbuild/internal/resolver/resolver.go:1174 +0xee fp=0xc006299d00 sp=0xc006299bf8 pc=0x7ff656f5420e
github.com/evanw/esbuild/internal/resolver.resolverQuery.dirInfoUncached({0xc002f37b08?, 0xc003dc0be0?, 0x0?, 0x4d?}, 
{0xc001a63860, 0x4d})
	github.com/evanw/esbuild/internal/resolver/resolver.go:1538 +0xe5 fp=0xc006299fe0 sp=0xc006299d00 pc=0x7ff656f583e5
github.com/evanw/esbuild/internal/resolver.resolverQuery.dirInfoCached({0xc002f37b08?, 0xc003dc0be0?, 0x0?, 0x2f?}, 
{0xc001a63860, 0x4d})
	github.com/evanw/esbuild/internal/resolver/resolver.go:1174 +0xee fp=0xc00629a0e8 sp=0xc006299fe0 pc=0x7ff656f5420e
github.com/evanw/esbuild/internal/resolver.resolverQuery.dirInfoUncached({0xc002f37b08?, 0xc003dc0be0?, 0x0?, 0x51?}, 
{0xc0060dcc00, 0x51})
	github.com/evanw/esbuild/internal/resolver/resolver.go:1538 +0xe5 fp=0xc00629a3c8 sp=0xc00629a0e8 pc=0x7ff656f583e5
github.com/evanw/esbuild/internal/resolver.resolverQuery.dirInfoCached({0xc002f37b08?, 0xc003dc0be0?, 0x0?, 0x0?}, 
{0xc0060dcc00, 0x51})
	github.com/evanw/esbuild/internal/resolver/resolver.go:1174 +0xee fp=0xc00629a4d0 sp=0xc00629a3c8 pc=0x7ff656f5420e
github.com/evanw/esbuild/internal/resolver.resolverQuery.dirInfoUncached({0xc002f37b08?, 0xc003dc0be0?, 0x0?, 0x5a?}, 
{0xc0060dcba0, 0x5a})
	github.com/evanw/esbuild/internal/resolver/resolver.go:1538 +0xe5 fp=0xc00629a7b0 sp=0xc00629a4d0 pc=0x7ff656f583e5
github.com/evanw/esbuild/internal/resolver.resolverQuery.dirInfoCached({0xc002f37b08?, 0xc003dc0be0?, 0x0?, 0x78?}, 
{0xc0060dcba0, 0x5a})
	github.com/evanw/esbuild/internal/resolver/resolver.go:1174 +0xee fp=0xc00629a8b8 sp=0xc00629a7b0 pc=0x7ff656f5420e
github.com/evanw/esbuild/internal/resolver.resolverQuery.dirInfoUncached({0xc002f37b08?, 0xc003dc0be0?, 0x0?, 0x64?}, 
{0xc006513880, 0x64})
	github.com/evanw/esbuild/internal/resolver/resolver.go:1538 +0xe5 fp=0xc00629ab98 sp=0xc00629a8b8 pc=0x7ff656f583e5
github.com/evanw/esbuild/internal/resolver.resolverQuery.dirInfoCached({0xc002f37b08?, 0xc003dc0be0?, 0x0?, 0xe0?}, 
{0xc006513880, 0x64})
	github.com/evanw/esbuild/internal/resolver/resolver.go:1174 +0xee fp=0xc00629aca0 sp=0xc00629ab98 pc=0x7ff656f5420e
github.com/evanw/esbuild/internal/resolver.resolverQuery.finalizeResolve({0xc002f37b08?, 0xc003dc0be0?, 0x0?, 0x0?}, 
0xc002cfb200)
	github.com/evanw/esbuild/internal/resolver/resolver.go:842 +0x6f1 fp=0xc00629ae50 sp=0xc00629aca0 pc=0x7ff656f510d1
github.com/evanw/esbuild/internal/resolver.(*Resolver).Resolve(0xc002f37b08, {0xc002652680, 0x36}, {0xc002984150, 
0x70}, 0x1)
	github.com/evanw/esbuild/internal/resolver/resolver.go:572 +0x1a1a fp=0xc00629b220 sp=0xc00629ae50 pc=0x7ff656f4ca9a
github.com/evanw/esbuild/internal/bundler.RunOnResolvePlugins({_, _, _}, _, {0xc002f52390, 0xc002f54048, 0xc002f54060, 
0xc002f54078, 0x3, 0xc002f52360}, ...)
	github.com/evanw/esbuild/internal/bundler/bundler.go:1154 +0x36a fp=0xc00629b690 sp=0xc00629b220 pc=0x7ff656f80e0a
github.com/evanw/esbuild/pkg/api.loadPlugins.func2({0xc002984150, 0x70}, {{0xc0026116d0, 0x10}, {0x0, 0x0}, {0x0, 
0x0}, {0xc002652680, 0x36}, ...})
	github.com/evanw/esbuild/pkg/api/api_impl.go:2114 +0x4be fp=0xc00629bd18 sp=0xc00629b690 pc=0x7ff65703809e
main.(*serviceType).convertPlugins.func2.1(0x105, 0xc0026580f0)
	github.com/evanw/esbuild/cmd/esbuild/service.go:944 +0x665 fp=0xc00629bf50 sp=0xc00629bd18 pc=0x7ff65707a885
main.(*serviceType).handleIncomingPacket.func4()
	github.com/evanw/esbuild/cmd/esbuild/service.go:262 +0xa4 fp=0xc00629bfe0 sp=0xc00629bf50 pc=0x7ff6570740a4
runtime.goexit({})
	runtime/asm_amd64.s:1693 +0x1 fp=0xc00629bfe8 sp=0xc00629bfe0 pc=0x7ff656bcf221
created by main.(*serviceType).handleIncomingPacket in goroutine 1
	github.com/evanw/esbuild/cmd/esbuild/service.go:257 +0x156e

goroutine 1526 gp=0xc00517f340 m=nil [chan send]:
runtime.gopark(0x0?, 0x0?, 0x0?, 0x0?, 0x64a00000092?)
	runtime/proc.go:460 +0xce fp=0xc006495128 sp=0xc006495108 pc=0x7ff656bc72ce
runtime.chansend(0xc000136000, 0x7ff6572b1690, 0x1, 0x0?)
	runtime/chan.go:283 +0x3cb fp=0xc006495198 sp=0xc006495128 pc=0x7ff656b5d58b
runtime.chansend1(0x0?, 0x0?)
	runtime/chan.go:161 +0x17 fp=0xc0064951c8 sp=0xc006495198 pc=0x7ff656b5d1b7
github.com/evanw/esbuild/internal/fs.BeforeFileOpen(...)
	github.com/evanw/esbuild/internal/fs/fs.go:245
github.com/evanw/esbuild/internal/fs.(*realFS).readdir(0xc0000da080, {0xc0011846e0, 0x43})
	github.com/evanw/esbuild/internal/fs/fs_real.go:351 +0x6c fp=0xc006495260 sp=0xc0064951c8 pc=0x7ff656c9c32c
github.com/evanw/esbuild/internal/fs.(*realFS).ReadDirectory(0xc0000da080, {0xc0011846e0, 0x43})
	github.com/evanw/esbuild/internal/fs/fs_real.go:146 +0x177 fp=0xc0064953f0 sp=0xc006495260 pc=0x7ff656c9a637
github.com/evanw/esbuild/internal/fs.(*zipFS).ReadDirectory(0xc0000a6120, {0xc0011846e0, 0x43})
	github.com/evanw/esbuild/internal/fs/fs_zip.go:188 +0xbf fp=0xc006495530 sp=0xc0064953f0 pc=0x7ff656c9e7df
github.com/evanw/esbuild/internal/resolver.resolverQuery.dirInfoUncached({0xc0035ac008?, 0xc0053ff2c0?, 0x0?, 0x43?}, 
{0xc0011846e0, 0x43})
	github.com/evanw/esbuild/internal/resolver/resolver.go:1547 +0x11b fp=0xc006495810 sp=0xc006495530 pc=0x7ff656f5841b
github.com/evanw/esbuild/internal/resolver.resolverQuery.dirInfoCached({0xc0035ac008?, 0xc0053ff2c0?, 0x0?, 0x9e?}, 
{0xc0011846e0, 0x43})
	github.com/evanw/esbuild/internal/resolver/resolver.go:1174 +0xee fp=0xc006495918 sp=0xc006495810 pc=0x7ff656f5420e
github.com/evanw/esbuild/internal/resolver.resolverQuery.dirInfoUncached({0xc0035ac008?, 0xc0053ff2c0?, 0x0?, 0x48?}, 
{0xc001184690, 0x48})
	github.com/evanw/esbuild/internal/resolver/resolver.go:1538 +0xe5 fp=0xc006495bf8 sp=0xc006495918 pc=0x7ff656f583e5
github.com/evanw/esbuild/internal/resolver.resolverQuery.dirInfoCached({0xc0035ac008?, 0xc0053ff2c0?, 0x0?, 0x9e?}, 
{0xc001184690, 0x48})
	github.com/evanw/esbuild/internal/resolver/resolver.go:1174 +0xee fp=0xc006495d00 sp=0xc006495bf8 pc=0x7ff656f5420e
github.com/evanw/esbuild/internal/resolver.resolverQuery.dirInfoUncached({0xc0035ac008?, 0xc0053ff2c0?, 0x0?, 0x4d?}, 
{0xc0011845f0, 0x4d})
	github.com/evanw/esbuild/internal/resolver/resolver.go:1538 +0xe5 fp=0xc006495fe0 sp=0xc006495d00 pc=0x7ff656f583e5
github.com/evanw/esbuild/internal/resolver.resolverQuery.dirInfoCached({0xc0035ac008?, 0xc0053ff2c0?, 0x0?, 0x2f?}, 
{0xc0011845f0, 0x4d})
	github.com/evanw/esbuild/internal/resolver/resolver.go:1174 +0xee fp=0xc0064960e8 sp=0xc006495fe0 pc=0x7ff656f5420e
github.com/evanw/esbuild/internal/resolver.resolverQuery.dirInfoUncached({0xc0035ac008?, 0xc0053ff2c0?, 0x0?, 0x51?}, 
{0xc0065a96e0, 0x51})
	github.com/evanw/esbuild/internal/resolver/resolver.go:1538 +0xe5 fp=0xc0064963c8 sp=0xc0064960e8 pc=0x7ff656f583e5
github.com/evanw/esbuild/internal/resolver.resolverQuery.dirInfoCached({0xc0035ac008?, 0xc0053ff2c0?, 0x0?, 0x0?}, 
{0xc0065a96e0, 0x51})
	github.com/evanw/esbuild/internal/resolver/resolver.go:1174 +0xee fp=0xc0064964d0 sp=0xc0064963c8 pc=0x7ff656f5420e
github.com/evanw/esbuild/internal/resolver.resolverQuery.dirInfoUncached({0xc0035ac008?, 0xc0053ff2c0?, 0x0?, 0x5a?}, 
{0xc0065a9680, 0x5a})
	github.com/evanw/esbuild/internal/resolver/resolver.go:1538 +0xe5 fp=0xc0064967b0 sp=0xc0064964d0 pc=0x7ff656f583e5
github.com/evanw/esbuild/internal/resolver.resolverQuery.dirInfoCached({0xc0035ac008?, 0xc0053ff2c0?, 0x0?, 0x48?}, 
{0xc0065a9680, 0x5a})
	github.com/evanw/esbuild/internal/resolver/resolver.go:1174 +0xee fp=0xc0064968b8 sp=0xc0064967b0 pc=0x7ff656f5420e
github.com/evanw/esbuild/internal/resolver.resolverQuery.dirInfoUncached({0xc0035ac008?, 0xc0053ff2c0?, 0x0?, 0x64?}, 
{0xc005e89e30, 0x64})
	github.com/evanw/esbuild/internal/resolver/resolver.go:1538 +0xe5 fp=0xc006496b98 sp=0xc0064968b8 pc=0x7ff656f583e5
github.com/evanw/esbuild/internal/resolver.resolverQuery.dirInfoCached({0xc0035ac008?, 0xc0053ff2c0?, 0x0?, 0xc0?}, 
{0xc005e89e30, 0x64})
	github.com/evanw/esbuild/internal/resolver/resolver.go:1174 +0xee fp=0xc006496ca0 sp=0xc006496b98 pc=0x7ff656f5420e
github.com/evanw/esbuild/internal/resolver.resolverQuery.finalizeResolve({0xc0035ac008?, 0xc0053ff2c0?, 0x0?, 0x0?}, 
0xc004958480)
	github.com/evanw/esbuild/internal/resolver/resolver.go:842 +0x6f1 fp=0xc006496e50 sp=0xc006496ca0 pc=0x7ff656f510d1
github.com/evanw/esbuild/internal/resolver.(*Resolver).Resolve(0xc0035ac008, {0xc0026526c0, 0x36}, {0xc0029841c0, 
0x70}, 0x1)
	github.com/evanw/esbuild/internal/resolver/resolver.go:572 +0x1a1a fp=0xc006497220 sp=0xc006496e50 pc=0x7ff656f4ca9a
github.com/evanw/esbuild/internal/bundler.RunOnResolvePlugins({_, _, _}, _, {0xc002f524b0, 0xc002f540a8, 0xc002f540c0, 
0xc002f540d8, 0x3, 0xc002f52480}, ...)
	github.com/evanw/esbuild/internal/bundler/bundler.go:1154 +0x36a fp=0xc006497690 sp=0xc006497220 pc=0x7ff656f80e0a
github.com/evanw/esbuild/pkg/api.loadPlugins.func2({0xc0029841c0, 0x70}, {{0xc002611730, 0x10}, {0x0, 0x0}, {0x0, 
0x0}, {0xc0026526c0, 0x36}, ...})
	github.com/evanw/esbuild/pkg/api/api_impl.go:2114 +0x4be fp=0xc006497d18 sp=0xc006497690 pc=0x7ff65703809e
main.(*serviceType).convertPlugins.func2.1(0x106, 0xc002658150)
	github.com/evanw/esbuild/cmd/esbuild/service.go:944 +0x665 fp=0xc006497f50 sp=0xc006497d18 pc=0x7ff65707a885
main.(*serviceType).handleIncomingPacket.func4()
	github.com/evanw/esbuild/cmd/esbuild/service.go:262 +0xa4 fp=0xc006497fe0 sp=0xc006497f50 pc=0x7ff6570740a4
runtime.goexit({})
	runtime/asm_amd64.s:1693 +0x1 fp=0xc006497fe8 sp=0xc006497fe0 pc=0x7ff656bcf221
created by main.(*serviceType).handleIncomingPacket in goroutine 1
	github.com/evanw/esbuild/cmd/esbuild/service.go:257 +0x156e

goroutine 1527 gp=0xc00517f500 m=nil [chan send]:
runtime.gopark(0xc0035afc00?, 0xe?, 0xf0?, 0x63?, 0xc0000ca080?)
	runtime/proc.go:460 +0xce fp=0xc0059263b0 sp=0xc005926390 pc=0x7ff656bc72ce
runtime.chansend(0xc000136000, 0x7ff6572b1690, 0x1, 0x7ff656c41ef0?)
	runtime/chan.go:283 +0x3cb fp=0xc005926420 sp=0xc0059263b0 pc=0x7ff656b5d58b
runtime.chansend1(0xc0000ca080?, 0x7ff656c47445?)
	runtime/chan.go:161 +0x17 fp=0xc005926450 sp=0xc005926420 pc=0x7ff656b5d1b7
github.com/evanw/esbuild/internal/fs.BeforeFileOpen(...)
	github.com/evanw/esbuild/internal/fs/fs.go:245
github.com/evanw/esbuild/internal/fs.(*realFS).kind(0xc0000da080, {0xc006189b20?, 0xc005926570?}, {0xc002bc8b00?, 
0x7ff65714de40?})
	github.com/evanw/esbuild/internal/fs/fs_real.go:413 +0xb3 fp=0xc0059264f0 sp=0xc005926450 pc=0x7ff656c9c793
github.com/evanw/esbuild/internal/fs.(*zipFS).kind(0xb?, {0xc006189b20?, 0x64?}, {0xc002bc8b00?, 0xc00449a900?})
	github.com/evanw/esbuild/internal/fs/fs_zip.go:330 +0x28 fp=0xc005926528 sp=0xc0059264f0 pc=0x7ff656c9fa08
github.com/evanw/esbuild/internal/fs.(*Entry).Kind(0xc0044e4380, {0x7ff6572bce40?, 0xc0000a6120?})
	github.com/evanw/esbuild/internal/fs/fs.go:37 +0xc3 fp=0xc005926580 sp=0xc005926528 pc=0x7ff656c97f83
github.com/evanw/esbuild/internal/resolver.resolverQuery.loadAsFile.func1({0xc002984295, 0xb})
	github.com/evanw/esbuild/internal/resolver/resolver.go:1759 +0x267 fp=0xc005926670 sp=0xc005926580 pc=0x7ff656f5ae67
github.com/evanw/esbuild/internal/resolver.resolverQuery.loadAsFile({0xc0035ac488?, 0xc0061b7900?, 0x0?, 0x6b?}, 
{0xc002984230, 0x70}, {0xc0035b4960, 0x5, 0x1b656c9c852?})
	github.com/evanw/esbuild/internal/resolver/resolver.go:1817 +0x8bc fp=0xc0059268e0 sp=0xc005926670 pc=0x7ff656f5a5dc
github.com/evanw/esbuild/internal/resolver.resolverQuery.loadAsFileOrDirectory({0xc0035ac488?, 0xc0061b7900?, 0x0?, 
0x70?}, {0xc002984230, 0x70})
	github.com/evanw/esbuild/internal/resolver/resolver.go:1930 +0x173 fp=0xc005926a88 sp=0xc0059268e0 pc=0x7ff656f5c1f3
github.com/evanw/esbuild/internal/resolver.resolverQuery.resolveWithoutSymlinks({0xc0035ac488?, 0xc0061b7900?, 0x0?, 
0x0?}, {0xc002652700, 0x36}, 0xc0066a0c00, {0xc002984230, 0x70})
	github.com/evanw/esbuild/internal/resolver/resolver.go:981 +0x4f1 fp=0xc005926e50 sp=0xc005926a88 pc=0x7ff656f52651
github.com/evanw/esbuild/internal/resolver.(*Resolver).Resolve(0xc0035ac488, {0xc002652700, 0x36}, {0xc002984230, 
0x70}, 0x1)
	github.com/evanw/esbuild/internal/resolver/resolver.go:548 +0x16f9 fp=0xc005927220 sp=0xc005926e50 pc=0x7ff656f4c779
github.com/evanw/esbuild/internal/bundler.RunOnResolvePlugins({_, _, _}, _, {0xc002f525d0, 0xc002f54108, 0xc002f54120, 
0xc002f54138, 0x3, 0xc002f525a0}, ...)
	github.com/evanw/esbuild/internal/bundler/bundler.go:1154 +0x36a fp=0xc005927690 sp=0xc005927220 pc=0x7ff656f80e0a
github.com/evanw/esbuild/pkg/api.loadPlugins.func2({0xc002984230, 0x70}, {{0xc0026117b0, 0x10}, {0x0, 0x0}, {0x0, 
0x0}, {0xc002652700, 0x36}, ...})
	github.com/evanw/esbuild/pkg/api/api_impl.go:2114 +0x4be fp=0xc005927d18 sp=0xc005927690 pc=0x7ff65703809e
main.(*serviceType).convertPlugins.func2.1(0x107, 0xc002658300)
	github.com/evanw/esbuild/cmd/esbuild/service.go:944 +0x665 fp=0xc005927f50 sp=0xc005927d18 pc=0x7ff65707a885
main.(*serviceType).handleIncomingPacket.func4()
	github.com/evanw/esbuild/cmd/esbuild/service.go:262 +0xa4 fp=0xc005927fe0 sp=0xc005927f50 pc=0x7ff6570740a4
runtime.goexit({})
	runtime/asm_amd64.s:1693 +0x1 fp=0xc005927fe8 sp=0xc005927fe0 pc=0x7ff656bcf221
created by main.(*serviceType).handleIncomingPacket in goroutine 1
	github.com/evanw/esbuild/cmd/esbuild/service.go:257 +0x156e

goroutine 1528 gp=0xc00517f6c0 m=nil [chan send]:
runtime.gopark(0x7372656469766f72?, 0x2865727574616546?, 0x5b?, 0x7b?, 0x69766f7270202020?)
	runtime/proc.go:460 +0xce fp=0xc003e05128 sp=0xc003e05108 pc=0x7ff656bc72ce
runtime.chansend(0xc000136000, 0x7ff6572b1690, 0x1, 0x2c31203a736c6365?)
	runtime/chan.go:283 +0x3cb fp=0xc003e05198 sp=0xc003e05128 pc=0x7ff656b5d58b
runtime.chansend1(0x6f63202020202020?, 0x5b5b203a7374736e?)
	runtime/chan.go:161 +0x17 fp=0xc003e051c8 sp=0xc003e05198 pc=0x7ff656b5d1b7
github.com/evanw/esbuild/internal/fs.BeforeFileOpen(...)
	github.com/evanw/esbuild/internal/fs/fs.go:245
github.com/evanw/esbuild/internal/fs.(*realFS).readdir(0xc0000da080, {0xc00487e1e0, 0x43})
	github.com/evanw/esbuild/internal/fs/fs_real.go:351 +0x6c fp=0xc003e05260 sp=0xc003e051c8 pc=0x7ff656c9c32c
github.com/evanw/esbuild/internal/fs.(*realFS).ReadDirectory(0xc0000da080, {0xc00487e1e0, 0x43})
	github.com/evanw/esbuild/internal/fs/fs_real.go:146 +0x177 fp=0xc003e053f0 sp=0xc003e05260 pc=0x7ff656c9a637
github.com/evanw/esbuild/internal/fs.(*zipFS).ReadDirectory(0xc0000a6120, {0xc00487e1e0, 0x43})
	github.com/evanw/esbuild/internal/fs/fs_zip.go:188 +0xbf fp=0xc003e05530 sp=0xc003e053f0 pc=0x7ff656c9e7df
github.com/evanw/esbuild/internal/resolver.resolverQuery.dirInfoUncached({0xc002cb8d88?, 0xc005cfb770?, 0x0?, 0x43?}, 
{0xc00487e1e0, 0x43})
	github.com/evanw/esbuild/internal/resolver/resolver.go:1547 +0x11b fp=0xc003e05810 sp=0xc003e05530 pc=0x7ff656f5841b
github.com/evanw/esbuild/internal/resolver.resolverQuery.dirInfoCached({0xc002cb8d88?, 0xc005cfb770?, 0x0?, 0x9e?}, 
{0xc00487e1e0, 0x43})
	github.com/evanw/esbuild/internal/resolver/resolver.go:1174 +0xee fp=0xc003e05918 sp=0xc003e05810 pc=0x7ff656f5420e
github.com/evanw/esbuild/internal/resolver.resolverQuery.dirInfoUncached({0xc002cb8d88?, 0xc005cfb770?, 0x0?, 0x48?}, 
{0xc00487e190, 0x48})
	github.com/evanw/esbuild/internal/resolver/resolver.go:1538 +0xe5 fp=0xc003e05bf8 sp=0xc003e05918 pc=0x7ff656f583e5
github.com/evanw/esbuild/internal/resolver.resolverQuery.dirInfoCached({0xc002cb8d88?, 0xc005cfb770?, 0x0?, 0x9e?}, 
{0xc00487e190, 0x48})
	github.com/evanw/esbuild/internal/resolver/resolver.go:1174 +0xee fp=0xc003e05d00 sp=0xc003e05bf8 pc=0x7ff656f5420e
github.com/evanw/esbuild/internal/resolver.resolverQuery.dirInfoUncached({0xc002cb8d88?, 0xc005cfb770?, 0x0?, 0x4d?}, 
{0xc00487e140, 0x4d})
	github.com/evanw/esbuild/internal/resolver/resolver.go:1538 +0xe5 fp=0xc003e05fe0 sp=0xc003e05d00 pc=0x7ff656f583e5
github.com/evanw/esbuild/internal/resolver.resolverQuery.dirInfoCached({0xc002cb8d88?, 0xc005cfb770?, 0x0?, 0x2f?}, 
{0xc00487e140, 0x4d})
	github.com/evanw/esbuild/internal/resolver/resolver.go:1174 +0xee fp=0xc003e060e8 sp=0xc003e05fe0 pc=0x7ff656f5420e
github.com/evanw/esbuild/internal/resolver.resolverQuery.dirInfoUncached({0xc002cb8d88?, 0xc005cfb770?, 0x0?, 0x51?}, 
{0xc006805080, 0x51})
	github.com/evanw/esbuild/internal/resolver/resolver.go:1538 +0xe5 fp=0xc003e063c8 sp=0xc003e060e8 pc=0x7ff656f583e5
github.com/evanw/esbuild/internal/resolver.resolverQuery.dirInfoCached({0xc002cb8d88?, 0xc005cfb770?, 0x0?, 0x0?}, 
{0xc006805080, 0x51})
	github.com/evanw/esbuild/internal/resolver/resolver.go:1174 +0xee fp=0xc003e064d0 sp=0xc003e063c8 pc=0x7ff656f5420e
github.com/evanw/esbuild/internal/resolver.resolverQuery.dirInfoUncached({0xc002cb8d88?, 0xc005cfb770?, 0x0?, 0x5a?}, 
{0xc006805020, 0x5a})
	github.com/evanw/esbuild/internal/resolver/resolver.go:1538 +0xe5 fp=0xc003e067b0 sp=0xc003e064d0 pc=0x7ff656f583e5
github.com/evanw/esbuild/internal/resolver.resolverQuery.dirInfoCached({0xc002cb8d88?, 0xc005cfb770?, 0x0?, 0x78?}, 
{0xc006805020, 0x5a})
	github.com/evanw/esbuild/internal/resolver/resolver.go:1174 +0xee fp=0xc003e068b8 sp=0xc003e067b0 pc=0x7ff656f5420e
github.com/evanw/esbuild/internal/resolver.resolverQuery.dirInfoUncached({0xc002cb8d88?, 0xc005cfb770?, 0x0?, 0x64?}, 
{0xc0035af810, 0x64})
	github.com/evanw/esbuild/internal/resolver/resolver.go:1538 +0xe5 fp=0xc003e06b98 sp=0xc003e068b8 pc=0x7ff656f583e5
github.com/evanw/esbuild/internal/resolver.resolverQuery.dirInfoCached({0xc002cb8d88?, 0xc005cfb770?, 0x0?, 0x70?}, 
{0xc0035af810, 0x64})
	github.com/evanw/esbuild/internal/resolver/resolver.go:1174 +0xee fp=0xc003e06ca0 sp=0xc003e06b98 pc=0x7ff656f5420e
github.com/evanw/esbuild/internal/resolver.resolverQuery.finalizeResolve({0xc002cb8d88?, 0xc005cfb770?, 0x0?, 0x0?}, 
0xc002cd4900)
	github.com/evanw/esbuild/internal/resolver/resolver.go:842 +0x6f1 fp=0xc003e06e50 sp=0xc003e06ca0 pc=0x7ff656f510d1
github.com/evanw/esbuild/internal/resolver.(*Resolver).Resolve(0xc002cb8d88, {0xc002652740, 0x36}, {0xc0032a3f80, 
0x71}, 0x1)
	github.com/evanw/esbuild/internal/resolver/resolver.go:572 +0x1a1a fp=0xc003e07220 sp=0xc003e06e50 pc=0x7ff656f4ca9a
github.com/evanw/esbuild/internal/bundler.RunOnResolvePlugins({_, _, _}, _, {0xc002d777a0, 0xc00235fb48, 0xc00235fb60, 
0xc00235fb78, 0x3, 0xc002d77740}, ...)
	github.com/evanw/esbuild/internal/bundler/bundler.go:1154 +0x36a fp=0xc003e07690 sp=0xc003e07220 pc=0x7ff656f80e0a
github.com/evanw/esbuild/pkg/api.loadPlugins.func2({0xc0032a3f80, 0x71}, {{0xc002611870, 0x10}, {0x0, 0x0}, {0x0, 
0x0}, {0xc002652740, 0x36}, ...})
	github.com/evanw/esbuild/pkg/api/api_impl.go:2114 +0x4be fp=0xc003e07d18 sp=0xc003e07690 pc=0x7ff65703809e
main.(*serviceType).convertPlugins.func2.1(0x108, 0xc002658420)
	github.com/evanw/esbuild/cmd/esbuild/service.go:944 +0x665 fp=0xc003e07f50 sp=0xc003e07d18 pc=0x7ff65707a885
main.(*serviceType).handleIncomingPacket.func4()
	github.com/evanw/esbuild/cmd/esbuild/service.go:262 +0xa4 fp=0xc003e07fe0 sp=0xc003e07f50 pc=0x7ff6570740a4
runtime.goexit({})
	runtime/asm_amd64.s:1693 +0x1 fp=0xc003e07fe8 sp=0xc003e07fe0 pc=0x7ff656bcf221
created by main.(*serviceType).handleIncomingPacket in goroutine 1
	github.com/evanw/esbuild/cmd/esbuild/service.go:257 +0x156e

goroutine 1529 gp=0xc00517f880 m=nil [runnable]:
runtime.gopark(0x0?, 0x0?, 0x0?, 0x0?, 0x0?)
	runtime/proc.go:460 +0xce fp=0xc004e69128 sp=0xc004e69108 pc=0x7ff656bc72ce
runtime.chansend(0xc000136000, 0x7ff6572b1690, 0x1, 0x0?)
	runtime/chan.go:283 +0x3cb fp=0xc004e69198 sp=0xc004e69128 pc=0x7ff656b5d58b
runtime.chansend1(0x0?, 0x0?)
	runtime/chan.go:161 +0x17 fp=0xc004e691c8 sp=0xc004e69198 pc=0x7ff656b5d1b7
github.com/evanw/esbuild/internal/fs.BeforeFileOpen(...)
	github.com/evanw/esbuild/internal/fs/fs.go:245
github.com/evanw/esbuild/internal/fs.(*realFS).readdir(0xc0000da080, {0xc005e03c20, 0x43})
	github.com/evanw/esbuild/internal/fs/fs_real.go:351 +0x6c fp=0xc004e69260 sp=0xc004e691c8 pc=0x7ff656c9c32c
github.com/evanw/esbuild/internal/fs.(*realFS).ReadDirectory(0xc0000da080, {0xc005e03c20, 0x43})
	github.com/evanw/esbuild/internal/fs/fs_real.go:146 +0x177 fp=0xc004e693f0 sp=0xc004e69260 pc=0x7ff656c9a637
github.com/evanw/esbuild/internal/fs.(*zipFS).ReadDirectory(0xc0000a6120, {0xc005e03c20, 0x43})
	github.com/evanw/esbuild/internal/fs/fs_zip.go:188 +0xbf fp=0xc004e69530 sp=0xc004e693f0 pc=0x7ff656c9e7df
github.com/evanw/esbuild/internal/resolver.resolverQuery.dirInfoUncached({0xc002a76d88?, 0xc005d67d10?, 0x0?, 0x43?}, 
{0xc005e03c20, 0x43})
	github.com/evanw/esbuild/internal/resolver/resolver.go:1547 +0x11b fp=0xc004e69810 sp=0xc004e69530 pc=0x7ff656f5841b
github.com/evanw/esbuild/internal/resolver.resolverQuery.dirInfoCached({0xc002a76d88?, 0xc005d67d10?, 0x0?, 0x9e?}, 
{0xc005e03c20, 0x43})
	github.com/evanw/esbuild/internal/resolver/resolver.go:1174 +0xee fp=0xc004e69918 sp=0xc004e69810 pc=0x7ff656f5420e
github.com/evanw/esbuild/internal/resolver.resolverQuery.dirInfoUncached({0xc002a76d88?, 0xc005d67d10?, 0x0?, 0x48?}, 
{0xc005e03bd0, 0x48})
	github.com/evanw/esbuild/internal/resolver/resolver.go:1538 +0xe5 fp=0xc004e69bf8 sp=0xc004e69918 pc=0x7ff656f583e5
github.com/evanw/esbuild/internal/resolver.resolverQuery.dirInfoCached({0xc002a76d88?, 0xc005d67d10?, 0x0?, 0x9e?}, 
{0xc005e03bd0, 0x48})
	github.com/evanw/esbuild/internal/resolver/resolver.go:1174 +0xee fp=0xc004e69d00 sp=0xc004e69bf8 pc=0x7ff656f5420e
github.com/evanw/esbuild/internal/resolver.resolverQuery.dirInfoUncached({0xc002a76d88?, 0xc005d67d10?, 0x0?, 0x4d?}, 
{0xc005e03b80, 0x4d})
	github.com/evanw/esbuild/internal/resolver/resolver.go:1538 +0xe5 fp=0xc004e69fe0 sp=0xc004e69d00 pc=0x7ff656f583e5
github.com/evanw/esbuild/internal/resolver.resolverQuery.dirInfoCached({0xc002a76d88?, 0xc005d67d10?, 0x0?, 0x2f?}, 
{0xc005e03b80, 0x4d})
	github.com/evanw/esbuild/internal/resolver/resolver.go:1174 +0xee fp=0xc004e6a0e8 sp=0xc004e69fe0 pc=0x7ff656f5420e
github.com/evanw/esbuild/internal/resolver.resolverQuery.dirInfoUncached({0xc002a76d88?, 0xc005d67d10?, 0x0?, 0x51?}, 
{0xc0065a9140, 0x51})
	github.com/evanw/esbuild/internal/resolver/resolver.go:1538 +0xe5 fp=0xc004e6a3c8 sp=0xc004e6a0e8 pc=0x7ff656f583e5
github.com/evanw/esbuild/internal/resolver.resolverQuery.dirInfoCached({0xc002a76d88?, 0xc005d67d10?, 0x0?, 0x0?}, 
{0xc0065a9140, 0x51})
	github.com/evanw/esbuild/internal/resolver/resolver.go:1174 +0xee fp=0xc004e6a4d0 sp=0xc004e6a3c8 pc=0x7ff656f5420e
github.com/evanw/esbuild/internal/resolver.resolverQuery.dirInfoUncached({0xc002a76d88?, 0xc005d67d10?, 0x0?, 0x5a?}, 
{0xc0065a90e0, 0x5a})
	github.com/evanw/esbuild/internal/resolver/resolver.go:1538 +0xe5 fp=0xc004e6a7b0 sp=0xc004e6a4d0 pc=0x7ff656f583e5
github.com/evanw/esbuild/internal/resolver.resolverQuery.dirInfoCached({0xc002a76d88?, 0xc005d67d10?, 0x0?, 0x78?}, 
{0xc0065a90e0, 0x5a})
	github.com/evanw/esbuild/internal/resolver/resolver.go:1174 +0xee fp=0xc004e6a8b8 sp=0xc004e6a7b0 pc=0x7ff656f5420e
github.com/evanw/esbuild/internal/resolver.resolverQuery.dirInfoUncached({0xc002a76d88?, 0xc005d67d10?, 0x0?, 0x64?}, 
{0xc005e89960, 0x64})
	github.com/evanw/esbuild/internal/resolver/resolver.go:1538 +0xe5 fp=0xc004e6ab98 sp=0xc004e6a8b8 pc=0x7ff656f583e5
github.com/evanw/esbuild/internal/resolver.resolverQuery.dirInfoCached({0xc002a76d88?, 0xc005d67d10?, 0x0?, 0x10?}, 
{0xc005e89960, 0x64})
	github.com/evanw/esbuild/internal/resolver/resolver.go:1174 +0xee fp=0xc004e6aca0 sp=0xc004e6ab98 pc=0x7ff656f5420e
github.com/evanw/esbuild/internal/resolver.resolverQuery.finalizeResolve({0xc002a76d88?, 0xc005d67d10?, 0x0?, 0x0?}, 
0xc004808120)
	github.com/evanw/esbuild/internal/resolver/resolver.go:842 +0x6f1 fp=0xc004e6ae50 sp=0xc004e6aca0 pc=0x7ff656f510d1
github.com/evanw/esbuild/internal/resolver.(*Resolver).Resolve(0xc002a76d88, {0xc002652780, 0x36}, {0xc002984310, 
0x6e}, 0x1)
	github.com/evanw/esbuild/internal/resolver/resolver.go:572 +0x1a1a fp=0xc004e6b220 sp=0xc004e6ae50 pc=0x7ff656f4ca9a
github.com/evanw/esbuild/internal/bundler.RunOnResolvePlugins({_, _, _}, _, {0xc002a74330, 0xc0041a52f0, 0xc0041a5308, 
0xc0041a5320, 0x3, 0xc002a74300}, ...)
	github.com/evanw/esbuild/internal/bundler/bundler.go:1154 +0x36a fp=0xc004e6b690 sp=0xc004e6b220 pc=0x7ff656f80e0a
github.com/evanw/esbuild/pkg/api.loadPlugins.func2({0xc002984310, 0x6e}, {{0xc002611940, 0x10}, {0x0, 0x0}, {0x0, 
0x0}, {0xc002652780, 0x36}, ...})
	github.com/evanw/esbuild/pkg/api/api_impl.go:2114 +0x4be fp=0xc004e6bd18 sp=0xc004e6b690 pc=0x7ff65703809e
main.(*serviceType).convertPlugins.func2.1(0x109, 0xc002658570)
	github.com/evanw/esbuild/cmd/esbuild/service.go:944 +0x665 fp=0xc004e6bf50 sp=0xc004e6bd18 pc=0x7ff65707a885
main.(*serviceType).handleIncomingPacket.func4()
	github.com/evanw/esbuild/cmd/esbuild/service.go:262 +0xa4 fp=0xc004e6bfe0 sp=0xc004e6bf50 pc=0x7ff6570740a4
runtime.goexit({})
	runtime/asm_amd64.s:1693 +0x1 fp=0xc004e6bfe8 sp=0xc004e6bfe0 pc=0x7ff656bcf221
created by main.(*serviceType).handleIncomingPacket in goroutine 1
	github.com/evanw/esbuild/cmd/esbuild/service.go:257 +0x156e

goroutine 1530 gp=0xc00517fa40 m=nil [chan send]:
runtime.gopark(0x0?, 0x0?, 0x0?, 0x0?, 0x0?)
	runtime/proc.go:460 +0xce fp=0xc005c8d128 sp=0xc005c8d108 pc=0x7ff656bc72ce
runtime.chansend(0xc000136000, 0x7ff6572b1690, 0x1, 0x0?)
	runtime/chan.go:283 +0x3cb fp=0xc005c8d198 sp=0xc005c8d128 pc=0x7ff656b5d58b
runtime.chansend1(0x0?, 0x0?)
	runtime/chan.go:161 +0x17 fp=0xc005c8d1c8 sp=0xc005c8d198 pc=0x7ff656b5d1b7
github.com/evanw/esbuild/internal/fs.BeforeFileOpen(...)
	github.com/evanw/esbuild/internal/fs/fs.go:245
github.com/evanw/esbuild/internal/fs.(*realFS).readdir(0xc0000da080, {0xc006463f40, 0x43})
	github.com/evanw/esbuild/internal/fs/fs_real.go:351 +0x6c fp=0xc005c8d260 sp=0xc005c8d1c8 pc=0x7ff656c9c32c
github.com/evanw/esbuild/internal/fs.(*realFS).ReadDirectory(0xc0000da080, {0xc006463f40, 0x43})
	github.com/evanw/esbuild/internal/fs/fs_real.go:146 +0x177 fp=0xc005c8d3f0 sp=0xc005c8d260 pc=0x7ff656c9a637
github.com/evanw/esbuild/internal/fs.(*zipFS).ReadDirectory(0xc0000a6120, {0xc006463f40, 0x43})
	github.com/evanw/esbuild/internal/fs/fs_zip.go:188 +0xbf fp=0xc005c8d530 sp=0xc005c8d3f0 pc=0x7ff656c9e7df
github.com/evanw/esbuild/internal/resolver.resolverQuery.dirInfoUncached({0xc002a77208?, 0xc0032dadc0?, 0x0?, 0x43?}, 
{0xc006463f40, 0x43})
	github.com/evanw/esbuild/internal/resolver/resolver.go:1547 +0x11b fp=0xc005c8d810 sp=0xc005c8d530 pc=0x7ff656f5841b
github.com/evanw/esbuild/internal/resolver.resolverQuery.dirInfoCached({0xc002a77208?, 0xc0032dadc0?, 0x0?, 0x9e?}, 
{0xc006463f40, 0x43})
	github.com/evanw/esbuild/internal/resolver/resolver.go:1174 +0xee fp=0xc005c8d918 sp=0xc005c8d810 pc=0x7ff656f5420e
github.com/evanw/esbuild/internal/resolver.resolverQuery.dirInfoUncached({0xc002a77208?, 0xc0032dadc0?, 0x0?, 0x48?}, 
{0xc006463ef0, 0x48})
	github.com/evanw/esbuild/internal/resolver/resolver.go:1538 +0xe5 fp=0xc005c8dbf8 sp=0xc005c8d918 pc=0x7ff656f583e5
github.com/evanw/esbuild/internal/resolver.resolverQuery.dirInfoCached({0xc002a77208?, 0xc0032dadc0?, 0x0?, 0x9e?}, 
{0xc006463ef0, 0x48})
	github.com/evanw/esbuild/internal/resolver/resolver.go:1174 +0xee fp=0xc005c8dd00 sp=0xc005c8dbf8 pc=0x7ff656f5420e
github.com/evanw/esbuild/internal/resolver.resolverQuery.dirInfoUncached({0xc002a77208?, 0xc0032dadc0?, 0x0?, 0x4d?}, 
{0xc006463ea0, 0x4d})
	github.com/evanw/esbuild/internal/resolver/resolver.go:1538 +0xe5 fp=0xc005c8dfe0 sp=0xc005c8dd00 pc=0x7ff656f583e5
github.com/evanw/esbuild/internal/resolver.resolverQuery.dirInfoCached({0xc002a77208?, 0xc0032dadc0?, 0x0?, 0x2f?}, 
{0xc006463ea0, 0x4d})
	github.com/evanw/esbuild/internal/resolver/resolver.go:1174 +0xee fp=0xc005c8e0e8 sp=0xc005c8dfe0 pc=0x7ff656f5420e
github.com/evanw/esbuild/internal/resolver.resolverQuery.dirInfoUncached({0xc002a77208?, 0xc0032dadc0?, 0x0?, 0x51?}, 
{0xc00608df20, 0x51})
	github.com/evanw/esbuild/internal/resolver/resolver.go:1538 +0xe5 fp=0xc005c8e3c8 sp=0xc005c8e0e8 pc=0x7ff656f583e5
github.com/evanw/esbuild/internal/resolver.resolverQuery.dirInfoCached({0xc002a77208?, 0xc0032dadc0?, 0x0?, 0x0?}, 
{0xc00608df20, 0x51})
	github.com/evanw/esbuild/internal/resolver/resolver.go:1174 +0xee fp=0xc005c8e4d0 sp=0xc005c8e3c8 pc=0x7ff656f5420e
github.com/evanw/esbuild/internal/resolver.resolverQuery.dirInfoUncached({0xc002a77208?, 0xc0032dadc0?, 0x0?, 0x5a?}, 
{0xc00608dec0, 0x5a})
	github.com/evanw/esbuild/internal/resolver/resolver.go:1538 +0xe5 fp=0xc005c8e7b0 sp=0xc005c8e4d0 pc=0x7ff656f583e5
github.com/evanw/esbuild/internal/resolver.resolverQuery.dirInfoCached({0xc002a77208?, 0xc0032dadc0?, 0x0?, 0x78?}, 
{0xc00608dec0, 0x5a})
	github.com/evanw/esbuild/internal/resolver/resolver.go:1174 +0xee fp=0xc005c8e8b8 sp=0xc005c8e7b0 pc=0x7ff656f5420e
github.com/evanw/esbuild/internal/resolver.resolverQuery.dirInfoUncached({0xc002a77208?, 0xc0032dadc0?, 0x0?, 0x64?}, 
{0xc001822460, 0x64})
	github.com/evanw/esbuild/internal/resolver/resolver.go:1538 +0xe5 fp=0xc005c8eb98 sp=0xc005c8e8b8 pc=0x7ff656f583e5
github.com/evanw/esbuild/internal/resolver.resolverQuery.dirInfoCached({0xc002a77208?, 0xc0032dadc0?, 0x0?, 0xc0?}, 
{0xc001822460, 0x64})
	github.com/evanw/esbuild/internal/resolver/resolver.go:1174 +0xee fp=0xc005c8eca0 sp=0xc005c8eb98 pc=0x7ff656f5420e
github.com/evanw/esbuild/internal/resolver.resolverQuery.finalizeResolve({0xc002a77208?, 0xc0032dadc0?, 0x0?, 0x0?}, 
0xc00490a120)
	github.com/evanw/esbuild/internal/resolver/resolver.go:842 +0x6f1 fp=0xc005c8ee50 sp=0xc005c8eca0 pc=0x7ff656f510d1
github.com/evanw/esbuild/internal/resolver.(*Resolver).Resolve(0xc002a77208, {0xc002652840, 0x36}, {0xc003906000, 
0x74}, 0x1)
	github.com/evanw/esbuild/internal/resolver/resolver.go:572 +0x1a1a fp=0xc005c8f220 sp=0xc005c8ee50 pc=0x7ff656f4ca9a
github.com/evanw/esbuild/internal/bundler.RunOnResolvePlugins({_, _, _}, _, {0xc002a74450, 0xc0041a5350, 0xc0041a5368, 
0xc0041a53b0, 0x3, 0xc002a74420}, ...)
	github.com/evanw/esbuild/internal/bundler/bundler.go:1154 +0x36a fp=0xc005c8f690 sp=0xc005c8f220 pc=0x7ff656f80e0a
github.com/evanw/esbuild/pkg/api.loadPlugins.func2({0xc003906000, 0x74}, {{0xc002611ad0, 0x10}, {0x0, 0x0}, {0x0, 
0x0}, {0xc002652840, 0x36}, ...})
	github.com/evanw/esbuild/pkg/api/api_impl.go:2114 +0x4be fp=0xc005c8fd18 sp=0xc005c8f690 pc=0x7ff65703809e
main.(*serviceType).convertPlugins.func2.1(0x10a, 0xc002658630)
	github.com/evanw/esbuild/cmd/esbuild/service.go:944 +0x665 fp=0xc005c8ff50 sp=0xc005c8fd18 pc=0x7ff65707a885
main.(*serviceType).handleIncomingPacket.func4()
	github.com/evanw/esbuild/cmd/esbuild/service.go:262 +0xa4 fp=0xc005c8ffe0 sp=0xc005c8ff50 pc=0x7ff6570740a4
runtime.goexit({})
	runtime/asm_amd64.s:1693 +0x1 fp=0xc005c8ffe8 sp=0xc005c8ffe0 pc=0x7ff656bcf221
created by main.(*serviceType).handleIncomingPacket in goroutine 1
	github.com/evanw/esbuild/cmd/esbuild/service.go:257 +0x156e

goroutine 1531 gp=0xc00517fc00 m=nil [chan send]:
runtime.gopark(0x205d45564954414e?, 0x6e6f436c203d3d21?, 0x74?, 0x61?, 0xa7b20295d54534f?)
	runtime/proc.go:460 +0xce fp=0xc003017128 sp=0xc003017108 pc=0x7ff656bc72ce
runtime.chansend(0xc000136000, 0x7ff6572b1690, 0x1, 0x45525f5245544641?)
	runtime/chan.go:283 +0x3cb fp=0xc003017198 sp=0xc003017128 pc=0x7ff656b5d58b
runtime.chansend1(0x21205d4444415f4f?, 0x296c6c756e203d3d?)
	runtime/chan.go:161 +0x17 fp=0xc0030171c8 sp=0xc003017198 pc=0x7ff656b5d1b7
github.com/evanw/esbuild/internal/fs.BeforeFileOpen(...)
	github.com/evanw/esbuild/internal/fs/fs.go:245
github.com/evanw/esbuild/internal/fs.(*realFS).readdir(0xc0000da080, {0xc006463b80, 0x43})
	github.com/evanw/esbuild/internal/fs/fs_real.go:351 +0x6c fp=0xc003017260 sp=0xc0030171c8 pc=0x7ff656c9c32c
github.com/evanw/esbuild/internal/fs.(*realFS).ReadDirectory(0xc0000da080, {0xc006463b80, 0x43})
	github.com/evanw/esbuild/internal/fs/fs_real.go:146 +0x177 fp=0xc0030173f0 sp=0xc003017260 pc=0x7ff656c9a637
github.com/evanw/esbuild/internal/fs.(*zipFS).ReadDirectory(0xc0000a6120, {0xc006463b80, 0x43})
	github.com/evanw/esbuild/internal/fs/fs_zip.go:188 +0xbf fp=0xc003017530 sp=0xc0030173f0 pc=0x7ff656c9e7df
github.com/evanw/esbuild/internal/resolver.resolverQuery.dirInfoUncached({0xc002a77688?, 0xc0032dad20?, 0x0?, 0x43?}, 
{0xc006463b80, 0x43})
	github.com/evanw/esbuild/internal/resolver/resolver.go:1547 +0x11b fp=0xc003017810 sp=0xc003017530 pc=0x7ff656f5841b
github.com/evanw/esbuild/internal/resolver.resolverQuery.dirInfoCached({0xc002a77688?, 0xc0032dad20?, 0x0?, 0x9e?}, 
{0xc006463b80, 0x43})
	github.com/evanw/esbuild/internal/resolver/resolver.go:1174 +0xee fp=0xc003017918 sp=0xc003017810 pc=0x7ff656f5420e
github.com/evanw/esbuild/internal/resolver.resolverQuery.dirInfoUncached({0xc002a77688?, 0xc0032dad20?, 0x0?, 0x48?}, 
{0xc006463b30, 0x48})
	github.com/evanw/esbuild/internal/resolver/resolver.go:1538 +0xe5 fp=0xc003017bf8 sp=0xc003017918 pc=0x7ff656f583e5
github.com/evanw/esbuild/internal/resolver.resolverQuery.dirInfoCached({0xc002a77688?, 0xc0032dad20?, 0x0?, 0x9e?}, 
{0xc006463b30, 0x48})
	github.com/evanw/esbuild/internal/resolver/resolver.go:1174 +0xee fp=0xc003017d00 sp=0xc003017bf8 pc=0x7ff656f5420e
github.com/evanw/esbuild/internal/resolver.resolverQuery.dirInfoUncached({0xc002a77688?, 0xc0032dad20?, 0x0?, 0x4d?}, 
{0xc006463ae0, 0x4d})
	github.com/evanw/esbuild/internal/resolver/resolver.go:1538 +0xe5 fp=0xc003017fe0 sp=0xc003017d00 pc=0x7ff656f583e5
github.com/evanw/esbuild/internal/resolver.resolverQuery.dirInfoCached({0xc002a77688?, 0xc0032dad20?, 0x0?, 0x2f?}, 
{0xc006463ae0, 0x4d})
	github.com/evanw/esbuild/internal/resolver/resolver.go:1174 +0xee fp=0xc0030180e8 sp=0xc003017fe0 pc=0x7ff656f5420e
github.com/evanw/esbuild/internal/resolver.resolverQuery.dirInfoUncached({0xc002a77688?, 0xc0032dad20?, 0x0?, 0x51?}, 
{0xc00608dce0, 0x51})
	github.com/evanw/esbuild/internal/resolver/resolver.go:1538 +0xe5 fp=0xc0030183c8 sp=0xc0030180e8 pc=0x7ff656f583e5
github.com/evanw/esbuild/internal/resolver.resolverQuery.dirInfoCached({0xc002a77688?, 0xc0032dad20?, 0x0?, 0x0?}, 
{0xc00608dce0, 0x51})
	github.com/evanw/esbuild/internal/resolver/resolver.go:1174 +0xee fp=0xc0030184d0 sp=0xc0030183c8 pc=0x7ff656f5420e
github.com/evanw/esbuild/internal/resolver.resolverQuery.dirInfoUncached({0xc002a77688?, 0xc0032dad20?, 0x0?, 0x5a?}, 
{0xc00608dc80, 0x5a})
	github.com/evanw/esbuild/internal/resolver/resolver.go:1538 +0xe5 fp=0xc0030187b0 sp=0xc0030184d0 pc=0x7ff656f583e5
github.com/evanw/esbuild/internal/resolver.resolverQuery.dirInfoCached({0xc002a77688?, 0xc0032dad20?, 0x0?, 0x78?}, 
{0xc00608dc80, 0x5a})
	github.com/evanw/esbuild/internal/resolver/resolver.go:1174 +0xee fp=0xc0030188b8 sp=0xc0030187b0 pc=0x7ff656f5420e
github.com/evanw/esbuild/internal/resolver.resolverQuery.dirInfoUncached({0xc002a77688?, 0xc0032dad20?, 0x0?, 0x64?}, 
{0xc001822310, 0x64})
	github.com/evanw/esbuild/internal/resolver/resolver.go:1538 +0xe5 fp=0xc003018b98 sp=0xc0030188b8 pc=0x7ff656f583e5
github.com/evanw/esbuild/internal/resolver.resolverQuery.dirInfoCached({0xc002a77688?, 0xc0032dad20?, 0x0?, 0x20?}, 
{0xc001822310, 0x64})
	github.com/evanw/esbuild/internal/resolver/resolver.go:1174 +0xee fp=0xc003018ca0 sp=0xc003018b98 pc=0x7ff656f5420e
github.com/evanw/esbuild/internal/resolver.resolverQuery.finalizeResolve({0xc002a77688?, 0xc0032dad20?, 0x0?, 0x0?}, 
0xc004597d40)
	github.com/evanw/esbuild/internal/resolver/resolver.go:842 +0x6f1 fp=0xc003018e50 sp=0xc003018ca0 pc=0x7ff656f510d1
github.com/evanw/esbuild/internal/resolver.(*Resolver).Resolve(0xc002a77688, {0xc002652880, 0x36}, {0xc003906080, 
0x73}, 0x1)
	github.com/evanw/esbuild/internal/resolver/resolver.go:572 +0x1a1a fp=0xc003019220 sp=0xc003018e50 pc=0x7ff656f4ca9a
github.com/evanw/esbuild/internal/bundler.RunOnResolvePlugins({_, _, _}, _, {0xc002a74570, 0xc0041a54e8, 0xc0041a5530, 
0xc0041a5578, 0x3, 0xc002a74540}, ...)
	github.com/evanw/esbuild/internal/bundler/bundler.go:1154 +0x36a fp=0xc003019690 sp=0xc003019220 pc=0x7ff656f80e0a
github.com/evanw/esbuild/pkg/api.loadPlugins.func2({0xc003906080, 0x73}, {{0xc002611b90, 0x10}, {0x0, 0x0}, {0x0, 
0x0}, {0xc002652880, 0x36}, ...})
	github.com/evanw/esbuild/pkg/api/api_impl.go:2114 +0x4be fp=0xc003019d18 sp=0xc003019690 pc=0x7ff65703809e
main.(*serviceType).convertPlugins.func2.1(0x10b, 0xc002658690)
	github.com/evanw/esbuild/cmd/esbuild/service.go:944 +0x665 fp=0xc003019f50 sp=0xc003019d18 pc=0x7ff65707a885
main.(*serviceType).handleIncomingPacket.func4()
	github.com/evanw/esbuild/cmd/esbuild/service.go:262 +0xa4 fp=0xc003019fe0 sp=0xc003019f50 pc=0x7ff6570740a4
runtime.goexit({})
	runtime/asm_amd64.s:1693 +0x1 fp=0xc003019fe8 sp=0xc003019fe0 pc=0x7ff656bcf221
created by main.(*serviceType).handleIncomingPacket in goroutine 1
	github.com/evanw/esbuild/cmd/esbuild/service.go:257 +0x156e

goroutine 1532 gp=0xc00517fdc0 m=nil [chan send]:
runtime.gopark(0x6e694d6c6562616c?, 0x6465726975716552?, 0x43?, 0x65?, 0x3b29312d203a2030?)
	runtime/proc.go:460 +0xce fp=0xc006227128 sp=0xc006227108 pc=0x7ff656bc72ce
runtime.chansend(0xc000136000, 0x7ff6572b1690, 0x1, 0xb5c9b5c92e306920?)
	runtime/chan.go:283 +0x3cb fp=0xc006227198 sp=0xc006227128 pc=0x7ff656b5d58b
runtime.chansend1(0x735f2e787463202c?, 0x6574614474726174?)
	runtime/chan.go:161 +0x17 fp=0xc0062271c8 sp=0xc006227198 pc=0x7ff656b5d1b7
github.com/evanw/esbuild/internal/fs.BeforeFileOpen(...)
	github.com/evanw/esbuild/internal/fs/fs.go:245
github.com/evanw/esbuild/internal/fs.(*realFS).readdir(0xc0000da080, {0xc001184140, 0x43})
	github.com/evanw/esbuild/internal/fs/fs_real.go:351 +0x6c fp=0xc006227260 sp=0xc0062271c8 pc=0x7ff656c9c32c
github.com/evanw/esbuild/internal/fs.(*realFS).ReadDirectory(0xc0000da080, {0xc001184140, 0x43})
	github.com/evanw/esbuild/internal/fs/fs_real.go:146 +0x177 fp=0xc0062273f0 sp=0xc006227260 pc=0x7ff656c9a637
github.com/evanw/esbuild/internal/fs.(*zipFS).ReadDirectory(0xc0000a6120, {0xc001184140, 0x43})
	github.com/evanw/esbuild/internal/fs/fs_zip.go:188 +0xbf fp=0xc006227530 sp=0xc0062273f0 pc=0x7ff656c9e7df
github.com/evanw/esbuild/internal/resolver.resolverQuery.dirInfoUncached({0xc002a77b08?, 0xc006422c80?, 0x0?, 0x43?}, 
{0xc001184140, 0x43})
	github.com/evanw/esbuild/internal/resolver/resolver.go:1547 +0x11b fp=0xc006227810 sp=0xc006227530 pc=0x7ff656f5841b
github.com/evanw/esbuild/internal/resolver.resolverQuery.dirInfoCached({0xc002a77b08?, 0xc006422c80?, 0x0?, 0x9e?}, 
{0xc001184140, 0x43})
	github.com/evanw/esbuild/internal/resolver/resolver.go:1174 +0xee fp=0xc006227918 sp=0xc006227810 pc=0x7ff656f5420e
github.com/evanw/esbuild/internal/resolver.resolverQuery.dirInfoUncached({0xc002a77b08?, 0xc006422c80?, 0x0?, 0x48?}, 
{0xc0011840f0, 0x48})
	github.com/evanw/esbuild/internal/resolver/resolver.go:1538 +0xe5 fp=0xc006227bf8 sp=0xc006227918 pc=0x7ff656f583e5
github.com/evanw/esbuild/internal/resolver.resolverQuery.dirInfoCached({0xc002a77b08?, 0xc006422c80?, 0x0?, 0x9e?}, 
{0xc0011840f0, 0x48})
	github.com/evanw/esbuild/internal/resolver/resolver.go:1174 +0xee fp=0xc006227d00 sp=0xc006227bf8 pc=0x7ff656f5420e
github.com/evanw/esbuild/internal/resolver.resolverQuery.dirInfoUncached({0xc002a77b08?, 0xc006422c80?, 0x0?, 0x4d?}, 
{0xc0011840a0, 0x4d})
	github.com/evanw/esbuild/internal/resolver/resolver.go:1538 +0xe5 fp=0xc006227fe0 sp=0xc006227d00 pc=0x7ff656f583e5
github.com/evanw/esbuild/internal/resolver.resolverQuery.dirInfoCached({0xc002a77b08?, 0xc006422c80?, 0x0?, 0x2f?}, 
{0xc0011840a0, 0x4d})
	github.com/evanw/esbuild/internal/resolver/resolver.go:1174 +0xee fp=0xc0062280e8 sp=0xc006227fe0 pc=0x7ff656f5420e
github.com/evanw/esbuild/internal/resolver.resolverQuery.dirInfoUncached({0xc002a77b08?, 0xc006422c80?, 0x0?, 0x51?}, 
{0xc0065a9440, 0x51})
	github.com/evanw/esbuild/internal/resolver/resolver.go:1538 +0xe5 fp=0xc0062283c8 sp=0xc0062280e8 pc=0x7ff656f583e5
github.com/evanw/esbuild/internal/resolver.resolverQuery.dirInfoCached({0xc002a77b08?, 0xc006422c80?, 0x0?, 0x0?}, 
{0xc0065a9440, 0x51})
	github.com/evanw/esbuild/internal/resolver/resolver.go:1174 +0xee fp=0xc0062284d0 sp=0xc0062283c8 pc=0x7ff656f5420e
github.com/evanw/esbuild/internal/resolver.resolverQuery.dirInfoUncached({0xc002a77b08?, 0xc006422c80?, 0x0?, 0x5a?}, 
{0xc0065a93e0, 0x5a})
	github.com/evanw/esbuild/internal/resolver/resolver.go:1538 +0xe5 fp=0xc0062287b0 sp=0xc0062284d0 pc=0x7ff656f583e5
github.com/evanw/esbuild/internal/resolver.resolverQuery.dirInfoCached({0xc002a77b08?, 0xc006422c80?, 0x0?, 0x78?}, 
{0xc0065a93e0, 0x5a})
	github.com/evanw/esbuild/internal/resolver/resolver.go:1174 +0xee fp=0xc0062288b8 sp=0xc0062287b0 pc=0x7ff656f5420e
github.com/evanw/esbuild/internal/resolver.resolverQuery.dirInfoUncached({0xc002a77b08?, 0xc006422c80?, 0x0?, 0x64?}, 
{0xc005e89c00, 0x64})
	github.com/evanw/esbuild/internal/resolver/resolver.go:1538 +0xe5 fp=0xc006228b98 sp=0xc0062288b8 pc=0x7ff656f583e5
github.com/evanw/esbuild/internal/resolver.resolverQuery.dirInfoCached({0xc002a77b08?, 0xc006422c80?, 0x0?, 0x80?}, 
{0xc005e89c00, 0x64})
	github.com/evanw/esbuild/internal/resolver/resolver.go:1174 +0xee fp=0xc006228ca0 sp=0xc006228b98 pc=0x7ff656f5420e
github.com/evanw/esbuild/internal/resolver.resolverQuery.finalizeResolve({0xc002a77b08?, 0xc006422c80?, 0x0?, 0x0?}, 
0xc0048085a0)
	github.com/evanw/esbuild/internal/resolver/resolver.go:842 +0x6f1 fp=0xc006228e50 sp=0xc006228ca0 pc=0x7ff656f510d1
github.com/evanw/esbuild/internal/resolver.(*Resolver).Resolve(0xc002a77b08, {0xc002652a00, 0x36}, {0xc003906100, 
0x71}, 0x1)
	github.com/evanw/esbuild/internal/resolver/resolver.go:572 +0x1a1a fp=0xc006229220 sp=0xc006228e50 pc=0x7ff656f4ca9a
github.com/evanw/esbuild/internal/bundler.RunOnResolvePlugins({_, _, _}, _, {0xc002a74690, 0xc0041a5608, 0xc0041a5650, 
0xc0041a5680, 0x3, 0xc002a74660}, ...)
	github.com/evanw/esbuild/internal/bundler/bundler.go:1154 +0x36a fp=0xc006229690 sp=0xc006229220 pc=0x7ff656f80e0a
github.com/evanw/esbuild/pkg/api.loadPlugins.func2({0xc003906100, 0x71}, {{0xc002611c50, 0x10}, {0x0, 0x0}, {0x0, 
0x0}, {0xc002652a00, 0x36}, ...})
	github.com/evanw/esbuild/pkg/api/api_impl.go:2114 +0x4be fp=0xc006229d18 sp=0xc006229690 pc=0x7ff65703809e
main.(*serviceType).convertPlugins.func2.1(0x10c, 0xc0026588d0)
	github.com/evanw/esbuild/cmd/esbuild/service.go:944 +0x665 fp=0xc006229f50 sp=0xc006229d18 pc=0x7ff65707a885
main.(*serviceType).handleIncomingPacket.func4()
	github.com/evanw/esbuild/cmd/esbuild/service.go:262 +0xa4 fp=0xc006229fe0 sp=0xc006229f50 pc=0x7ff6570740a4
runtime.goexit({})
	runtime/asm_amd64.s:1693 +0x1 fp=0xc006229fe8 sp=0xc006229fe0 pc=0x7ff656bcf221
created by main.(*serviceType).handleIncomingPacket in goroutine 1
	github.com/evanw/esbuild/cmd/esbuild/service.go:257 +0x156e

goroutine 1533 gp=0xc00125a000 m=nil [runnable]:
runtime.cgocall(0x7ff656bd0a40, 0xc000ff7358)
	runtime/cgocall.go:167 +0x3e fp=0xc00258c4b0 sp=0xc00258c448 pc=0x7ff656bc467e
runtime.syscall_syscalln(0xc00258c520?, 0x36?, {0xc00258c4f8?, 0x0?, 0x0?})
	runtime/syscall_windows.go:521 +0x4e fp=0xc00258c4d0 sp=0xc00258c4b0 pc=0x7ff656bb0bee
syscall.Syscall(0x36?, 0xc0067a4a80?, 0xffffffffffffffff?, 0x43?, 0xc00258c570?)
	runtime/syscall_windows.go:457 +0x29 fp=0xc00258c520 sp=0xc00258c4d0 pc=0x7ff656bcafe9
syscall.GetFileAttributesEx(0xc003df2040?, 0x0, 0xc00405a150?)
	syscall/zsyscall_windows.go:750 +0x65 fp=0xc00258c570 sp=0xc00258c520 pc=0x7ff656c0aee5
os.stat({0x7ff6571cda4d, 0x5}, {0xc003df2040, 0x36}, 0x0)
	os/stat_windows.go:37 +0x1c6 fp=0xc00258c8d0 sp=0xc00258c570 pc=0x7ff656c2f3c6
os.lstatNolog({0xc003df2040?, 0x7ff656c987fc?})
	os/stat_windows.go:141 +0x4c fp=0xc00258c908 sp=0xc00258c8d0 pc=0x7ff656c3000c
os.Lstat({0xc003df2040, 0x36})
	os/stat.go:26 +0x2c fp=0xc00258c928 sp=0xc00258c908 pc=0x7ff656c2f16c
github.com/evanw/esbuild/internal/fs.(*realFS).kind(0xc0000da080, {0xc004dbd5a0?, 0xc0000da080?}, {0xc0060d8558?, 
0xc00258ca58?})
	github.com/evanw/esbuild/internal/fs/fs_real.go:415 +0xd6 fp=0xc00258c9c8 sp=0xc00258c928 pc=0x7ff656c9c7b6
github.com/evanw/esbuild/internal/fs.(*zipFS).kind(0xc00258ca58?, {0xc004dbd5a0?, 0xc?}, {0xc0060d8558?, 0x1d?})
	github.com/evanw/esbuild/internal/fs/fs_zip.go:330 +0x28 fp=0xc00258ca00 sp=0xc00258c9c8 pc=0x7ff656c9fa08
github.com/evanw/esbuild/internal/fs.(*Entry).Symlink(0xc0060e6000, {0x7ff6572bce40?, 0xc0000a6120?})
	github.com/evanw/esbuild/internal/fs/fs.go:47 +0xc3 fp=0xc00258ca68 sp=0xc00258ca00 pc=0x7ff656c98143
github.com/evanw/esbuild/internal/resolver.resolverQuery.dirInfoUncached({0xc003e0c008?, 0xc0061b7860?, 0x0?, 0x36?}, 
{0xc0000ca080, 0x36})
	github.com/evanw/esbuild/internal/resolver/resolver.go:1601 +0x9ae fp=0xc00258cd48 sp=0xc00258ca68 pc=0x7ff656f58cae
github.com/evanw/esbuild/internal/resolver.resolverQuery.dirInfoCached({0xc003e0c008?, 0xc0061b7860?, 0x0?, 0x0?}, 
{0xc0000ca080, 0x36})
	github.com/evanw/esbuild/internal/resolver/resolver.go:1174 +0xee fp=0xc00258ce50 sp=0xc00258cd48 pc=0x7ff656f5420e
github.com/evanw/esbuild/internal/resolver.(*Resolver).Resolve(0xc003e0c008, {0xc002652a40, 0x36}, {0xc002984380, 
0x6e}, 0x1)
	github.com/evanw/esbuild/internal/resolver/resolver.go:523 +0x102f fp=0xc00258d220 sp=0xc00258ce50 pc=0x7ff656f4c0af
github.com/evanw/esbuild/internal/bundler.RunOnResolvePlugins({_, _, _}, _, {0xc002a747b0, 0xc0041a56e0, 0xc0041a5728, 
0xc0041a5740, 0x3, 0xc002a74780}, ...)
	github.com/evanw/esbuild/internal/bundler/bundler.go:1154 +0x36a fp=0xc00258d690 sp=0xc00258d220 pc=0x7ff656f80e0a
github.com/evanw/esbuild/pkg/api.loadPlugins.func2({0xc002984380, 0x6e}, {{0xc002611d30, 0x10}, {0x0, 0x0}, {0x0, 
0x0}, {0xc002652a40, 0x36}, ...})
	github.com/evanw/esbuild/pkg/api/api_impl.go:2114 +0x4be fp=0xc00258dd18 sp=0xc00258d690 pc=0x7ff65703809e
main.(*serviceType).convertPlugins.func2.1(0x10d, 0xc0026589f0)
	github.com/evanw/esbuild/cmd/esbuild/service.go:944 +0x665 fp=0xc00258df50 sp=0xc00258dd18 pc=0x7ff65707a885
main.(*serviceType).handleIncomingPacket.func4()
	github.com/evanw/esbuild/cmd/esbuild/service.go:262 +0xa4 fp=0xc00258dfe0 sp=0xc00258df50 pc=0x7ff6570740a4
runtime.goexit({})
	runtime/asm_amd64.s:1693 +0x1 fp=0xc00258dfe8 sp=0xc00258dfe0 pc=0x7ff656bcf221
created by main.(*serviceType).handleIncomingPacket in goroutine 1
	github.com/evanw/esbuild/cmd/esbuild/service.go:257 +0x156e

goroutine 1534 gp=0xc00125a1c0 m=nil [chan send]:
runtime.gopark(0xc00326f1a0?, 0x7ff656b698b1?, 0x0?, 0x20?, 0x0?)
	runtime/proc.go:460 +0xce fp=0xc00326f128 sp=0xc00326f108 pc=0x7ff656bc72ce
runtime.chansend(0xc000136000, 0x7ff6572b1690, 0x1, 0x7ff657646960?)
	runtime/chan.go:283 +0x3cb fp=0xc00326f198 sp=0xc00326f128 pc=0x7ff656b5d58b
runtime.chansend1(0x7ff656b77b7c?, 0x7ff657646960?)
	runtime/chan.go:161 +0x17 fp=0xc00326f1c8 sp=0xc00326f198 pc=0x7ff656b5d1b7
github.com/evanw/esbuild/internal/fs.BeforeFileOpen(...)
	github.com/evanw/esbuild/internal/fs/fs.go:245
github.com/evanw/esbuild/internal/fs.(*realFS).readdir(0xc0000da080, {0xc00457a870, 0x43})
	github.com/evanw/esbuild/internal/fs/fs_real.go:351 +0x6c fp=0xc00326f260 sp=0xc00326f1c8 pc=0x7ff656c9c32c
github.com/evanw/esbuild/internal/fs.(*realFS).ReadDirectory(0xc0000da080, {0xc00457a870, 0x43})
	github.com/evanw/esbuild/internal/fs/fs_real.go:146 +0x177 fp=0xc00326f3f0 sp=0xc00326f260 pc=0x7ff656c9a637
github.com/evanw/esbuild/internal/fs.(*zipFS).ReadDirectory(0xc0000a6120, {0xc00457a870, 0x43})
	github.com/evanw/esbuild/internal/fs/fs_zip.go:188 +0xbf fp=0xc00326f530 sp=0xc00326f3f0 pc=0x7ff656c9e7df
github.com/evanw/esbuild/internal/resolver.resolverQuery.dirInfoUncached({0xc003e0c488?, 0xc002a9f9a0?, 0x0?, 0x43?}, 
{0xc00457a870, 0x43})
	github.com/evanw/esbuild/internal/resolver/resolver.go:1547 +0x11b fp=0xc00326f810 sp=0xc00326f530 pc=0x7ff656f5841b
github.com/evanw/esbuild/internal/resolver.resolverQuery.dirInfoCached({0xc003e0c488?, 0xc002a9f9a0?, 0x0?, 0x9e?}, 
{0xc00457a870, 0x43})
	github.com/evanw/esbuild/internal/resolver/resolver.go:1174 +0xee fp=0xc00326f918 sp=0xc00326f810 pc=0x7ff656f5420e
github.com/evanw/esbuild/internal/resolver.resolverQuery.dirInfoUncached({0xc003e0c488?, 0xc002a9f9a0?, 0x0?, 0x48?}, 
{0xc00457a820, 0x48})
	github.com/evanw/esbuild/internal/resolver/resolver.go:1538 +0xe5 fp=0xc00326fbf8 sp=0xc00326f918 pc=0x7ff656f583e5
github.com/evanw/esbuild/internal/resolver.resolverQuery.dirInfoCached({0xc003e0c488?, 0xc002a9f9a0?, 0x0?, 0x9e?}, 
{0xc00457a820, 0x48})
	github.com/evanw/esbuild/internal/resolver/resolver.go:1174 +0xee fp=0xc00326fd00 sp=0xc00326fbf8 pc=0x7ff656f5420e
github.com/evanw/esbuild/internal/resolver.resolverQuery.dirInfoUncached({0xc003e0c488?, 0xc002a9f9a0?, 0x0?, 0x4d?}, 
{0xc00457a7d0, 0x4d})
	github.com/evanw/esbuild/internal/resolver/resolver.go:1538 +0xe5 fp=0xc00326ffe0 sp=0xc00326fd00 pc=0x7ff656f583e5
github.com/evanw/esbuild/internal/resolver.resolverQuery.dirInfoCached({0xc003e0c488?, 0xc002a9f9a0?, 0x0?, 0x2f?}, 
{0xc00457a7d0, 0x4d})
	github.com/evanw/esbuild/internal/resolver/resolver.go:1174 +0xee fp=0xc0032700e8 sp=0xc00326ffe0 pc=0x7ff656f5420e
github.com/evanw/esbuild/internal/resolver.resolverQuery.dirInfoUncached({0xc003e0c488?, 0xc002a9f9a0?, 0x0?, 0x51?}, 
{0xc00668d7a0, 0x51})
	github.com/evanw/esbuild/internal/resolver/resolver.go:1538 +0xe5 fp=0xc0032703c8 sp=0xc0032700e8 pc=0x7ff656f583e5
github.com/evanw/esbuild/internal/resolver.resolverQuery.dirInfoCached({0xc003e0c488?, 0xc002a9f9a0?, 0x0?, 0x0?}, 
{0xc00668d7a0, 0x51})
	github.com/evanw/esbuild/internal/resolver/resolver.go:1174 +0xee fp=0xc0032704d0 sp=0xc0032703c8 pc=0x7ff656f5420e
github.com/evanw/esbuild/internal/resolver.resolverQuery.dirInfoUncached({0xc003e0c488?, 0xc002a9f9a0?, 0x0?, 0x5a?}, 
{0xc00668d740, 0x5a})
	github.com/evanw/esbuild/internal/resolver/resolver.go:1538 +0xe5 fp=0xc0032707b0 sp=0xc0032704d0 pc=0x7ff656f583e5
github.com/evanw/esbuild/internal/resolver.resolverQuery.dirInfoCached({0xc003e0c488?, 0xc002a9f9a0?, 0x0?, 0x78?}, 
{0xc00668d740, 0x5a})
	github.com/evanw/esbuild/internal/resolver/resolver.go:1174 +0xee fp=0xc0032708b8 sp=0xc0032707b0 pc=0x7ff656f5420e
github.com/evanw/esbuild/internal/resolver.resolverQuery.dirInfoUncached({0xc003e0c488?, 0xc002a9f9a0?, 0x0?, 0x64?}, 
{0xc002b420e0, 0x64})
	github.com/evanw/esbuild/internal/resolver/resolver.go:1538 +0xe5 fp=0xc003270b98 sp=0xc0032708b8 pc=0x7ff656f583e5
github.com/evanw/esbuild/internal/resolver.resolverQuery.dirInfoCached({0xc003e0c488?, 0xc002a9f9a0?, 0x0?, 0xa0?}, 
{0xc002b420e0, 0x64})
	github.com/evanw/esbuild/internal/resolver/resolver.go:1174 +0xee fp=0xc003270ca0 sp=0xc003270b98 pc=0x7ff656f5420e
github.com/evanw/esbuild/internal/resolver.resolverQuery.finalizeResolve({0xc003e0c488?, 0xc002a9f9a0?, 0x0?, 0x0?}, 
0xc00492c5a0)
	github.com/evanw/esbuild/internal/resolver/resolver.go:842 +0x6f1 fp=0xc003270e50 sp=0xc003270ca0 pc=0x7ff656f510d1
github.com/evanw/esbuild/internal/resolver.(*Resolver).Resolve(0xc003e0c488, {0xc002652a80, 0x36}, {0xc003906180, 
0x76}, 0x1)
	github.com/evanw/esbuild/internal/resolver/resolver.go:572 +0x1a1a fp=0xc003271220 sp=0xc003270e50 pc=0x7ff656f4ca9a
github.com/evanw/esbuild/internal/bundler.RunOnResolvePlugins({_, _, _}, _, {0xc002a748d0, 0xc0041a57b8, 0xc0041a57e8, 
0xc0041a5800, 0x3, 0xc002a748a0}, ...)
	github.com/evanw/esbuild/internal/bundler/bundler.go:1154 +0x36a fp=0xc003271690 sp=0xc003271220 pc=0x7ff656f80e0a
github.com/evanw/esbuild/pkg/api.loadPlugins.func2({0xc003906180, 0x76}, {{0xc002611da0, 0x10}, {0x0, 0x0}, {0x0, 
0x0}, {0xc002652a80, 0x36}, ...})
	github.com/evanw/esbuild/pkg/api/api_impl.go:2114 +0x4be fp=0xc003271d18 sp=0xc003271690 pc=0x7ff65703809e
main.(*serviceType).convertPlugins.func2.1(0x10e, 0xc002658a20)
	github.com/evanw/esbuild/cmd/esbuild/service.go:944 +0x665 fp=0xc003271f50 sp=0xc003271d18 pc=0x7ff65707a885
main.(*serviceType).handleIncomingPacket.func4()
	github.com/evanw/esbuild/cmd/esbuild/service.go:262 +0xa4 fp=0xc003271fe0 sp=0xc003271f50 pc=0x7ff6570740a4
runtime.goexit({})
	runtime/asm_amd64.s:1693 +0x1 fp=0xc003271fe8 sp=0xc003271fe0 pc=0x7ff656bcf221
created by main.(*serviceType).handleIncomingPacket in goroutine 1
	github.com/evanw/esbuild/cmd/esbuild/service.go:257 +0x156e

goroutine 1535 gp=0xc00125a380 m=nil [chan send]:
runtime.gopark(0x15?, 0x7ff656c44e45?, 0x22?, 0x86?, 0x57?)
	runtime/proc.go:460 +0xce fp=0xc005abd128 sp=0xc005abd108 pc=0x7ff656bc72ce
runtime.chansend(0xc000136000, 0x7ff6572b1690, 0x1, 0x0?)
	runtime/chan.go:283 +0x3cb fp=0xc005abd198 sp=0xc005abd128 pc=0x7ff656b5d58b
runtime.chansend1(0xc001b73f60?, 0x16?)
	runtime/chan.go:161 +0x17 fp=0xc005abd1c8 sp=0xc005abd198 pc=0x7ff656b5d1b7
github.com/evanw/esbuild/internal/fs.BeforeFileOpen(...)
	github.com/evanw/esbuild/internal/fs/fs.go:245
github.com/evanw/esbuild/internal/fs.(*realFS).readdir(0xc0000da080, {0xc00457a370, 0x43})
	github.com/evanw/esbuild/internal/fs/fs_real.go:351 +0x6c fp=0xc005abd260 sp=0xc005abd1c8 pc=0x7ff656c9c32c
github.com/evanw/esbuild/internal/fs.(*realFS).ReadDirectory(0xc0000da080, {0xc00457a370, 0x43})
	github.com/evanw/esbuild/internal/fs/fs_real.go:146 +0x177 fp=0xc005abd3f0 sp=0xc005abd260 pc=0x7ff656c9a637
github.com/evanw/esbuild/internal/fs.(*zipFS).ReadDirectory(0xc0000a6120, {0xc00457a370, 0x43})
	github.com/evanw/esbuild/internal/fs/fs_zip.go:188 +0xbf fp=0xc005abd530 sp=0xc005abd3f0 pc=0x7ff656c9e7df
github.com/evanw/esbuild/internal/resolver.resolverQuery.dirInfoUncached({0xc003e0c908?, 0xc003dc0b90?, 0x0?, 0x43?}, 
{0xc00457a370, 0x43})
	github.com/evanw/esbuild/internal/resolver/resolver.go:1547 +0x11b fp=0xc005abd810 sp=0xc005abd530 pc=0x7ff656f5841b
github.com/evanw/esbuild/internal/resolver.resolverQuery.dirInfoCached({0xc003e0c908?, 0xc003dc0b90?, 0x0?, 0x9e?}, 
{0xc00457a370, 0x43})
	github.com/evanw/esbuild/internal/resolver/resolver.go:1174 +0xee fp=0xc005abd918 sp=0xc005abd810 pc=0x7ff656f5420e
github.com/evanw/esbuild/internal/resolver.resolverQuery.dirInfoUncached({0xc003e0c908?, 0xc003dc0b90?, 0x0?, 0x48?}, 
{0xc00457a320, 0x48})
	github.com/evanw/esbuild/internal/resolver/resolver.go:1538 +0xe5 fp=0xc005abdbf8 sp=0xc005abd918 pc=0x7ff656f583e5
github.com/evanw/esbuild/internal/resolver.resolverQuery.dirInfoCached({0xc003e0c908?, 0xc003dc0b90?, 0x0?, 0x9e?}, 
{0xc00457a320, 0x48})
	github.com/evanw/esbuild/internal/resolver/resolver.go:1174 +0xee fp=0xc005abdd00 sp=0xc005abdbf8 pc=0x7ff656f5420e
github.com/evanw/esbuild/internal/resolver.resolverQuery.dirInfoUncached({0xc003e0c908?, 0xc003dc0b90?, 0x0?, 0x4d?}, 
{0xc00457a2d0, 0x4d})
	github.com/evanw/esbuild/internal/resolver/resolver.go:1538 +0xe5 fp=0xc005abdfe0 sp=0xc005abdd00 pc=0x7ff656f583e5
github.com/evanw/esbuild/internal/resolver.resolverQuery.dirInfoCached({0xc003e0c908?, 0xc003dc0b90?, 0x0?, 0x2f?}, 
{0xc00457a2d0, 0x4d})
	github.com/evanw/esbuild/internal/resolver/resolver.go:1174 +0xee fp=0xc005abe0e8 sp=0xc005abdfe0 pc=0x7ff656f5420e
github.com/evanw/esbuild/internal/resolver.resolverQuery.dirInfoUncached({0xc003e0c908?, 0xc003dc0b90?, 0x0?, 0x51?}, 
{0xc00668d3e0, 0x51})
	github.com/evanw/esbuild/internal/resolver/resolver.go:1538 +0xe5 fp=0xc005abe3c8 sp=0xc005abe0e8 pc=0x7ff656f583e5
github.com/evanw/esbuild/internal/resolver.resolverQuery.dirInfoCached({0xc003e0c908?, 0xc003dc0b90?, 0x0?, 0x0?}, 
{0xc00668d3e0, 0x51})
	github.com/evanw/esbuild/internal/resolver/resolver.go:1174 +0xee fp=0xc005abe4d0 sp=0xc005abe3c8 pc=0x7ff656f5420e
github.com/evanw/esbuild/internal/resolver.resolverQuery.dirInfoUncached({0xc003e0c908?, 0xc003dc0b90?, 0x0?, 0x5a?}, 
{0xc00668d380, 0x5a})
	github.com/evanw/esbuild/internal/resolver/resolver.go:1538 +0xe5 fp=0xc005abe7b0 sp=0xc005abe4d0 pc=0x7ff656f583e5
github.com/evanw/esbuild/internal/resolver.resolverQuery.dirInfoCached({0xc003e0c908?, 0xc003dc0b90?, 0x0?, 0x78?}, 
{0xc00668d380, 0x5a})
	github.com/evanw/esbuild/internal/resolver/resolver.go:1174 +0xee fp=0xc005abe8b8 sp=0xc005abe7b0 pc=0x7ff656f5420e
github.com/evanw/esbuild/internal/resolver.resolverQuery.dirInfoUncached({0xc003e0c908?, 0xc003dc0b90?, 0x0?, 0x64?}, 
{0xc0067a5e30, 0x64})
	github.com/evanw/esbuild/internal/resolver/resolver.go:1538 +0xe5 fp=0xc005abeb98 sp=0xc005abe8b8 pc=0x7ff656f583e5
github.com/evanw/esbuild/internal/resolver.resolverQuery.dirInfoCached({0xc003e0c908?, 0xc003dc0b90?, 0x0?, 0x90?}, 
{0xc0067a5e30, 0x64})
	github.com/evanw/esbuild/internal/resolver/resolver.go:1174 +0xee fp=0xc005abeca0 sp=0xc005abeb98 pc=0x7ff656f5420e
github.com/evanw/esbuild/internal/resolver.resolverQuery.finalizeResolve({0xc003e0c908?, 0xc003dc0b90?, 0x0?, 0x0?}, 
0xc004903d40)
	github.com/evanw/esbuild/internal/resolver/resolver.go:842 +0x6f1 fp=0xc005abee50 sp=0xc005abeca0 pc=0x7ff656f510d1
github.com/evanw/esbuild/internal/resolver.(*Resolver).Resolve(0xc003e0c908, {0xc002652ac0, 0x36}, {0xc0029843f0, 
0x6e}, 0x1)
	github.com/evanw/esbuild/internal/resolver/resolver.go:572 +0x1a1a fp=0xc005abf220 sp=0xc005abee50 pc=0x7ff656f4ca9a
github.com/evanw/esbuild/internal/bundler.RunOnResolvePlugins({_, _, _}, _, {0xc002a749f0, 0xc0041a5848, 0xc0041a5860, 
0xc0041a5878, 0x3, 0xc002a749c0}, ...)
	github.com/evanw/esbuild/internal/bundler/bundler.go:1154 +0x36a fp=0xc005abf690 sp=0xc005abf220 pc=0x7ff656f80e0a
github.com/evanw/esbuild/pkg/api.loadPlugins.func2({0xc0029843f0, 0x6e}, {{0xc002611e00, 0x10}, {0x0, 0x0}, {0x0, 
0x0}, {0xc002652ac0, 0x36}, ...})
	github.com/evanw/esbuild/pkg/api/api_impl.go:2114 +0x4be fp=0xc005abfd18 sp=0xc005abf690 pc=0x7ff65703809e
main.(*serviceType).convertPlugins.func2.1(0x10f, 0xc002658c30)
	github.com/evanw/esbuild/cmd/esbuild/service.go:944 +0x665 fp=0xc005abff50 sp=0xc005abfd18 pc=0x7ff65707a885
main.(*serviceType).handleIncomingPacket.func4()
	github.com/evanw/esbuild/cmd/esbuild/service.go:262 +0xa4 fp=0xc005abffe0 sp=0xc005abff50 pc=0x7ff6570740a4
runtime.goexit({})
	runtime/asm_amd64.s:1693 +0x1 fp=0xc005abffe8 sp=0xc005abffe0 pc=0x7ff656bcf221
created by main.(*serviceType).handleIncomingPacket in goroutine 1
	github.com/evanw/esbuild/cmd/esbuild/service.go:257 +0x156e

goroutine 1536 gp=0xc00125a540 m=nil [chan send]:
runtime.gopark(0x0?, 0x0?, 0x0?, 0x0?, 0x0?)
	runtime/proc.go:460 +0xce fp=0xc0064cb128 sp=0xc0064cb108 pc=0x7ff656bc72ce
runtime.chansend(0xc000136000, 0x7ff6572b1690, 0x1, 0x0?)
	runtime/chan.go:283 +0x3cb fp=0xc0064cb198 sp=0xc0064cb128 pc=0x7ff656b5d58b
runtime.chansend1(0x0?, 0x0?)
	runtime/chan.go:161 +0x17 fp=0xc0064cb1c8 sp=0xc0064cb198 pc=0x7ff656b5d1b7
github.com/evanw/esbuild/internal/fs.BeforeFileOpen(...)
	github.com/evanw/esbuild/internal/fs/fs.go:245
github.com/evanw/esbuild/internal/fs.(*realFS).readdir(0xc0000da080, {0xc000846370, 0x43})
	github.com/evanw/esbuild/internal/fs/fs_real.go:351 +0x6c fp=0xc0064cb260 sp=0xc0064cb1c8 pc=0x7ff656c9c32c
github.com/evanw/esbuild/internal/fs.(*realFS).ReadDirectory(0xc0000da080, {0xc000846370, 0x43})
	github.com/evanw/esbuild/internal/fs/fs_real.go:146 +0x177 fp=0xc0064cb3f0 sp=0xc0064cb260 pc=0x7ff656c9a637
github.com/evanw/esbuild/internal/fs.(*zipFS).ReadDirectory(0xc0000a6120, {0xc000846370, 0x43})
	github.com/evanw/esbuild/internal/fs/fs_zip.go:188 +0xbf fp=0xc0064cb530 sp=0xc0064cb3f0 pc=0x7ff656c9e7df
github.com/evanw/esbuild/internal/resolver.resolverQuery.dirInfoUncached({0xc003e0cd88?, 0xc0053ff270?, 0x0?, 0x43?}, 
{0xc000846370, 0x43})
	github.com/evanw/esbuild/internal/resolver/resolver.go:1547 +0x11b fp=0xc0064cb810 sp=0xc0064cb530 pc=0x7ff656f5841b
github.com/evanw/esbuild/internal/resolver.resolverQuery.dirInfoCached({0xc003e0cd88?, 0xc0053ff270?, 0x0?, 0x9e?}, 
{0xc000846370, 0x43})
	github.com/evanw/esbuild/internal/resolver/resolver.go:1174 +0xee fp=0xc0064cb918 sp=0xc0064cb810 pc=0x7ff656f5420e
github.com/evanw/esbuild/internal/resolver.resolverQuery.dirInfoUncached({0xc003e0cd88?, 0xc0053ff270?, 0x0?, 0x48?}, 
{0xc000846320, 0x48})
	github.com/evanw/esbuild/internal/resolver/resolver.go:1538 +0xe5 fp=0xc0064cbbf8 sp=0xc0064cb918 pc=0x7ff656f583e5
github.com/evanw/esbuild/internal/resolver.resolverQuery.dirInfoCached({0xc003e0cd88?, 0xc0053ff270?, 0x0?, 0x9e?}, 
{0xc000846320, 0x48})
	github.com/evanw/esbuild/internal/resolver/resolver.go:1174 +0xee fp=0xc0064cbd00 sp=0xc0064cbbf8 pc=0x7ff656f5420e
github.com/evanw/esbuild/internal/resolver.resolverQuery.dirInfoUncached({0xc003e0cd88?, 0xc0053ff270?, 0x0?, 0x4d?}, 
{0xc0008462d0, 0x4d})
	github.com/evanw/esbuild/internal/resolver/resolver.go:1538 +0xe5 fp=0xc0064cbfe0 sp=0xc0064cbd00 pc=0x7ff656f583e5
github.com/evanw/esbuild/internal/resolver.resolverQuery.dirInfoCached({0xc003e0cd88?, 0xc0053ff270?, 0x0?, 0x2f?}, 
{0xc0008462d0, 0x4d})
	github.com/evanw/esbuild/internal/resolver/resolver.go:1174 +0xee fp=0xc0064cc0e8 sp=0xc0064cbfe0 pc=0x7ff656f5420e
github.com/evanw/esbuild/internal/resolver.resolverQuery.dirInfoUncached({0xc003e0cd88?, 0xc0053ff270?, 0x0?, 0x51?}, 
{0xc006902d20, 0x51})
	github.com/evanw/esbuild/internal/resolver/resolver.go:1538 +0xe5 fp=0xc0064cc3c8 sp=0xc0064cc0e8 pc=0x7ff656f583e5
github.com/evanw/esbuild/internal/resolver.resolverQuery.dirInfoCached({0xc003e0cd88?, 0xc0053ff270?, 0x0?, 0x0?}, 
{0xc006902d20, 0x51})
	github.com/evanw/esbuild/internal/resolver/resolver.go:1174 +0xee fp=0xc0064cc4d0 sp=0xc0064cc3c8 pc=0x7ff656f5420e
github.com/evanw/esbuild/internal/resolver.resolverQuery.dirInfoUncached({0xc003e0cd88?, 0xc0053ff270?, 0x0?, 0x5a?}, 
{0xc006902cc0, 0x5a})
	github.com/evanw/esbuild/internal/resolver/resolver.go:1538 +0xe5 fp=0xc0064cc7b0 sp=0xc0064cc4d0 pc=0x7ff656f583e5
github.com/evanw/esbuild/internal/resolver.resolverQuery.dirInfoCached({0xc003e0cd88?, 0xc0053ff270?, 0x0?, 0x78?}, 
{0xc006902cc0, 0x5a})
	github.com/evanw/esbuild/internal/resolver/resolver.go:1174 +0xee fp=0xc0064cc8b8 sp=0xc0064cc7b0 pc=0x7ff656f5420e
github.com/evanw/esbuild/internal/resolver.resolverQuery.dirInfoUncached({0xc003e0cd88?, 0xc0053ff270?, 0x0?, 0x64?}, 
{0xc002a141c0, 0x64})
	github.com/evanw/esbuild/internal/resolver/resolver.go:1538 +0xe5 fp=0xc0064ccb98 sp=0xc0064cc8b8 pc=0x7ff656f583e5
github.com/evanw/esbuild/internal/resolver.resolverQuery.dirInfoCached({0xc003e0cd88?, 0xc0053ff270?, 0x0?, 0x70?}, 
{0xc002a141c0, 0x64})
	github.com/evanw/esbuild/internal/resolver/resolver.go:1174 +0xee fp=0xc0064ccca0 sp=0xc0064ccb98 pc=0x7ff656f5420e
github.com/evanw/esbuild/internal/resolver.resolverQuery.finalizeResolve({0xc003e0cd88?, 0xc0053ff270?, 0x0?, 0x0?}, 
0xc003c1ed80)
	github.com/evanw/esbuild/internal/resolver/resolver.go:842 +0x6f1 fp=0xc0064cce50 sp=0xc0064ccca0 pc=0x7ff656f510d1
github.com/evanw/esbuild/internal/resolver.(*Resolver).Resolve(0xc003e0cd88, {0xc002652b00, 0x36}, {0xc003907880, 
0x71}, 0x1)
	github.com/evanw/esbuild/internal/resolver/resolver.go:572 +0x1a1a fp=0xc0064cd220 sp=0xc0064cce50 pc=0x7ff656f4ca9a
github.com/evanw/esbuild/internal/bundler.RunOnResolvePlugins({_, _, _}, _, {0xc002a74b10, 0xc0041a58d8, 0xc0041a5920, 
0xc0041a5968, 0x3, 0xc002a74ae0}, ...)
	github.com/evanw/esbuild/internal/bundler/bundler.go:1154 +0x36a fp=0xc0064cd690 sp=0xc0064cd220 pc=0x7ff656f80e0a
github.com/evanw/esbuild/pkg/api.loadPlugins.func2({0xc003907880, 0x71}, {{0xc002611e60, 0x10}, {0x0, 0x0}, {0x0, 
0x0}, {0xc002652b00, 0x36}, ...})
	github.com/evanw/esbuild/pkg/api/api_impl.go:2114 +0x4be fp=0xc0064cdd18 sp=0xc0064cd690 pc=0x7ff65703809e
main.(*serviceType).convertPlugins.func2.1(0x110, 0xc002658d80)
	github.com/evanw/esbuild/cmd/esbuild/service.go:944 +0x665 fp=0xc0064cdf50 sp=0xc0064cdd18 pc=0x7ff65707a885
main.(*serviceType).handleIncomingPacket.func4()
	github.com/evanw/esbuild/cmd/esbuild/service.go:262 +0xa4 fp=0xc0064cdfe0 sp=0xc0064cdf50 pc=0x7ff6570740a4
runtime.goexit({})
	runtime/asm_amd64.s:1693 +0x1 fp=0xc0064cdfe8 sp=0xc0064cdfe0 pc=0x7ff656bcf221
created by main.(*serviceType).handleIncomingPacket in goroutine 1
	github.com/evanw/esbuild/cmd/esbuild/service.go:257 +0x156e

goroutine 1537 gp=0xc00125a700 m=nil [chan send]:
runtime.gopark(0xc006310540?, 0x0?, 0xf8?, 0xd7?, 0xc?)
	runtime/proc.go:460 +0xce fp=0xc00648d128 sp=0xc00648d108 pc=0x7ff656bc72ce
runtime.chansend(0xc000136000, 0x7ff6572b1690, 0x1, 0x0?)
	runtime/chan.go:283 +0x3cb fp=0xc00648d198 sp=0xc00648d128 pc=0x7ff656b5d58b
runtime.chansend1(0x0?, 0x0?)
	runtime/chan.go:161 +0x17 fp=0xc00648d1c8 sp=0xc00648d198 pc=0x7ff656b5d1b7
github.com/evanw/esbuild/internal/fs.BeforeFileOpen(...)
	github.com/evanw/esbuild/internal/fs/fs.go:245
github.com/evanw/esbuild/internal/fs.(*realFS).readdir(0xc0000da080, {0xc0011845a0, 0x43})
	github.com/evanw/esbuild/internal/fs/fs_real.go:351 +0x6c fp=0xc00648d260 sp=0xc00648d1c8 pc=0x7ff656c9c32c
github.com/evanw/esbuild/internal/fs.(*realFS).ReadDirectory(0xc0000da080, {0xc0011845a0, 0x43})
	github.com/evanw/esbuild/internal/fs/fs_real.go:146 +0x177 fp=0xc00648d3f0 sp=0xc00648d260 pc=0x7ff656c9a637
github.com/evanw/esbuild/internal/fs.(*zipFS).ReadDirectory(0xc0000a6120, {0xc0011845a0, 0x43})
	github.com/evanw/esbuild/internal/fs/fs_zip.go:188 +0xbf fp=0xc00648d530 sp=0xc00648d3f0 pc=0x7ff656c9e7df
github.com/evanw/esbuild/internal/resolver.resolverQuery.dirInfoUncached({0xc003e0d208?, 0xc005d67d60?, 0x0?, 0x43?}, 
{0xc0011845a0, 0x43})
	github.com/evanw/esbuild/internal/resolver/resolver.go:1547 +0x11b fp=0xc00648d810 sp=0xc00648d530 pc=0x7ff656f5841b
github.com/evanw/esbuild/internal/resolver.resolverQuery.dirInfoCached({0xc003e0d208?, 0xc005d67d60?, 0x0?, 0x9e?}, 
{0xc0011845a0, 0x43})
	github.com/evanw/esbuild/internal/resolver/resolver.go:1174 +0xee fp=0xc00648d918 sp=0xc00648d810 pc=0x7ff656f5420e
github.com/evanw/esbuild/internal/resolver.resolverQuery.dirInfoUncached({0xc003e0d208?, 0xc005d67d60?, 0x0?, 0x48?}, 
{0xc001184550, 0x48})
	github.com/evanw/esbuild/internal/resolver/resolver.go:1538 +0xe5 fp=0xc00648dbf8 sp=0xc00648d918 pc=0x7ff656f583e5
github.com/evanw/esbuild/internal/resolver.resolverQuery.dirInfoCached({0xc003e0d208?, 0xc005d67d60?, 0x0?, 0x9e?}, 
{0xc001184550, 0x48})
	github.com/evanw/esbuild/internal/resolver/resolver.go:1174 +0xee fp=0xc00648dd00 sp=0xc00648dbf8 pc=0x7ff656f5420e
github.com/evanw/esbuild/internal/resolver.resolverQuery.dirInfoUncached({0xc003e0d208?, 0xc005d67d60?, 0x0?, 0x4d?}, 
{0xc0011844b0, 0x4d})
	github.com/evanw/esbuild/internal/resolver/resolver.go:1538 +0xe5 fp=0xc00648dfe0 sp=0xc00648dd00 pc=0x7ff656f583e5
github.com/evanw/esbuild/internal/resolver.resolverQuery.dirInfoCached({0xc003e0d208?, 0xc005d67d60?, 0x0?, 0x2f?}, 
{0xc0011844b0, 0x4d})
	github.com/evanw/esbuild/internal/resolver/resolver.go:1174 +0xee fp=0xc00648e0e8 sp=0xc00648dfe0 pc=0x7ff656f5420e
github.com/evanw/esbuild/internal/resolver.resolverQuery.dirInfoUncached({0xc003e0d208?, 0xc005d67d60?, 0x0?, 0x51?}, 
{0xc0065a9620, 0x51})
	github.com/evanw/esbuild/internal/resolver/resolver.go:1538 +0xe5 fp=0xc00648e3c8 sp=0xc00648e0e8 pc=0x7ff656f583e5
github.com/evanw/esbuild/internal/resolver.resolverQuery.dirInfoCached({0xc003e0d208?, 0xc005d67d60?, 0x0?, 0x0?}, 
{0xc0065a9620, 0x51})
	github.com/evanw/esbuild/internal/resolver/resolver.go:1174 +0xee fp=0xc00648e4d0 sp=0xc00648e3c8 pc=0x7ff656f5420e
github.com/evanw/esbuild/internal/resolver.resolverQuery.dirInfoUncached({0xc003e0d208?, 0xc005d67d60?, 0x0?, 0x5a?}, 
{0xc0065a95c0, 0x5a})
	github.com/evanw/esbuild/internal/resolver/resolver.go:1538 +0xe5 fp=0xc00648e7b0 sp=0xc00648e4d0 pc=0x7ff656f583e5
github.com/evanw/esbuild/internal/resolver.resolverQuery.dirInfoCached({0xc003e0d208?, 0xc005d67d60?, 0x0?, 0x78?}, 
{0xc0065a95c0, 0x5a})
	github.com/evanw/esbuild/internal/resolver/resolver.go:1174 +0xee fp=0xc00648e8b8 sp=0xc00648e7b0 pc=0x7ff656f5420e
github.com/evanw/esbuild/internal/resolver.resolverQuery.dirInfoUncached({0xc003e0d208?, 0xc005d67d60?, 0x0?, 0x64?}, 
{0xc005e89d50, 0x64})
	github.com/evanw/esbuild/internal/resolver/resolver.go:1538 +0xe5 fp=0xc00648eb98 sp=0xc00648e8b8 pc=0x7ff656f583e5
github.com/evanw/esbuild/internal/resolver.resolverQuery.dirInfoCached({0xc003e0d208?, 0xc005d67d60?, 0x0?, 0x60?}, 
{0xc005e89d50, 0x64})
	github.com/evanw/esbuild/internal/resolver/resolver.go:1174 +0xee fp=0xc00648eca0 sp=0xc00648eb98 pc=0x7ff656f5420e
github.com/evanw/esbuild/internal/resolver.resolverQuery.finalizeResolve({0xc003e0d208?, 0xc005d67d60?, 0x0?, 0x0?}, 
0xc0048087e0)
	github.com/evanw/esbuild/internal/resolver/resolver.go:842 +0x6f1 fp=0xc00648ee50 sp=0xc00648eca0 pc=0x7ff656f510d1
github.com/evanw/esbuild/internal/resolver.(*Resolver).Resolve(0xc003e0d208, {0xc002652b40, 0x36}, {0xc003907900, 
0x72}, 0x1)
	github.com/evanw/esbuild/internal/resolver/resolver.go:572 +0x1a1a fp=0xc00648f220 sp=0xc00648ee50 pc=0x7ff656f4ca9a
github.com/evanw/esbuild/internal/bundler.RunOnResolvePlugins({_, _, _}, _, {0xc002a74c30, 0xc0041a59b0, 0xc0041a59e0, 
0xc0041a59f8, 0x3, 0xc002a74c00}, ...)
	github.com/evanw/esbuild/internal/bundler/bundler.go:1154 +0x36a fp=0xc00648f690 sp=0xc00648f220 pc=0x7ff656f80e0a
github.com/evanw/esbuild/pkg/api.loadPlugins.func2({0xc003907900, 0x72}, {{0xc002611f00, 0x10}, {0x0, 0x0}, {0x0, 
0x0}, {0xc002652b40, 0x36}, ...})
	github.com/evanw/esbuild/pkg/api/api_impl.go:2114 +0x4be fp=0xc00648fd18 sp=0xc00648f690 pc=0x7ff65703809e
main.(*serviceType).convertPlugins.func2.1(0x111, 0xc002658de0)
	github.com/evanw/esbuild/cmd/esbuild/service.go:944 +0x665 fp=0xc00648ff50 sp=0xc00648fd18 pc=0x7ff65707a885
main.(*serviceType).handleIncomingPacket.func4()
	github.com/evanw/esbuild/cmd/esbuild/service.go:262 +0xa4 fp=0xc00648ffe0 sp=0xc00648ff50 pc=0x7ff6570740a4
runtime.goexit({})
	runtime/asm_amd64.s:1693 +0x1 fp=0xc00648ffe8 sp=0xc00648ffe0 pc=0x7ff656bcf221
created by main.(*serviceType).handleIncomingPacket in goroutine 1
	github.com/evanw/esbuild/cmd/esbuild/service.go:257 +0x156e

goroutine 1538 gp=0xc00125a8c0 m=nil [chan send]:
runtime.gopark(0xc00644bb24?, 0xb?, 0x78?, 0xe3?, 0x14?)
	runtime/proc.go:460 +0xce fp=0xc006433128 sp=0xc006433108 pc=0x7ff656bc72ce
runtime.chansend(0xc000136000, 0x7ff6572b1690, 0x1, 0x8?)
	runtime/chan.go:283 +0x3cb fp=0xc006433198 sp=0xc006433128 pc=0x7ff656b5d58b
runtime.chansend1(0xc00644bba0?, 0xa?)
	runtime/chan.go:161 +0x17 fp=0xc0064331c8 sp=0xc006433198 pc=0x7ff656b5d1b7
github.com/evanw/esbuild/internal/fs.BeforeFileOpen(...)
	github.com/evanw/esbuild/internal/fs/fs.go:245
github.com/evanw/esbuild/internal/fs.(*realFS).readdir(0xc0000da080, {0xc000846190, 0x43})
	github.com/evanw/esbuild/internal/fs/fs_real.go:351 +0x6c fp=0xc006433260 sp=0xc0064331c8 pc=0x7ff656c9c32c
github.com/evanw/esbuild/internal/fs.(*realFS).ReadDirectory(0xc0000da080, {0xc000846190, 0x43})
	github.com/evanw/esbuild/internal/fs/fs_real.go:146 +0x177 fp=0xc0064333f0 sp=0xc006433260 pc=0x7ff656c9a637
github.com/evanw/esbuild/internal/fs.(*zipFS).ReadDirectory(0xc0000a6120, {0xc000846190, 0x43})
	github.com/evanw/esbuild/internal/fs/fs_zip.go:188 +0xbf fp=0xc006433530 sp=0xc0064333f0 pc=0x7ff656c9e7df
github.com/evanw/esbuild/internal/resolver.resolverQuery.dirInfoUncached({0xc003e0d688?, 0xc0032daf00?, 0x0?, 0x43?}, 
{0xc000846190, 0x43})
	github.com/evanw/esbuild/internal/resolver/resolver.go:1547 +0x11b fp=0xc006433810 sp=0xc006433530 pc=0x7ff656f5841b
github.com/evanw/esbuild/internal/resolver.resolverQuery.dirInfoCached({0xc003e0d688?, 0xc0032daf00?, 0x0?, 0x9e?}, 
{0xc000846190, 0x43})
	github.com/evanw/esbuild/internal/resolver/resolver.go:1174 +0xee fp=0xc006433918 sp=0xc006433810 pc=0x7ff656f5420e
github.com/evanw/esbuild/internal/resolver.resolverQuery.dirInfoUncached({0xc003e0d688?, 0xc0032daf00?, 0x0?, 0x48?}, 
{0xc000846140, 0x48})
	github.com/evanw/esbuild/internal/resolver/resolver.go:1538 +0xe5 fp=0xc006433bf8 sp=0xc006433918 pc=0x7ff656f583e5
github.com/evanw/esbuild/internal/resolver.resolverQuery.dirInfoCached({0xc003e0d688?, 0xc0032daf00?, 0x0?, 0x9e?}, 
{0xc000846140, 0x48})
	github.com/evanw/esbuild/internal/resolver/resolver.go:1174 +0xee fp=0xc006433d00 sp=0xc006433bf8 pc=0x7ff656f5420e
github.com/evanw/esbuild/internal/resolver.resolverQuery.dirInfoUncached({0xc003e0d688?, 0xc0032daf00?, 0x0?, 0x4d?}, 
{0xc0008460a0, 0x4d})
	github.com/evanw/esbuild/internal/resolver/resolver.go:1538 +0xe5 fp=0xc006433fe0 sp=0xc006433d00 pc=0x7ff656f583e5
github.com/evanw/esbuild/internal/resolver.resolverQuery.dirInfoCached({0xc003e0d688?, 0xc0032daf00?, 0x0?, 0x2f?}, 
{0xc0008460a0, 0x4d})
	github.com/evanw/esbuild/internal/resolver/resolver.go:1174 +0xee fp=0xc0064340e8 sp=0xc006433fe0 pc=0x7ff656f5420e
github.com/evanw/esbuild/internal/resolver.resolverQuery.dirInfoUncached({0xc003e0d688?, 0xc0032daf00?, 0x0?, 0x51?}, 
{0xc006902b40, 0x51})
	github.com/evanw/esbuild/internal/resolver/resolver.go:1538 +0xe5 fp=0xc0064343c8 sp=0xc0064340e8 pc=0x7ff656f583e5
github.com/evanw/esbuild/internal/resolver.resolverQuery.dirInfoCached({0xc003e0d688?, 0xc0032daf00?, 0x0?, 0x0?}, 
{0xc006902b40, 0x51})
	github.com/evanw/esbuild/internal/resolver/resolver.go:1174 +0xee fp=0xc0064344d0 sp=0xc0064343c8 pc=0x7ff656f5420e
github.com/evanw/esbuild/internal/resolver.resolverQuery.dirInfoUncached({0xc003e0d688?, 0xc0032daf00?, 0x0?, 0x5a?}, 
{0xc006902ae0, 0x5a})
	github.com/evanw/esbuild/internal/resolver/resolver.go:1538 +0xe5 fp=0xc0064347b0 sp=0xc0064344d0 pc=0x7ff656f583e5
github.com/evanw/esbuild/internal/resolver.resolverQuery.dirInfoCached({0xc003e0d688?, 0xc0032daf00?, 0x0?, 0x78?}, 
{0xc006902ae0, 0x5a})
	github.com/evanw/esbuild/internal/resolver/resolver.go:1174 +0xee fp=0xc0064348b8 sp=0xc0064347b0 pc=0x7ff656f5420e
github.com/evanw/esbuild/internal/resolver.resolverQuery.dirInfoUncached({0xc003e0d688?, 0xc0032daf00?, 0x0?, 0x64?}, 
{0xc002a14070, 0x64})
	github.com/evanw/esbuild/internal/resolver/resolver.go:1538 +0xe5 fp=0xc006434b98 sp=0xc0064348b8 pc=0x7ff656f583e5
github.com/evanw/esbuild/internal/resolver.resolverQuery.dirInfoCached({0xc003e0d688?, 0xc0032daf00?, 0x0?, 0x0?}, 
{0xc002a14070, 0x64})
	github.com/evanw/esbuild/internal/resolver/resolver.go:1174 +0xee fp=0xc006434ca0 sp=0xc006434b98 pc=0x7ff656f5420e
github.com/evanw/esbuild/internal/resolver.resolverQuery.finalizeResolve({0xc003e0d688?, 0xc0032daf00?, 0x0?, 0x0?}, 
0xc003c1eb40)
	github.com/evanw/esbuild/internal/resolver/resolver.go:842 +0x6f1 fp=0xc006434e50 sp=0xc006434ca0 pc=0x7ff656f510d1
github.com/evanw/esbuild/internal/resolver.(*Resolver).Resolve(0xc003e0d688, {0xc002652b80, 0x36}, {0xc003907980, 
0x71}, 0x1)
	github.com/evanw/esbuild/internal/resolver/resolver.go:572 +0x1a1a fp=0xc006435220 sp=0xc006434e50 pc=0x7ff656f4ca9a
github.com/evanw/esbuild/internal/bundler.RunOnResolvePlugins({_, _, _}, _, {0xc002a74d80, 0xc0041a5a70, 0xc0041a5a88, 
0xc0041a5aa0, 0x3, 0xc002a74d50}, ...)
	github.com/evanw/esbuild/internal/bundler/bundler.go:1154 +0x36a fp=0xc006435690 sp=0xc006435220 pc=0x7ff656f80e0a
github.com/evanw/esbuild/pkg/api.loadPlugins.func2({0xc003907980, 0x71}, {{0xc002611f70, 0x10}, {0x0, 0x0}, {0x0, 
0x0}, {0xc002652b80, 0x36}, ...})
	github.com/evanw/esbuild/pkg/api/api_impl.go:2114 +0x4be fp=0xc006435d18 sp=0xc006435690 pc=0x7ff65703809e
main.(*serviceType).convertPlugins.func2.1(0x112, 0xc002658e40)
	github.com/evanw/esbuild/cmd/esbuild/service.go:944 +0x665 fp=0xc006435f50 sp=0xc006435d18 pc=0x7ff65707a885
main.(*serviceType).handleIncomingPacket.func4()
	github.com/evanw/esbuild/cmd/esbuild/service.go:262 +0xa4 fp=0xc006435fe0 sp=0xc006435f50 pc=0x7ff6570740a4
runtime.goexit({})
	runtime/asm_amd64.s:1693 +0x1 fp=0xc006435fe8 sp=0xc006435fe0 pc=0x7ff656bcf221
created by main.(*serviceType).handleIncomingPacket in goroutine 1
	github.com/evanw/esbuild/cmd/esbuild/service.go:257 +0x156e

goroutine 1539 gp=0xc00125aa80 m=nil [chan send]:
runtime.gopark(0x0?, 0x0?, 0x0?, 0x0?, 0x0?)
	runtime/proc.go:460 +0xce fp=0xc004e0f128 sp=0xc004e0f108 pc=0x7ff656bc72ce
runtime.chansend(0xc000136000, 0x7ff6572b1690, 0x1, 0x0?)
	runtime/chan.go:283 +0x3cb fp=0xc004e0f198 sp=0xc004e0f128 pc=0x7ff656b5d58b
runtime.chansend1(0x0?, 0x0?)
	runtime/chan.go:161 +0x17 fp=0xc004e0f1c8 sp=0xc004e0f198 pc=0x7ff656b5d1b7
github.com/evanw/esbuild/internal/fs.BeforeFileOpen(...)
	github.com/evanw/esbuild/internal/fs/fs.go:245
github.com/evanw/esbuild/internal/fs.(*realFS).readdir(0xc0000da080, {0xc006085ea0, 0x43})
	github.com/evanw/esbuild/internal/fs/fs_real.go:351 +0x6c fp=0xc004e0f260 sp=0xc004e0f1c8 pc=0x7ff656c9c32c
github.com/evanw/esbuild/internal/fs.(*realFS).ReadDirectory(0xc0000da080, {0xc006085ea0, 0x43})
	github.com/evanw/esbuild/internal/fs/fs_real.go:146 +0x177 fp=0xc004e0f3f0 sp=0xc004e0f260 pc=0x7ff656c9a637
github.com/evanw/esbuild/internal/fs.(*zipFS).ReadDirectory(0xc0000a6120, {0xc006085ea0, 0x43})
	github.com/evanw/esbuild/internal/fs/fs_zip.go:188 +0xbf fp=0xc004e0f530 sp=0xc004e0f3f0 pc=0x7ff656c9e7df
github.com/evanw/esbuild/internal/resolver.resolverQuery.dirInfoUncached({0xc003e0db08?, 0xc005f96140?, 0x0?, 0x43?}, 
{0xc006085ea0, 0x43})
	github.com/evanw/esbuild/internal/resolver/resolver.go:1547 +0x11b fp=0xc004e0f810 sp=0xc004e0f530 pc=0x7ff656f5841b
github.com/evanw/esbuild/internal/resolver.resolverQuery.dirInfoCached({0xc003e0db08?, 0xc005f96140?, 0x0?, 0x9e?}, 
{0xc006085ea0, 0x43})
	github.com/evanw/esbuild/internal/resolver/resolver.go:1174 +0xee fp=0xc004e0f918 sp=0xc004e0f810 pc=0x7ff656f5420e
github.com/evanw/esbuild/internal/resolver.resolverQuery.dirInfoUncached({0xc003e0db08?, 0xc005f96140?, 0x0?, 0x48?}, 
{0xc006085e50, 0x48})
	github.com/evanw/esbuild/internal/resolver/resolver.go:1538 +0xe5 fp=0xc004e0fbf8 sp=0xc004e0f918 pc=0x7ff656f583e5
github.com/evanw/esbuild/internal/resolver.resolverQuery.dirInfoCached({0xc003e0db08?, 0xc005f96140?, 0x0?, 0x9e?}, 
{0xc006085e50, 0x48})
	github.com/evanw/esbuild/internal/resolver/resolver.go:1174 +0xee fp=0xc004e0fd00 sp=0xc004e0fbf8 pc=0x7ff656f5420e
github.com/evanw/esbuild/internal/resolver.resolverQuery.dirInfoUncached({0xc003e0db08?, 0xc005f96140?, 0x0?, 0x4d?}, 
{0xc006085e00, 0x4d})
	github.com/evanw/esbuild/internal/resolver/resolver.go:1538 +0xe5 fp=0xc004e0ffe0 sp=0xc004e0fd00 pc=0x7ff656f583e5
github.com/evanw/esbuild/internal/resolver.resolverQuery.dirInfoCached({0xc003e0db08?, 0xc005f96140?, 0x0?, 0x2f?}, 
{0xc006085e00, 0x4d})
	github.com/evanw/esbuild/internal/resolver/resolver.go:1174 +0xee fp=0xc004e100e8 sp=0xc004e0ffe0 pc=0x7ff656f5420e
github.com/evanw/esbuild/internal/resolver.resolverQuery.dirInfoUncached({0xc003e0db08?, 0xc005f96140?, 0x0?, 0x51?}, 
{0xc001a61ec0, 0x51})
	github.com/evanw/esbuild/internal/resolver/resolver.go:1538 +0xe5 fp=0xc004e103c8 sp=0xc004e100e8 pc=0x7ff656f583e5
github.com/evanw/esbuild/internal/resolver.resolverQuery.dirInfoCached({0xc003e0db08?, 0xc005f96140?, 0x0?, 0x0?}, 
{0xc001a61ec0, 0x51})
	github.com/evanw/esbuild/internal/resolver/resolver.go:1174 +0xee fp=0xc004e104d0 sp=0xc004e103c8 pc=0x7ff656f5420e
github.com/evanw/esbuild/internal/resolver.resolverQuery.dirInfoUncached({0xc003e0db08?, 0xc005f96140?, 0x0?, 0x5a?}, 
{0xc001a61e60, 0x5a})
	github.com/evanw/esbuild/internal/resolver/resolver.go:1538 +0xe5 fp=0xc004e107b0 sp=0xc004e104d0 pc=0x7ff656f583e5
github.com/evanw/esbuild/internal/resolver.resolverQuery.dirInfoCached({0xc003e0db08?, 0xc005f96140?, 0x0?, 0x48?}, 
{0xc001a61e60, 0x5a})
	github.com/evanw/esbuild/internal/resolver/resolver.go:1174 +0xee fp=0xc004e108b8 sp=0xc004e107b0 pc=0x7ff656f5420e
github.com/evanw/esbuild/internal/resolver.resolverQuery.dirInfoUncached({0xc003e0db08?, 0xc005f96140?, 0x0?, 0x64?}, 
{0xc003a0a540, 0x64})
	github.com/evanw/esbuild/internal/resolver/resolver.go:1538 +0xe5 fp=0xc004e10b98 sp=0xc004e108b8 pc=0x7ff656f583e5
github.com/evanw/esbuild/internal/resolver.resolverQuery.dirInfoCached({0xc003e0db08?, 0xc005f96140?, 0x0?, 0x40?}, 
{0xc003a0a540, 0x64})
	github.com/evanw/esbuild/internal/resolver/resolver.go:1174 +0xee fp=0xc004e10ca0 sp=0xc004e10b98 pc=0x7ff656f5420e
github.com/evanw/esbuild/internal/resolver.resolverQuery.finalizeResolve({0xc003e0db08?, 0xc005f96140?, 0x0?, 0x0?}, 
0xc004874480)
	github.com/evanw/esbuild/internal/resolver/resolver.go:842 +0x6f1 fp=0xc004e10e50 sp=0xc004e10ca0 pc=0x7ff656f510d1
github.com/evanw/esbuild/internal/resolver.(*Resolver).Resolve(0xc003e0db08, {0xc002652c00, 0x36}, {0xc002984460, 
0x6c}, 0x1)
	github.com/evanw/esbuild/internal/resolver/resolver.go:572 +0x1a1a fp=0xc004e11220 sp=0xc004e10e50 pc=0x7ff656f4ca9a
github.com/evanw/esbuild/internal/bundler.RunOnResolvePlugins({_, _, _}, _, {0xc002a74ea0, 0xc0041a5b18, 0xc0041a5b30, 
0xc0041a5b48, 0x3, 0xc002a74e70}, ...)
	github.com/evanw/esbuild/internal/bundler/bundler.go:1154 +0x36a fp=0xc004e11690 sp=0xc004e11220 pc=0x7ff656f80e0a
github.com/evanw/esbuild/pkg/api.loadPlugins.func2({0xc002984460, 0x6c}, {{0xc001cb4010, 0x10}, {0x0, 0x0}, {0x0, 
0x0}, {0xc002652c00, 0x36}, ...})
	github.com/evanw/esbuild/pkg/api/api_impl.go:2114 +0x4be fp=0xc004e11d18 sp=0xc004e11690 pc=0x7ff65703809e
main.(*serviceType).convertPlugins.func2.1(0x113, 0xc002658f00)
	github.com/evanw/esbuild/cmd/esbuild/service.go:944 +0x665 fp=0xc004e11f50 sp=0xc004e11d18 pc=0x7ff65707a885
main.(*serviceType).handleIncomingPacket.func4()
	github.com/evanw/esbuild/cmd/esbuild/service.go:262 +0xa4 fp=0xc004e11fe0 sp=0xc004e11f50 pc=0x7ff6570740a4
runtime.goexit({})
	runtime/asm_amd64.s:1693 +0x1 fp=0xc004e11fe8 sp=0xc004e11fe0 pc=0x7ff656bcf221
created by main.(*serviceType).handleIncomingPacket in goroutine 1
	github.com/evanw/esbuild/cmd/esbuild/service.go:257 +0x156e

goroutine 1540 gp=0xc00125ac40 m=nil [chan send]:
runtime.gopark(0x0?, 0x0?, 0x0?, 0x0?, 0x0?)
	runtime/proc.go:460 +0xce fp=0xc00652d128 sp=0xc00652d108 pc=0x7ff656bc72ce
runtime.chansend(0xc000136000, 0x7ff6572b1690, 0x1, 0x0?)
	runtime/chan.go:283 +0x3cb fp=0xc00652d198 sp=0xc00652d128 pc=0x7ff656b5d58b
runtime.chansend1(0x0?, 0x0?)
	runtime/chan.go:161 +0x17 fp=0xc00652d1c8 sp=0xc00652d198 pc=0x7ff656b5d1b7
github.com/evanw/esbuild/internal/fs.BeforeFileOpen(...)
	github.com/evanw/esbuild/internal/fs/fs.go:245
github.com/evanw/esbuild/internal/fs.(*realFS).readdir(0xc0000da080, {0xc006085d60, 0x43})
	github.com/evanw/esbuild/internal/fs/fs_real.go:351 +0x6c fp=0xc00652d260 sp=0xc00652d1c8 pc=0x7ff656c9c32c
github.com/evanw/esbuild/internal/fs.(*realFS).ReadDirectory(0xc0000da080, {0xc006085d60, 0x43})
	github.com/evanw/esbuild/internal/fs/fs_real.go:146 +0x177 fp=0xc00652d3f0 sp=0xc00652d260 pc=0x7ff656c9a637
github.com/evanw/esbuild/internal/fs.(*zipFS).ReadDirectory(0xc0000a6120, {0xc006085d60, 0x43})
	github.com/evanw/esbuild/internal/fs/fs_zip.go:188 +0xbf fp=0xc00652d530 sp=0xc00652d3f0 pc=0x7ff656c9e7df
github.com/evanw/esbuild/internal/resolver.resolverQuery.dirInfoUncached({0xc003e1e008?, 0xc0035b5360?, 0x0?, 0x43?}, 
{0xc006085d60, 0x43})
	github.com/evanw/esbuild/internal/resolver/resolver.go:1547 +0x11b fp=0xc00652d810 sp=0xc00652d530 pc=0x7ff656f5841b
github.com/evanw/esbuild/internal/resolver.resolverQuery.dirInfoCached({0xc003e1e008?, 0xc0035b5360?, 0x0?, 0x9e?}, 
{0xc006085d60, 0x43})
	github.com/evanw/esbuild/internal/resolver/resolver.go:1174 +0xee fp=0xc00652d918 sp=0xc00652d810 pc=0x7ff656f5420e
github.com/evanw/esbuild/internal/resolver.resolverQuery.dirInfoUncached({0xc003e1e008?, 0xc0035b5360?, 0x0?, 0x48?}, 
{0xc006085d10, 0x48})
	github.com/evanw/esbuild/internal/resolver/resolver.go:1538 +0xe5 fp=0xc00652dbf8 sp=0xc00652d918 pc=0x7ff656f583e5
github.com/evanw/esbuild/internal/resolver.resolverQuery.dirInfoCached({0xc003e1e008?, 0xc0035b5360?, 0x0?, 0x9e?}, 
{0xc006085d10, 0x48})
	github.com/evanw/esbuild/internal/resolver/resolver.go:1174 +0xee fp=0xc00652dd00 sp=0xc00652dbf8 pc=0x7ff656f5420e
github.com/evanw/esbuild/internal/resolver.resolverQuery.dirInfoUncached({0xc003e1e008?, 0xc0035b5360?, 0x0?, 0x4d?}, 
{0xc006085cc0, 0x4d})
	github.com/evanw/esbuild/internal/resolver/resolver.go:1538 +0xe5 fp=0xc00652dfe0 sp=0xc00652dd00 pc=0x7ff656f583e5
github.com/evanw/esbuild/internal/resolver.resolverQuery.dirInfoCached({0xc003e1e008?, 0xc0035b5360?, 0x0?, 0x2f?}, 
{0xc006085cc0, 0x4d})
	github.com/evanw/esbuild/internal/resolver/resolver.go:1174 +0xee fp=0xc00652e0e8 sp=0xc00652dfe0 pc=0x7ff656f5420e
github.com/evanw/esbuild/internal/resolver.resolverQuery.dirInfoUncached({0xc003e1e008?, 0xc0035b5360?, 0x0?, 0x51?}, 
{0xc001a61e00, 0x51})
	github.com/evanw/esbuild/internal/resolver/resolver.go:1538 +0xe5 fp=0xc00652e3c8 sp=0xc00652e0e8 pc=0x7ff656f583e5
github.com/evanw/esbuild/internal/resolver.resolverQuery.dirInfoCached({0xc003e1e008?, 0xc0035b5360?, 0x0?, 0x0?}, 
{0xc001a61e00, 0x51})
	github.com/evanw/esbuild/internal/resolver/resolver.go:1174 +0xee fp=0xc00652e4d0 sp=0xc00652e3c8 pc=0x7ff656f5420e
github.com/evanw/esbuild/internal/resolver.resolverQuery.dirInfoUncached({0xc003e1e008?, 0xc0035b5360?, 0x0?, 0x5a?}, 
{0xc001a61da0, 0x5a})
	github.com/evanw/esbuild/internal/resolver/resolver.go:1538 +0xe5 fp=0xc00652e7b0 sp=0xc00652e4d0 pc=0x7ff656f583e5
github.com/evanw/esbuild/internal/resolver.resolverQuery.dirInfoCached({0xc003e1e008?, 0xc0035b5360?, 0x0?, 0x78?}, 
{0xc001a61da0, 0x5a})
	github.com/evanw/esbuild/internal/resolver/resolver.go:1174 +0xee fp=0xc00652e8b8 sp=0xc00652e7b0 pc=0x7ff656f5420e
github.com/evanw/esbuild/internal/resolver.resolverQuery.dirInfoUncached({0xc003e1e008?, 0xc0035b5360?, 0x0?, 0x64?}, 
{0xc003a0a3f0, 0x64})
	github.com/evanw/esbuild/internal/resolver/resolver.go:1538 +0xe5 fp=0xc00652eb98 sp=0xc00652e8b8 pc=0x7ff656f583e5
github.com/evanw/esbuild/internal/resolver.resolverQuery.dirInfoCached({0xc003e1e008?, 0xc0035b5360?, 0x0?, 0x60?}, 
{0xc003a0a3f0, 0x64})
	github.com/evanw/esbuild/internal/resolver/resolver.go:1174 +0xee fp=0xc00652eca0 sp=0xc00652eb98 pc=0x7ff656f5420e
github.com/evanw/esbuild/internal/resolver.resolverQuery.finalizeResolve({0xc003e1e008?, 0xc0035b5360?, 0x0?, 0x0?}, 
0xc0044c3c20)
	github.com/evanw/esbuild/internal/resolver/resolver.go:842 +0x6f1 fp=0xc00652ee50 sp=0xc00652eca0 pc=0x7ff656f510d1
github.com/evanw/esbuild/internal/resolver.(*Resolver).Resolve(0xc003e1e008, {0xc002652c40, 0x36}, {0xc003907a00, 
0x71}, 0x1)
	github.com/evanw/esbuild/internal/resolver/resolver.go:572 +0x1a1a fp=0xc00652f220 sp=0xc00652ee50 pc=0x7ff656f4ca9a
github.com/evanw/esbuild/internal/bundler.RunOnResolvePlugins({_, _, _}, _, {0xc002a74fc0, 0xc0041a5b78, 0xc0041a5b90, 
0xc0041a5ba8, 0x3, 0xc002a74f90}, ...)
	github.com/evanw/esbuild/internal/bundler/bundler.go:1154 +0x36a fp=0xc00652f690 sp=0xc00652f220 pc=0x7ff656f80e0a
github.com/evanw/esbuild/pkg/api.loadPlugins.func2({0xc003907a00, 0x71}, {{0xc001cb40c0, 0x10}, {0x0, 0x0}, {0x0, 
0x0}, {0xc002652c40, 0x36}, ...})
	github.com/evanw/esbuild/pkg/api/api_impl.go:2114 +0x4be fp=0xc00652fd18 sp=0xc00652f690 pc=0x7ff65703809e
main.(*serviceType).convertPlugins.func2.1(0x114, 0xc0026591a0)
	github.com/evanw/esbuild/cmd/esbuild/service.go:944 +0x665 fp=0xc00652ff50 sp=0xc00652fd18 pc=0x7ff65707a885
main.(*serviceType).handleIncomingPacket.func4()
	github.com/evanw/esbuild/cmd/esbuild/service.go:262 +0xa4 fp=0xc00652ffe0 sp=0xc00652ff50 pc=0x7ff6570740a4
runtime.goexit({})
	runtime/asm_amd64.s:1693 +0x1 fp=0xc00652ffe8 sp=0xc00652ffe0 pc=0x7ff656bcf221
created by main.(*serviceType).handleIncomingPacket in goroutine 1
	github.com/evanw/esbuild/cmd/esbuild/service.go:257 +0x156e

goroutine 1541 gp=0xc00125ae00 m=nil [chan send]:
runtime.gopark(0xc005f93f10?, 0xe?, 0xf0?, 0x23?, 0xc0000ca080?)
	runtime/proc.go:460 +0xce fp=0xc003e723b0 sp=0xc003e72390 pc=0x7ff656bc72ce
runtime.chansend(0xc000136000, 0x7ff6572b1690, 0x1, 0x7ff656c41ef0?)
	runtime/chan.go:283 +0x3cb fp=0xc003e72420 sp=0xc003e723b0 pc=0x7ff656b5d58b
runtime.chansend1(0xc0000ca080?, 0x7ff656c47445?)
	runtime/chan.go:161 +0x17 fp=0xc003e72450 sp=0xc003e72420 pc=0x7ff656b5d1b7
github.com/evanw/esbuild/internal/fs.BeforeFileOpen(...)
	github.com/evanw/esbuild/internal/fs/fs.go:245
github.com/evanw/esbuild/internal/fs.(*realFS).kind(0xc0000da080, {0xc0067a57a0?, 0xc003e72570?}, {0xc0045e7610?, 
0x7ff65714de40?})
	github.com/evanw/esbuild/internal/fs/fs_real.go:413 +0xb3 fp=0xc003e724f0 sp=0xc003e72450 pc=0x7ff656c9c793
github.com/evanw/esbuild/internal/fs.(*zipFS).kind(0xb?, {0xc0067a57a0?, 0x64?}, {0xc0045e7610?, 0xc003dee3b0?})
	github.com/evanw/esbuild/internal/fs/fs_zip.go:330 +0x28 fp=0xc003e72528 sp=0xc003e724f0 pc=0x7ff656c9fa08
github.com/evanw/esbuild/internal/fs.(*Entry).Kind(0xc003b6b940, {0x7ff6572bce40?, 0xc0000a6120?})
	github.com/evanw/esbuild/internal/fs/fs.go:37 +0xc3 fp=0xc003e72580 sp=0xc003e72528 pc=0x7ff656c97f83
github.com/evanw/esbuild/internal/resolver.resolverQuery.loadAsFile.func1({0xc002984535, 0xb})
	github.com/evanw/esbuild/internal/resolver/resolver.go:1759 +0x267 fp=0xc003e72670 sp=0xc003e72580 pc=0x7ff656f5ae67
github.com/evanw/esbuild/internal/resolver.resolverQuery.loadAsFile({0xc003e1e488?, 0xc002a9fa90?, 0x0?, 0x6b?}, 
{0xc0029844d0, 0x70}, {0xc002a78dc0, 0x5, 0x1b656c9c852?})
	github.com/evanw/esbuild/internal/resolver/resolver.go:1817 +0x8bc fp=0xc003e728e0 sp=0xc003e72670 pc=0x7ff656f5a5dc
github.com/evanw/esbuild/internal/resolver.resolverQuery.loadAsFileOrDirectory({0xc003e1e488?, 0xc002a9fa90?, 0x0?, 
0x70?}, {0xc0029844d0, 0x70})
	github.com/evanw/esbuild/internal/resolver/resolver.go:1930 +0x173 fp=0xc003e72a88 sp=0xc003e728e0 pc=0x7ff656f5c1f3
github.com/evanw/esbuild/internal/resolver.resolverQuery.resolveWithoutSymlinks({0xc003e1e488?, 0xc002a9fa90?, 0x0?, 
0x0?}, {0xc002652c80, 0x36}, 0xc005e6ed00, {0xc0029844d0, 0x70})
	github.com/evanw/esbuild/internal/resolver/resolver.go:981 +0x4f1 fp=0xc003e72e50 sp=0xc003e72a88 pc=0x7ff656f52651
github.com/evanw/esbuild/internal/resolver.(*Resolver).Resolve(0xc003e1e488, {0xc002652c80, 0x36}, {0xc0029844d0, 
0x70}, 0x1)
	github.com/evanw/esbuild/internal/resolver/resolver.go:548 +0x16f9 fp=0xc003e73220 sp=0xc003e72e50 pc=0x7ff656f4c779
github.com/evanw/esbuild/internal/bundler.RunOnResolvePlugins({_, _, _}, _, {0xc002a750e0, 0xc0041a5c08, 0xc0041a5c20, 
0xc0041a5c38, 0x3, 0xc002a750b0}, ...)
	github.com/evanw/esbuild/internal/bundler/bundler.go:1154 +0x36a fp=0xc003e73690 sp=0xc003e73220 pc=0x7ff656f80e0a
github.com/evanw/esbuild/pkg/api.loadPlugins.func2({0xc0029844d0, 0x70}, {{0xc001cb4160, 0x10}, {0x0, 0x0}, {0x0, 
0x0}, {0xc002652c80, 0x36}, ...})
	github.com/evanw/esbuild/pkg/api/api_impl.go:2114 +0x4be fp=0xc003e73d18 sp=0xc003e73690 pc=0x7ff65703809e
main.(*serviceType).convertPlugins.func2.1(0x115, 0xc002659230)
	github.com/evanw/esbuild/cmd/esbuild/service.go:944 +0x665 fp=0xc003e73f50 sp=0xc003e73d18 pc=0x7ff65707a885
main.(*serviceType).handleIncomingPacket.func4()
	github.com/evanw/esbuild/cmd/esbuild/service.go:262 +0xa4 fp=0xc003e73fe0 sp=0xc003e73f50 pc=0x7ff6570740a4
runtime.goexit({})
	runtime/asm_amd64.s:1693 +0x1 fp=0xc003e73fe8 sp=0xc003e73fe0 pc=0x7ff656bcf221
created by main.(*serviceType).handleIncomingPacket in goroutine 1
	github.com/evanw/esbuild/cmd/esbuild/service.go:257 +0x156e

goroutine 1542 gp=0xc00125afc0 m=nil [chan send]:
runtime.gopark(0xc002a12580?, 0xe?, 0xf0?, 0x23?, 0xc0000ca080?)
	runtime/proc.go:460 +0xce fp=0xc005b823b0 sp=0xc005b82390 pc=0x7ff656bc72ce
runtime.chansend(0xc000136000, 0x7ff6572b1690, 0x1, 0x7ff656c41ef0?)
	runtime/chan.go:283 +0x3cb fp=0xc005b82420 sp=0xc005b823b0 pc=0x7ff656b5d58b
runtime.chansend1(0xc0000ca080?, 0x7ff656c47445?)
	runtime/chan.go:161 +0x17 fp=0xc005b82450 sp=0xc005b82420 pc=0x7ff656b5d1b7
github.com/evanw/esbuild/internal/fs.BeforeFileOpen(...)
	github.com/evanw/esbuild/internal/fs/fs.go:245
github.com/evanw/esbuild/internal/fs.(*realFS).kind(0xc0000da080, {0xc0067a5650?, 0xc005b82570?}, {0xc002afebe0?, 
0x7ff65714de40?})
	github.com/evanw/esbuild/internal/fs/fs_real.go:413 +0xb3 fp=0xc005b824f0 sp=0xc005b82450 pc=0x7ff656c9c793
github.com/evanw/esbuild/internal/fs.(*zipFS).kind(0xe?, {0xc0067a5650?, 0x64?}, {0xc002afebe0?, 0xc0045e6990?})
	github.com/evanw/esbuild/internal/fs/fs_zip.go:330 +0x28 fp=0xc005b82528 sp=0xc005b824f0 pc=0x7ff656c9fa08
github.com/evanw/esbuild/internal/fs.(*Entry).Kind(0xc003af8340, {0x7ff6572bce40?, 0xc0000a6120?})
	github.com/evanw/esbuild/internal/fs/fs.go:37 +0xc3 fp=0xc005b82580 sp=0xc005b82528 pc=0x7ff656c97f83
github.com/evanw/esbuild/internal/resolver.resolverQuery.loadAsFile.func1({0xc003907ae5, 0xe})
	github.com/evanw/esbuild/internal/resolver/resolver.go:1759 +0x267 fp=0xc005b82670 sp=0xc005b82580 pc=0x7ff656f5ae67
github.com/evanw/esbuild/internal/resolver.resolverQuery.loadAsFile({0xc003e1e908?, 0xc0061b7a40?, 0x0?, 0x6b?}, 
{0xc003907a80, 0x73}, {0xc002a78eb0, 0x5, 0x1b656c9c852?})
	github.com/evanw/esbuild/internal/resolver/resolver.go:1817 +0x8bc fp=0xc005b828e0 sp=0xc005b82670 pc=0x7ff656f5a5dc
github.com/evanw/esbuild/internal/resolver.resolverQuery.loadAsFileOrDirectory({0xc003e1e908?, 0xc0061b7a40?, 0x0?, 
0x73?}, {0xc003907a80, 0x73})
	github.com/evanw/esbuild/internal/resolver/resolver.go:1930 +0x173 fp=0xc005b82a88 sp=0xc005b828e0 pc=0x7ff656f5c1f3
github.com/evanw/esbuild/internal/resolver.resolverQuery.resolveWithoutSymlinks({0xc003e1e908?, 0xc0061b7a40?, 0x0?, 
0x0?}, {0xc002652cc0, 0x36}, 0xc005e6e280, {0xc003907a80, 0x73})
	github.com/evanw/esbuild/internal/resolver/resolver.go:981 +0x4f1 fp=0xc005b82e50 sp=0xc005b82a88 pc=0x7ff656f52651
github.com/evanw/esbuild/internal/resolver.(*Resolver).Resolve(0xc003e1e908, {0xc002652cc0, 0x36}, {0xc003907a80, 
0x73}, 0x1)
	github.com/evanw/esbuild/internal/resolver/resolver.go:548 +0x16f9 fp=0xc005b83220 sp=0xc005b82e50 pc=0x7ff656f4c779
github.com/evanw/esbuild/internal/bundler.RunOnResolvePlugins({_, _, _}, _, {0xc002a75200, 0xc0041a5c68, 0xc0041a5c98, 
0xc0041a5cb0, 0x3, 0xc002a751d0}, ...)
	github.com/evanw/esbuild/internal/bundler/bundler.go:1154 +0x36a fp=0xc005b83690 sp=0xc005b83220 pc=0x7ff656f80e0a
github.com/evanw/esbuild/pkg/api.loadPlugins.func2({0xc003907a80, 0x73}, {{0xc001cb4220, 0x10}, {0x0, 0x0}, {0x0, 
0x0}, {0xc002652cc0, 0x36}, ...})
	github.com/evanw/esbuild/pkg/api/api_impl.go:2114 +0x4be fp=0xc005b83d18 sp=0xc005b83690 pc=0x7ff65703809e
main.(*serviceType).convertPlugins.func2.1(0x116, 0xc002659440)
	github.com/evanw/esbuild/cmd/esbuild/service.go:944 +0x665 fp=0xc005b83f50 sp=0xc005b83d18 pc=0x7ff65707a885
main.(*serviceType).handleIncomingPacket.func4()
	github.com/evanw/esbuild/cmd/esbuild/service.go:262 +0xa4 fp=0xc005b83fe0 sp=0xc005b83f50 pc=0x7ff6570740a4
runtime.goexit({})
	runtime/asm_amd64.s:1693 +0x1 fp=0xc005b83fe8 sp=0xc005b83fe0 pc=0x7ff656bcf221
created by main.(*serviceType).handleIncomingPacket in goroutine 1
	github.com/evanw/esbuild/cmd/esbuild/service.go:257 +0x156e

goroutine 1543 gp=0xc00125b180 m=nil [chan send]:
runtime.gopark(0xc0035afc70?, 0x12?, 0xff?, 0xff?, 0xc0000ca080?)
	runtime/proc.go:460 +0xce fp=0xc005b123b0 sp=0xc005b12390 pc=0x7ff656bc72ce
runtime.chansend(0xc000136000, 0x7ff6572b1690, 0x1, 0xc0044e8cc0?)
	runtime/chan.go:283 +0x3cb fp=0xc005b12420 sp=0xc005b123b0 pc=0x7ff656b5d58b
runtime.chansend1(0xc0000ca080?, 0x10000000?)
	runtime/chan.go:161 +0x17 fp=0xc005b12450 sp=0xc005b12420 pc=0x7ff656b5d1b7
github.com/evanw/esbuild/internal/fs.BeforeFileOpen(...)
	github.com/evanw/esbuild/internal/fs/fs.go:245
github.com/evanw/esbuild/internal/fs.(*realFS).kind(0xc0000da080, {0xc0065a9020?, 0xc005b12570?}, {0xc00449a9e0?, 
0x7ff65714de40?})
	github.com/evanw/esbuild/internal/fs/fs_real.go:413 +0xb3 fp=0xc005b124f0 sp=0xc005b12450 pc=0x7ff656c9c793
github.com/evanw/esbuild/internal/fs.(*zipFS).kind(0xb?, {0xc0065a9020?, 0x5f?}, {0xc00449a9e0?, 0xc0029845a0?})
	github.com/evanw/esbuild/internal/fs/fs_zip.go:330 +0x28 fp=0xc005b12528 sp=0xc005b124f0 pc=0x7ff656c9fa08
github.com/evanw/esbuild/internal/fs.(*Entry).Kind(0xc0044e8080, {0x7ff6572bce40?, 0xc0000a6120?})
	github.com/evanw/esbuild/internal/fs/fs.go:37 +0xc3 fp=0xc005b12580 sp=0xc005b12528 pc=0x7ff656c97f83
github.com/evanw/esbuild/internal/resolver.resolverQuery.loadAsFile.func1({0xc0029845a0, 0xb})
	github.com/evanw/esbuild/internal/resolver/resolver.go:1759 +0x267 fp=0xc005b12670 sp=0xc005b12580 pc=0x7ff656f5ae67
github.com/evanw/esbuild/internal/resolver.resolverQuery.loadAsFile({0xc0035acd88?, 0xc002a9fae0?, 0x0?, 0x6b?}, 
{0xc002984540, 0x6b}, {0xc0035b4b40, 0x5, 0x1b656c9c852?})
	github.com/evanw/esbuild/internal/resolver/resolver.go:1817 +0x8bc fp=0xc005b128e0 sp=0xc005b12670 pc=0x7ff656f5a5dc
github.com/evanw/esbuild/internal/resolver.resolverQuery.loadAsFileOrDirectory({0xc0035acd88?, 0xc002a9fae0?, 0x0?, 
0x6b?}, {0xc002984540, 0x6b})
	github.com/evanw/esbuild/internal/resolver/resolver.go:1930 +0x173 fp=0xc005b12a88 sp=0xc005b128e0 pc=0x7ff656f5c1f3
github.com/evanw/esbuild/internal/resolver.resolverQuery.resolveWithoutSymlinks({0xc0035acd88?, 0xc002a9fae0?, 0x0?, 
0x0?}, {0xc002652d00, 0x36}, 0xc0067b7280, {0xc002984540, 0x6b})
	github.com/evanw/esbuild/internal/resolver/resolver.go:981 +0x4f1 fp=0xc005b12e50 sp=0xc005b12a88 pc=0x7ff656f52651
github.com/evanw/esbuild/internal/resolver.(*Resolver).Resolve(0xc0035acd88, {0xc002652d00, 0x36}, {0xc002984540, 
0x6b}, 0x1)
	github.com/evanw/esbuild/internal/resolver/resolver.go:548 +0x16f9 fp=0xc005b13220 sp=0xc005b12e50 pc=0x7ff656f4c779
github.com/evanw/esbuild/internal/bundler.RunOnResolvePlugins({_, _, _}, _, {0xc002f52870, 0xc002f541c8, 0xc002f541e0, 
0xc002f541f8, 0x3, 0xc002f52840}, ...)
	github.com/evanw/esbuild/internal/bundler/bundler.go:1154 +0x36a fp=0xc005b13690 sp=0xc005b13220 pc=0x7ff656f80e0a
github.com/evanw/esbuild/pkg/api.loadPlugins.func2({0xc002984540, 0x6b}, {{0xc001cb42e0, 0x10}, {0x0, 0x0}, {0x0, 
0x0}, {0xc002652d00, 0x36}, ...})
	github.com/evanw/esbuild/pkg/api/api_impl.go:2114 +0x4be fp=0xc005b13d18 sp=0xc005b13690 pc=0x7ff65703809e
main.(*serviceType).convertPlugins.func2.1(0x117, 0xc002659470)
	github.com/evanw/esbuild/cmd/esbuild/service.go:944 +0x665 fp=0xc005b13f50 sp=0xc005b13d18 pc=0x7ff65707a885
main.(*serviceType).handleIncomingPacket.func4()
	github.com/evanw/esbuild/cmd/esbuild/service.go:262 +0xa4 fp=0xc005b13fe0 sp=0xc005b13f50 pc=0x7ff6570740a4
runtime.goexit({})
	runtime/asm_amd64.s:1693 +0x1 fp=0xc005b13fe8 sp=0xc005b13fe0 pc=0x7ff656bcf221
created by main.(*serviceType).handleIncomingPacket in goroutine 1
	github.com/evanw/esbuild/cmd/esbuild/service.go:257 +0x156e

goroutine 1544 gp=0xc00125b340 m=nil [chan send]:
runtime.gopark(0xc0033ec980?, 0xe?, 0xf0?, 0xa3?, 0xc0000ca080?)
	runtime/proc.go:460 +0xce fp=0xc001e4a3b0 sp=0xc001e4a390 pc=0x7ff656bc72ce
runtime.chansend(0xc000136000, 0x7ff6572b1690, 0x1, 0x7ff656c41ef0?)
	runtime/chan.go:283 +0x3cb fp=0xc001e4a420 sp=0xc001e4a3b0 pc=0x7ff656b5d58b
runtime.chansend1(0xc0000ca080?, 0x7ff656c47445?)
	runtime/chan.go:161 +0x17 fp=0xc001e4a450 sp=0xc001e4a420 pc=0x7ff656b5d1b7
github.com/evanw/esbuild/internal/fs.BeforeFileOpen(...)
	github.com/evanw/esbuild/internal/fs/fs.go:245
github.com/evanw/esbuild/internal/fs.(*realFS).kind(0xc0000da080, {0xc006189c70?, 0xc001e4a570?}, {0xc004424e20?, 
0x7ff65714de40?})
	github.com/evanw/esbuild/internal/fs/fs_real.go:413 +0xb3 fp=0xc001e4a4f0 sp=0xc001e4a450 pc=0x7ff656c9c793
github.com/evanw/esbuild/internal/fs.(*zipFS).kind(0xd?, {0xc006189c70?, 0x64?}, {0xc004424e20?, 0xc004425be0?})
	github.com/evanw/esbuild/internal/fs/fs_zip.go:330 +0x28 fp=0xc001e4a528 sp=0xc001e4a4f0 pc=0x7ff656c9fa08
github.com/evanw/esbuild/internal/fs.(*Entry).Kind(0xc002bc0a40, {0x7ff6572bce40?, 0xc0000a6120?})
	github.com/evanw/esbuild/internal/fs/fs.go:37 +0xc3 fp=0xc001e4a580 sp=0xc001e4a528 pc=0x7ff656c97f83
github.com/evanw/esbuild/internal/resolver.resolverQuery.loadAsFile.func1({0xc003907b65, 0xd})
	github.com/evanw/esbuild/internal/resolver/resolver.go:1759 +0x267 fp=0xc001e4a670 sp=0xc001e4a580 pc=0x7ff656f5ae67
github.com/evanw/esbuild/internal/resolver.resolverQuery.loadAsFile({0xc0035ad208?, 0xc002a9fc70?, 0x0?, 0x6b?}, 
{0xc003907b00, 0x72}, {0xc0035b4c30, 0x5, 0x1b656c9c852?})
	github.com/evanw/esbuild/internal/resolver/resolver.go:1817 +0x8bc fp=0xc001e4a8e0 sp=0xc001e4a670 pc=0x7ff656f5a5dc
github.com/evanw/esbuild/internal/resolver.resolverQuery.loadAsFileOrDirectory({0xc0035ad208?, 0xc002a9fc70?, 0x0?, 
0x72?}, {0xc003907b00, 0x72})
	github.com/evanw/esbuild/internal/resolver/resolver.go:1930 +0x173 fp=0xc001e4aa88 sp=0xc001e4a8e0 pc=0x7ff656f5c1f3
github.com/evanw/esbuild/internal/resolver.resolverQuery.resolveWithoutSymlinks({0xc0035ad208?, 0xc002a9fc70?, 0x0?, 
0x0?}, {0xc002652d40, 0x36}, 0xc0067b7380, {0xc003907b00, 0x72})
	github.com/evanw/esbuild/internal/resolver/resolver.go:981 +0x4f1 fp=0xc001e4ae50 sp=0xc001e4aa88 pc=0x7ff656f52651
github.com/evanw/esbuild/internal/resolver.(*Resolver).Resolve(0xc0035ad208, {0xc002652d40, 0x36}, {0xc003907b00, 
0x72}, 0x1)
	github.com/evanw/esbuild/internal/resolver/resolver.go:548 +0x16f9 fp=0xc001e4b220 sp=0xc001e4ae50 pc=0x7ff656f4c779
github.com/evanw/esbuild/internal/bundler.RunOnResolvePlugins({_, _, _}, _, {0xc002f52990, 0xc002f54228, 0xc002f54240, 
0xc002f54258, 0x3, 0xc002f52960}, ...)
	github.com/evanw/esbuild/internal/bundler/bundler.go:1154 +0x36a fp=0xc001e4b690 sp=0xc001e4b220 pc=0x7ff656f80e0a
github.com/evanw/esbuild/pkg/api.loadPlugins.func2({0xc003907b00, 0x72}, {{0xc001cb43a0, 0x10}, {0x0, 0x0}, {0x0, 
0x0}, {0xc002652d40, 0x36}, ...})
	github.com/evanw/esbuild/pkg/api/api_impl.go:2114 +0x4be fp=0xc001e4bd18 sp=0xc001e4b690 pc=0x7ff65703809e
main.(*serviceType).convertPlugins.func2.1(0x118, 0xc0026594a0)
	github.com/evanw/esbuild/cmd/esbuild/service.go:944 +0x665 fp=0xc001e4bf50 sp=0xc001e4bd18 pc=0x7ff65707a885
main.(*serviceType).handleIncomingPacket.func4()
	github.com/evanw/esbuild/cmd/esbuild/service.go:262 +0xa4 fp=0xc001e4bfe0 sp=0xc001e4bf50 pc=0x7ff6570740a4
runtime.goexit({})
	runtime/asm_amd64.s:1693 +0x1 fp=0xc001e4bfe8 sp=0xc001e4bfe0 pc=0x7ff656bcf221
created by main.(*serviceType).handleIncomingPacket in goroutine 1
	github.com/evanw/esbuild/cmd/esbuild/service.go:257 +0x156e

goroutine 1545 gp=0xc00125b500 m=nil [chan send]:
runtime.gopark(0xc002a12600?, 0xe?, 0xf0?, 0x3?, 0xc0000ca080?)
	runtime/proc.go:460 +0xce fp=0xc005b903b0 sp=0xc005b90390 pc=0x7ff656bc72ce
runtime.chansend(0xc000136000, 0x7ff6572b1690, 0x1, 0x7ff656c41ef0?)
	runtime/chan.go:283 +0x3cb fp=0xc005b90420 sp=0xc005b903b0 pc=0x7ff656b5d58b
runtime.chansend1(0xc0000ca080?, 0x7ff656c47445?)
	runtime/chan.go:161 +0x17 fp=0xc005b90450 sp=0xc005b90420 pc=0x7ff656b5d1b7
github.com/evanw/esbuild/internal/fs.BeforeFileOpen(...)
	github.com/evanw/esbuild/internal/fs/fs.go:245
github.com/evanw/esbuild/internal/fs.(*realFS).kind(0xc0000da080, {0xc006189b90?, 0xc005b90570?}, {0xc003deeec0?, 
0x7ff65714de40?})
	github.com/evanw/esbuild/internal/fs/fs_real.go:413 +0xb3 fp=0xc005b904f0 sp=0xc005b90450 pc=0x7ff656c9c793
github.com/evanw/esbuild/internal/fs.(*zipFS).kind(0xc?, {0xc006189b90?, 0x64?}, {0xc003deeec0?, 0xc003def650?})
	github.com/evanw/esbuild/internal/fs/fs_zip.go:330 +0x28 fp=0xc005b90528 sp=0xc005b904f0 pc=0x7ff656c9fa08
github.com/evanw/esbuild/internal/fs.(*Entry).Kind(0xc004237740, {0x7ff6572bce40?, 0xc0000a6120?})
	github.com/evanw/esbuild/internal/fs/fs.go:37 +0xc3 fp=0xc005b90580 sp=0xc005b90528 pc=0x7ff656c97f83
github.com/evanw/esbuild/internal/resolver.resolverQuery.loadAsFile.func1({0xc003907be5, 0xc})
	github.com/evanw/esbuild/internal/resolver/resolver.go:1759 +0x267 fp=0xc005b90670 sp=0xc005b90580 pc=0x7ff656f5ae67
github.com/evanw/esbuild/internal/resolver.resolverQuery.loadAsFile({0xc0035ac908?, 0xc005d67ef0?, 0x0?, 0x1?}, 
{0xc003907b80, 0x71}, {0xc0035b4a50, 0x5, 0x20b51ad5be0?})
	github.com/evanw/esbuild/internal/resolver/resolver.go:1817 +0x8bc fp=0xc005b908e0 sp=0xc005b90670 pc=0x7ff656f5a5dc
github.com/evanw/esbuild/internal/resolver.resolverQuery.loadAsFileOrDirectory({0xc0035ac908?, 0xc005d67ef0?, 0x0?, 
0x71?}, {0xc003907b80, 0x71})
	github.com/evanw/esbuild/internal/resolver/resolver.go:1930 +0x173 fp=0xc005b90a88 sp=0xc005b908e0 pc=0x7ff656f5c1f3
github.com/evanw/esbuild/internal/resolver.resolverQuery.resolveWithoutSymlinks({0xc0035ac908?, 0xc005d67ef0?, 0x0?, 
0x0?}, {0xc002652d80, 0x36}, 0xc006812300, {0xc003907b80, 0x71})
	github.com/evanw/esbuild/internal/resolver/resolver.go:981 +0x4f1 fp=0xc005b90e50 sp=0xc005b90a88 pc=0x7ff656f52651
github.com/evanw/esbuild/internal/resolver.(*Resolver).Resolve(0xc0035ac908, {0xc002652d80, 0x36}, {0xc003907b80, 
0x71}, 0x1)
	github.com/evanw/esbuild/internal/resolver/resolver.go:548 +0x16f9 fp=0xc005b91220 sp=0xc005b90e50 pc=0x7ff656f4c779
github.com/evanw/esbuild/internal/bundler.RunOnResolvePlugins({_, _, _}, _, {0xc002f52750, 0xc002f54168, 0xc002f54180, 
0xc002f54198, 0x3, 0xc002f52720}, ...)
	github.com/evanw/esbuild/internal/bundler/bundler.go:1154 +0x36a fp=0xc005b91690 sp=0xc005b91220 pc=0x7ff656f80e0a
github.com/evanw/esbuild/pkg/api.loadPlugins.func2({0xc003907b80, 0x71}, {{0xc001cb4490, 0x10}, {0x0, 0x0}, {0x0, 
0x0}, {0xc002652d80, 0x36}, ...})
	github.com/evanw/esbuild/pkg/api/api_impl.go:2114 +0x4be fp=0xc005b91d18 sp=0xc005b91690 pc=0x7ff65703809e
main.(*serviceType).convertPlugins.func2.1(0x119, 0xc002659650)
	github.com/evanw/esbuild/cmd/esbuild/service.go:944 +0x665 fp=0xc005b91f50 sp=0xc005b91d18 pc=0x7ff65707a885
main.(*serviceType).handleIncomingPacket.func4()
	github.com/evanw/esbuild/cmd/esbuild/service.go:262 +0xa4 fp=0xc005b91fe0 sp=0xc005b91f50 pc=0x7ff6570740a4
runtime.goexit({})
	runtime/asm_amd64.s:1693 +0x1 fp=0xc005b91fe8 sp=0xc005b91fe0 pc=0x7ff656bcf221
created by main.(*serviceType).handleIncomingPacket in goroutine 1
	github.com/evanw/esbuild/cmd/esbuild/service.go:257 +0x156e

goroutine 1546 gp=0xc00125b6c0 m=nil [runnable]:
runtime.cgocall(0x7ff656bd0a40, 0xc004f23358)
	runtime/cgocall.go:167 +0x3e fp=0xc005c06188 sp=0xc005c06120 pc=0x7ff656bc467e
runtime.syscall_syscalln(0xc005f93d50?, 0x64?, {0xc005c061d0?, 0x0?, 0x0?})
	runtime/syscall_windows.go:521 +0x4e fp=0xc005c061a8 sp=0xc005c06188 pc=0x7ff656bb0bee
syscall.Syscall(0x7ff656c07dbf?, 0xc005f93d50?, 0x380000000?, 0x1dcd2900ca32c5e?, 0x200000100000003?)
	runtime/syscall_windows.go:457 +0x29 fp=0xc005c061f8 sp=0xc005c061a8 pc=0x7ff656bcafe9
syscall.GetFileType(0x11d8)
	syscall/zsyscall_windows.go:775 +0x53 fp=0xc005c06240 sp=0xc005c061f8 pc=0x7ff656c0b193
os.newFile(0x11d8, {0xc005f93d50, 0x64}, 0x1, 0x0)
	os/file_windows.go:72 +0x5b fp=0xc005c06290 sp=0xc005c06240 pc=0x7ff656c2d71b
os.openFileNolog({0xc005f93d50, 0x64}, 0x1?, 0x572afa00?)
	os/file_windows.go:163 +0x13e fp=0xc005c062d8 sp=0xc005c06290 pc=0x7ff656c2da7e
os.OpenFile({0xc005f93d50, 0x64}, 0x0, 0x0)
	os/file.go:412 +0x3e fp=0xc005c06308 sp=0xc005c062d8 pc=0x7ff656c2ca9e
os.Open(...)
	os/file.go:390
github.com/evanw/esbuild/internal/fs.(*realFS).readdir(0xc0000da080, {0xc005f93d50, 0x64})
	github.com/evanw/esbuild/internal/fs/fs_real.go:353 +0x96 fp=0xc005c063a0 sp=0xc005c06308 pc=0x7ff656c9c356
github.com/evanw/esbuild/internal/fs.(*realFS).ReadDirectory(0xc0000da080, {0xc005f93d50, 0x64})
	github.com/evanw/esbuild/internal/fs/fs_real.go:146 +0x177 fp=0xc005c06530 sp=0xc005c063a0 pc=0x7ff656c9a637
github.com/evanw/esbuild/internal/fs.(*zipFS).ReadDirectory(0xc0000a6120, {0xc005f93d50, 0x64})
	github.com/evanw/esbuild/internal/fs/fs_zip.go:188 +0xbf fp=0xc005c06670 sp=0xc005c06530 pc=0x7ff656c9e7df
github.com/evanw/esbuild/internal/resolver.resolverQuery.loadAsFile({0xc003e1ed88?, 0xc0061b7a90?, 0x0?, 0x1?}, 
{0xc003907c00, 0x71}, {0xc002a78fa0, 0x5, 0x20b5172fd88?})
	github.com/evanw/esbuild/internal/resolver/resolver.go:1741 +0x31e fp=0xc005c068e0 sp=0xc005c06670 pc=0x7ff656f5a03e
github.com/evanw/esbuild/internal/resolver.resolverQuery.loadAsFileOrDirectory({0xc003e1ed88?, 0xc0061b7a90?, 0x0?, 
0x71?}, {0xc003907c00, 0x71})
	github.com/evanw/esbuild/internal/resolver/resolver.go:1930 +0x173 fp=0xc005c06a88 sp=0xc005c068e0 pc=0x7ff656f5c1f3
github.com/evanw/esbuild/internal/resolver.resolverQuery.resolveWithoutSymlinks({0xc003e1ed88?, 0xc0061b7a90?, 0x0?, 
0x0?}, {0xc002652dc0, 0x36}, 0xc0060e0500, {0xc003907c00, 0x71})
	github.com/evanw/esbuild/internal/resolver/resolver.go:981 +0x4f1 fp=0xc005c06e50 sp=0xc005c06a88 pc=0x7ff656f52651
github.com/evanw/esbuild/internal/resolver.(*Resolver).Resolve(0xc003e1ed88, {0xc002652dc0, 0x36}, {0xc003907c00, 
0x71}, 0x1)
	github.com/evanw/esbuild/internal/resolver/resolver.go:548 +0x16f9 fp=0xc005c07220 sp=0xc005c06e50 pc=0x7ff656f4c779
github.com/evanw/esbuild/internal/bundler.RunOnResolvePlugins({_, _, _}, _, {0xc002a75320, 0xc0041a5cf8, 0xc0041a5d40, 
0xc0041a5d70, 0x3, 0xc002a752f0}, ...)
	github.com/evanw/esbuild/internal/bundler/bundler.go:1154 +0x36a fp=0xc005c07690 sp=0xc005c07220 pc=0x7ff656f80e0a
github.com/evanw/esbuild/pkg/api.loadPlugins.func2({0xc003907c00, 0x71}, {{0xc001cb4550, 0x10}, {0x0, 0x0}, {0x0, 
0x0}, {0xc002652dc0, 0x36}, ...})
	github.com/evanw/esbuild/pkg/api/api_impl.go:2114 +0x4be fp=0xc005c07d18 sp=0xc005c07690 pc=0x7ff65703809e
main.(*serviceType).convertPlugins.func2.1(0x11a, 0xc002659da0)
	github.com/evanw/esbuild/cmd/esbuild/service.go:944 +0x665 fp=0xc005c07f50 sp=0xc005c07d18 pc=0x7ff65707a885
main.(*serviceType).handleIncomingPacket.func4()
	github.com/evanw/esbuild/cmd/esbuild/service.go:262 +0xa4 fp=0xc005c07fe0 sp=0xc005c07f50 pc=0x7ff6570740a4
runtime.goexit({})
	runtime/asm_amd64.s:1693 +0x1 fp=0xc005c07fe8 sp=0xc005c07fe0 pc=0x7ff656bcf221
created by main.(*serviceType).handleIncomingPacket in goroutine 1
	github.com/evanw/esbuild/cmd/esbuild/service.go:257 +0x156e

goroutine 1547 gp=0xc00125b880 m=nil [chan send]:
runtime.gopark(0xc005e89a40?, 0xe?, 0xd8?, 0xa6?, 0xc0000ca080?)
	runtime/proc.go:460 +0xce fp=0xc005c0a3b0 sp=0xc005c0a390 pc=0x7ff656bc72ce
runtime.chansend(0xc000136000, 0x7ff6572b1690, 0x1, 0xc000ee31c0?)
	runtime/chan.go:283 +0x3cb fp=0xc005c0a420 sp=0xc005c0a3b0 pc=0x7ff656b5d58b
runtime.chansend1(0xc0000ca080?, 0x10000000?)
	runtime/chan.go:161 +0x17 fp=0xc005c0a450 sp=0xc005c0a420 pc=0x7ff656b5d1b7
github.com/evanw/esbuild/internal/fs.BeforeFileOpen(...)
	github.com/evanw/esbuild/internal/fs/fs.go:245
github.com/evanw/esbuild/internal/fs.(*realFS).kind(0xc0000da080, {0xc0059ed730?, 0xc005c0a570?}, {0xc004321d40?, 
0x7ff65714de40?})
	github.com/evanw/esbuild/internal/fs/fs_real.go:413 +0xb3 fp=0xc005c0a4f0 sp=0xc005c0a450 pc=0x7ff656c9c793
github.com/evanw/esbuild/internal/fs.(*zipFS).kind(0x7?, {0xc0059ed730?, 0x64?}, {0xc004321d40?, 0xc002984615?})
	github.com/evanw/esbuild/internal/fs/fs_zip.go:330 +0x28 fp=0xc005c0a528 sp=0xc005c0a4f0 pc=0x7ff656c9fa08
github.com/evanw/esbuild/internal/fs.(*Entry).Kind(0xc000ee2700, {0x7ff6572bce40?, 0xc0000a6120?})
	github.com/evanw/esbuild/internal/fs/fs.go:37 +0xc3 fp=0xc005c0a580 sp=0xc005c0a528 pc=0x7ff656c97f83
github.com/evanw/esbuild/internal/resolver.resolverQuery.loadAsFile.func1({0xc002984615, 0x7})
	github.com/evanw/esbuild/internal/resolver/resolver.go:1759 +0x267 fp=0xc005c0a670 sp=0xc005c0a580 pc=0x7ff656f5ae67
github.com/evanw/esbuild/internal/resolver.resolverQuery.loadAsFile({0xc003e1f208?, 0xc002a9fb30?, 0x0?, 0x6b?}, 
{0xc0029845b0, 0x6c}, {0xc002a79090, 0x5, 0x1b656c9c852?})
	github.com/evanw/esbuild/internal/resolver/resolver.go:1817 +0x8bc fp=0xc005c0a8e0 sp=0xc005c0a670 pc=0x7ff656f5a5dc
github.com/evanw/esbuild/internal/resolver.resolverQuery.loadAsFileOrDirectory({0xc003e1f208?, 0xc002a9fb30?, 0x0?, 
0x6c?}, {0xc0029845b0, 0x6c})
	github.com/evanw/esbuild/internal/resolver/resolver.go:1930 +0x173 fp=0xc005c0aa88 sp=0xc005c0a8e0 pc=0x7ff656f5c1f3
github.com/evanw/esbuild/internal/resolver.resolverQuery.resolveWithoutSymlinks({0xc003e1f208?, 0xc002a9fb30?, 0x0?, 
0x0?}, {0xc002652e00, 0x36}, 0xc004e86780, {0xc0029845b0, 0x6c})
	github.com/evanw/esbuild/internal/resolver/resolver.go:981 +0x4f1 fp=0xc005c0ae50 sp=0xc005c0aa88 pc=0x7ff656f52651
github.com/evanw/esbuild/internal/resolver.(*Resolver).Resolve(0xc003e1f208, {0xc002652e00, 0x36}, {0xc0029845b0, 
0x6c}, 0x1)
	github.com/evanw/esbuild/internal/resolver/resolver.go:548 +0x16f9 fp=0xc005c0b220 sp=0xc005c0ae50 pc=0x7ff656f4c779
github.com/evanw/esbuild/internal/bundler.RunOnResolvePlugins({_, _, _}, _, {0xc002a75440, 0xc0041a5db8, 0xc0041a5de8, 
0xc0041a5e00, 0x3, 0xc002a75410}, ...)
	github.com/evanw/esbuild/internal/bundler/bundler.go:1154 +0x36a fp=0xc005c0b690 sp=0xc005c0b220 pc=0x7ff656f80e0a
github.com/evanw/esbuild/pkg/api.loadPlugins.func2({0xc0029845b0, 0x6c}, {{0xc001cb45b0, 0x10}, {0x0, 0x0}, {0x0, 
0x0}, {0xc002652e00, 0x36}, ...})
	github.com/evanw/esbuild/pkg/api/api_impl.go:2114 +0x4be fp=0xc005c0bd18 sp=0xc005c0b690 pc=0x7ff65703809e
main.(*serviceType).convertPlugins.func2.1(0x11b, 0xc0028300c0)
	github.com/evanw/esbuild/cmd/esbuild/service.go:944 +0x665 fp=0xc005c0bf50 sp=0xc005c0bd18 pc=0x7ff65707a885
main.(*serviceType).handleIncomingPacket.func4()
	github.com/evanw/esbuild/cmd/esbuild/service.go:262 +0xa4 fp=0xc005c0bfe0 sp=0xc005c0bf50 pc=0x7ff6570740a4
runtime.goexit({})
	runtime/asm_amd64.s:1693 +0x1 fp=0xc005c0bfe8 sp=0xc005c0bfe0 pc=0x7ff656bcf221
created by main.(*serviceType).handleIncomingPacket in goroutine 1
	github.com/evanw/esbuild/cmd/esbuild/service.go:257 +0x156e

goroutine 1548 gp=0xc00125ba40 m=nil [chan send]:
runtime.gopark(0xc004d9fdb0?, 0xc004f2a270?, 0x0?, 0x78?, 0x7ff656f59bde?)
	runtime/proc.go:460 +0xce fp=0xc004637510 sp=0xc0046374f0 pc=0x7ff656bc72ce
runtime.chansend(0xc000136000, 0x7ff6572b1690, 0x1, 0x20b51b33040?)
	runtime/chan.go:283 +0x3cb fp=0xc004637580 sp=0xc004637510 pc=0x7ff656b5d58b
runtime.chansend1(0xc002be2808?, 0xc0061e8a88?)
	runtime/chan.go:161 +0x17 fp=0xc0046375b0 sp=0xc004637580 pc=0x7ff656b5d1b7
github.com/evanw/esbuild/internal/fs.BeforeFileOpen(...)
	github.com/evanw/esbuild/internal/fs/fs.go:245
github.com/evanw/esbuild/internal/fs.(*realFS).readdir(0xc0000da080, {0xc004d9fd60, 0x48})
	github.com/evanw/esbuild/internal/fs/fs_real.go:351 +0x6c fp=0xc004637648 sp=0xc0046375b0 pc=0x7ff656c9c32c
github.com/evanw/esbuild/internal/fs.(*realFS).ReadDirectory(0xc0000da080, {0xc004d9fd60, 0x48})
	github.com/evanw/esbuild/internal/fs/fs_real.go:146 +0x177 fp=0xc0046377d8 sp=0xc004637648 pc=0x7ff656c9a637
github.com/evanw/esbuild/internal/fs.(*zipFS).ReadDirectory(0xc0000a6120, {0xc004d9fd60, 0x48})
	github.com/evanw/esbuild/internal/fs/fs_zip.go:188 +0xbf fp=0xc004637918 sp=0xc0046377d8 pc=0x7ff656c9e7df
github.com/evanw/esbuild/internal/resolver.resolverQuery.dirInfoUncached({0xc00202bb08?, 0xc0032dabe0?, 0x0?, 0x48?}, 
{0xc004d9fd60, 0x48})
	github.com/evanw/esbuild/internal/resolver/resolver.go:1547 +0x11b fp=0xc004637bf8 sp=0xc004637918 pc=0x7ff656f5841b
github.com/evanw/esbuild/internal/resolver.resolverQuery.dirInfoCached({0xc00202bb08?, 0xc0032dabe0?, 0x0?, 0x9e?}, 
{0xc004d9fd60, 0x48})
	github.com/evanw/esbuild/internal/resolver/resolver.go:1174 +0xee fp=0xc004637d00 sp=0xc004637bf8 pc=0x7ff656f5420e
github.com/evanw/esbuild/internal/resolver.resolverQuery.dirInfoUncached({0xc00202bb08?, 0xc0032dabe0?, 0x0?, 0x4d?}, 
{0xc004d9fd10, 0x4d})
	github.com/evanw/esbuild/internal/resolver/resolver.go:1538 +0xe5 fp=0xc004637fe0 sp=0xc004637d00 pc=0x7ff656f583e5
github.com/evanw/esbuild/internal/resolver.resolverQuery.dirInfoCached({0xc00202bb08?, 0xc0032dabe0?, 0x0?, 0x2f?}, 
{0xc004d9fd10, 0x4d})
	github.com/evanw/esbuild/internal/resolver/resolver.go:1174 +0xee fp=0xc0046380e8 sp=0xc004637fe0 pc=0x7ff656f5420e
github.com/evanw/esbuild/internal/resolver.resolverQuery.dirInfoUncached({0xc00202bb08?, 0xc0032dabe0?, 0x0?, 0x51?}, 
{0xc00668cf60, 0x51})
	github.com/evanw/esbuild/internal/resolver/resolver.go:1538 +0xe5 fp=0xc0046383c8 sp=0xc0046380e8 pc=0x7ff656f583e5
github.com/evanw/esbuild/internal/resolver.resolverQuery.dirInfoCached({0xc00202bb08?, 0xc0032dabe0?, 0x0?, 0x0?}, 
{0xc00668cf60, 0x51})
	github.com/evanw/esbuild/internal/resolver/resolver.go:1174 +0xee fp=0xc0046384d0 sp=0xc0046383c8 pc=0x7ff656f5420e
github.com/evanw/esbuild/internal/resolver.resolverQuery.dirInfoUncached({0xc00202bb08?, 0xc0032dabe0?, 0x0?, 0x5a?}, 
{0xc00668cf00, 0x5a})
	github.com/evanw/esbuild/internal/resolver/resolver.go:1538 +0xe5 fp=0xc0046387b0 sp=0xc0046384d0 pc=0x7ff656f583e5
github.com/evanw/esbuild/internal/resolver.resolverQuery.dirInfoCached({0xc00202bb08?, 0xc0032dabe0?, 0x0?, 0x78?}, 
{0xc00668cf00, 0x5a})
	github.com/evanw/esbuild/internal/resolver/resolver.go:1174 +0xee fp=0xc0046388b8 sp=0xc0046387b0 pc=0x7ff656f5420e
github.com/evanw/esbuild/internal/resolver.resolverQuery.dirInfoUncached({0xc00202bb08?, 0xc0032dabe0?, 0x0?, 0x5f?}, 
{0xc00668cea0, 0x5f})
	github.com/evanw/esbuild/internal/resolver/resolver.go:1538 +0xe5 fp=0xc004638b98 sp=0xc0046388b8 pc=0x7ff656f583e5
github.com/evanw/esbuild/internal/resolver.resolverQuery.dirInfoCached({0xc00202bb08?, 0xc0032dabe0?, 0x0?, 0xe0?}, 
{0xc00668cea0, 0x5f})
	github.com/evanw/esbuild/internal/resolver/resolver.go:1174 +0xee fp=0xc004638ca0 sp=0xc004638b98 pc=0x7ff656f5420e
github.com/evanw/esbuild/internal/resolver.resolverQuery.finalizeResolve({0xc00202bb08?, 0xc0032dabe0?, 0x0?, 0x0?}, 
0xc0041e90e0)
	github.com/evanw/esbuild/internal/resolver/resolver.go:842 +0x6f1 fp=0xc004638e50 sp=0xc004638ca0 pc=0x7ff656f510d1
github.com/evanw/esbuild/internal/resolver.(*Resolver).Resolve(0xc00202bb08, {0xc002652e40, 0x36}, {0xc002984690, 
0x6f}, 0x1)
	github.com/evanw/esbuild/internal/resolver/resolver.go:572 +0x1a1a fp=0xc004639220 sp=0xc004638e50 pc=0x7ff656f4ca9a
github.com/evanw/esbuild/internal/bundler.RunOnResolvePlugins({_, _, _}, _, {0xc00397f8f0, 0xc0041a4cc0, 0xc0041a4cf0, 
0xc0041a4d08, 0x3, 0xc00397f710}, ...)
	github.com/evanw/esbuild/internal/bundler/bundler.go:1154 +0x36a fp=0xc004639690 sp=0xc004639220 pc=0x7ff656f80e0a
github.com/evanw/esbuild/pkg/api.loadPlugins.func2({0xc002984690, 0x6f}, {{0xc001cb4640, 0x10}, {0x0, 0x0}, {0x0, 
0x0}, {0xc002652e40, 0x36}, ...})
	github.com/evanw/esbuild/pkg/api/api_impl.go:2114 +0x4be fp=0xc004639d18 sp=0xc004639690 pc=0x7ff65703809e
main.(*serviceType).convertPlugins.func2.1(0x11c, 0xc0028300f0)
	github.com/evanw/esbuild/cmd/esbuild/service.go:944 +0x665 fp=0xc004639f50 sp=0xc004639d18 pc=0x7ff65707a885
main.(*serviceType).handleIncomingPacket.func4()
	github.com/evanw/esbuild/cmd/esbuild/service.go:262 +0xa4 fp=0xc004639fe0 sp=0xc004639f50 pc=0x7ff6570740a4
runtime.goexit({})
	runtime/asm_amd64.s:1693 +0x1 fp=0xc004639fe8 sp=0xc004639fe0 pc=0x7ff656bcf221
created by main.(*serviceType).handleIncomingPacket in goroutine 1
	github.com/evanw/esbuild/cmd/esbuild/service.go:257 +0x156e

goroutine 1549 gp=0xc00125bc00 m=nil [chan send]:
runtime.gopark(0xc0064637c0?, 0xc0069a4270?, 0x0?, 0x98?, 0x7ff656f59bde?)
	runtime/proc.go:460 +0xce fp=0xc004a39510 sp=0xc004a394f0 pc=0x7ff656bc72ce
runtime.chansend(0xc000136000, 0x7ff6572b1690, 0x1, 0x20b51d02308?)
	runtime/chan.go:283 +0x3cb fp=0xc004a39580 sp=0xc004a39510 pc=0x7ff656b5d58b
runtime.chansend1(0xc004e70808?, 0xc00600f188?)
	runtime/chan.go:161 +0x17 fp=0xc004a395b0 sp=0xc004a39580 pc=0x7ff656b5d1b7
github.com/evanw/esbuild/internal/fs.BeforeFileOpen(...)
	github.com/evanw/esbuild/internal/fs/fs.go:245
github.com/evanw/esbuild/internal/fs.(*realFS).readdir(0xc0000da080, {0xc006463770, 0x48})
	github.com/evanw/esbuild/internal/fs/fs_real.go:351 +0x6c fp=0xc004a39648 sp=0xc004a395b0 pc=0x7ff656c9c32c
github.com/evanw/esbuild/internal/fs.(*realFS).ReadDirectory(0xc0000da080, {0xc006463770, 0x48})
	github.com/evanw/esbuild/internal/fs/fs_real.go:146 +0x177 fp=0xc004a397d8 sp=0xc004a39648 pc=0x7ff656c9a637
github.com/evanw/esbuild/internal/fs.(*zipFS).ReadDirectory(0xc0000a6120, {0xc006463770, 0x48})
	github.com/evanw/esbuild/internal/fs/fs_zip.go:188 +0xbf fp=0xc004a39918 sp=0xc004a397d8 pc=0x7ff656c9e7df
github.com/evanw/esbuild/internal/resolver.resolverQuery.dirInfoUncached({0xc00453a908?, 0xc003dc0af0?, 0x0?, 0x48?}, 
{0xc006463770, 0x48})
	github.com/evanw/esbuild/internal/resolver/resolver.go:1547 +0x11b fp=0xc004a39bf8 sp=0xc004a39918 pc=0x7ff656f5841b
github.com/evanw/esbuild/internal/resolver.resolverQuery.dirInfoCached({0xc00453a908?, 0xc003dc0af0?, 0x0?, 0x60?}, 
{0xc006463770, 0x48})
	github.com/evanw/esbuild/internal/resolver/resolver.go:1174 +0xee fp=0xc004a39d00 sp=0xc004a39bf8 pc=0x7ff656f5420e
github.com/evanw/esbuild/internal/resolver.resolverQuery.dirInfoUncached({0xc00453a908?, 0xc003dc0af0?, 0x0?, 0x4d?}, 
{0xc006463720, 0x4d})
	github.com/evanw/esbuild/internal/resolver/resolver.go:1538 +0xe5 fp=0xc004a39fe0 sp=0xc004a39d00 pc=0x7ff656f583e5
github.com/evanw/esbuild/internal/resolver.resolverQuery.dirInfoCached({0xc00453a908?, 0xc003dc0af0?, 0x0?, 0x2f?}, 
{0xc006463720, 0x4d})
	github.com/evanw/esbuild/internal/resolver/resolver.go:1174 +0xee fp=0xc004a3a0e8 sp=0xc004a39fe0 pc=0x7ff656f5420e
github.com/evanw/esbuild/internal/resolver.resolverQuery.dirInfoUncached({0xc00453a908?, 0xc003dc0af0?, 0x0?, 0x51?}, 
{0xc00608da40, 0x51})
	github.com/evanw/esbuild/internal/resolver/resolver.go:1538 +0xe5 fp=0xc004a3a3c8 sp=0xc004a3a0e8 pc=0x7ff656f583e5
github.com/evanw/esbuild/internal/resolver.resolverQuery.dirInfoCached({0xc00453a908?, 0xc003dc0af0?, 0x0?, 0x0?}, 
{0xc00608da40, 0x51})
	github.com/evanw/esbuild/internal/resolver/resolver.go:1174 +0xee fp=0xc004a3a4d0 sp=0xc004a3a3c8 pc=0x7ff656f5420e
github.com/evanw/esbuild/internal/resolver.resolverQuery.dirInfoUncached({0xc00453a908?, 0xc003dc0af0?, 0x0?, 0x5a?}, 
{0xc00608d9e0, 0x5a})
	github.com/evanw/esbuild/internal/resolver/resolver.go:1538 +0xe5 fp=0xc004a3a7b0 sp=0xc004a3a4d0 pc=0x7ff656f583e5
github.com/evanw/esbuild/internal/resolver.resolverQuery.dirInfoCached({0xc00453a908?, 0xc003dc0af0?, 0x0?, 0x78?}, 
{0xc00608d9e0, 0x5a})
	github.com/evanw/esbuild/internal/resolver/resolver.go:1174 +0xee fp=0xc004a3a8b8 sp=0xc004a3a7b0 pc=0x7ff656f5420e
github.com/evanw/esbuild/internal/resolver.resolverQuery.dirInfoUncached({0xc00453a908?, 0xc003dc0af0?, 0x0?, 0x64?}, 
{0xc006189d50, 0x64})
	github.com/evanw/esbuild/internal/resolver/resolver.go:1538 +0xe5 fp=0xc004a3ab98 sp=0xc004a3a8b8 pc=0x7ff656f583e5
github.com/evanw/esbuild/internal/resolver.resolverQuery.dirInfoCached({0xc00453a908?, 0xc003dc0af0?, 0x0?, 0xf0?}, 
{0xc006189d50, 0x64})
	github.com/evanw/esbuild/internal/resolver/resolver.go:1174 +0xee fp=0xc004a3aca0 sp=0xc004a3ab98 pc=0x7ff656f5420e
github.com/evanw/esbuild/internal/resolver.resolverQuery.finalizeResolve({0xc00453a908?, 0xc003dc0af0?, 0x0?, 0x0?}, 
0xc0045978c0)
	github.com/evanw/esbuild/internal/resolver/resolver.go:842 +0x6f1 fp=0xc004a3ae50 sp=0xc004a3aca0 pc=0x7ff656f510d1
github.com/evanw/esbuild/internal/resolver.(*Resolver).Resolve(0xc00453a908, {0xc002652e80, 0x36}, {0xc002984700, 
0x70}, 0x1)
	github.com/evanw/esbuild/internal/resolver/resolver.go:572 +0x1a1a fp=0xc004a3b220 sp=0xc004a3ae50 pc=0x7ff656f4ca9a
github.com/evanw/esbuild/internal/bundler.RunOnResolvePlugins({_, _, _}, _, {0xc0042bd8f0, 0xc00428eb88, 0xc00428ebb8, 
0xc00428ebd0, 0x3, 0xc0042bd8c0}, ...)
	github.com/evanw/esbuild/internal/bundler/bundler.go:1154 +0x36a fp=0xc004a3b690 sp=0xc004a3b220 pc=0x7ff656f80e0a
github.com/evanw/esbuild/pkg/api.loadPlugins.func2({0xc002984700, 0x70}, {{0xc001cb46a0, 0x10}, {0x0, 0x0}, {0x0, 
0x0}, {0xc002652e80, 0x36}, ...})
	github.com/evanw/esbuild/pkg/api/api_impl.go:2114 +0x4be fp=0xc004a3bd18 sp=0xc004a3b690 pc=0x7ff65703809e
main.(*serviceType).convertPlugins.func2.1(0x11d, 0xc0028301b0)
	github.com/evanw/esbuild/cmd/esbuild/service.go:944 +0x665 fp=0xc004a3bf50 sp=0xc004a3bd18 pc=0x7ff65707a885
main.(*serviceType).handleIncomingPacket.func4()
	github.com/evanw/esbuild/cmd/esbuild/service.go:262 +0xa4 fp=0xc004a3bfe0 sp=0xc004a3bf50 pc=0x7ff6570740a4
runtime.goexit({})
	runtime/asm_amd64.s:1693 +0x1 fp=0xc004a3bfe8 sp=0xc004a3bfe0 pc=0x7ff656bcf221
created by main.(*serviceType).handleIncomingPacket in goroutine 1
	github.com/evanw/esbuild/cmd/esbuild/service.go:257 +0x156e

goroutine 1550 gp=0xc00125bdc0 m=nil [chan send]:
runtime.gopark(0xc005edbb30?, 0xc005ff74d0?, 0x0?, 0x58?, 0x7ff656f59bde?)
	runtime/proc.go:460 +0xce fp=0xc004895510 sp=0xc0048954f0 pc=0x7ff656bc72ce
runtime.chansend(0xc000136000, 0x7ff6572b1690, 0x1, 0x20b51b30d40?)
	runtime/chan.go:283 +0x3cb fp=0xc004895580 sp=0xc004895510 pc=0x7ff656b5d58b
runtime.chansend1(0xc00030b008?, 0xc005f0b508?)
	runtime/chan.go:161 +0x17 fp=0xc0048955b0 sp=0xc004895580 pc=0x7ff656b5d1b7
github.com/evanw/esbuild/internal/fs.BeforeFileOpen(...)
	github.com/evanw/esbuild/internal/fs/fs.go:245
github.com/evanw/esbuild/internal/fs.(*realFS).readdir(0xc0000da080, {0xc005edba40, 0x48})
	github.com/evanw/esbuild/internal/fs/fs_real.go:351 +0x6c fp=0xc004895648 sp=0xc0048955b0 pc=0x7ff656c9c32c
github.com/evanw/esbuild/internal/fs.(*realFS).ReadDirectory(0xc0000da080, {0xc005edba40, 0x48})
	github.com/evanw/esbuild/internal/fs/fs_real.go:146 +0x177 fp=0xc0048957d8 sp=0xc004895648 pc=0x7ff656c9a637
github.com/evanw/esbuild/internal/fs.(*zipFS).ReadDirectory(0xc0000a6120, {0xc005edba40, 0x48})
	github.com/evanw/esbuild/internal/fs/fs_zip.go:188 +0xbf fp=0xc004895918 sp=0xc0048957d8 pc=0x7ff656c9e7df
github.com/evanw/esbuild/internal/resolver.resolverQuery.dirInfoUncached({0xc00453ad88?, 0xc004a5aaa0?, 0x0?, 0x48?}, 
{0xc005edba40, 0x48})
	github.com/evanw/esbuild/internal/resolver/resolver.go:1547 +0x11b fp=0xc004895bf8 sp=0xc004895918 pc=0x7ff656f5841b
github.com/evanw/esbuild/internal/resolver.resolverQuery.dirInfoCached({0xc00453ad88?, 0xc004a5aaa0?, 0x0?, 0x9e?}, 
{0xc005edba40, 0x48})
	github.com/evanw/esbuild/internal/resolver/resolver.go:1174 +0xee fp=0xc004895d00 sp=0xc004895bf8 pc=0x7ff656f5420e
github.com/evanw/esbuild/internal/resolver.resolverQuery.dirInfoUncached({0xc00453ad88?, 0xc004a5aaa0?, 0x0?, 0x4d?}, 
{0xc005edb9a0, 0x4d})
	github.com/evanw/esbuild/internal/resolver/resolver.go:1538 +0xe5 fp=0xc004895fe0 sp=0xc004895d00 pc=0x7ff656f583e5
github.com/evanw/esbuild/internal/resolver.resolverQuery.dirInfoCached({0xc00453ad88?, 0xc004a5aaa0?, 0x0?, 0x2f?}, 
{0xc005edb9a0, 0x4d})
	github.com/evanw/esbuild/internal/resolver/resolver.go:1174 +0xee fp=0xc0048960e8 sp=0xc004895fe0 pc=0x7ff656f5420e
github.com/evanw/esbuild/internal/resolver.resolverQuery.dirInfoUncached({0xc00453ad88?, 0xc004a5aaa0?, 0x0?, 0x51?}, 
{0xc006804e40, 0x51})
	github.com/evanw/esbuild/internal/resolver/resolver.go:1538 +0xe5 fp=0xc0048963c8 sp=0xc0048960e8 pc=0x7ff656f583e5
github.com/evanw/esbuild/internal/resolver.resolverQuery.dirInfoCached({0xc00453ad88?, 0xc004a5aaa0?, 0x0?, 0x0?}, 
{0xc006804e40, 0x51})
	github.com/evanw/esbuild/internal/resolver/resolver.go:1174 +0xee fp=0xc0048964d0 sp=0xc0048963c8 pc=0x7ff656f5420e
github.com/evanw/esbuild/internal/resolver.resolverQuery.dirInfoUncached({0xc00453ad88?, 0xc004a5aaa0?, 0x0?, 0x5a?}, 
{0xc006804de0, 0x5a})
	github.com/evanw/esbuild/internal/resolver/resolver.go:1538 +0xe5 fp=0xc0048967b0 sp=0xc0048964d0 pc=0x7ff656f583e5
github.com/evanw/esbuild/internal/resolver.resolverQuery.dirInfoCached({0xc00453ad88?, 0xc004a5aaa0?, 0x0?, 0x78?}, 
{0xc006804de0, 0x5a})
	github.com/evanw/esbuild/internal/resolver/resolver.go:1174 +0xee fp=0xc0048968b8 sp=0xc0048967b0 pc=0x7ff656f5420e
github.com/evanw/esbuild/internal/resolver.resolverQuery.dirInfoUncached({0xc00453ad88?, 0xc004a5aaa0?, 0x0?, 0x64?}, 
{0xc0035af420, 0x64})
	github.com/evanw/esbuild/internal/resolver/resolver.go:1538 +0xe5 fp=0xc004896b98 sp=0xc0048968b8 pc=0x7ff656f583e5
github.com/evanw/esbuild/internal/resolver.resolverQuery.dirInfoCached({0xc00453ad88?, 0xc004a5aaa0?, 0x0?, 0xa0?}, 
{0xc0035af420, 0x64})
	github.com/evanw/esbuild/internal/resolver/resolver.go:1174 +0xee fp=0xc004896ca0 sp=0xc004896b98 pc=0x7ff656f5420e
github.com/evanw/esbuild/internal/resolver.resolverQuery.finalizeResolve({0xc00453ad88?, 0xc004a5aaa0?, 0x0?, 0x0?}, 
0xc002cd4360)
	github.com/evanw/esbuild/internal/resolver/resolver.go:842 +0x6f1 fp=0xc004896e50 sp=0xc004896ca0 pc=0x7ff656f510d1
github.com/evanw/esbuild/internal/resolver.(*Resolver).Resolve(0xc00453ad88, {0xc002652ec0, 0x36}, {0xc0029847e0, 
0x6b}, 0x1)
	github.com/evanw/esbuild/internal/resolver/resolver.go:572 +0x1a1a fp=0xc004897220 sp=0xc004896e50 pc=0x7ff656f4ca9a
github.com/evanw/esbuild/internal/bundler.RunOnResolvePlugins({_, _, _}, _, {0xc001b0e0f0, 0xc00428ec18, 0xc00428ec30, 
0xc00428ec48, 0x3, 0xc001b0e060}, ...)
	github.com/evanw/esbuild/internal/bundler/bundler.go:1154 +0x36a fp=0xc004897690 sp=0xc004897220 pc=0x7ff656f80e0a
github.com/evanw/esbuild/pkg/api.loadPlugins.func2({0xc0029847e0, 0x6b}, {{0xc001cb4710, 0x10}, {0x0, 0x0}, {0x0, 
0x0}, {0xc002652ec0, 0x36}, ...})
	github.com/evanw/esbuild/pkg/api/api_impl.go:2114 +0x4be fp=0xc004897d18 sp=0xc004897690 pc=0x7ff65703809e
main.(*serviceType).convertPlugins.func2.1(0x11e, 0xc002830210)
	github.com/evanw/esbuild/cmd/esbuild/service.go:944 +0x665 fp=0xc004897f50 sp=0xc004897d18 pc=0x7ff65707a885
main.(*serviceType).handleIncomingPacket.func4()
	github.com/evanw/esbuild/cmd/esbuild/service.go:262 +0xa4 fp=0xc004897fe0 sp=0xc004897f50 pc=0x7ff6570740a4
runtime.goexit({})
	runtime/asm_amd64.s:1693 +0x1 fp=0xc004897fe8 sp=0xc004897fe0 pc=0x7ff656bcf221
created by main.(*serviceType).handleIncomingPacket in goroutine 1
	github.com/evanw/esbuild/cmd/esbuild/service.go:257 +0x156e

goroutine 1551 gp=0xc0012e6000 m=nil [chan send]:
runtime.gopark(0xc001a635e0?, 0xc005d9dd10?, 0xe8?, 0x1b?, 0x7ff656f59bde?)
	runtime/proc.go:460 +0xce fp=0xc003ab18f8 sp=0xc003ab18d8 pc=0x7ff656bc72ce
runtime.chansend(0xc000136000, 0x7ff6572b1690, 0x1, 0x7ff656c308a5?)
	runtime/chan.go:283 +0x3cb fp=0xc003ab1968 sp=0xc003ab18f8 pc=0x7ff656b5d58b
runtime.chansend1(0x7ff6571b92e0?, 0xc005f1db01?)
	runtime/chan.go:161 +0x17 fp=0xc003ab1998 sp=0xc003ab1968 pc=0x7ff656b5d1b7
github.com/evanw/esbuild/internal/fs.BeforeFileOpen(...)
	github.com/evanw/esbuild/internal/fs/fs.go:245
github.com/evanw/esbuild/internal/fs.(*realFS).readdir(0xc0000da080, {0xc001a63590, 0x48})
	github.com/evanw/esbuild/internal/fs/fs_real.go:351 +0x6c fp=0xc003ab1a30 sp=0xc003ab1998 pc=0x7ff656c9c32c
github.com/evanw/esbuild/internal/fs.(*realFS).ReadDirectory(0xc0000da080, {0xc001a63590, 0x48})
	github.com/evanw/esbuild/internal/fs/fs_real.go:146 +0x177 fp=0xc003ab1bc0 sp=0xc003ab1a30 pc=0x7ff656c9a637
github.com/evanw/esbuild/internal/fs.(*zipFS).ReadDirectory(0xc0000a6120, {0xc001a63590, 0x48})
	github.com/evanw/esbuild/internal/fs/fs_zip.go:188 +0xbf fp=0xc003ab1d00 sp=0xc003ab1bc0 pc=0x7ff656c9e7df
github.com/evanw/esbuild/internal/resolver.resolverQuery.dirInfoUncached({0xc002c5c008?, 0xc005f96050?, 0x0?, 0x48?}, 
{0xc001a63590, 0x48})
	github.com/evanw/esbuild/internal/resolver/resolver.go:1547 +0x11b fp=0xc003ab1fe0 sp=0xc003ab1d00 pc=0x7ff656f5841b
github.com/evanw/esbuild/internal/resolver.resolverQuery.dirInfoCached({0xc002c5c008?, 0xc005f96050?, 0x0?, 0x2f?}, 
{0xc001a63590, 0x48})
	github.com/evanw/esbuild/internal/resolver/resolver.go:1174 +0xee fp=0xc003ab20e8 sp=0xc003ab1fe0 pc=0x7ff656f5420e
github.com/evanw/esbuild/internal/resolver.resolverQuery.dirInfoUncached({0xc002c5c008?, 0xc005f96050?, 0x0?, 0x4d?}, 
{0xc001a63540, 0x4d})
	github.com/evanw/esbuild/internal/resolver/resolver.go:1538 +0xe5 fp=0xc003ab23c8 sp=0xc003ab20e8 pc=0x7ff656f583e5
github.com/evanw/esbuild/internal/resolver.resolverQuery.dirInfoCached({0xc002c5c008?, 0xc005f96050?, 0x0?, 0x0?}, 
{0xc001a63540, 0x4d})
	github.com/evanw/esbuild/internal/resolver/resolver.go:1174 +0xee fp=0xc003ab24d0 sp=0xc003ab23c8 pc=0x7ff656f5420e
github.com/evanw/esbuild/internal/resolver.resolverQuery.dirInfoUncached({0xc002c5c008?, 0xc005f96050?, 0x0?, 0x51?}, 
{0xc0060dc9c0, 0x51})
	github.com/evanw/esbuild/internal/resolver/resolver.go:1538 +0xe5 fp=0xc003ab27b0 sp=0xc003ab24d0 pc=0x7ff656f583e5
github.com/evanw/esbuild/internal/resolver.resolverQuery.dirInfoCached({0xc002c5c008?, 0xc005f96050?, 0x0?, 0x78?}, 
{0xc0060dc9c0, 0x51})
	github.com/evanw/esbuild/internal/resolver/resolver.go:1174 +0xee fp=0xc003ab28b8 sp=0xc003ab27b0 pc=0x7ff656f5420e
github.com/evanw/esbuild/internal/resolver.resolverQuery.dirInfoUncached({0xc002c5c008?, 0xc005f96050?, 0x0?, 0x5a?}, 
{0xc0060dc960, 0x5a})
	github.com/evanw/esbuild/internal/resolver/resolver.go:1538 +0xe5 fp=0xc003ab2b98 sp=0xc003ab28b8 pc=0x7ff656f583e5
github.com/evanw/esbuild/internal/resolver.resolverQuery.dirInfoCached({0xc002c5c008?, 0xc005f96050?, 0x0?, 0x50?}, 
{0xc0060dc960, 0x5a})
	github.com/evanw/esbuild/internal/resolver/resolver.go:1174 +0xee fp=0xc003ab2ca0 sp=0xc003ab2b98 pc=0x7ff656f5420e
github.com/evanw/esbuild/internal/resolver.resolverQuery.finalizeResolve({0xc002c5c008?, 0xc005f96050?, 0x0?, 0x0?}, 
0xc002cfaea0)
	github.com/evanw/esbuild/internal/resolver/resolver.go:842 +0x6f1 fp=0xc003ab2e50 sp=0xc003ab2ca0 pc=0x7ff656f510d1
github.com/evanw/esbuild/internal/resolver.(*Resolver).Resolve(0xc002c5c008, {0xc002652f00, 0x36}, {0xc002984850, 
0x6b}, 0x1)
	github.com/evanw/esbuild/internal/resolver/resolver.go:572 +0x1a1a fp=0xc003ab3220 sp=0xc003ab2e50 pc=0x7ff656f4ca9a
github.com/evanw/esbuild/internal/bundler.RunOnResolvePlugins({_, _, _}, _, {0xc001b0e210, 0xc00428ecc0, 0xc00428ed08, 
0xc00428ed68, 0x3, 0xc001b0e1e0}, ...)
	github.com/evanw/esbuild/internal/bundler/bundler.go:1154 +0x36a fp=0xc003ab3690 sp=0xc003ab3220 pc=0x7ff656f80e0a
github.com/evanw/esbuild/pkg/api.loadPlugins.func2({0xc002984850, 0x6b}, {{0xc001cb4770, 0x10}, {0x0, 0x0}, {0x0, 
0x0}, {0xc002652f00, 0x36}, ...})
	github.com/evanw/esbuild/pkg/api/api_impl.go:2114 +0x4be fp=0xc003ab3d18 sp=0xc003ab3690 pc=0x7ff65703809e
main.(*serviceType).convertPlugins.func2.1(0x11f, 0xc0028303f0)
	github.com/evanw/esbuild/cmd/esbuild/service.go:944 +0x665 fp=0xc003ab3f50 sp=0xc003ab3d18 pc=0x7ff65707a885
main.(*serviceType).handleIncomingPacket.func4()
	github.com/evanw/esbuild/cmd/esbuild/service.go:262 +0xa4 fp=0xc003ab3fe0 sp=0xc003ab3f50 pc=0x7ff6570740a4
runtime.goexit({})
	runtime/asm_amd64.s:1693 +0x1 fp=0xc003ab3fe8 sp=0xc003ab3fe0 pc=0x7ff656bcf221
created by main.(*serviceType).handleIncomingPacket in goroutine 1
	github.com/evanw/esbuild/cmd/esbuild/service.go:257 +0x156e

goroutine 1552 gp=0xc0012e61c0 m=nil [runnable]:
runtime.cgocall(0x7ff656bd0a40, 0xc002248358)
	runtime/cgocall.go:167 +0x3e fp=0xc004d06fb0 sp=0xc004d06f48 pc=0x7ff656bc467e
runtime.syscall_syscalln(0xc002248008?, 0xc002044978?, {0xc004d06ff8?, 0x7ff656bc5065?, 0xc?})
	runtime/syscall_windows.go:521 +0x4e fp=0xc004d06fd0 sp=0xc004d06fb0 pc=0x7ff656bb0bee
syscall.Syscall6(0xc004d07088?, 0x7ff656c0760f?, 0xc001fc55a8?, 0x12?, 0x12f?, 0xc002044978?, 0x7ff656b66b25?, 0x90?)
	runtime/syscall_windows.go:463 +0x38 fp=0xc004d07038 sp=0xc004d06fd0 pc=0x7ff656bcb038
internal/syscall/windows.GetFileInformationByHandleEx(0x1284, 0xa, 0x12?, 0x10000)
	internal/syscall/windows/zsyscall_windows.go:323 +0x73 fp=0xc004d07098 sp=0xc004d07038 pc=0x7ff656c216f3
os.(*File).readdir(0xc0064dc420, 0xffffffffffffffff, 0x0)
	os/dir_windows.go:125 +0x2bf fp=0xc004d07190 sp=0xc004d07098 pc=0x7ff656c2ad1f
os.(*File).Readdirnames(0xc0060854f0?, 0x0?)
	os/dir.go:73 +0x1a fp=0xc004d071c8 sp=0xc004d07190 pc=0x7ff656c2a8da
github.com/evanw/esbuild/internal/fs.(*realFS).readdir(0xc0000da080, {0xc0060854f0, 0x43})
	github.com/evanw/esbuild/internal/fs/fs_real.go:362 +0xfd fp=0xc004d07260 sp=0xc004d071c8 pc=0x7ff656c9c3bd
github.com/evanw/esbuild/internal/fs.(*realFS).ReadDirectory(0xc0000da080, {0xc0060854f0, 0x43})
	github.com/evanw/esbuild/internal/fs/fs_real.go:146 +0x177 fp=0xc004d073f0 sp=0xc004d07260 pc=0x7ff656c9a637
github.com/evanw/esbuild/internal/fs.(*zipFS).ReadDirectory(0xc0000a6120, {0xc0060854f0, 0x43})
	github.com/evanw/esbuild/internal/fs/fs_zip.go:188 +0xbf fp=0xc004d07530 sp=0xc004d073f0 pc=0x7ff656c9e7df
github.com/evanw/esbuild/internal/resolver.resolverQuery.dirInfoUncached({0xc002c5c488?, 0xc0035b5180?, 0x0?, 0x43?}, 
{0xc0060854f0, 0x43})
	github.com/evanw/esbuild/internal/resolver/resolver.go:1547 +0x11b fp=0xc004d07810 sp=0xc004d07530 pc=0x7ff656f5841b
github.com/evanw/esbuild/internal/resolver.resolverQuery.dirInfoCached({0xc002c5c488?, 0xc0035b5180?, 0x0?, 0x9e?}, 
{0xc0060854f0, 0x43})
	github.com/evanw/esbuild/internal/resolver/resolver.go:1174 +0xee fp=0xc004d07918 sp=0xc004d07810 pc=0x7ff656f5420e
github.com/evanw/esbuild/internal/resolver.resolverQuery.dirInfoUncached({0xc002c5c488?, 0xc0035b5180?, 0x0?, 0x48?}, 
{0xc0060854a0, 0x48})
	github.com/evanw/esbuild/internal/resolver/resolver.go:1538 +0xe5 fp=0xc004d07bf8 sp=0xc004d07918 pc=0x7ff656f583e5
github.com/evanw/esbuild/internal/resolver.resolverQuery.dirInfoCached({0xc002c5c488?, 0xc0035b5180?, 0x0?, 0x9e?}, 
{0xc0060854a0, 0x48})
	github.com/evanw/esbuild/internal/resolver/resolver.go:1174 +0xee fp=0xc004d07d00 sp=0xc004d07bf8 pc=0x7ff656f5420e
github.com/evanw/esbuild/internal/resolver.resolverQuery.dirInfoUncached({0xc002c5c488?, 0xc0035b5180?, 0x0?, 0x4d?}, 
{0xc006085450, 0x4d})
	github.com/evanw/esbuild/internal/resolver/resolver.go:1538 +0xe5 fp=0xc004d07fe0 sp=0xc004d07d00 pc=0x7ff656f583e5
github.com/evanw/esbuild/internal/resolver.resolverQuery.dirInfoCached({0xc002c5c488?, 0xc0035b5180?, 0x0?, 0x2f?}, 
{0xc006085450, 0x4d})
	github.com/evanw/esbuild/internal/resolver/resolver.go:1174 +0xee fp=0xc004d080e8 sp=0xc004d07fe0 pc=0x7ff656f5420e
github.com/evanw/esbuild/internal/resolver.resolverQuery.dirInfoUncached({0xc002c5c488?, 0xc0035b5180?, 0x0?, 0x51?}, 
{0xc001a61740, 0x51})
	github.com/evanw/esbuild/internal/resolver/resolver.go:1538 +0xe5 fp=0xc004d083c8 sp=0xc004d080e8 pc=0x7ff656f583e5
github.com/evanw/esbuild/internal/resolver.resolverQuery.dirInfoCached({0xc002c5c488?, 0xc0035b5180?, 0x0?, 0x0?}, 
{0xc001a61740, 0x51})
	github.com/evanw/esbuild/internal/resolver/resolver.go:1174 +0xee fp=0xc004d084d0 sp=0xc004d083c8 pc=0x7ff656f5420e
github.com/evanw/esbuild/internal/resolver.resolverQuery.dirInfoUncached({0xc002c5c488?, 0xc0035b5180?, 0x0?, 0x5a?}, 
{0xc001a616e0, 0x5a})
	github.com/evanw/esbuild/internal/resolver/resolver.go:1538 +0xe5 fp=0xc004d087b0 sp=0xc004d084d0 pc=0x7ff656f583e5
github.com/evanw/esbuild/internal/resolver.resolverQuery.dirInfoCached({0xc002c5c488?, 0xc0035b5180?, 0x0?, 0x78?}, 
{0xc001a616e0, 0x5a})
	github.com/evanw/esbuild/internal/resolver/resolver.go:1174 +0xee fp=0xc004d088b8 sp=0xc004d087b0 pc=0x7ff656f5420e
github.com/evanw/esbuild/internal/resolver.resolverQuery.dirInfoUncached({0xc002c5c488?, 0xc0035b5180?, 0x0?, 0x64?}, 
{0xc0059edab0, 0x64})
	github.com/evanw/esbuild/internal/resolver/resolver.go:1538 +0xe5 fp=0xc004d08b98 sp=0xc004d088b8 pc=0x7ff656f583e5
github.com/evanw/esbuild/internal/resolver.resolverQuery.dirInfoCached({0xc002c5c488?, 0xc0035b5180?, 0x0?, 0x80?}, 
{0xc0059edab0, 0x64})
	github.com/evanw/esbuild/internal/resolver/resolver.go:1174 +0xee fp=0xc004d08ca0 sp=0xc004d08b98 pc=0x7ff656f5420e
github.com/evanw/esbuild/internal/resolver.resolverQuery.finalizeResolve({0xc002c5c488?, 0xc0035b5180?, 0x0?, 0x0?}, 
0xc00219b8c0)
	github.com/evanw/esbuild/internal/resolver/resolver.go:842 +0x6f1 fp=0xc004d08e50 sp=0xc004d08ca0 pc=0x7ff656f510d1
github.com/evanw/esbuild/internal/resolver.(*Resolver).Resolve(0xc002c5c488, {0xc002652f40, 0x36}, {0xc0029848c0, 
0x70}, 0x1)
	github.com/evanw/esbuild/internal/resolver/resolver.go:572 +0x1a1a fp=0xc004d09220 sp=0xc004d08e50 pc=0x7ff656f4ca9a
github.com/evanw/esbuild/internal/bundler.RunOnResolvePlugins({_, _, _}, _, {0xc0043e8240, 0xc00428ede0, 0xc00428eee8, 
0xc00428ef00, 0x3, 0xc0043e81e0}, ...)
	github.com/evanw/esbuild/internal/bundler/bundler.go:1154 +0x36a fp=0xc004d09690 sp=0xc004d09220 pc=0x7ff656f80e0a
github.com/evanw/esbuild/pkg/api.loadPlugins.func2({0xc0029848c0, 0x70}, {{0xc001cb4800, 0x10}, {0x0, 0x0}, {0x0, 
0x0}, {0xc002652f40, 0x36}, ...})
	github.com/evanw/esbuild/pkg/api/api_impl.go:2114 +0x4be fp=0xc004d09d18 sp=0xc004d09690 pc=0x7ff65703809e
main.(*serviceType).convertPlugins.func2.1(0x120, 0xc002830480)
	github.com/evanw/esbuild/cmd/esbuild/service.go:944 +0x665 fp=0xc004d09f50 sp=0xc004d09d18 pc=0x7ff65707a885
main.(*serviceType).handleIncomingPacket.func4()
	github.com/evanw/esbuild/cmd/esbuild/service.go:262 +0xa4 fp=0xc004d09fe0 sp=0xc004d09f50 pc=0x7ff6570740a4
runtime.goexit({})
	runtime/asm_amd64.s:1693 +0x1 fp=0xc004d09fe8 sp=0xc004d09fe0 pc=0x7ff656bcf221
created by main.(*serviceType).handleIncomingPacket in goroutine 1
	github.com/evanw/esbuild/cmd/esbuild/service.go:257 +0x156e

goroutine 1553 gp=0xc0012e6380 m=nil [chan send]:
runtime.gopark(0x0?, 0x0?, 0x0?, 0x0?, 0x0?)
	runtime/proc.go:460 +0xce fp=0xc004e95128 sp=0xc004e95108 pc=0x7ff656bc72ce
runtime.chansend(0xc000136000, 0x7ff6572b1690, 0x1, 0x0?)
	runtime/chan.go:283 +0x3cb fp=0xc004e95198 sp=0xc004e95128 pc=0x7ff656b5d58b
runtime.chansend1(0x0?, 0x0?)
	runtime/chan.go:161 +0x17 fp=0xc004e951c8 sp=0xc004e95198 pc=0x7ff656b5d1b7
github.com/evanw/esbuild/internal/fs.BeforeFileOpen(...)
	github.com/evanw/esbuild/internal/fs/fs.go:245
github.com/evanw/esbuild/internal/fs.(*realFS).readdir(0xc0000da080, {0xc00457a140, 0x43})
	github.com/evanw/esbuild/internal/fs/fs_real.go:351 +0x6c fp=0xc004e95260 sp=0xc004e951c8 pc=0x7ff656c9c32c
github.com/evanw/esbuild/internal/fs.(*realFS).ReadDirectory(0xc0000da080, {0xc00457a140, 0x43})
	github.com/evanw/esbuild/internal/fs/fs_real.go:146 +0x177 fp=0xc004e953f0 sp=0xc004e95260 pc=0x7ff656c9a637
github.com/evanw/esbuild/internal/fs.(*zipFS).ReadDirectory(0xc0000a6120, {0xc00457a140, 0x43})
	github.com/evanw/esbuild/internal/fs/fs_zip.go:188 +0xbf fp=0xc004e95530 sp=0xc004e953f0 pc=0x7ff656c9e7df
github.com/evanw/esbuild/internal/resolver.resolverQuery.dirInfoUncached({0xc002c5c908?, 0xc0032dac30?, 0x0?, 0x43?}, 
{0xc00457a140, 0x43})
	github.com/evanw/esbuild/internal/resolver/resolver.go:1547 +0x11b fp=0xc004e95810 sp=0xc004e95530 pc=0x7ff656f5841b
github.com/evanw/esbuild/internal/resolver.resolverQuery.dirInfoCached({0xc002c5c908?, 0xc0032dac30?, 0x0?, 0x9e?}, 
{0xc00457a140, 0x43})
	github.com/evanw/esbuild/internal/resolver/resolver.go:1174 +0xee fp=0xc004e95918 sp=0xc004e95810 pc=0x7ff656f5420e
github.com/evanw/esbuild/internal/resolver.resolverQuery.dirInfoUncached({0xc002c5c908?, 0xc0032dac30?, 0x0?, 0x48?}, 
{0xc00457a0f0, 0x48})
	github.com/evanw/esbuild/internal/resolver/resolver.go:1538 +0xe5 fp=0xc004e95bf8 sp=0xc004e95918 pc=0x7ff656f583e5
github.com/evanw/esbuild/internal/resolver.resolverQuery.dirInfoCached({0xc002c5c908?, 0xc0032dac30?, 0x0?, 0x9e?}, 
{0xc00457a0f0, 0x48})
	github.com/evanw/esbuild/internal/resolver/resolver.go:1174 +0xee fp=0xc004e95d00 sp=0xc004e95bf8 pc=0x7ff656f5420e
github.com/evanw/esbuild/internal/resolver.resolverQuery.dirInfoUncached({0xc002c5c908?, 0xc0032dac30?, 0x0?, 0x4d?}, 
{0xc00457a0a0, 0x4d})
	github.com/evanw/esbuild/internal/resolver/resolver.go:1538 +0xe5 fp=0xc004e95fe0 sp=0xc004e95d00 pc=0x7ff656f583e5
github.com/evanw/esbuild/internal/resolver.resolverQuery.dirInfoCached({0xc002c5c908?, 0xc0032dac30?, 0x0?, 0x2f?}, 
{0xc00457a0a0, 0x4d})
	github.com/evanw/esbuild/internal/resolver/resolver.go:1174 +0xee fp=0xc004e960e8 sp=0xc004e95fe0 pc=0x7ff656f5420e
github.com/evanw/esbuild/internal/resolver.resolverQuery.dirInfoUncached({0xc002c5c908?, 0xc0032dac30?, 0x0?, 0x51?}, 
{0xc00668d260, 0x51})
	github.com/evanw/esbuild/internal/resolver/resolver.go:1538 +0xe5 fp=0xc004e963c8 sp=0xc004e960e8 pc=0x7ff656f583e5
github.com/evanw/esbuild/internal/resolver.resolverQuery.dirInfoCached({0xc002c5c908?, 0xc0032dac30?, 0x0?, 0x0?}, 
{0xc00668d260, 0x51})
	github.com/evanw/esbuild/internal/resolver/resolver.go:1174 +0xee fp=0xc004e964d0 sp=0xc004e963c8 pc=0x7ff656f5420e
github.com/evanw/esbuild/internal/resolver.resolverQuery.dirInfoUncached({0xc002c5c908?, 0xc0032dac30?, 0x0?, 0x5a?}, 
{0xc00668d200, 0x5a})
	github.com/evanw/esbuild/internal/resolver/resolver.go:1538 +0xe5 fp=0xc004e967b0 sp=0xc004e964d0 pc=0x7ff656f583e5
github.com/evanw/esbuild/internal/resolver.resolverQuery.dirInfoCached({0xc002c5c908?, 0xc0032dac30?, 0x0?, 0x48?}, 
{0xc00668d200, 0x5a})
	github.com/evanw/esbuild/internal/resolver/resolver.go:1174 +0xee fp=0xc004e968b8 sp=0xc004e967b0 pc=0x7ff656f5420e
github.com/evanw/esbuild/internal/resolver.resolverQuery.dirInfoUncached({0xc002c5c908?, 0xc0032dac30?, 0x0?, 0x64?}, 
{0xc0067a5c00, 0x64})
	github.com/evanw/esbuild/internal/resolver/resolver.go:1538 +0xe5 fp=0xc004e96b98 sp=0xc004e968b8 pc=0x7ff656f583e5
github.com/evanw/esbuild/internal/resolver.resolverQuery.dirInfoCached({0xc002c5c908?, 0xc0032dac30?, 0x0?, 0x30?}, 
{0xc0067a5c00, 0x64})
	github.com/evanw/esbuild/internal/resolver/resolver.go:1174 +0xee fp=0xc004e96ca0 sp=0xc004e96b98 pc=0x7ff656f5420e
github.com/evanw/esbuild/internal/resolver.resolverQuery.finalizeResolve({0xc002c5c908?, 0xc0032dac30?, 0x0?, 0x0?}, 
0xc004902120)
	github.com/evanw/esbuild/internal/resolver/resolver.go:842 +0x6f1 fp=0xc004e96e50 sp=0xc004e96ca0 pc=0x7ff656f510d1
github.com/evanw/esbuild/internal/resolver.(*Resolver).Resolve(0xc002c5c908, {0xc002652f80, 0x36}, {0xc003907c80, 
0x74}, 0x1)
	github.com/evanw/esbuild/internal/resolver/resolver.go:572 +0x1a1a fp=0xc004e97220 sp=0xc004e96e50 pc=0x7ff656f4ca9a
github.com/evanw/esbuild/internal/bundler.RunOnResolvePlugins({_, _, _}, _, {0xc0043e8420, 0xc00428ef90, 0xc00428efc0, 
0xc00428efd8, 0x3, 0xc0043e83c0}, ...)
	github.com/evanw/esbuild/internal/bundler/bundler.go:1154 +0x36a fp=0xc004e97690 sp=0xc004e97220 pc=0x7ff656f80e0a
github.com/evanw/esbuild/pkg/api.loadPlugins.func2({0xc003907c80, 0x74}, {{0xc001cb4900, 0x10}, {0x0, 0x0}, {0x0, 
0x0}, {0xc002652f80, 0x36}, ...})
	github.com/evanw/esbuild/pkg/api/api_impl.go:2114 +0x4be fp=0xc004e97d18 sp=0xc004e97690 pc=0x7ff65703809e
main.(*serviceType).convertPlugins.func2.1(0x121, 0xc002830540)
	github.com/evanw/esbuild/cmd/esbuild/service.go:944 +0x665 fp=0xc004e97f50 sp=0xc004e97d18 pc=0x7ff65707a885
main.(*serviceType).handleIncomingPacket.func4()
	github.com/evanw/esbuild/cmd/esbuild/service.go:262 +0xa4 fp=0xc004e97fe0 sp=0xc004e97f50 pc=0x7ff6570740a4
runtime.goexit({})
	runtime/asm_amd64.s:1693 +0x1 fp=0xc004e97fe8 sp=0xc004e97fe0 pc=0x7ff656bcf221
created by main.(*serviceType).handleIncomingPacket in goroutine 1
	github.com/evanw/esbuild/cmd/esbuild/service.go:257 +0x156e

goroutine 1554 gp=0xc0012e6540 m=nil [chan send]:
runtime.gopark(0x0?, 0x207a?, 0x7?, 0x87?, 0x20b515d3ee0?)
	runtime/proc.go:460 +0xce fp=0xc000fcf510 sp=0xc000fcf4f0 pc=0x7ff656bc72ce
runtime.chansend(0xc000136000, 0x7ff6572b1690, 0x1, 0x20b515d4160?)
	runtime/chan.go:283 +0x3cb fp=0xc000fcf580 sp=0xc000fcf510 pc=0x7ff656b5d58b
runtime.chansend1(0xc000782008?, 0xc005dbe388?)
	runtime/chan.go:161 +0x17 fp=0xc000fcf5b0 sp=0xc000fcf580 pc=0x7ff656b5d1b7
github.com/evanw/esbuild/internal/fs.BeforeFileOpen(...)
	github.com/evanw/esbuild/internal/fs/fs.go:245
github.com/evanw/esbuild/internal/fs.(*realFS).readdir(0xc0000da080, {0xc00487e0a0, 0x43})
	github.com/evanw/esbuild/internal/fs/fs_real.go:351 +0x6c fp=0xc000fcf648 sp=0xc000fcf5b0 pc=0x7ff656c9c32c
github.com/evanw/esbuild/internal/fs.(*realFS).ReadDirectory(0xc0000da080, {0xc00487e0a0, 0x43})
	github.com/evanw/esbuild/internal/fs/fs_real.go:146 +0x177 fp=0xc000fcf7d8 sp=0xc000fcf648 pc=0x7ff656c9a637
github.com/evanw/esbuild/internal/fs.(*zipFS).ReadDirectory(0xc0000a6120, {0xc00487e0a0, 0x43})
	github.com/evanw/esbuild/internal/fs/fs_zip.go:188 +0xbf fp=0xc000fcf918 sp=0xc000fcf7d8 pc=0x7ff656c9e7df
github.com/evanw/esbuild/internal/resolver.resolverQuery.dirInfoUncached({0xc002c5cd88?, 0xc005cfb720?, 0x0?, 0x43?}, 
{0xc00487e0a0, 0x43})
	github.com/evanw/esbuild/internal/resolver/resolver.go:1547 +0x11b fp=0xc000fcfbf8 sp=0xc000fcf918 pc=0x7ff656f5841b
github.com/evanw/esbuild/internal/resolver.resolverQuery.dirInfoCached({0xc002c5cd88?, 0xc005cfb720?, 0x0?, 0x9e?}, 
{0xc00487e0a0, 0x43})
	github.com/evanw/esbuild/internal/resolver/resolver.go:1174 +0xee fp=0xc000fcfd00 sp=0xc000fcfbf8 pc=0x7ff656f5420e
github.com/evanw/esbuild/internal/resolver.resolverQuery.dirInfoUncached({0xc002c5cd88?, 0xc005cfb720?, 0x0?, 0x48?}, 
{0xc00487e050, 0x48})
	github.com/evanw/esbuild/internal/resolver/resolver.go:1538 +0xe5 fp=0xc000fcffe0 sp=0xc000fcfd00 pc=0x7ff656f583e5
github.com/evanw/esbuild/internal/resolver.resolverQuery.dirInfoCached({0xc002c5cd88?, 0xc005cfb720?, 0x0?, 0xd?}, 
{0xc00487e050, 0x48})
	github.com/evanw/esbuild/internal/resolver/resolver.go:1174 +0xee fp=0xc000fd00e8 sp=0xc000fcffe0 pc=0x7ff656f5420e
github.com/evanw/esbuild/internal/resolver.resolverQuery.dirInfoUncached({0xc002c5cd88?, 0xc005cfb720?, 0x0?, 0x4d?}, 
{0xc00487e000, 0x4d})
	github.com/evanw/esbuild/internal/resolver/resolver.go:1538 +0xe5 fp=0xc000fd03c8 sp=0xc000fd00e8 pc=0x7ff656f583e5
github.com/evanw/esbuild/internal/resolver.resolverQuery.dirInfoCached({0xc002c5cd88?, 0xc005cfb720?, 0x0?, 0x0?}, 
{0xc00487e000, 0x4d})
	github.com/evanw/esbuild/internal/resolver/resolver.go:1174 +0xee fp=0xc000fd04d0 sp=0xc000fd03c8 pc=0x7ff656f5420e
github.com/evanw/esbuild/internal/resolver.resolverQuery.dirInfoUncached({0xc002c5cd88?, 0xc005cfb720?, 0x0?, 0x51?}, 
{0xc006804fc0, 0x51})
	github.com/evanw/esbuild/internal/resolver/resolver.go:1538 +0xe5 fp=0xc000fd07b0 sp=0xc000fd04d0 pc=0x7ff656f583e5
github.com/evanw/esbuild/internal/resolver.resolverQuery.dirInfoCached({0xc002c5cd88?, 0xc005cfb720?, 0x0?, 0x78?}, 
{0xc006804fc0, 0x51})
	github.com/evanw/esbuild/internal/resolver/resolver.go:1174 +0xee fp=0xc000fd08b8 sp=0xc000fd07b0 pc=0x7ff656f5420e
github.com/evanw/esbuild/internal/resolver.resolverQuery.dirInfoUncached({0xc002c5cd88?, 0xc005cfb720?, 0x0?, 0x5a?}, 
{0xc006804f60, 0x5a})
	github.com/evanw/esbuild/internal/resolver/resolver.go:1538 +0xe5 fp=0xc000fd0b98 sp=0xc000fd08b8 pc=0x7ff656f583e5
github.com/evanw/esbuild/internal/resolver.resolverQuery.dirInfoCached({0xc002c5cd88?, 0xc005cfb720?, 0x0?, 0x20?}, 
{0xc006804f60, 0x5a})
	github.com/evanw/esbuild/internal/resolver/resolver.go:1174 +0xee fp=0xc000fd0ca0 sp=0xc000fd0b98 pc=0x7ff656f5420e
github.com/evanw/esbuild/internal/resolver.resolverQuery.finalizeResolve({0xc002c5cd88?, 0xc005cfb720?, 0x0?, 0x0?}, 
0xc002cd47e0)
	github.com/evanw/esbuild/internal/resolver/resolver.go:842 +0x6f1 fp=0xc000fd0e50 sp=0xc000fd0ca0 pc=0x7ff656f510d1
github.com/evanw/esbuild/internal/resolver.(*Resolver).Resolve(0xc002c5cd88, {0xc002652fc0, 0x36}, {0xc002984930, 
0x6c}, 0x1)
	github.com/evanw/esbuild/internal/resolver/resolver.go:572 +0x1a1a fp=0xc000fd1220 sp=0xc000fd0e50 pc=0x7ff656f4ca9a
github.com/evanw/esbuild/internal/bundler.RunOnResolvePlugins({_, _, _}, _, {0xc0043e8840, 0xc00428f068, 0xc00428f098, 
0xc00428f0c8, 0x3, 0xc0043e8810}, ...)
	github.com/evanw/esbuild/internal/bundler/bundler.go:1154 +0x36a fp=0xc000fd1690 sp=0xc000fd1220 pc=0x7ff656f80e0a
github.com/evanw/esbuild/pkg/api.loadPlugins.func2({0xc002984930, 0x6c}, {{0xc001cb4b10, 0x10}, {0x0, 0x0}, {0x0, 
0x0}, {0xc002652fc0, 0x36}, ...})
	github.com/evanw/esbuild/pkg/api/api_impl.go:2114 +0x4be fp=0xc000fd1d18 sp=0xc000fd1690 pc=0x7ff65703809e
main.(*serviceType).convertPlugins.func2.1(0x122, 0xc002830570)
	github.com/evanw/esbuild/cmd/esbuild/service.go:944 +0x665 fp=0xc000fd1f50 sp=0xc000fd1d18 pc=0x7ff65707a885
main.(*serviceType).handleIncomingPacket.func4()
	github.com/evanw/esbuild/cmd/esbuild/service.go:262 +0xa4 fp=0xc000fd1fe0 sp=0xc000fd1f50 pc=0x7ff6570740a4
runtime.goexit({})
	runtime/asm_amd64.s:1693 +0x1 fp=0xc000fd1fe8 sp=0xc000fd1fe0 pc=0x7ff656bcf221
created by main.(*serviceType).handleIncomingPacket in goroutine 1
	github.com/evanw/esbuild/cmd/esbuild/service.go:257 +0x156e

goroutine 1555 gp=0xc0012e6700 m=nil [chan send]:
runtime.gopark(0x0?, 0x0?, 0x0?, 0x0?, 0x0?)
	runtime/proc.go:460 +0xce fp=0xc00621f128 sp=0xc00621f108 pc=0x7ff656bc72ce
runtime.chansend(0xc000136000, 0x7ff6572b1690, 0x1, 0x0?)
	runtime/chan.go:283 +0x3cb fp=0xc00621f198 sp=0xc00621f128 pc=0x7ff656b5d58b
runtime.chansend1(0x0?, 0x0?)
	runtime/chan.go:161 +0x17 fp=0xc00621f1c8 sp=0xc00621f198 pc=0x7ff656b5d1b7
github.com/evanw/esbuild/internal/fs.BeforeFileOpen(...)
	github.com/evanw/esbuild/internal/fs/fs.go:245
github.com/evanw/esbuild/internal/fs.(*realFS).readdir(0xc0000da080, {0xc00457a640, 0x43})
	github.com/evanw/esbuild/internal/fs/fs_real.go:351 +0x6c fp=0xc00621f260 sp=0xc00621f1c8 pc=0x7ff656c9c32c
github.com/evanw/esbuild/internal/fs.(*realFS).ReadDirectory(0xc0000da080, {0xc00457a640, 0x43})
	github.com/evanw/esbuild/internal/fs/fs_real.go:146 +0x177 fp=0xc00621f3f0 sp=0xc00621f260 pc=0x7ff656c9a637
github.com/evanw/esbuild/internal/fs.(*zipFS).ReadDirectory(0xc0000a6120, {0xc00457a640, 0x43})
	github.com/evanw/esbuild/internal/fs/fs_zip.go:188 +0xbf fp=0xc00621f530 sp=0xc00621f3f0 pc=0x7ff656c9e7df
github.com/evanw/esbuild/internal/resolver.resolverQuery.dirInfoUncached({0xc002c5d208?, 0xc0032dae10?, 0x0?, 0x43?}, 
{0xc00457a640, 0x43})
	github.com/evanw/esbuild/internal/resolver/resolver.go:1547 +0x11b fp=0xc00621f810 sp=0xc00621f530 pc=0x7ff656f5841b
github.com/evanw/esbuild/internal/resolver.resolverQuery.dirInfoCached({0xc002c5d208?, 0xc0032dae10?, 0x0?, 0x9e?}, 
{0xc00457a640, 0x43})
	github.com/evanw/esbuild/internal/resolver/resolver.go:1174 +0xee fp=0xc00621f918 sp=0xc00621f810 pc=0x7ff656f5420e
github.com/evanw/esbuild/internal/resolver.resolverQuery.dirInfoUncached({0xc002c5d208?, 0xc0032dae10?, 0x0?, 0x48?}, 
{0xc00457a5f0, 0x48})
	github.com/evanw/esbuild/internal/resolver/resolver.go:1538 +0xe5 fp=0xc00621fbf8 sp=0xc00621f918 pc=0x7ff656f583e5
github.com/evanw/esbuild/internal/resolver.resolverQuery.dirInfoCached({0xc002c5d208?, 0xc0032dae10?, 0x0?, 0x9e?}, 
{0xc00457a5f0, 0x48})
	github.com/evanw/esbuild/internal/resolver/resolver.go:1174 +0xee fp=0xc00621fd00 sp=0xc00621fbf8 pc=0x7ff656f5420e
github.com/evanw/esbuild/internal/resolver.resolverQuery.dirInfoUncached({0xc002c5d208?, 0xc0032dae10?, 0x0?, 0x4d?}, 
{0xc00457a5a0, 0x4d})
	github.com/evanw/esbuild/internal/resolver/resolver.go:1538 +0xe5 fp=0xc00621ffe0 sp=0xc00621fd00 pc=0x7ff656f583e5
github.com/evanw/esbuild/internal/resolver.resolverQuery.dirInfoCached({0xc002c5d208?, 0xc0032dae10?, 0x0?, 0x2f?}, 
{0xc00457a5a0, 0x4d})
	github.com/evanw/esbuild/internal/resolver/resolver.go:1174 +0xee fp=0xc0062200e8 sp=0xc00621ffe0 pc=0x7ff656f5420e
github.com/evanw/esbuild/internal/resolver.resolverQuery.dirInfoUncached({0xc002c5d208?, 0xc0032dae10?, 0x0?, 0x51?}, 
{0xc00668d620, 0x51})
	github.com/evanw/esbuild/internal/resolver/resolver.go:1538 +0xe5 fp=0xc0062203c8 sp=0xc0062200e8 pc=0x7ff656f583e5
github.com/evanw/esbuild/internal/resolver.resolverQuery.dirInfoCached({0xc002c5d208?, 0xc0032dae10?, 0x0?, 0x0?}, 
{0xc00668d620, 0x51})
	github.com/evanw/esbuild/internal/resolver/resolver.go:1174 +0xee fp=0xc0062204d0 sp=0xc0062203c8 pc=0x7ff656f5420e
github.com/evanw/esbuild/internal/resolver.resolverQuery.dirInfoUncached({0xc002c5d208?, 0xc0032dae10?, 0x0?, 0x5a?}, 
{0xc00668d5c0, 0x5a})
	github.com/evanw/esbuild/internal/resolver/resolver.go:1538 +0xe5 fp=0xc0062207b0 sp=0xc0062204d0 pc=0x7ff656f583e5
github.com/evanw/esbuild/internal/resolver.resolverQuery.dirInfoCached({0xc002c5d208?, 0xc0032dae10?, 0x0?, 0x28?}, 
{0xc00668d5c0, 0x5a})
	github.com/evanw/esbuild/internal/resolver/resolver.go:1174 +0xee fp=0xc0062208b8 sp=0xc0062207b0 pc=0x7ff656f5420e
github.com/evanw/esbuild/internal/resolver.resolverQuery.dirInfoUncached({0xc002c5d208?, 0xc0032dae10?, 0x0?, 0x64?}, 
{0xc002b42000, 0x64})
	github.com/evanw/esbuild/internal/resolver/resolver.go:1538 +0xe5 fp=0xc006220b98 sp=0xc0062208b8 pc=0x7ff656f583e5
github.com/evanw/esbuild/internal/resolver.resolverQuery.dirInfoCached({0xc002c5d208?, 0xc0032dae10?, 0x0?, 0x10?}, 
{0xc002b42000, 0x64})
	github.com/evanw/esbuild/internal/resolver/resolver.go:1174 +0xee fp=0xc006220ca0 sp=0xc006220b98 pc=0x7ff656f5420e
github.com/evanw/esbuild/internal/resolver.resolverQuery.finalizeResolve({0xc002c5d208?, 0xc0032dae10?, 0x0?, 0x0?}, 
0xc0047d9320)
	github.com/evanw/esbuild/internal/resolver/resolver.go:842 +0x6f1 fp=0xc006220e50 sp=0xc006220ca0 pc=0x7ff656f510d1
github.com/evanw/esbuild/internal/resolver.(*Resolver).Resolve(0xc002c5d208, {0xc002653000, 0x36}, {0xc003907d00, 
0x73}, 0x1)
	github.com/evanw/esbuild/internal/resolver/resolver.go:572 +0x1a1a fp=0xc006221220 sp=0xc006220e50 pc=0x7ff656f4ca9a
github.com/evanw/esbuild/internal/bundler.RunOnResolvePlugins({_, _, _}, _, {0xc0043e89f0, 0xc00428f128, 0xc00428f158, 
0xc00428f170, 0x3, 0xc0043e8990}, ...)
	github.com/evanw/esbuild/internal/bundler/bundler.go:1154 +0x36a fp=0xc006221690 sp=0xc006221220 pc=0x7ff656f80e0a
github.com/evanw/esbuild/pkg/api.loadPlugins.func2({0xc003907d00, 0x73}, {{0xc001cb5010, 0x10}, {0x0, 0x0}, {0x0, 
0x0}, {0xc002653000, 0x36}, ...})
	github.com/evanw/esbuild/pkg/api/api_impl.go:2114 +0x4be fp=0xc006221d18 sp=0xc006221690 pc=0x7ff65703809e
main.(*serviceType).convertPlugins.func2.1(0x123, 0xc002830600)
	github.com/evanw/esbuild/cmd/esbuild/service.go:944 +0x665 fp=0xc006221f50 sp=0xc006221d18 pc=0x7ff65707a885
main.(*serviceType).handleIncomingPacket.func4()
	github.com/evanw/esbuild/cmd/esbuild/service.go:262 +0xa4 fp=0xc006221fe0 sp=0xc006221f50 pc=0x7ff6570740a4
runtime.goexit({})
	runtime/asm_amd64.s:1693 +0x1 fp=0xc006221fe8 sp=0xc006221fe0 pc=0x7ff656bcf221
created by main.(*serviceType).handleIncomingPacket in goroutine 1
	github.com/evanw/esbuild/cmd/esbuild/service.go:257 +0x156e

goroutine 1556 gp=0xc0012e68c0 m=nil [chan send]:
runtime.gopark(0x0?, 0x0?, 0x0?, 0x0?, 0x0?)
	runtime/proc.go:460 +0xce fp=0xc0053f3128 sp=0xc0053f3108 pc=0x7ff656bc72ce
runtime.chansend(0xc000136000, 0x7ff6572b1690, 0x1, 0x0?)
	runtime/chan.go:283 +0x3cb fp=0xc0053f3198 sp=0xc0053f3128 pc=0x7ff656b5d58b
runtime.chansend1(0x0?, 0x0?)
	runtime/chan.go:161 +0x17 fp=0xc0053f31c8 sp=0xc0053f3198 pc=0x7ff656b5d1b7
github.com/evanw/esbuild/internal/fs.BeforeFileOpen(...)
	github.com/evanw/esbuild/internal/fs/fs.go:245
github.com/evanw/esbuild/internal/fs.(*realFS).readdir(0xc0000da080, {0xc00457a230, 0x43})
	github.com/evanw/esbuild/internal/fs/fs_real.go:351 +0x6c fp=0xc0053f3260 sp=0xc0053f31c8 pc=0x7ff656c9c32c
github.com/evanw/esbuild/internal/fs.(*realFS).ReadDirectory(0xc0000da080, {0xc00457a230, 0x43})
	github.com/evanw/esbuild/internal/fs/fs_real.go:146 +0x177 fp=0xc0053f33f0 sp=0xc0053f3260 pc=0x7ff656c9a637
github.com/evanw/esbuild/internal/fs.(*zipFS).ReadDirectory(0xc0000a6120, {0xc00457a230, 0x43})
	github.com/evanw/esbuild/internal/fs/fs_zip.go:188 +0xbf fp=0xc0053f3530 sp=0xc0053f33f0 pc=0x7ff656c9e7df
github.com/evanw/esbuild/internal/resolver.resolverQuery.dirInfoUncached({0xc002c5d688?, 0xc0035b51d0?, 0x0?, 0x43?}, 
{0xc00457a230, 0x43})
	github.com/evanw/esbuild/internal/resolver/resolver.go:1547 +0x11b fp=0xc0053f3810 sp=0xc0053f3530 pc=0x7ff656f5841b
github.com/evanw/esbuild/internal/resolver.resolverQuery.dirInfoCached({0xc002c5d688?, 0xc0035b51d0?, 0x0?, 0x9e?}, 
{0xc00457a230, 0x43})
	github.com/evanw/esbuild/internal/resolver/resolver.go:1174 +0xee fp=0xc0053f3918 sp=0xc0053f3810 pc=0x7ff656f5420e
github.com/evanw/esbuild/internal/resolver.resolverQuery.dirInfoUncached({0xc002c5d688?, 0xc0035b51d0?, 0x0?, 0x48?}, 
{0xc00457a1e0, 0x48})
	github.com/evanw/esbuild/internal/resolver/resolver.go:1538 +0xe5 fp=0xc0053f3bf8 sp=0xc0053f3918 pc=0x7ff656f583e5
github.com/evanw/esbuild/internal/resolver.resolverQuery.dirInfoCached({0xc002c5d688?, 0xc0035b51d0?, 0x0?, 0x9e?}, 
{0xc00457a1e0, 0x48})
	github.com/evanw/esbuild/internal/resolver/resolver.go:1174 +0xee fp=0xc0053f3d00 sp=0xc0053f3bf8 pc=0x7ff656f5420e
github.com/evanw/esbuild/internal/resolver.resolverQuery.dirInfoUncached({0xc002c5d688?, 0xc0035b51d0?, 0x0?, 0x4d?}, 
{0xc00457a190, 0x4d})
	github.com/evanw/esbuild/internal/resolver/resolver.go:1538 +0xe5 fp=0xc0053f3fe0 sp=0xc0053f3d00 pc=0x7ff656f583e5
github.com/evanw/esbuild/internal/resolver.resolverQuery.dirInfoCached({0xc002c5d688?, 0xc0035b51d0?, 0x0?, 0x2f?}, 
{0xc00457a190, 0x4d})
	github.com/evanw/esbuild/internal/resolver/resolver.go:1174 +0xee fp=0xc0053f40e8 sp=0xc0053f3fe0 pc=0x7ff656f5420e
github.com/evanw/esbuild/internal/resolver.resolverQuery.dirInfoUncached({0xc002c5d688?, 0xc0035b51d0?, 0x0?, 0x51?}, 
{0xc00668d320, 0x51})
	github.com/evanw/esbuild/internal/resolver/resolver.go:1538 +0xe5 fp=0xc0053f43c8 sp=0xc0053f40e8 pc=0x7ff656f583e5
github.com/evanw/esbuild/internal/resolver.resolverQuery.dirInfoCached({0xc002c5d688?, 0xc0035b51d0?, 0x0?, 0x0?}, 
{0xc00668d320, 0x51})
	github.com/evanw/esbuild/internal/resolver/resolver.go:1174 +0xee fp=0xc0053f44d0 sp=0xc0053f43c8 pc=0x7ff656f5420e
github.com/evanw/esbuild/internal/resolver.resolverQuery.dirInfoUncached({0xc002c5d688?, 0xc0035b51d0?, 0x0?, 0x5a?}, 
{0xc00668d2c0, 0x5a})
	github.com/evanw/esbuild/internal/resolver/resolver.go:1538 +0xe5 fp=0xc0053f47b0 sp=0xc0053f44d0 pc=0x7ff656f583e5
github.com/evanw/esbuild/internal/resolver.resolverQuery.dirInfoCached({0xc002c5d688?, 0xc0035b51d0?, 0x0?, 0x78?}, 
{0xc00668d2c0, 0x5a})
	github.com/evanw/esbuild/internal/resolver/resolver.go:1174 +0xee fp=0xc0053f48b8 sp=0xc0053f47b0 pc=0x7ff656f5420e
github.com/evanw/esbuild/internal/resolver.resolverQuery.dirInfoUncached({0xc002c5d688?, 0xc0035b51d0?, 0x0?, 0x64?}, 
{0xc0067a5d50, 0x64})
	github.com/evanw/esbuild/internal/resolver/resolver.go:1538 +0xe5 fp=0xc0053f4b98 sp=0xc0053f48b8 pc=0x7ff656f583e5
github.com/evanw/esbuild/internal/resolver.resolverQuery.dirInfoCached({0xc002c5d688?, 0xc0035b51d0?, 0x0?, 0xd0?}, 
{0xc0067a5d50, 0x64})
	github.com/evanw/esbuild/internal/resolver/resolver.go:1174 +0xee fp=0xc0053f4ca0 sp=0xc0053f4b98 pc=0x7ff656f5420e
github.com/evanw/esbuild/internal/resolver.resolverQuery.finalizeResolve({0xc002c5d688?, 0xc0035b51d0?, 0x0?, 0x0?}, 
0xc004903c20)
	github.com/evanw/esbuild/internal/resolver/resolver.go:842 +0x6f1 fp=0xc0053f4e50 sp=0xc0053f4ca0 pc=0x7ff656f510d1
github.com/evanw/esbuild/internal/resolver.(*Resolver).Resolve(0xc002c5d688, {0xc002653040, 0x36}, {0xc003907d80, 
0x74}, 0x1)
	github.com/evanw/esbuild/internal/resolver/resolver.go:572 +0x1a1a fp=0xc0053f5220 sp=0xc0053f4e50 pc=0x7ff656f4ca9a
github.com/evanw/esbuild/internal/bundler.RunOnResolvePlugins({_, _, _}, _, {0xc0043e8d20, 0xc00428f1b8, 0xc00428f1d0, 
0xc00428f200, 0x3, 0xc0043e8c90}, ...)
	github.com/evanw/esbuild/internal/bundler/bundler.go:1154 +0x36a fp=0xc0053f5690 sp=0xc0053f5220 pc=0x7ff656f80e0a
github.com/evanw/esbuild/pkg/api.loadPlugins.func2({0xc003907d80, 0x74}, {{0xc001cb50a0, 0x10}, {0x0, 0x0}, {0x0, 
0x0}, {0xc002653040, 0x36}, ...})
	github.com/evanw/esbuild/pkg/api/api_impl.go:2114 +0x4be fp=0xc0053f5d18 sp=0xc0053f5690 pc=0x7ff65703809e
main.(*serviceType).convertPlugins.func2.1(0x124, 0xc002830660)
	github.com/evanw/esbuild/cmd/esbuild/service.go:944 +0x665 fp=0xc0053f5f50 sp=0xc0053f5d18 pc=0x7ff65707a885
main.(*serviceType).handleIncomingPacket.func4()
	github.com/evanw/esbuild/cmd/esbuild/service.go:262 +0xa4 fp=0xc0053f5fe0 sp=0xc0053f5f50 pc=0x7ff6570740a4
runtime.goexit({})
	runtime/asm_amd64.s:1693 +0x1 fp=0xc0053f5fe8 sp=0xc0053f5fe0 pc=0x7ff656bcf221
created by main.(*serviceType).handleIncomingPacket in goroutine 1
	github.com/evanw/esbuild/cmd/esbuild/service.go:257 +0x156e

goroutine 1557 gp=0xc0012e6a80 m=nil [chan send]:
runtime.gopark(0x0?, 0x0?, 0x0?, 0x0?, 0x0?)
	runtime/proc.go:460 +0xce fp=0xc0056fb128 sp=0xc0056fb108 pc=0x7ff656bc72ce
runtime.chansend(0xc000136000, 0x7ff6572b1690, 0x1, 0x0?)
	runtime/chan.go:283 +0x3cb fp=0xc0056fb198 sp=0xc0056fb128 pc=0x7ff656b5d58b
runtime.chansend1(0x0?, 0x0?)
	runtime/chan.go:161 +0x17 fp=0xc0056fb1c8 sp=0xc0056fb198 pc=0x7ff656b5d1b7
github.com/evanw/esbuild/internal/fs.BeforeFileOpen(...)
	github.com/evanw/esbuild/internal/fs/fs.go:245
github.com/evanw/esbuild/internal/fs.(*realFS).readdir(0xc0000da080, {0xc006463a90, 0x43})
	github.com/evanw/esbuild/internal/fs/fs_real.go:351 +0x6c fp=0xc0056fb260 sp=0xc0056fb1c8 pc=0x7ff656c9c32c
github.com/evanw/esbuild/internal/fs.(*realFS).ReadDirectory(0xc0000da080, {0xc006463a90, 0x43})
	github.com/evanw/esbuild/internal/fs/fs_real.go:146 +0x177 fp=0xc0056fb3f0 sp=0xc0056fb260 pc=0x7ff656c9a637
github.com/evanw/esbuild/internal/fs.(*zipFS).ReadDirectory(0xc0000a6120, {0xc006463a90, 0x43})
	github.com/evanw/esbuild/internal/fs/fs_zip.go:188 +0xbf fp=0xc0056fb530 sp=0xc0056fb3f0 pc=0x7ff656c9e7df
github.com/evanw/esbuild/internal/resolver.resolverQuery.dirInfoUncached({0xc002c5db08?, 0xc0035b5270?, 0x0?, 0x43?}, 
{0xc006463a90, 0x43})
	github.com/evanw/esbuild/internal/resolver/resolver.go:1547 +0x11b fp=0xc0056fb810 sp=0xc0056fb530 pc=0x7ff656f5841b
github.com/evanw/esbuild/internal/resolver.resolverQuery.dirInfoCached({0xc002c5db08?, 0xc0035b5270?, 0x0?, 0x9e?}, 
{0xc006463a90, 0x43})
	github.com/evanw/esbuild/internal/resolver/resolver.go:1174 +0xee fp=0xc0056fb918 sp=0xc0056fb810 pc=0x7ff656f5420e
github.com/evanw/esbuild/internal/resolver.resolverQuery.dirInfoUncached({0xc002c5db08?, 0xc0035b5270?, 0x0?, 0x48?}, 
{0xc006463a40, 0x48})
	github.com/evanw/esbuild/internal/resolver/resolver.go:1538 +0xe5 fp=0xc0056fbbf8 sp=0xc0056fb918 pc=0x7ff656f583e5
github.com/evanw/esbuild/internal/resolver.resolverQuery.dirInfoCached({0xc002c5db08?, 0xc0035b5270?, 0x0?, 0x9e?}, 
{0xc006463a40, 0x48})
	github.com/evanw/esbuild/internal/resolver/resolver.go:1174 +0xee fp=0xc0056fbd00 sp=0xc0056fbbf8 pc=0x7ff656f5420e
github.com/evanw/esbuild/internal/resolver.resolverQuery.dirInfoUncached({0xc002c5db08?, 0xc0035b5270?, 0x0?, 0x4d?}, 
{0xc0064639f0, 0x4d})
	github.com/evanw/esbuild/internal/resolver/resolver.go:1538 +0xe5 fp=0xc0056fbfe0 sp=0xc0056fbd00 pc=0x7ff656f583e5
github.com/evanw/esbuild/internal/resolver.resolverQuery.dirInfoCached({0xc002c5db08?, 0xc0035b5270?, 0x0?, 0x2f?}, 
{0xc0064639f0, 0x4d})
	github.com/evanw/esbuild/internal/resolver/resolver.go:1174 +0xee fp=0xc0056fc0e8 sp=0xc0056fbfe0 pc=0x7ff656f5420e
github.com/evanw/esbuild/internal/resolver.resolverQuery.dirInfoUncached({0xc002c5db08?, 0xc0035b5270?, 0x0?, 0x51?}, 
{0xc00608dbc0, 0x51})
	github.com/evanw/esbuild/internal/resolver/resolver.go:1538 +0xe5 fp=0xc0056fc3c8 sp=0xc0056fc0e8 pc=0x7ff656f583e5
github.com/evanw/esbuild/internal/resolver.resolverQuery.dirInfoCached({0xc002c5db08?, 0xc0035b5270?, 0x0?, 0x0?}, 
{0xc00608dbc0, 0x51})
	github.com/evanw/esbuild/internal/resolver/resolver.go:1174 +0xee fp=0xc0056fc4d0 sp=0xc0056fc3c8 pc=0x7ff656f5420e
github.com/evanw/esbuild/internal/resolver.resolverQuery.dirInfoUncached({0xc002c5db08?, 0xc0035b5270?, 0x0?, 0x5a?}, 
{0xc00608db60, 0x5a})
	github.com/evanw/esbuild/internal/resolver/resolver.go:1538 +0xe5 fp=0xc0056fc7b0 sp=0xc0056fc4d0 pc=0x7ff656f583e5
github.com/evanw/esbuild/internal/resolver.resolverQuery.dirInfoCached({0xc002c5db08?, 0xc0035b5270?, 0x0?, 0x22?}, 
{0xc00608db60, 0x5a})
	github.com/evanw/esbuild/internal/resolver/resolver.go:1174 +0xee fp=0xc0056fc8b8 sp=0xc0056fc7b0 pc=0x7ff656f5420e
github.com/evanw/esbuild/internal/resolver.resolverQuery.dirInfoUncached({0xc002c5db08?, 0xc0035b5270?, 0x0?, 0x64?}, 
{0xc0018221c0, 0x64})
	github.com/evanw/esbuild/internal/resolver/resolver.go:1538 +0xe5 fp=0xc0056fcb98 sp=0xc0056fc8b8 pc=0x7ff656f583e5
github.com/evanw/esbuild/internal/resolver.resolverQuery.dirInfoCached({0xc002c5db08?, 0xc0035b5270?, 0x0?, 0x70?}, 
{0xc0018221c0, 0x64})
	github.com/evanw/esbuild/internal/resolver/resolver.go:1174 +0xee fp=0xc0056fcca0 sp=0xc0056fcb98 pc=0x7ff656f5420e
github.com/evanw/esbuild/internal/resolver.resolverQuery.finalizeResolve({0xc002c5db08?, 0xc0035b5270?, 0x0?, 0x0?}, 
0xc004597c20)
	github.com/evanw/esbuild/internal/resolver/resolver.go:842 +0x6f1 fp=0xc0056fce50 sp=0xc0056fcca0 pc=0x7ff656f510d1
github.com/evanw/esbuild/internal/resolver.(*Resolver).Resolve(0xc002c5db08, {0xc002653080, 0x36}, {0xc0029849a0, 
0x6c}, 0x1)
	github.com/evanw/esbuild/internal/resolver/resolver.go:572 +0x1a1a fp=0xc0056fd220 sp=0xc0056fce50 pc=0x7ff656f4ca9a
github.com/evanw/esbuild/internal/bundler.RunOnResolvePlugins({_, _, _}, _, {0xc0043e8f60, 0xc00428f248, 0xc00428f278, 
0xc00428f290, 0x3, 0xc0043e8f00}, ...)
	github.com/evanw/esbuild/internal/bundler/bundler.go:1154 +0x36a fp=0xc0056fd690 sp=0xc0056fd220 pc=0x7ff656f80e0a
github.com/evanw/esbuild/pkg/api.loadPlugins.func2({0xc0029849a0, 0x6c}, {{0xc001cb5680, 0x10}, {0x0, 0x0}, {0x0, 
0x0}, {0xc002653080, 0x36}, ...})
	github.com/evanw/esbuild/pkg/api/api_impl.go:2114 +0x4be fp=0xc0056fdd18 sp=0xc0056fd690 pc=0x7ff65703809e
main.(*serviceType).convertPlugins.func2.1(0x125, 0xc002830720)
	github.com/evanw/esbuild/cmd/esbuild/service.go:944 +0x665 fp=0xc0056fdf50 sp=0xc0056fdd18 pc=0x7ff65707a885
main.(*serviceType).handleIncomingPacket.func4()
	github.com/evanw/esbuild/cmd/esbuild/service.go:262 +0xa4 fp=0xc0056fdfe0 sp=0xc0056fdf50 pc=0x7ff6570740a4
runtime.goexit({})
	runtime/asm_amd64.s:1693 +0x1 fp=0xc0056fdfe8 sp=0xc0056fdfe0 pc=0x7ff656bcf221
created by main.(*serviceType).handleIncomingPacket in goroutine 1
	github.com/evanw/esbuild/cmd/esbuild/service.go:257 +0x156e

goroutine 1558 gp=0xc0012e6c40 m=nil [chan send]:
runtime.gopark(0xc00400ea80?, 0xe?, 0xf0?, 0x83?, 0xc0000ca080?)
	runtime/proc.go:460 +0xce fp=0xc0032783b0 sp=0xc003278390 pc=0x7ff656bc72ce
runtime.chansend(0xc000136000, 0x7ff6572b1690, 0x1, 0x7ff656c41ef0?)
	runtime/chan.go:283 +0x3cb fp=0xc003278420 sp=0xc0032783b0 pc=0x7ff656b5d58b
runtime.chansend1(0xc0000ca080?, 0x7ff656c47445?)
	runtime/chan.go:161 +0x17 fp=0xc003278450 sp=0xc003278420 pc=0x7ff656b5d1b7
github.com/evanw/esbuild/internal/fs.BeforeFileOpen(...)
	github.com/evanw/esbuild/internal/fs/fs.go:245
github.com/evanw/esbuild/internal/fs.(*realFS).kind(0xc0000da080, {0xc006513110?, 0xc003278570?}, {0xc003ec10f0?, 
0x7ff65714de40?})
	github.com/evanw/esbuild/internal/fs/fs_real.go:413 +0xb3 fp=0xc0032784f0 sp=0xc003278450 pc=0x7ff656c9c793
github.com/evanw/esbuild/internal/fs.(*zipFS).kind(0xc?, {0xc006513110?, 0x64?}, {0xc003ec10f0?, 0xc003ec1900?})
	github.com/evanw/esbuild/internal/fs/fs_zip.go:330 +0x28 fp=0xc003278528 sp=0xc0032784f0 pc=0x7ff656c9fa08
github.com/evanw/esbuild/internal/fs.(*Entry).Kind(0xc003c07bc0, {0x7ff6572bce40?, 0xc0000a6120?})
	github.com/evanw/esbuild/internal/fs/fs.go:37 +0xc3 fp=0xc003278580 sp=0xc003278528 pc=0x7ff656c97f83
github.com/evanw/esbuild/internal/resolver.resolverQuery.loadAsFile.func1({0xc003907e65, 0xc})
	github.com/evanw/esbuild/internal/resolver/resolver.go:1759 +0x267 fp=0xc003278670 sp=0xc003278580 pc=0x7ff656f5ae67
github.com/evanw/esbuild/internal/resolver.resolverQuery.loadAsFile({0xc00325c008?, 0xc0032dacd0?, 0x0?, 0x6b?}, 
{0xc003907e00, 0x71}, {0xc001d08960, 0x5, 0x1b656c9c852?})
	github.com/evanw/esbuild/internal/resolver/resolver.go:1817 +0x8bc fp=0xc0032788e0 sp=0xc003278670 pc=0x7ff656f5a5dc
github.com/evanw/esbuild/internal/resolver.resolverQuery.loadAsFileOrDirectory({0xc00325c008?, 0xc0032dacd0?, 0x0?, 
0x71?}, {0xc003907e00, 0x71})
	github.com/evanw/esbuild/internal/resolver/resolver.go:1930 +0x173 fp=0xc003278a88 sp=0xc0032788e0 pc=0x7ff656f5c1f3
github.com/evanw/esbuild/internal/resolver.resolverQuery.resolveWithoutSymlinks({0xc00325c008?, 0xc0032dacd0?, 0x0?, 
0x0?}, {0xc0026530c0, 0x36}, 0xc004e86d00, {0xc003907e00, 0x71})
	github.com/evanw/esbuild/internal/resolver/resolver.go:981 +0x4f1 fp=0xc003278e50 sp=0xc003278a88 pc=0x7ff656f52651
github.com/evanw/esbuild/internal/resolver.(*Resolver).Resolve(0xc00325c008, {0xc0026530c0, 0x36}, {0xc003907e00, 
0x71}, 0x1)
	github.com/evanw/esbuild/internal/resolver/resolver.go:548 +0x16f9 fp=0xc003279220 sp=0xc003278e50 pc=0x7ff656f4c779
github.com/evanw/esbuild/internal/bundler.RunOnResolvePlugins({_, _, _}, _, {0xc00325a030, 0xc00428f308, 0xc00428f350, 
0xc00428f368, 0x3, 0xc00325a000}, ...)
	github.com/evanw/esbuild/internal/bundler/bundler.go:1154 +0x36a fp=0xc003279690 sp=0xc003279220 pc=0x7ff656f80e0a
github.com/evanw/esbuild/pkg/api.loadPlugins.func2({0xc003907e00, 0x71}, {{0xc001cb5800, 0x10}, {0x0, 0x0}, {0x0, 
0x0}, {0xc0026530c0, 0x36}, ...})
	github.com/evanw/esbuild/pkg/api/api_impl.go:2114 +0x4be fp=0xc003279d18 sp=0xc003279690 pc=0x7ff65703809e
main.(*serviceType).convertPlugins.func2.1(0x126, 0xc002830780)
	github.com/evanw/esbuild/cmd/esbuild/service.go:944 +0x665 fp=0xc003279f50 sp=0xc003279d18 pc=0x7ff65707a885
main.(*serviceType).handleIncomingPacket.func4()
	github.com/evanw/esbuild/cmd/esbuild/service.go:262 +0xa4 fp=0xc003279fe0 sp=0xc003279f50 pc=0x7ff6570740a4
runtime.goexit({})
	runtime/asm_amd64.s:1693 +0x1 fp=0xc003279fe8 sp=0xc003279fe0 pc=0x7ff656bcf221
created by main.(*serviceType).handleIncomingPacket in goroutine 1
	github.com/evanw/esbuild/cmd/esbuild/service.go:257 +0x156e

goroutine 1559 gp=0xc0012e6e00 m=nil [chan send]:
runtime.gopark(0x0?, 0x0?, 0x0?, 0x0?, 0x0?)
	runtime/proc.go:460 +0xce fp=0xc006485128 sp=0xc006485108 pc=0x7ff656bc72ce
runtime.chansend(0xc000136000, 0x7ff6572b1690, 0x1, 0x0?)
	runtime/chan.go:283 +0x3cb fp=0xc006485198 sp=0xc006485128 pc=0x7ff656b5d58b
runtime.chansend1(0x0?, 0x0?)
	runtime/chan.go:161 +0x17 fp=0xc0064851c8 sp=0xc006485198 pc=0x7ff656b5d1b7
github.com/evanw/esbuild/internal/fs.BeforeFileOpen(...)
	github.com/evanw/esbuild/internal/fs/fs.go:245
github.com/evanw/esbuild/internal/fs.(*realFS).readdir(0xc0000da080, {0xc00487e5a0, 0x43})
	github.com/evanw/esbuild/internal/fs/fs_real.go:351 +0x6c fp=0xc006485260 sp=0xc0064851c8 pc=0x7ff656c9c32c
github.com/evanw/esbuild/internal/fs.(*realFS).ReadDirectory(0xc0000da080, {0xc00487e5a0, 0x43})
	github.com/evanw/esbuild/internal/fs/fs_real.go:146 +0x177 fp=0xc0064853f0 sp=0xc006485260 pc=0x7ff656c9a637
github.com/evanw/esbuild/internal/fs.(*zipFS).ReadDirectory(0xc0000a6120, {0xc00487e5a0, 0x43})
	github.com/evanw/esbuild/internal/fs/fs_zip.go:188 +0xbf fp=0xc006485530 sp=0xc0064853f0 pc=0x7ff656c9e7df
github.com/evanw/esbuild/internal/resolver.resolverQuery.dirInfoUncached({0xc00325c488?, 0xc002a9f9f0?, 0x0?, 0x43?}, 
{0xc00487e5a0, 0x43})
	github.com/evanw/esbuild/internal/resolver/resolver.go:1547 +0x11b fp=0xc006485810 sp=0xc006485530 pc=0x7ff656f5841b
github.com/evanw/esbuild/internal/resolver.resolverQuery.dirInfoCached({0xc00325c488?, 0xc002a9f9f0?, 0x0?, 0x9e?}, 
{0xc00487e5a0, 0x43})
	github.com/evanw/esbuild/internal/resolver/resolver.go:1174 +0xee fp=0xc006485918 sp=0xc006485810 pc=0x7ff656f5420e
github.com/evanw/esbuild/internal/resolver.resolverQuery.dirInfoUncached({0xc00325c488?, 0xc002a9f9f0?, 0x0?, 0x48?}, 
{0xc00487e550, 0x48})
	github.com/evanw/esbuild/internal/resolver/resolver.go:1538 +0xe5 fp=0xc006485bf8 sp=0xc006485918 pc=0x7ff656f583e5
github.com/evanw/esbuild/internal/resolver.resolverQuery.dirInfoCached({0xc00325c488?, 0xc002a9f9f0?, 0x0?, 0x80?}, 
{0xc00487e550, 0x48})
	github.com/evanw/esbuild/internal/resolver/resolver.go:1174 +0xee fp=0xc006485d00 sp=0xc006485bf8 pc=0x7ff656f5420e
github.com/evanw/esbuild/internal/resolver.resolverQuery.dirInfoUncached({0xc00325c488?, 0xc002a9f9f0?, 0x0?, 0x4d?}, 
{0xc00487e500, 0x4d})
	github.com/evanw/esbuild/internal/resolver/resolver.go:1538 +0xe5 fp=0xc006485fe0 sp=0xc006485d00 pc=0x7ff656f583e5
github.com/evanw/esbuild/internal/resolver.resolverQuery.dirInfoCached({0xc00325c488?, 0xc002a9f9f0?, 0x0?, 0x2f?}, 
{0xc00487e500, 0x4d})
	github.com/evanw/esbuild/internal/resolver/resolver.go:1174 +0xee fp=0xc0064860e8 sp=0xc006485fe0 pc=0x7ff656f5420e
github.com/evanw/esbuild/internal/resolver.resolverQuery.dirInfoUncached({0xc00325c488?, 0xc002a9f9f0?, 0x0?, 0x51?}, 
{0xc006805320, 0x51})
	github.com/evanw/esbuild/internal/resolver/resolver.go:1538 +0xe5 fp=0xc0064863c8 sp=0xc0064860e8 pc=0x7ff656f583e5
github.com/evanw/esbuild/internal/resolver.resolverQuery.dirInfoCached({0xc00325c488?, 0xc002a9f9f0?, 0x0?, 0x0?}, 
{0xc006805320, 0x51})
	github.com/evanw/esbuild/internal/resolver/resolver.go:1174 +0xee fp=0xc0064864d0 sp=0xc0064863c8 pc=0x7ff656f5420e
github.com/evanw/esbuild/internal/resolver.resolverQuery.dirInfoUncached({0xc00325c488?, 0xc002a9f9f0?, 0x0?, 0x5a?}, 
{0xc0068052c0, 0x5a})
	github.com/evanw/esbuild/internal/resolver/resolver.go:1538 +0xe5 fp=0xc0064867b0 sp=0xc0064864d0 pc=0x7ff656f583e5
github.com/evanw/esbuild/internal/resolver.resolverQuery.dirInfoCached({0xc00325c488?, 0xc002a9f9f0?, 0x0?, 0x78?}, 
{0xc0068052c0, 0x5a})
	github.com/evanw/esbuild/internal/resolver/resolver.go:1174 +0xee fp=0xc0064868b8 sp=0xc0064867b0 pc=0x7ff656f5420e
github.com/evanw/esbuild/internal/resolver.resolverQuery.dirInfoUncached({0xc00325c488?, 0xc002a9f9f0?, 0x0?, 0x64?}, 
{0xc0035afd50, 0x64})
	github.com/evanw/esbuild/internal/resolver/resolver.go:1538 +0xe5 fp=0xc006486b98 sp=0xc0064868b8 pc=0x7ff656f583e5
github.com/evanw/esbuild/internal/resolver.resolverQuery.dirInfoCached({0xc00325c488?, 0xc002a9f9f0?, 0x0?, 0xf0?}, 
{0xc0035afd50, 0x64})
	github.com/evanw/esbuild/internal/resolver/resolver.go:1174 +0xee fp=0xc006486ca0 sp=0xc006486b98 pc=0x7ff656f5420e
github.com/evanw/esbuild/internal/resolver.resolverQuery.finalizeResolve({0xc00325c488?, 0xc002a9f9f0?, 0x0?, 0x0?}, 
0xc002cd4d80)
	github.com/evanw/esbuild/internal/resolver/resolver.go:842 +0x6f1 fp=0xc006486e50 sp=0xc006486ca0 pc=0x7ff656f510d1
github.com/evanw/esbuild/internal/resolver.(*Resolver).Resolve(0xc00325c488, {0xc002653100, 0x36}, {0xc003907e80, 
0x72}, 0x1)
	github.com/evanw/esbuild/internal/resolver/resolver.go:572 +0x1a1a fp=0xc006487220 sp=0xc006486e50 pc=0x7ff656f4ca9a
github.com/evanw/esbuild/internal/bundler.RunOnResolvePlugins({_, _, _}, _, {0xc00325a150, 0xc00428f3b0, 0xc00428f428, 
0xc00428f440, 0x3, 0xc00325a120}, ...)
	github.com/evanw/esbuild/internal/bundler/bundler.go:1154 +0x36a fp=0xc006487690 sp=0xc006487220 pc=0x7ff656f80e0a
github.com/evanw/esbuild/pkg/api.loadPlugins.func2({0xc003907e80, 0x72}, {{0xc001cb5970, 0x10}, {0x0, 0x0}, {0x0, 
0x0}, {0xc002653100, 0x36}, ...})
	github.com/evanw/esbuild/pkg/api/api_impl.go:2114 +0x4be fp=0xc006487d18 sp=0xc006487690 pc=0x7ff65703809e
main.(*serviceType).convertPlugins.func2.1(0x127, 0xc002830840)
	github.com/evanw/esbuild/cmd/esbuild/service.go:944 +0x665 fp=0xc006487f50 sp=0xc006487d18 pc=0x7ff65707a885
main.(*serviceType).handleIncomingPacket.func4()
	github.com/evanw/esbuild/cmd/esbuild/service.go:262 +0xa4 fp=0xc006487fe0 sp=0xc006487f50 pc=0x7ff6570740a4
runtime.goexit({})
	runtime/asm_amd64.s:1693 +0x1 fp=0xc006487fe8 sp=0xc006487fe0 pc=0x7ff656bcf221
created by main.(*serviceType).handleIncomingPacket in goroutine 1
	github.com/evanw/esbuild/cmd/esbuild/service.go:257 +0x156e

goroutine 1560 gp=0xc0012e6fc0 m=nil [chan send]:
runtime.gopark(0xc0011671a0?, 0x7ff656b698b1?, 0x0?, 0x20?, 0x0?)
	runtime/proc.go:460 +0xce fp=0xc001167128 sp=0xc001167108 pc=0x7ff656bc72ce
runtime.chansend(0xc000136000, 0x7ff6572b1690, 0x1, 0x7ff657646960?)
	runtime/chan.go:283 +0x3cb fp=0xc001167198 sp=0xc001167128 pc=0x7ff656b5d58b
runtime.chansend1(0x7ff656b6831e?, 0x7ff657646960?)
	runtime/chan.go:161 +0x17 fp=0xc0011671c8 sp=0xc001167198 pc=0x7ff656b5d1b7
github.com/evanw/esbuild/internal/fs.BeforeFileOpen(...)
	github.com/evanw/esbuild/internal/fs/fs.go:245
github.com/evanw/esbuild/internal/fs.(*realFS).readdir(0xc0000da080, {0xc004ea20a0, 0x43})
	github.com/evanw/esbuild/internal/fs/fs_real.go:351 +0x6c fp=0xc001167260 sp=0xc0011671c8 pc=0x7ff656c9c32c
github.com/evanw/esbuild/internal/fs.(*realFS).ReadDirectory(0xc0000da080, {0xc004ea20a0, 0x43})
	github.com/evanw/esbuild/internal/fs/fs_real.go:146 +0x177 fp=0xc0011673f0 sp=0xc001167260 pc=0x7ff656c9a637
github.com/evanw/esbuild/internal/fs.(*zipFS).ReadDirectory(0xc0000a6120, {0xc004ea20a0, 0x43})
	github.com/evanw/esbuild/internal/fs/fs_zip.go:188 +0xbf fp=0xc001167530 sp=0xc0011673f0 pc=0x7ff656c9e7df
github.com/evanw/esbuild/internal/resolver.resolverQuery.dirInfoUncached({0xc00325c908?, 0xc0032dad70?, 0x0?, 0x43?}, 
{0xc004ea20a0, 0x43})
	github.com/evanw/esbuild/internal/resolver/resolver.go:1547 +0x11b fp=0xc001167810 sp=0xc001167530 pc=0x7ff656f5841b
github.com/evanw/esbuild/internal/resolver.resolverQuery.dirInfoCached({0xc00325c908?, 0xc0032dad70?, 0x0?, 0x9e?}, 
{0xc004ea20a0, 0x43})
	github.com/evanw/esbuild/internal/resolver/resolver.go:1174 +0xee fp=0xc001167918 sp=0xc001167810 pc=0x7ff656f5420e
github.com/evanw/esbuild/internal/resolver.resolverQuery.dirInfoUncached({0xc00325c908?, 0xc0032dad70?, 0x0?, 0x48?}, 
{0xc004ea2050, 0x48})
	github.com/evanw/esbuild/internal/resolver/resolver.go:1538 +0xe5 fp=0xc001167bf8 sp=0xc001167918 pc=0x7ff656f583e5
github.com/evanw/esbuild/internal/resolver.resolverQuery.dirInfoCached({0xc00325c908?, 0xc0032dad70?, 0x0?, 0x0?}, 
{0xc004ea2050, 0x48})
	github.com/evanw/esbuild/internal/resolver/resolver.go:1174 +0xee fp=0xc001167d00 sp=0xc001167bf8 pc=0x7ff656f5420e
github.com/evanw/esbuild/internal/resolver.resolverQuery.dirInfoUncached({0xc00325c908?, 0xc0032dad70?, 0x0?, 0x4d?}, 
{0xc004ea2000, 0x4d})
	github.com/evanw/esbuild/internal/resolver/resolver.go:1538 +0xe5 fp=0xc001167fe0 sp=0xc001167d00 pc=0x7ff656f583e5
github.com/evanw/esbuild/internal/resolver.resolverQuery.dirInfoCached({0xc00325c908?, 0xc0032dad70?, 0x0?, 0x6?}, 
{0xc004ea2000, 0x4d})
	github.com/evanw/esbuild/internal/resolver/resolver.go:1174 +0xee fp=0xc0011680e8 sp=0xc001167fe0 pc=0x7ff656f5420e
github.com/evanw/esbuild/internal/resolver.resolverQuery.dirInfoUncached({0xc00325c908?, 0xc0032dad70?, 0x0?, 0x51?}, 
{0xc004558060, 0x51})
	github.com/evanw/esbuild/internal/resolver/resolver.go:1538 +0xe5 fp=0xc0011683c8 sp=0xc0011680e8 pc=0x7ff656f583e5
github.com/evanw/esbuild/internal/resolver.resolverQuery.dirInfoCached({0xc00325c908?, 0xc0032dad70?, 0x0?, 0x0?}, 
{0xc004558060, 0x51})
	github.com/evanw/esbuild/internal/resolver/resolver.go:1174 +0xee fp=0xc0011684d0 sp=0xc0011683c8 pc=0x7ff656f5420e
github.com/evanw/esbuild/internal/resolver.resolverQuery.dirInfoUncached({0xc00325c908?, 0xc0032dad70?, 0x0?, 0x5a?}, 
{0xc00608df80, 0x5a})
	github.com/evanw/esbuild/internal/resolver/resolver.go:1538 +0xe5 fp=0xc0011687b0 sp=0xc0011684d0 pc=0x7ff656f583e5
github.com/evanw/esbuild/internal/resolver.resolverQuery.dirInfoCached({0xc00325c908?, 0xc0032dad70?, 0x0?, 0x78?}, 
{0xc00608df80, 0x5a})
	github.com/evanw/esbuild/internal/resolver/resolver.go:1174 +0xee fp=0xc0011688b8 sp=0xc0011687b0 pc=0x7ff656f5420e
github.com/evanw/esbuild/internal/resolver.resolverQuery.dirInfoUncached({0xc00325c908?, 0xc0032dad70?, 0x0?, 0x65?}, 
{0xc0018227e0, 0x65})
	github.com/evanw/esbuild/internal/resolver/resolver.go:1538 +0xe5 fp=0xc001168b98 sp=0xc0011688b8 pc=0x7ff656f583e5
github.com/evanw/esbuild/internal/resolver.resolverQuery.dirInfoCached({0xc00325c908?, 0xc0032dad70?, 0x0?, 0x70?}, 
{0xc0018227e0, 0x65})
	github.com/evanw/esbuild/internal/resolver/resolver.go:1174 +0xee fp=0xc001168ca0 sp=0xc001168b98 pc=0x7ff656f5420e
github.com/evanw/esbuild/internal/resolver.resolverQuery.finalizeResolve({0xc00325c908?, 0xc0032dad70?, 0x0?, 0x0?}, 
0xc00490a240)
	github.com/evanw/esbuild/internal/resolver/resolver.go:842 +0x6f1 fp=0xc001168e50 sp=0xc001168ca0 pc=0x7ff656f510d1
github.com/evanw/esbuild/internal/resolver.(*Resolver).Resolve(0xc00325c908, {0xc002653140, 0x36}, {0xc002984a10, 
0x6e}, 0x1)
	github.com/evanw/esbuild/internal/resolver/resolver.go:572 +0x1a1a fp=0xc001169220 sp=0xc001168e50 pc=0x7ff656f4ca9a
github.com/evanw/esbuild/internal/bundler.RunOnResolvePlugins({_, _, _}, _, {0xc00325a270, 0xc00428f470, 0xc00428f488, 
0xc00428f500, 0x3, 0xc00325a240}, ...)
	github.com/evanw/esbuild/internal/bundler/bundler.go:1154 +0x36a fp=0xc001169690 sp=0xc001169220 pc=0x7ff656f80e0a
github.com/evanw/esbuild/pkg/api.loadPlugins.func2({0xc002984a10, 0x6e}, {{0xc001cb5b20, 0x10}, {0x0, 0x0}, {0x0, 
0x0}, {0xc002653140, 0x36}, ...})
	github.com/evanw/esbuild/pkg/api/api_impl.go:2114 +0x4be fp=0xc001169d18 sp=0xc001169690 pc=0x7ff65703809e
main.(*serviceType).convertPlugins.func2.1(0x128, 0xc0028308a0)
	github.com/evanw/esbuild/cmd/esbuild/service.go:944 +0x665 fp=0xc001169f50 sp=0xc001169d18 pc=0x7ff65707a885
main.(*serviceType).handleIncomingPacket.func4()
	github.com/evanw/esbuild/cmd/esbuild/service.go:262 +0xa4 fp=0xc001169fe0 sp=0xc001169f50 pc=0x7ff6570740a4
runtime.goexit({})
	runtime/asm_amd64.s:1693 +0x1 fp=0xc001169fe8 sp=0xc001169fe0 pc=0x7ff656bcf221
created by main.(*serviceType).handleIncomingPacket in goroutine 1
	github.com/evanw/esbuild/cmd/esbuild/service.go:257 +0x156e

goroutine 1561 gp=0xc0012e7180 m=nil [chan send]:
runtime.gopark(0x0?, 0x0?, 0x0?, 0x0?, 0x0?)
	runtime/proc.go:460 +0xce fp=0xc003e69128 sp=0xc003e69108 pc=0x7ff656bc72ce
runtime.chansend(0xc000136000, 0x7ff6572b1690, 0x1, 0x0?)
	runtime/chan.go:283 +0x3cb fp=0xc003e69198 sp=0xc003e69128 pc=0x7ff656b5d58b
runtime.chansend1(0x0?, 0x0?)
	runtime/chan.go:161 +0x17 fp=0xc003e691c8 sp=0xc003e69198 pc=0x7ff656b5d1b7
github.com/evanw/esbuild/internal/fs.BeforeFileOpen(...)
	github.com/evanw/esbuild/internal/fs/fs.go:245
github.com/evanw/esbuild/internal/fs.(*realFS).readdir(0xc0000da080, {0xc001a639f0, 0x43})
	github.com/evanw/esbuild/internal/fs/fs_real.go:351 +0x6c fp=0xc003e69260 sp=0xc003e691c8 pc=0x7ff656c9c32c
github.com/evanw/esbuild/internal/fs.(*realFS).ReadDirectory(0xc0000da080, {0xc001a639f0, 0x43})
	github.com/evanw/esbuild/internal/fs/fs_real.go:146 +0x177 fp=0xc003e693f0 sp=0xc003e69260 pc=0x7ff656c9a637
github.com/evanw/esbuild/internal/fs.(*zipFS).ReadDirectory(0xc0000a6120, {0xc001a639f0, 0x43})
	github.com/evanw/esbuild/internal/fs/fs_zip.go:188 +0xbf fp=0xc003e69530 sp=0xc003e693f0 pc=0x7ff656c9e7df
github.com/evanw/esbuild/internal/resolver.resolverQuery.dirInfoUncached({0xc00325cd88?, 0xc0032dae60?, 0x0?, 0x43?}, 
{0xc001a639f0, 0x43})
	github.com/evanw/esbuild/internal/resolver/resolver.go:1547 +0x11b fp=0xc003e69810 sp=0xc003e69530 pc=0x7ff656f5841b
github.com/evanw/esbuild/internal/resolver.resolverQuery.dirInfoCached({0xc00325cd88?, 0xc0032dae60?, 0x0?, 0x9e?}, 
{0xc001a639f0, 0x43})
	github.com/evanw/esbuild/internal/resolver/resolver.go:1174 +0xee fp=0xc003e69918 sp=0xc003e69810 pc=0x7ff656f5420e
github.com/evanw/esbuild/internal/resolver.resolverQuery.dirInfoUncached({0xc00325cd88?, 0xc0032dae60?, 0x0?, 0x48?}, 
{0xc001a639a0, 0x48})
	github.com/evanw/esbuild/internal/resolver/resolver.go:1538 +0xe5 fp=0xc003e69bf8 sp=0xc003e69918 pc=0x7ff656f583e5
github.com/evanw/esbuild/internal/resolver.resolverQuery.dirInfoCached({0xc00325cd88?, 0xc0032dae60?, 0x0?, 0x9e?}, 
{0xc001a639a0, 0x48})
	github.com/evanw/esbuild/internal/resolver/resolver.go:1174 +0xee fp=0xc003e69d00 sp=0xc003e69bf8 pc=0x7ff656f5420e
github.com/evanw/esbuild/internal/resolver.resolverQuery.dirInfoUncached({0xc00325cd88?, 0xc0032dae60?, 0x0?, 0x4d?}, 
{0xc001a63950, 0x4d})
	github.com/evanw/esbuild/internal/resolver/resolver.go:1538 +0xe5 fp=0xc003e69fe0 sp=0xc003e69d00 pc=0x7ff656f583e5
github.com/evanw/esbuild/internal/resolver.resolverQuery.dirInfoCached({0xc00325cd88?, 0xc0032dae60?, 0x0?, 0x2f?}, 
{0xc001a63950, 0x4d})
	github.com/evanw/esbuild/internal/resolver/resolver.go:1174 +0xee fp=0xc003e6a0e8 sp=0xc003e69fe0 pc=0x7ff656f5420e
github.com/evanw/esbuild/internal/resolver.resolverQuery.dirInfoUncached({0xc00325cd88?, 0xc0032dae60?, 0x0?, 0x51?}, 
{0xc0060dccc0, 0x51})
	github.com/evanw/esbuild/internal/resolver/resolver.go:1538 +0xe5 fp=0xc003e6a3c8 sp=0xc003e6a0e8 pc=0x7ff656f583e5
github.com/evanw/esbuild/internal/resolver.resolverQuery.dirInfoCached({0xc00325cd88?, 0xc0032dae60?, 0x0?, 0x0?}, 
{0xc0060dccc0, 0x51})
	github.com/evanw/esbuild/internal/resolver/resolver.go:1174 +0xee fp=0xc003e6a4d0 sp=0xc003e6a3c8 pc=0x7ff656f5420e
github.com/evanw/esbuild/internal/resolver.resolverQuery.dirInfoUncached({0xc00325cd88?, 0xc0032dae60?, 0x0?, 0x5a?}, 
{0xc0060dcc60, 0x5a})
	github.com/evanw/esbuild/internal/resolver/resolver.go:1538 +0xe5 fp=0xc003e6a7b0 sp=0xc003e6a4d0 pc=0x7ff656f583e5
github.com/evanw/esbuild/internal/resolver.resolverQuery.dirInfoCached({0xc00325cd88?, 0xc0032dae60?, 0x0?, 0x48?}, 
{0xc0060dcc60, 0x5a})
	github.com/evanw/esbuild/internal/resolver/resolver.go:1174 +0xee fp=0xc003e6a8b8 sp=0xc003e6a7b0 pc=0x7ff656f5420e
github.com/evanw/esbuild/internal/resolver.resolverQuery.dirInfoUncached({0xc00325cd88?, 0xc0032dae60?, 0x0?, 0x64?}, 
{0xc0065138f0, 0x64})
	github.com/evanw/esbuild/internal/resolver/resolver.go:1538 +0xe5 fp=0xc003e6ab98 sp=0xc003e6a8b8 pc=0x7ff656f583e5
github.com/evanw/esbuild/internal/resolver.resolverQuery.dirInfoCached({0xc00325cd88?, 0xc0032dae60?, 0x0?, 0x60?}, 
{0xc0065138f0, 0x64})
	github.com/evanw/esbuild/internal/resolver/resolver.go:1174 +0xee fp=0xc003e6aca0 sp=0xc003e6ab98 pc=0x7ff656f5420e
github.com/evanw/esbuild/internal/resolver.resolverQuery.finalizeResolve({0xc00325cd88?, 0xc0032dae60?, 0x0?, 0x0?}, 
0xc004966a20)
	github.com/evanw/esbuild/internal/resolver/resolver.go:842 +0x6f1 fp=0xc003e6ae50 sp=0xc003e6aca0 pc=0x7ff656f510d1
github.com/evanw/esbuild/internal/resolver.(*Resolver).Resolve(0xc00325cd88, {0xc002653180, 0x36}, {0xc003907f00, 
0x75}, 0x1)
	github.com/evanw/esbuild/internal/resolver/resolver.go:572 +0x1a1a fp=0xc003e6b220 sp=0xc003e6ae50 pc=0x7ff656f4ca9a
github.com/evanw/esbuild/internal/bundler.RunOnResolvePlugins({_, _, _}, _, {0xc00325a390, 0xc00428f560, 0xc00428f5a8, 
0xc00428f5c0, 0x3, 0xc00325a360}, ...)
	github.com/evanw/esbuild/internal/bundler/bundler.go:1154 +0x36a fp=0xc003e6b690 sp=0xc003e6b220 pc=0x7ff656f80e0a
github.com/evanw/esbuild/pkg/api.loadPlugins.func2({0xc003907f00, 0x75}, {{0xc0029ca460, 0x10}, {0x0, 0x0}, {0x0, 
0x0}, {0xc002653180, 0x36}, ...})
	github.com/evanw/esbuild/pkg/api/api_impl.go:2114 +0x4be fp=0xc003e6bd18 sp=0xc003e6b690 pc=0x7ff65703809e
main.(*serviceType).convertPlugins.func2.1(0x129, 0xc002830a80)
	github.com/evanw/esbuild/cmd/esbuild/service.go:944 +0x665 fp=0xc003e6bf50 sp=0xc003e6bd18 pc=0x7ff65707a885
main.(*serviceType).handleIncomingPacket.func4()
	github.com/evanw/esbuild/cmd/esbuild/service.go:262 +0xa4 fp=0xc003e6bfe0 sp=0xc003e6bf50 pc=0x7ff6570740a4
runtime.goexit({})
	runtime/asm_amd64.s:1693 +0x1 fp=0xc003e6bfe8 sp=0xc003e6bfe0 pc=0x7ff656bcf221
created by main.(*serviceType).handleIncomingPacket in goroutine 1
	github.com/evanw/esbuild/cmd/esbuild/service.go:257 +0x156e

goroutine 1562 gp=0xc0012e7340 m=nil [chan send]:
runtime.gopark(0x6968742026262074?, 0x6970657461642e73?, 0x63?, 0x6b?, 0x200a3b6e696d2e74?)
	runtime/proc.go:460 +0xce fp=0xc00623f128 sp=0xc00623f108 pc=0x7ff656bc72ce
runtime.chansend(0xc000136000, 0x7ff6572b1690, 0x1, 0x7265746c69466574?)
	runtime/chan.go:283 +0x3cb fp=0xc00623f198 sp=0xc00623f128 pc=0x7ff656b5d58b
runtime.chansend1(0x642e73696874206e?, 0x656b636970657461?)
	runtime/chan.go:161 +0x17 fp=0xc00623f1c8 sp=0xc00623f198 pc=0x7ff656b5d1b7
github.com/evanw/esbuild/internal/fs.BeforeFileOpen(...)
	github.com/evanw/esbuild/internal/fs/fs.go:245
github.com/evanw/esbuild/internal/fs.(*realFS).readdir(0xc0000da080, {0xc005bc5f90, 0x43})
	github.com/evanw/esbuild/internal/fs/fs_real.go:351 +0x6c fp=0xc00623f260 sp=0xc00623f1c8 pc=0x7ff656c9c32c
github.com/evanw/esbuild/internal/fs.(*realFS).ReadDirectory(0xc0000da080, {0xc005bc5f90, 0x43})
	github.com/evanw/esbuild/internal/fs/fs_real.go:146 +0x177 fp=0xc00623f3f0 sp=0xc00623f260 pc=0x7ff656c9a637
github.com/evanw/esbuild/internal/fs.(*zipFS).ReadDirectory(0xc0000a6120, {0xc005bc5f90, 0x43})
	github.com/evanw/esbuild/internal/fs/fs_zip.go:188 +0xbf fp=0xc00623f530 sp=0xc00623f3f0 pc=0x7ff656c9e7df
github.com/evanw/esbuild/internal/resolver.resolverQuery.dirInfoUncached({0xc00325d208?, 0xc0061b78b0?, 0x0?, 0x43?}, 
{0xc005bc5f90, 0x43})
	github.com/evanw/esbuild/internal/resolver/resolver.go:1547 +0x11b fp=0xc00623f810 sp=0xc00623f530 pc=0x7ff656f5841b
github.com/evanw/esbuild/internal/resolver.resolverQuery.dirInfoCached({0xc00325d208?, 0xc0061b78b0?, 0x0?, 0x9e?}, 
{0xc005bc5f90, 0x43})
	github.com/evanw/esbuild/internal/resolver/resolver.go:1174 +0xee fp=0xc00623f918 sp=0xc00623f810 pc=0x7ff656f5420e
github.com/evanw/esbuild/internal/resolver.resolverQuery.dirInfoUncached({0xc00325d208?, 0xc0061b78b0?, 0x0?, 0x48?}, 
{0xc005bc5f40, 0x48})
	github.com/evanw/esbuild/internal/resolver/resolver.go:1538 +0xe5 fp=0xc00623fbf8 sp=0xc00623f918 pc=0x7ff656f583e5
github.com/evanw/esbuild/internal/resolver.resolverQuery.dirInfoCached({0xc00325d208?, 0xc0061b78b0?, 0x0?, 0x9e?}, 
{0xc005bc5f40, 0x48})
	github.com/evanw/esbuild/internal/resolver/resolver.go:1174 +0xee fp=0xc00623fd00 sp=0xc00623fbf8 pc=0x7ff656f5420e
github.com/evanw/esbuild/internal/resolver.resolverQuery.dirInfoUncached({0xc00325d208?, 0xc0061b78b0?, 0x0?, 0x4d?}, 
{0xc005bc5ef0, 0x4d})
	github.com/evanw/esbuild/internal/resolver/resolver.go:1538 +0xe5 fp=0xc00623ffe0 sp=0xc00623fd00 pc=0x7ff656f583e5
github.com/evanw/esbuild/internal/resolver.resolverQuery.dirInfoCached({0xc00325d208?, 0xc0061b78b0?, 0x0?, 0x2f?}, 
{0xc005bc5ef0, 0x4d})
	github.com/evanw/esbuild/internal/resolver/resolver.go:1174 +0xee fp=0xc0062400e8 sp=0xc00623ffe0 pc=0x7ff656f5420e
github.com/evanw/esbuild/internal/resolver.resolverQuery.dirInfoUncached({0xc00325d208?, 0xc0061b78b0?, 0x0?, 0x51?}, 
{0xc006902a80, 0x51})
	github.com/evanw/esbuild/internal/resolver/resolver.go:1538 +0xe5 fp=0xc0062403c8 sp=0xc0062400e8 pc=0x7ff656f583e5
github.com/evanw/esbuild/internal/resolver.resolverQuery.dirInfoCached({0xc00325d208?, 0xc0061b78b0?, 0x0?, 0x0?}, 
{0xc006902a80, 0x51})
	github.com/evanw/esbuild/internal/resolver/resolver.go:1174 +0xee fp=0xc0062404d0 sp=0xc0062403c8 pc=0x7ff656f5420e
github.com/evanw/esbuild/internal/resolver.resolverQuery.dirInfoUncached({0xc00325d208?, 0xc0061b78b0?, 0x0?, 0x5a?}, 
{0xc006902a20, 0x5a})
	github.com/evanw/esbuild/internal/resolver/resolver.go:1538 +0xe5 fp=0xc0062407b0 sp=0xc0062404d0 pc=0x7ff656f583e5
github.com/evanw/esbuild/internal/resolver.resolverQuery.dirInfoCached({0xc00325d208?, 0xc0061b78b0?, 0x0?, 0x10?}, 
{0xc006902a20, 0x5a})
	github.com/evanw/esbuild/internal/resolver/resolver.go:1174 +0xee fp=0xc0062408b8 sp=0xc0062407b0 pc=0x7ff656f5420e
github.com/evanw/esbuild/internal/resolver.resolverQuery.dirInfoUncached({0xc00325d208?, 0xc0061b78b0?, 0x0?, 0x64?}, 
{0xc002a14000, 0x64})
	github.com/evanw/esbuild/internal/resolver/resolver.go:1538 +0xe5 fp=0xc006240b98 sp=0xc0062408b8 pc=0x7ff656f583e5
github.com/evanw/esbuild/internal/resolver.resolverQuery.dirInfoCached({0xc00325d208?, 0xc0061b78b0?, 0x0?, 0xb0?}, 
{0xc002a14000, 0x64})
	github.com/evanw/esbuild/internal/resolver/resolver.go:1174 +0xee fp=0xc006240ca0 sp=0xc006240b98 pc=0x7ff656f5420e
github.com/evanw/esbuild/internal/resolver.resolverQuery.finalizeResolve({0xc00325d208?, 0xc0061b78b0?, 0x0?, 0x0?}, 
0xc003c1ea20)
	github.com/evanw/esbuild/internal/resolver/resolver.go:842 +0x6f1 fp=0xc006240e50 sp=0xc006240ca0 pc=0x7ff656f510d1
github.com/evanw/esbuild/internal/resolver.(*Resolver).Resolve(0xc00325d208, {0xc0026531c0, 0x36}, {0xc003907f80, 
0x74}, 0x1)
	github.com/evanw/esbuild/internal/resolver/resolver.go:572 +0x1a1a fp=0xc006241220 sp=0xc006240e50 pc=0x7ff656f4ca9a
github.com/evanw/esbuild/internal/bundler.RunOnResolvePlugins({_, _, _}, _, {0xc00325a4b0, 0xc00428f608, 0xc00428f698, 
0xc00428f6c8, 0x3, 0xc00325a480}, ...)
	github.com/evanw/esbuild/internal/bundler/bundler.go:1154 +0x36a fp=0xc006241690 sp=0xc006241220 pc=0x7ff656f80e0a
github.com/evanw/esbuild/pkg/api.loadPlugins.func2({0xc003907f80, 0x74}, {{0xc0029caa50, 0x10}, {0x0, 0x0}, {0x0, 
0x0}, {0xc0026531c0, 0x36}, ...})
	github.com/evanw/esbuild/pkg/api/api_impl.go:2114 +0x4be fp=0xc006241d18 sp=0xc006241690 pc=0x7ff65703809e
main.(*serviceType).convertPlugins.func2.1(0x12a, 0xc002830ae0)
	github.com/evanw/esbuild/cmd/esbuild/service.go:944 +0x665 fp=0xc006241f50 sp=0xc006241d18 pc=0x7ff65707a885
main.(*serviceType).handleIncomingPacket.func4()
	github.com/evanw/esbuild/cmd/esbuild/service.go:262 +0xa4 fp=0xc006241fe0 sp=0xc006241f50 pc=0x7ff6570740a4
runtime.goexit({})
	runtime/asm_amd64.s:1693 +0x1 fp=0xc006241fe8 sp=0xc006241fe0 pc=0x7ff656bcf221
created by main.(*serviceType).handleIncomingPacket in goroutine 1
	github.com/evanw/esbuild/cmd/esbuild/service.go:257 +0x156e

goroutine 1563 gp=0xc0012e7500 m=nil [chan send]:
runtime.gopark(0x0?, 0x0?, 0x0?, 0x0?, 0x0?)
	runtime/proc.go:460 +0xce fp=0xc003e61128 sp=0xc003e61108 pc=0x7ff656bc72ce
runtime.chansend(0xc000136000, 0x7ff6572b1690, 0x1, 0x0?)
	runtime/chan.go:283 +0x3cb fp=0xc003e61198 sp=0xc003e61128 pc=0x7ff656b5d58b
runtime.chansend1(0x0?, 0x0?)
	runtime/chan.go:161 +0x17 fp=0xc003e611c8 sp=0xc003e61198 pc=0x7ff656b5d1b7
github.com/evanw/esbuild/internal/fs.BeforeFileOpen(...)
	github.com/evanw/esbuild/internal/fs/fs.go:245
github.com/evanw/esbuild/internal/fs.(*realFS).readdir(0xc0000da080, {0xc001184870, 0x43})
	github.com/evanw/esbuild/internal/fs/fs_real.go:351 +0x6c fp=0xc003e61260 sp=0xc003e611c8 pc=0x7ff656c9c32c
github.com/evanw/esbuild/internal/fs.(*realFS).ReadDirectory(0xc0000da080, {0xc001184870, 0x43})
	github.com/evanw/esbuild/internal/fs/fs_real.go:146 +0x177 fp=0xc003e613f0 sp=0xc003e61260 pc=0x7ff656c9a637
github.com/evanw/esbuild/internal/fs.(*zipFS).ReadDirectory(0xc0000a6120, {0xc001184870, 0x43})
	github.com/evanw/esbuild/internal/fs/fs_zip.go:188 +0xbf fp=0xc003e61530 sp=0xc003e613f0 pc=0x7ff656c9e7df
github.com/evanw/esbuild/internal/resolver.resolverQuery.dirInfoUncached({0xc003b3b688?, 0xc004d37630?, 0x0?, 0x43?}, 
{0xc001184870, 0x43})
	github.com/evanw/esbuild/internal/resolver/resolver.go:1547 +0x11b fp=0xc003e61810 sp=0xc003e61530 pc=0x7ff656f5841b
github.com/evanw/esbuild/internal/resolver.resolverQuery.dirInfoCached({0xc003b3b688?, 0xc004d37630?, 0x0?, 0x9e?}, 
{0xc001184870, 0x43})
	github.com/evanw/esbuild/internal/resolver/resolver.go:1174 +0xee fp=0xc003e61918 sp=0xc003e61810 pc=0x7ff656f5420e
github.com/evanw/esbuild/internal/resolver.resolverQuery.dirInfoUncached({0xc003b3b688?, 0xc004d37630?, 0x0?, 0x48?}, 
{0xc001184820, 0x48})
	github.com/evanw/esbuild/internal/resolver/resolver.go:1538 +0xe5 fp=0xc003e61bf8 sp=0xc003e61918 pc=0x7ff656f583e5
github.com/evanw/esbuild/internal/resolver.resolverQuery.dirInfoCached({0xc003b3b688?, 0xc004d37630?, 0x0?, 0x9e?}, 
{0xc001184820, 0x48})
	github.com/evanw/esbuild/internal/resolver/resolver.go:1174 +0xee fp=0xc003e61d00 sp=0xc003e61bf8 pc=0x7ff656f5420e
github.com/evanw/esbuild/internal/resolver.resolverQuery.dirInfoUncached({0xc003b3b688?, 0xc004d37630?, 0x0?, 0x4d?}, 
{0xc0011847d0, 0x4d})
	github.com/evanw/esbuild/internal/resolver/resolver.go:1538 +0xe5 fp=0xc003e61fe0 sp=0xc003e61d00 pc=0x7ff656f583e5
github.com/evanw/esbuild/internal/resolver.resolverQuery.dirInfoCached({0xc003b3b688?, 0xc004d37630?, 0x0?, 0x2f?}, 
{0xc0011847d0, 0x4d})
	github.com/evanw/esbuild/internal/resolver/resolver.go:1174 +0xee fp=0xc003e620e8 sp=0xc003e61fe0 pc=0x7ff656f5420e
github.com/evanw/esbuild/internal/resolver.resolverQuery.dirInfoUncached({0xc003b3b688?, 0xc004d37630?, 0x0?, 0x51?}, 
{0xc0065a9800, 0x51})
	github.com/evanw/esbuild/internal/resolver/resolver.go:1538 +0xe5 fp=0xc003e623c8 sp=0xc003e620e8 pc=0x7ff656f583e5
github.com/evanw/esbuild/internal/resolver.resolverQuery.dirInfoCached({0xc003b3b688?, 0xc004d37630?, 0x0?, 0x0?}, 
{0xc0065a9800, 0x51})
	github.com/evanw/esbuild/internal/resolver/resolver.go:1174 +0xee fp=0xc003e624d0 sp=0xc003e623c8 pc=0x7ff656f5420e
github.com/evanw/esbuild/internal/resolver.resolverQuery.dirInfoUncached({0xc003b3b688?, 0xc004d37630?, 0x0?, 0x5a?}, 
{0xc0065a97a0, 0x5a})
	github.com/evanw/esbuild/internal/resolver/resolver.go:1538 +0xe5 fp=0xc003e627b0 sp=0xc003e624d0 pc=0x7ff656f583e5
github.com/evanw/esbuild/internal/resolver.resolverQuery.dirInfoCached({0xc003b3b688?, 0xc004d37630?, 0x0?, 0x78?}, 
{0xc0065a97a0, 0x5a})
	github.com/evanw/esbuild/internal/resolver/resolver.go:1174 +0xee fp=0xc003e628b8 sp=0xc003e627b0 pc=0x7ff656f5420e
github.com/evanw/esbuild/internal/resolver.resolverQuery.dirInfoUncached({0xc003b3b688?, 0xc004d37630?, 0x0?, 0x64?}, 
{0xc005e89f10, 0x64})
	github.com/evanw/esbuild/internal/resolver/resolver.go:1538 +0xe5 fp=0xc003e62b98 sp=0xc003e628b8 pc=0x7ff656f583e5
github.com/evanw/esbuild/internal/resolver.resolverQuery.dirInfoCached({0xc003b3b688?, 0xc004d37630?, 0x0?, 0x30?}, 
{0xc005e89f10, 0x64})
	github.com/evanw/esbuild/internal/resolver/resolver.go:1174 +0xee fp=0xc003e62ca0 sp=0xc003e62b98 pc=0x7ff656f5420e
github.com/evanw/esbuild/internal/resolver.resolverQuery.finalizeResolve({0xc003b3b688?, 0xc004d37630?, 0x0?, 0x0?}, 
0xc0049585a0)
	github.com/evanw/esbuild/internal/resolver/resolver.go:842 +0x6f1 fp=0xc003e62e50 sp=0xc003e62ca0 pc=0x7ff656f510d1
github.com/evanw/esbuild/internal/resolver.(*Resolver).Resolve(0xc003b3b688, {0xc002653200, 0x36}, {0xc002984a80, 
0x6e}, 0x1)
	github.com/evanw/esbuild/internal/resolver/resolver.go:572 +0x1a1a fp=0xc003e63220 sp=0xc003e62e50 pc=0x7ff656f4ca9a
github.com/evanw/esbuild/internal/bundler.RunOnResolvePlugins({_, _, _}, _, {0xc0038fe390, 0xc0049e98f0, 0xc0049e9908, 
0xc0049e9920, 0x3, 0xc0038fe360}, ...)
	github.com/evanw/esbuild/internal/bundler/bundler.go:1154 +0x36a fp=0xc003e63690 sp=0xc003e63220 pc=0x7ff656f80e0a
github.com/evanw/esbuild/pkg/api.loadPlugins.func2({0xc002984a80, 0x6e}, {{0xc0029cb6b0, 0x10}, {0x0, 0x0}, {0x0, 
0x0}, {0xc002653200, 0x36}, ...})
	github.com/evanw/esbuild/pkg/api/api_impl.go:2114 +0x4be fp=0xc003e63d18 sp=0xc003e63690 pc=0x7ff65703809e
main.(*serviceType).convertPlugins.func2.1(0x12b, 0xc002830bd0)
	github.com/evanw/esbuild/cmd/esbuild/service.go:944 +0x665 fp=0xc003e63f50 sp=0xc003e63d18 pc=0x7ff65707a885
main.(*serviceType).handleIncomingPacket.func4()
	github.com/evanw/esbuild/cmd/esbuild/service.go:262 +0xa4 fp=0xc003e63fe0 sp=0xc003e63f50 pc=0x7ff6570740a4
runtime.goexit({})
	runtime/asm_amd64.s:1693 +0x1 fp=0xc003e63fe8 sp=0xc003e63fe0 pc=0x7ff656bcf221
created by main.(*serviceType).handleIncomingPacket in goroutine 1
	github.com/evanw/esbuild/cmd/esbuild/service.go:257 +0x156e

goroutine 1564 gp=0xc0012e76c0 m=nil [chan send]:
runtime.gopark(0xc0033ec580?, 0xe?, 0xd8?, 0x6?, 0xc0000ca080?)
	runtime/proc.go:460 +0xce fp=0xc0032f03b0 sp=0xc0032f0390 pc=0x7ff656bc72ce
runtime.chansend(0xc000136000, 0x7ff6572b1690, 0x1, 0xc00350dc80?)
	runtime/chan.go:283 +0x3cb fp=0xc0032f0420 sp=0xc0032f03b0 pc=0x7ff656b5d58b
runtime.chansend1(0xc0000ca080?, 0x10000000?)
	runtime/chan.go:161 +0x17 fp=0xc0032f0450 sp=0xc0032f0420 pc=0x7ff656b5d1b7
github.com/evanw/esbuild/internal/fs.BeforeFileOpen(...)
	github.com/evanw/esbuild/internal/fs/fs.go:245
github.com/evanw/esbuild/internal/fs.(*realFS).kind(0xc0000da080, {0xc0059ed650?, 0xc0032f0570?}, {0xc004393c00?, 
0x7ff65714de40?})
	github.com/evanw/esbuild/internal/fs/fs_real.go:413 +0xb3 fp=0xc0032f04f0 sp=0xc0032f0450 pc=0x7ff656c9c793
github.com/evanw/esbuild/internal/fs.(*zipFS).kind(0xc?, {0xc0059ed650?, 0x64?}, {0xc004393c00?, 0xc000b1a965?})
	github.com/evanw/esbuild/internal/fs/fs_zip.go:330 +0x28 fp=0xc0032f0528 sp=0xc0032f04f0 pc=0x7ff656c9fa08
github.com/evanw/esbuild/internal/fs.(*Entry).Kind(0xc00350d740, {0x7ff6572bce40?, 0xc0000a6120?})
	github.com/evanw/esbuild/internal/fs/fs.go:37 +0xc3 fp=0xc0032f0580 sp=0xc0032f0528 pc=0x7ff656c97f83
github.com/evanw/esbuild/internal/resolver.resolverQuery.loadAsFile.func1({0xc000b1a965, 0xc})
	github.com/evanw/esbuild/internal/resolver/resolver.go:1759 +0x267 fp=0xc0032f0670 sp=0xc0032f0580 pc=0x7ff656f5ae67
github.com/evanw/esbuild/internal/resolver.resolverQuery.loadAsFile({0xc003b3bb08?, 0xc005f96190?, 0x0?, 0x6b?}, 
{0xc000b1a900, 0x71}, {0xc0053fea50, 0x5, 0x1b656c9c852?})
	github.com/evanw/esbuild/internal/resolver/resolver.go:1817 +0x8bc fp=0xc0032f08e0 sp=0xc0032f0670 pc=0x7ff656f5a5dc
github.com/evanw/esbuild/internal/resolver.resolverQuery.loadAsFileOrDirectory({0xc003b3bb08?, 0xc005f96190?, 0x0?, 
0x71?}, {0xc000b1a900, 0x71})
	github.com/evanw/esbuild/internal/resolver/resolver.go:1930 +0x173 fp=0xc0032f0a88 sp=0xc0032f08e0 pc=0x7ff656f5c1f3
github.com/evanw/esbuild/internal/resolver.resolverQuery.resolveWithoutSymlinks({0xc003b3bb08?, 0xc005f96190?, 0x0?, 
0x0?}, {0xc002653240, 0x36}, 0xc006898d80, {0xc000b1a900, 0x71})
	github.com/evanw/esbuild/internal/resolver/resolver.go:981 +0x4f1 fp=0xc0032f0e50 sp=0xc0032f0a88 pc=0x7ff656f52651
github.com/evanw/esbuild/internal/resolver.(*Resolver).Resolve(0xc003b3bb08, {0xc002653240, 0x36}, {0xc000b1a900, 
0x71}, 0x1)
	github.com/evanw/esbuild/internal/resolver/resolver.go:548 +0x16f9 fp=0xc0032f1220 sp=0xc0032f0e50 pc=0x7ff656f4c779
github.com/evanw/esbuild/internal/bundler.RunOnResolvePlugins({_, _, _}, _, {0xc0038fe4b0, 0xc0049e9950, 0xc0049e9968, 
0xc0049e9980, 0x3, 0xc0038fe480}, ...)
	github.com/evanw/esbuild/internal/bundler/bundler.go:1154 +0x36a fp=0xc0032f1690 sp=0xc0032f1220 pc=0x7ff656f80e0a
github.com/evanw/esbuild/pkg/api.loadPlugins.func2({0xc000b1a900, 0x71}, {{0xc002630fd0, 0x10}, {0x0, 0x0}, {0x0, 
0x0}, {0xc002653240, 0x36}, ...})
	github.com/evanw/esbuild/pkg/api/api_impl.go:2114 +0x4be fp=0xc0032f1d18 sp=0xc0032f1690 pc=0x7ff65703809e
main.(*serviceType).convertPlugins.func2.1(0x12c, 0xc002830d50)
	github.com/evanw/esbuild/cmd/esbuild/service.go:944 +0x665 fp=0xc0032f1f50 sp=0xc0032f1d18 pc=0x7ff65707a885
main.(*serviceType).handleIncomingPacket.func4()
	github.com/evanw/esbuild/cmd/esbuild/service.go:262 +0xa4 fp=0xc0032f1fe0 sp=0xc0032f1f50 pc=0x7ff6570740a4
runtime.goexit({})
	runtime/asm_amd64.s:1693 +0x1 fp=0xc0032f1fe8 sp=0xc0032f1fe0 pc=0x7ff656bcf221
created by main.(*serviceType).handleIncomingPacket in goroutine 1
	github.com/evanw/esbuild/cmd/esbuild/service.go:257 +0x156e

goroutine 1565 gp=0xc0012e7880 m=nil [runnable]:
runtime.gopark(0xc005274700?, 0xa?, 0xf0?, 0x63?, 0xc0000ca080?)
	runtime/proc.go:460 +0xce fp=0xc0029763b0 sp=0xc002976390 pc=0x7ff656bc72ce
runtime.chansend(0xc000136000, 0x7ff6572b1690, 0x1, 0x7ff656c41ef0?)
	runtime/chan.go:283 +0x3cb fp=0xc002976420 sp=0xc0029763b0 pc=0x7ff656b5d58b
runtime.chansend1(0xc0000ca080?, 0x7ff656c47445?)
	runtime/chan.go:161 +0x17 fp=0xc002976450 sp=0xc002976420 pc=0x7ff656b5d1b7
github.com/evanw/esbuild/internal/fs.BeforeFileOpen(...)
	github.com/evanw/esbuild/internal/fs/fs.go:245
github.com/evanw/esbuild/internal/fs.(*realFS).kind(0xc0000da080, {0xc0065130a0?, 0xc002976570?}, {0xc002a929c0?, 
0x7ff65714de40?})
	github.com/evanw/esbuild/internal/fs/fs_real.go:413 +0xb3 fp=0xc0029764f0 sp=0xc002976450 pc=0x7ff656c9c793
github.com/evanw/esbuild/internal/fs.(*zipFS).kind(0x10?, {0xc0065130a0?, 0x65?}, {0xc002a929c0?, 0xc002a92c80?})
	github.com/evanw/esbuild/internal/fs/fs_zip.go:330 +0x28 fp=0xc002976528 sp=0xc0029764f0 pc=0x7ff656c9fa08
github.com/evanw/esbuild/internal/fs.(*Entry).Kind(0xc002bbfe80, {0x7ff6572bce40?, 0xc0000a6120?})
	github.com/evanw/esbuild/internal/fs/fs.go:37 +0xc3 fp=0xc002976580 sp=0xc002976528 pc=0x7ff656c97f83
github.com/evanw/esbuild/internal/resolver.resolverQuery.loadAsFile.func1({0xc000b1a9e6, 0x10})
	github.com/evanw/esbuild/internal/resolver/resolver.go:1759 +0x267 fp=0xc002976670 sp=0xc002976580 pc=0x7ff656f5ae67
github.com/evanw/esbuild/internal/resolver.resolverQuery.loadAsFile({0xc003351b08?, 0xc005d67e50?, 0x0?, 0x6b?}, 
{0xc000b1a980, 0x76}, {0xc00353b220, 0x5, 0x1b656c9c852?})
	github.com/evanw/esbuild/internal/resolver/resolver.go:1817 +0x8bc fp=0xc0029768e0 sp=0xc002976670 pc=0x7ff656f5a5dc
github.com/evanw/esbuild/internal/resolver.resolverQuery.loadAsFileOrDirectory({0xc003351b08?, 0xc005d67e50?, 0x0?, 
0x76?}, {0xc000b1a980, 0x76})
	github.com/evanw/esbuild/internal/resolver/resolver.go:1930 +0x173 fp=0xc002976a88 sp=0xc0029768e0 pc=0x7ff656f5c1f3
github.com/evanw/esbuild/internal/resolver.resolverQuery.resolveWithoutSymlinks({0xc003351b08?, 0xc005d67e50?, 0x0?, 
0x0?}, {0xc002653280, 0x36}, 0xc00698ad00, {0xc000b1a980, 0x76})
	github.com/evanw/esbuild/internal/resolver/resolver.go:981 +0x4f1 fp=0xc002976e50 sp=0xc002976a88 pc=0x7ff656f52651
github.com/evanw/esbuild/internal/resolver.(*Resolver).Resolve(0xc003351b08, {0xc002653280, 0x36}, {0xc000b1a980, 
0x76}, 0x1)
	github.com/evanw/esbuild/internal/resolver/resolver.go:548 +0x16f9 fp=0xc002977220 sp=0xc002976e50 pc=0x7ff656f4c779
github.com/evanw/esbuild/internal/bundler.RunOnResolvePlugins({_, _, _}, _, {0xc003388330, 0xc0036df578, 0xc0036df5a8, 
0xc0036df5f0, 0x3, 0xc003388300}, ...)
	github.com/evanw/esbuild/internal/bundler/bundler.go:1154 +0x36a fp=0xc002977690 sp=0xc002977220 pc=0x7ff656f80e0a
github.com/evanw/esbuild/pkg/api.loadPlugins.func2({0xc000b1a980, 0x76}, {{0xc0026314c0, 0x10}, {0x0, 0x0}, {0x0, 
0x0}, {0xc002653280, 0x36}, ...})
	github.com/evanw/esbuild/pkg/api/api_impl.go:2114 +0x4be fp=0xc002977d18 sp=0xc002977690 pc=0x7ff65703809e
main.(*serviceType).convertPlugins.func2.1(0x12d, 0xc002830ed0)
	github.com/evanw/esbuild/cmd/esbuild/service.go:944 +0x665 fp=0xc002977f50 sp=0xc002977d18 pc=0x7ff65707a885
main.(*serviceType).handleIncomingPacket.func4()
	github.com/evanw/esbuild/cmd/esbuild/service.go:262 +0xa4 fp=0xc002977fe0 sp=0xc002977f50 pc=0x7ff6570740a4
runtime.goexit({})
	runtime/asm_amd64.s:1693 +0x1 fp=0xc002977fe8 sp=0xc002977fe0 pc=0x7ff656bcf221
created by main.(*serviceType).handleIncomingPacket in goroutine 1
	github.com/evanw/esbuild/cmd/esbuild/service.go:257 +0x156e

goroutine 1566 gp=0xc0012e7a40 m=nil [chan send]:
runtime.gopark(0xc0059edd50?, 0xa?, 0xd8?, 0x66?, 0xc0000ca080?)
	runtime/proc.go:460 +0xce fp=0xc005b863b0 sp=0xc005b86390 pc=0x7ff656bc72ce
runtime.chansend(0xc000136000, 0x7ff6572b1690, 0x1, 0xc0038cbd00?)
	runtime/chan.go:283 +0x3cb fp=0xc005b86420 sp=0xc005b863b0 pc=0x7ff656b5d58b
runtime.chansend1(0xc0000ca080?, 0x10000000?)
	runtime/chan.go:161 +0x17 fp=0xc005b86450 sp=0xc005b86420 pc=0x7ff656b5d1b7
github.com/evanw/esbuild/internal/fs.BeforeFileOpen(...)
	github.com/evanw/esbuild/internal/fs/fs.go:245
github.com/evanw/esbuild/internal/fs.(*realFS).kind(0xc0000da080, {0xc0059ed6c0?, 0xc005b86570?}, {0xc002b8aa40?, 
0x7ff65714de40?})
	github.com/evanw/esbuild/internal/fs/fs_real.go:413 +0xb3 fp=0xc005b864f0 sp=0xc005b86450 pc=0x7ff656c9c793
github.com/evanw/esbuild/internal/fs.(*zipFS).kind(0x9?, {0xc0059ed6c0?, 0x65?}, {0xc002b8aa40?, 0xc002984b56?})
	github.com/evanw/esbuild/internal/fs/fs_zip.go:330 +0x28 fp=0xc005b86528 sp=0xc005b864f0 pc=0x7ff656c9fa08
github.com/evanw/esbuild/internal/fs.(*Entry).Kind(0xc0038cb000, {0x7ff6572bce40?, 0xc0000a6120?})
	github.com/evanw/esbuild/internal/fs/fs.go:37 +0xc3 fp=0xc005b86580 sp=0xc005b86528 pc=0x7ff656c97f83
github.com/evanw/esbuild/internal/resolver.resolverQuery.loadAsFile.func1({0xc002984b56, 0x9})
	github.com/evanw/esbuild/internal/resolver/resolver.go:1759 +0x267 fp=0xc005b86670 sp=0xc005b86580 pc=0x7ff656f5ae67
github.com/evanw/esbuild/internal/resolver.resolverQuery.loadAsFile({0xc003dccd88?, 0xc006422d20?, 0x0?, 0x6b?}, 
{0xc002984af0, 0x6f}, {0xc003dc0780, 0x5, 0x1b656c9c852?})
	github.com/evanw/esbuild/internal/resolver/resolver.go:1817 +0x8bc fp=0xc005b868e0 sp=0xc005b86670 pc=0x7ff656f5a5dc
github.com/evanw/esbuild/internal/resolver.resolverQuery.loadAsFileOrDirectory({0xc003dccd88?, 0xc006422d20?, 0x0?, 
0x6f?}, {0xc002984af0, 0x6f})
	github.com/evanw/esbuild/internal/resolver/resolver.go:1930 +0x173 fp=0xc005b86a88 sp=0xc005b868e0 pc=0x7ff656f5c1f3
github.com/evanw/esbuild/internal/resolver.resolverQuery.resolveWithoutSymlinks({0xc003dccd88?, 0xc006422d20?, 0x0?, 
0x0?}, {0xc0026532c0, 0x36}, 0xc006568c80, {0xc002984af0, 0x6f})
	github.com/evanw/esbuild/internal/resolver/resolver.go:981 +0x4f1 fp=0xc005b86e50 sp=0xc005b86a88 pc=0x7ff656f52651
github.com/evanw/esbuild/internal/resolver.(*Resolver).Resolve(0xc003dccd88, {0xc0026532c0, 0x36}, {0xc002984af0, 
0x6f}, 0x1)
	github.com/evanw/esbuild/internal/resolver/resolver.go:548 +0x16f9 fp=0xc005b87220 sp=0xc005b86e50 pc=0x7ff656f4c779
github.com/evanw/esbuild/internal/bundler.RunOnResolvePlugins({_, _, _}, _, {0xc003dc3560, 0xc003dc85d0, 0xc003dc85e8, 
0xc003dc8600, 0x3, 0xc003dc3530}, ...)
	github.com/evanw/esbuild/internal/bundler/bundler.go:1154 +0x36a fp=0xc005b87690 sp=0xc005b87220 pc=0x7ff656f80e0a
github.com/evanw/esbuild/pkg/api.loadPlugins.func2({0xc002984af0, 0x6f}, {{0xc002631520, 0x10}, {0x0, 0x0}, {0x0, 
0x0}, {0xc0026532c0, 0x36}, ...})
	github.com/evanw/esbuild/pkg/api/api_impl.go:2114 +0x4be fp=0xc005b87d18 sp=0xc005b87690 pc=0x7ff65703809e
main.(*serviceType).convertPlugins.func2.1(0x12e, 0xc002830ff0)
	github.com/evanw/esbuild/cmd/esbuild/service.go:944 +0x665 fp=0xc005b87f50 sp=0xc005b87d18 pc=0x7ff65707a885
main.(*serviceType).handleIncomingPacket.func4()
	github.com/evanw/esbuild/cmd/esbuild/service.go:262 +0xa4 fp=0xc005b87fe0 sp=0xc005b87f50 pc=0x7ff6570740a4
runtime.goexit({})
	runtime/asm_amd64.s:1693 +0x1 fp=0xc005b87fe8 sp=0xc005b87fe0 pc=0x7ff656bcf221
created by main.(*serviceType).handleIncomingPacket in goroutine 1
	github.com/evanw/esbuild/cmd/esbuild/service.go:257 +0x156e

goroutine 1567 gp=0xc0012e7c00 m=nil [chan send]:
runtime.gopark(0xc003290880?, 0xa?, 0xd8?, 0x26?, 0xc0000ca080?)
	runtime/proc.go:460 +0xce fp=0xc005c023b0 sp=0xc005c02390 pc=0x7ff656bc72ce
runtime.chansend(0xc000136000, 0x7ff6572b1690, 0x1, 0xc004881900?)
	runtime/chan.go:283 +0x3cb fp=0xc005c02420 sp=0xc005c023b0 pc=0x7ff656b5d58b
runtime.chansend1(0xc0000ca080?, 0x10000000?)
	runtime/chan.go:161 +0x17 fp=0xc005c02450 sp=0xc005c02420 pc=0x7ff656b5d1b7
github.com/evanw/esbuild/internal/fs.BeforeFileOpen(...)
	github.com/evanw/esbuild/internal/fs/fs.go:245
github.com/evanw/esbuild/internal/fs.(*realFS).kind(0xc0000da080, {0xc0059ed7a0?, 0xc005c02570?}, {0xc001b75f50?, 
0x7ff65714de40?})
	github.com/evanw/esbuild/internal/fs/fs_real.go:413 +0xb3 fp=0xc005c024f0 sp=0xc005c02450 pc=0x7ff656c9c793
github.com/evanw/esbuild/internal/fs.(*zipFS).kind(0xe?, {0xc0059ed7a0?, 0x65?}, {0xc001b75f50?, 0xc000b1aae6?})
	github.com/evanw/esbuild/internal/fs/fs_zip.go:330 +0x28 fp=0xc005c02528 sp=0xc005c024f0 pc=0x7ff656c9fa08
github.com/evanw/esbuild/internal/fs.(*Entry).Kind(0xc004880c80, {0x7ff6572bce40?, 0xc0000a6120?})
	github.com/evanw/esbuild/internal/fs/fs.go:37 +0xc3 fp=0xc005c02580 sp=0xc005c02528 pc=0x7ff656c97f83
github.com/evanw/esbuild/internal/resolver.resolverQuery.loadAsFile.func1({0xc000b1aae6, 0xe})
	github.com/evanw/esbuild/internal/resolver/resolver.go:1759 +0x267 fp=0xc005c02670 sp=0xc005c02580 pc=0x7ff656f5ae67
github.com/evanw/esbuild/internal/resolver.resolverQuery.loadAsFile({0xc003dcd208?, 0xc006040050?, 0x0?, 0x6b?}, 
{0xc000b1aa80, 0x74}, {0xc003dc0870, 0x5, 0x1b656c9c852?})
	github.com/evanw/esbuild/internal/resolver/resolver.go:1817 +0x8bc fp=0xc005c028e0 sp=0xc005c02670 pc=0x7ff656f5a5dc
github.com/evanw/esbuild/internal/resolver.resolverQuery.loadAsFileOrDirectory({0xc003dcd208?, 0xc006040050?, 0x0?, 
0x74?}, {0xc000b1aa80, 0x74})
	github.com/evanw/esbuild/internal/resolver/resolver.go:1930 +0x173 fp=0xc005c02a88 sp=0xc005c028e0 pc=0x7ff656f5c1f3
github.com/evanw/esbuild/internal/resolver.resolverQuery.resolveWithoutSymlinks({0xc003dcd208?, 0xc006040050?, 0x0?, 
0x0?}, {0xc002653300, 0x36}, 0xc006812600, {0xc000b1aa80, 0x74})
	github.com/evanw/esbuild/internal/resolver/resolver.go:981 +0x4f1 fp=0xc005c02e50 sp=0xc005c02a88 pc=0x7ff656f52651
github.com/evanw/esbuild/internal/resolver.(*Resolver).Resolve(0xc003dcd208, {0xc002653300, 0x36}, {0xc000b1aa80, 
0x74}, 0x1)
	github.com/evanw/esbuild/internal/resolver/resolver.go:548 +0x16f9 fp=0xc005c03220 sp=0xc005c02e50 pc=0x7ff656f4c779
github.com/evanw/esbuild/internal/bundler.RunOnResolvePlugins({_, _, _}, _, {0xc003dc3680, 0xc003dc8630, 0xc003dc8648, 
0xc003dc8660, 0x3, 0xc003dc3650}, ...)
	github.com/evanw/esbuild/internal/bundler/bundler.go:1154 +0x36a fp=0xc005c03690 sp=0xc005c03220 pc=0x7ff656f80e0a
github.com/evanw/esbuild/pkg/api.loadPlugins.func2({0xc000b1aa80, 0x74}, {{0xc002631580, 0x10}, {0x0, 0x0}, {0x0, 
0x0}, {0xc002653300, 0x36}, ...})
	github.com/evanw/esbuild/pkg/api/api_impl.go:2114 +0x4be fp=0xc005c03d18 sp=0xc005c03690 pc=0x7ff65703809e
main.(*serviceType).convertPlugins.func2.1(0x12f, 0xc002831050)
	github.com/evanw/esbuild/cmd/esbuild/service.go:944 +0x665 fp=0xc005c03f50 sp=0xc005c03d18 pc=0x7ff65707a885
main.(*serviceType).handleIncomingPacket.func4()
	github.com/evanw/esbuild/cmd/esbuild/service.go:262 +0xa4 fp=0xc005c03fe0 sp=0xc005c03f50 pc=0x7ff6570740a4
runtime.goexit({})
	runtime/asm_amd64.s:1693 +0x1 fp=0xc005c03fe8 sp=0xc005c03fe0 pc=0x7ff656bcf221
created by main.(*serviceType).handleIncomingPacket in goroutine 1
	github.com/evanw/esbuild/cmd/esbuild/service.go:257 +0x156e

goroutine 1568 gp=0xc0012e7dc0 m=nil [chan send]:
runtime.gopark(0xc00123c600?, 0xe?, 0xf0?, 0x83?, 0xc0000ca080?)
	runtime/proc.go:460 +0xce fp=0xc003dd83b0 sp=0xc003dd8390 pc=0x7ff656bc72ce
runtime.chansend(0xc000136000, 0x7ff6572b1690, 0x1, 0x7ff656c41ef0?)
	runtime/chan.go:283 +0x3cb fp=0xc003dd8420 sp=0xc003dd83b0 pc=0x7ff656b5d58b
runtime.chansend1(0xc0000ca080?, 0x7ff656c47445?)
	runtime/chan.go:161 +0x17 fp=0xc003dd8450 sp=0xc003dd8420 pc=0x7ff656b5d1b7
github.com/evanw/esbuild/internal/fs.BeforeFileOpen(...)
	github.com/evanw/esbuild/internal/fs/fs.go:245
github.com/evanw/esbuild/internal/fs.(*realFS).kind(0xc0000da080, {0xc005f938f0?, 0xc003dd8570?}, {0xc0043a8550?, 
0x7ff65714de40?})
	github.com/evanw/esbuild/internal/fs/fs_real.go:413 +0xb3 fp=0xc003dd84f0 sp=0xc003dd8450 pc=0x7ff656c9c793
github.com/evanw/esbuild/internal/fs.(*zipFS).kind(0xe?, {0xc005f938f0?, 0x64?}, {0xc0043a8550?, 0xc0043a9710?})
	github.com/evanw/esbuild/internal/fs/fs_zip.go:330 +0x28 fp=0xc003dd8528 sp=0xc003dd84f0 pc=0x7ff656c9fa08
github.com/evanw/esbuild/internal/fs.(*Entry).Kind(0xc00324e9c0, {0x7ff6572bce40?, 0xc0000a6120?})
	github.com/evanw/esbuild/internal/fs/fs.go:37 +0xc3 fp=0xc003dd8580 sp=0xc003dd8528 pc=0x7ff656c97f83
github.com/evanw/esbuild/internal/resolver.resolverQuery.loadAsFile.func1({0xc000b1ab65, 0xe})
	github.com/evanw/esbuild/internal/resolver/resolver.go:1759 +0x267 fp=0xc003dd8670 sp=0xc003dd8580 pc=0x7ff656f5ae67
github.com/evanw/esbuild/internal/resolver.resolverQuery.loadAsFile({0xc003dcc908?, 0xc0061b7950?, 0x0?, 0x1?}, 
{0xc000b1ab00, 0x73}, {0xc003dc0690, 0x5, 0x20b51898a38?})
	github.com/evanw/esbuild/internal/resolver/resolver.go:1817 +0x8bc fp=0xc003dd88e0 sp=0xc003dd8670 pc=0x7ff656f5a5dc
github.com/evanw/esbuild/internal/resolver.resolverQuery.loadAsFileOrDirectory({0xc003dcc908?, 0xc0061b7950?, 0x0?, 
0x73?}, {0xc000b1ab00, 0x73})
	github.com/evanw/esbuild/internal/resolver/resolver.go:1930 +0x173 fp=0xc003dd8a88 sp=0xc003dd88e0 pc=0x7ff656f5c1f3
github.com/evanw/esbuild/internal/resolver.resolverQuery.resolveWithoutSymlinks({0xc003dcc908?, 0xc0061b7950?, 0x0?, 
0x0?}, {0xc002653340, 0x36}, 0xc006813580, {0xc000b1ab00, 0x73})
	github.com/evanw/esbuild/internal/resolver/resolver.go:981 +0x4f1 fp=0xc003dd8e50 sp=0xc003dd8a88 pc=0x7ff656f52651
github.com/evanw/esbuild/internal/resolver.(*Resolver).Resolve(0xc003dcc908, {0xc002653340, 0x36}, {0xc000b1ab00, 
0x73}, 0x1)
	github.com/evanw/esbuild/internal/resolver/resolver.go:548 +0x16f9 fp=0xc003dd9220 sp=0xc003dd8e50 pc=0x7ff656f4c779
github.com/evanw/esbuild/internal/bundler.RunOnResolvePlugins({_, _, _}, _, {0xc003dc3440, 0xc003dc8570, 0xc003dc8588, 
0xc003dc85a0, 0x3, 0xc003dc3410}, ...)
	github.com/evanw/esbuild/internal/bundler/bundler.go:1154 +0x36a fp=0xc003dd9690 sp=0xc003dd9220 pc=0x7ff656f80e0a
github.com/evanw/esbuild/pkg/api.loadPlugins.func2({0xc000b1ab00, 0x73}, {{0xc002631620, 0x10}, {0x0, 0x0}, {0x0, 
0x0}, {0xc002653340, 0x36}, ...})
	github.com/evanw/esbuild/pkg/api/api_impl.go:2114 +0x4be fp=0xc003dd9d18 sp=0xc003dd9690 pc=0x7ff65703809e
main.(*serviceType).convertPlugins.func2.1(0x130, 0xc002831110)
	github.com/evanw/esbuild/cmd/esbuild/service.go:944 +0x665 fp=0xc003dd9f50 sp=0xc003dd9d18 pc=0x7ff65707a885
main.(*serviceType).handleIncomingPacket.func4()
	github.com/evanw/esbuild/cmd/esbuild/service.go:262 +0xa4 fp=0xc003dd9fe0 sp=0xc003dd9f50 pc=0x7ff6570740a4
runtime.goexit({})
	runtime/asm_amd64.s:1693 +0x1 fp=0xc003dd9fe8 sp=0xc003dd9fe0 pc=0x7ff656bcf221
created by main.(*serviceType).handleIncomingPacket in goroutine 1
	github.com/evanw/esbuild/cmd/esbuild/service.go:257 +0x156e

goroutine 1569 gp=0xc0016ec000 m=nil [chan send]:
runtime.gopark(0xc0067a5c70?, 0xa?, 0xd8?, 0x6?, 0xc0000ca080?)
	runtime/proc.go:460 +0xce fp=0xc004d703b0 sp=0xc004d70390 pc=0x7ff656bc72ce
runtime.chansend(0xc000136000, 0x7ff6572b1690, 0x1, 0xc00365cb00?)
	runtime/chan.go:283 +0x3cb fp=0xc004d70420 sp=0xc004d703b0 pc=0x7ff656b5d58b
runtime.chansend1(0xc0000ca080?, 0x10000000?)
	runtime/chan.go:161 +0x17 fp=0xc004d70450 sp=0xc004d70420 pc=0x7ff656b5d1b7
github.com/evanw/esbuild/internal/fs.BeforeFileOpen(...)
	github.com/evanw/esbuild/internal/fs/fs.go:245
github.com/evanw/esbuild/internal/fs.(*realFS).kind(0xc0000da080, {0xc0061899d0?, 0xc004d70570?}, {0xc0041f2110?, 
0x7ff65714de40?})
	github.com/evanw/esbuild/internal/fs/fs_real.go:413 +0xb3 fp=0xc004d704f0 sp=0xc004d70450 pc=0x7ff656c9c793
github.com/evanw/esbuild/internal/fs.(*zipFS).kind(0x8?, {0xc0061899d0?, 0x65?}, {0xc0041f2110?, 0xc002984c36?})
	github.com/evanw/esbuild/internal/fs/fs_zip.go:330 +0x28 fp=0xc004d70528 sp=0xc004d704f0 pc=0x7ff656c9fa08
github.com/evanw/esbuild/internal/fs.(*Entry).Kind(0xc0030e9f00, {0x7ff6572bce40?, 0xc0000a6120?})
	github.com/evanw/esbuild/internal/fs/fs.go:37 +0xc3 fp=0xc004d70580 sp=0xc004d70528 pc=0x7ff656c97f83
github.com/evanw/esbuild/internal/resolver.resolverQuery.loadAsFile.func1({0xc002984c36, 0x8})
	github.com/evanw/esbuild/internal/resolver/resolver.go:1759 +0x267 fp=0xc004d70670 sp=0xc004d70580 pc=0x7ff656f5ae67
github.com/evanw/esbuild/internal/resolver.resolverQuery.loadAsFile({0xc005870488?, 0xc003dc0d20?, 0x0?, 0x6b?}, 
{0xc002984bd0, 0x6e}, {0xc004d371d0, 0x5, 0x1b656c9c852?})
	github.com/evanw/esbuild/internal/resolver/resolver.go:1817 +0x8bc fp=0xc004d708e0 sp=0xc004d70670 pc=0x7ff656f5a5dc
github.com/evanw/esbuild/internal/resolver.resolverQuery.loadAsFileOrDirectory({0xc005870488?, 0xc003dc0d20?, 0x0?, 
0x6e?}, {0xc002984bd0, 0x6e})
	github.com/evanw/esbuild/internal/resolver/resolver.go:1930 +0x173 fp=0xc004d70a88 sp=0xc004d708e0 pc=0x7ff656f5c1f3
github.com/evanw/esbuild/internal/resolver.resolverQuery.resolveWithoutSymlinks({0xc005870488?, 0xc003dc0d20?, 0x0?, 
0x0?}, {0xc002653380, 0x36}, 0xc006622080, {0xc002984bd0, 0x6e})
	github.com/evanw/esbuild/internal/resolver/resolver.go:981 +0x4f1 fp=0xc004d70e50 sp=0xc004d70a88 pc=0x7ff656f52651
github.com/evanw/esbuild/internal/resolver.(*Resolver).Resolve(0xc005870488, {0xc002653380, 0x36}, {0xc002984bd0, 
0x6e}, 0x1)
	github.com/evanw/esbuild/internal/resolver/resolver.go:548 +0x16f9 fp=0xc004d71220 sp=0xc004d70e50 pc=0x7ff656f4c779
github.com/evanw/esbuild/internal/bundler.RunOnResolvePlugins({_, _, _}, _, {0xc00444d5c0, 0xc00583cd98, 0xc00583cdb0, 
0xc00583cdc8, 0x3, 0xc00444d590}, ...)
	github.com/evanw/esbuild/internal/bundler/bundler.go:1154 +0x36a fp=0xc004d71690 sp=0xc004d71220 pc=0x7ff656f80e0a
github.com/evanw/esbuild/pkg/api.loadPlugins.func2({0xc002984bd0, 0x6e}, {{0xc002430110, 0x10}, {0x0, 0x0}, {0x0, 
0x0}, {0xc002653380, 0x36}, ...})
	github.com/evanw/esbuild/pkg/api/api_impl.go:2114 +0x4be fp=0xc004d71d18 sp=0xc004d71690 pc=0x7ff65703809e
main.(*serviceType).convertPlugins.func2.1(0x131, 0xc002831230)
	github.com/evanw/esbuild/cmd/esbuild/service.go:944 +0x665 fp=0xc004d71f50 sp=0xc004d71d18 pc=0x7ff65707a885
main.(*serviceType).handleIncomingPacket.func4()
	github.com/evanw/esbuild/cmd/esbuild/service.go:262 +0xa4 fp=0xc004d71fe0 sp=0xc004d71f50 pc=0x7ff6570740a4
runtime.goexit({})
	runtime/asm_amd64.s:1693 +0x1 fp=0xc004d71fe8 sp=0xc004d71fe0 pc=0x7ff656bcf221
created by main.(*serviceType).handleIncomingPacket in goroutine 1
	github.com/evanw/esbuild/cmd/esbuild/service.go:257 +0x156e

goroutine 1570 gp=0xc0016ec1c0 m=nil [chan send]:
runtime.gopark(0x230000003e?, 0x0?, 0x0?, 0x0?, 0x0?)
	runtime/proc.go:460 +0xce fp=0xc0037ad128 sp=0xc0037ad108 pc=0x7ff656bc72ce
runtime.chansend(0xc000136000, 0x7ff6572b1690, 0x1, 0xc004418be0?)
	runtime/chan.go:283 +0x3cb fp=0xc0037ad198 sp=0xc0037ad128 pc=0x7ff656b5d58b
runtime.chansend1(0xc0020625f0?, 0x914?)
	runtime/chan.go:161 +0x17 fp=0xc0037ad1c8 sp=0xc0037ad198 pc=0x7ff656b5d1b7
github.com/evanw/esbuild/internal/fs.BeforeFileOpen(...)
	github.com/evanw/esbuild/internal/fs/fs.go:245
github.com/evanw/esbuild/internal/fs.(*realFS).readdir(0xc0000da080, {0xc00487e690, 0x43})
	github.com/evanw/esbuild/internal/fs/fs_real.go:351 +0x6c fp=0xc0037ad260 sp=0xc0037ad1c8 pc=0x7ff656c9c32c
github.com/evanw/esbuild/internal/fs.(*realFS).ReadDirectory(0xc0000da080, {0xc00487e690, 0x43})
	github.com/evanw/esbuild/internal/fs/fs_real.go:146 +0x177 fp=0xc0037ad3f0 sp=0xc0037ad260 pc=0x7ff656c9a637
github.com/evanw/esbuild/internal/fs.(*zipFS).ReadDirectory(0xc0000a6120, {0xc00487e690, 0x43})
	github.com/evanw/esbuild/internal/fs/fs_zip.go:188 +0xbf fp=0xc0037ad530 sp=0xc0037ad3f0 pc=0x7ff656c9e7df
github.com/evanw/esbuild/internal/resolver.resolverQuery.dirInfoUncached({0xc005870008?, 0xc005cfb810?, 0x0?, 0x43?}, 
{0xc00487e690, 0x43})
	github.com/evanw/esbuild/internal/resolver/resolver.go:1547 +0x11b fp=0xc0037ad810 sp=0xc0037ad530 pc=0x7ff656f5841b
github.com/evanw/esbuild/internal/resolver.resolverQuery.dirInfoCached({0xc005870008?, 0xc005cfb810?, 0x0?, 0x9e?}, 
{0xc00487e690, 0x43})
	github.com/evanw/esbuild/internal/resolver/resolver.go:1174 +0xee fp=0xc0037ad918 sp=0xc0037ad810 pc=0x7ff656f5420e
github.com/evanw/esbuild/internal/resolver.resolverQuery.dirInfoUncached({0xc005870008?, 0xc005cfb810?, 0x0?, 0x48?}, 
{0xc00487e640, 0x48})
	github.com/evanw/esbuild/internal/resolver/resolver.go:1538 +0xe5 fp=0xc0037adbf8 sp=0xc0037ad918 pc=0x7ff656f583e5
github.com/evanw/esbuild/internal/resolver.resolverQuery.dirInfoCached({0xc005870008?, 0xc005cfb810?, 0x0?, 0x9e?}, 
{0xc00487e640, 0x48})
	github.com/evanw/esbuild/internal/resolver/resolver.go:1174 +0xee fp=0xc0037add00 sp=0xc0037adbf8 pc=0x7ff656f5420e
github.com/evanw/esbuild/internal/resolver.resolverQuery.dirInfoUncached({0xc005870008?, 0xc005cfb810?, 0x0?, 0x4d?}, 
{0xc00487e5f0, 0x4d})
	github.com/evanw/esbuild/internal/resolver/resolver.go:1538 +0xe5 fp=0xc0037adfe0 sp=0xc0037add00 pc=0x7ff656f583e5
github.com/evanw/esbuild/internal/resolver.resolverQuery.dirInfoCached({0xc005870008?, 0xc005cfb810?, 0x0?, 0x2f?}, 
{0xc00487e5f0, 0x4d})
	github.com/evanw/esbuild/internal/resolver/resolver.go:1174 +0xee fp=0xc0037ae0e8 sp=0xc0037adfe0 pc=0x7ff656f5420e
github.com/evanw/esbuild/internal/resolver.resolverQuery.dirInfoUncached({0xc005870008?, 0xc005cfb810?, 0x0?, 0x51?}, 
{0xc0068053e0, 0x51})
	github.com/evanw/esbuild/internal/resolver/resolver.go:1538 +0xe5 fp=0xc0037ae3c8 sp=0xc0037ae0e8 pc=0x7ff656f583e5
github.com/evanw/esbuild/internal/resolver.resolverQuery.dirInfoCached({0xc005870008?, 0xc005cfb810?, 0x0?, 0x0?}, 
{0xc0068053e0, 0x51})
	github.com/evanw/esbuild/internal/resolver/resolver.go:1174 +0xee fp=0xc0037ae4d0 sp=0xc0037ae3c8 pc=0x7ff656f5420e
github.com/evanw/esbuild/internal/resolver.resolverQuery.dirInfoUncached({0xc005870008?, 0xc005cfb810?, 0x0?, 0x5a?}, 
{0xc006805380, 0x5a})
	github.com/evanw/esbuild/internal/resolver/resolver.go:1538 +0xe5 fp=0xc0037ae7b0 sp=0xc0037ae4d0 pc=0x7ff656f583e5
github.com/evanw/esbuild/internal/resolver.resolverQuery.dirInfoCached({0xc005870008?, 0xc005cfb810?, 0x0?, 0x78?}, 
{0xc006805380, 0x5a})
	github.com/evanw/esbuild/internal/resolver/resolver.go:1174 +0xee fp=0xc0037ae8b8 sp=0xc0037ae7b0 pc=0x7ff656f5420e
github.com/evanw/esbuild/internal/resolver.resolverQuery.dirInfoUncached({0xc005870008?, 0xc005cfb810?, 0x0?, 0x64?}, 
{0xc0035afe30, 0x64})
	github.com/evanw/esbuild/internal/resolver/resolver.go:1538 +0xe5 fp=0xc0037aeb98 sp=0xc0037ae8b8 pc=0x7ff656f583e5
github.com/evanw/esbuild/internal/resolver.resolverQuery.dirInfoCached({0xc005870008?, 0xc005cfb810?, 0x0?, 0x10?}, 
{0xc0035afe30, 0x64})
	github.com/evanw/esbuild/internal/resolver/resolver.go:1174 +0xee fp=0xc0037aeca0 sp=0xc0037aeb98 pc=0x7ff656f5420e
github.com/evanw/esbuild/internal/resolver.resolverQuery.finalizeResolve({0xc005870008?, 0xc005cfb810?, 0x0?, 0x0?}, 
0xc002cd4ea0)
	github.com/evanw/esbuild/internal/resolver/resolver.go:842 +0x6f1 fp=0xc0037aee50 sp=0xc0037aeca0 pc=0x7ff656f510d1
github.com/evanw/esbuild/internal/resolver.(*Resolver).Resolve(0xc005870008, {0xc0026533c0, 0x36}, {0xc002984c40, 
0x6f}, 0x1)
	github.com/evanw/esbuild/internal/resolver/resolver.go:572 +0x1a1a fp=0xc0037af220 sp=0xc0037aee50 pc=0x7ff656f4ca9a
github.com/evanw/esbuild/internal/bundler.RunOnResolvePlugins({_, _, _}, _, {0xc00444d4a0, 0xc00583cd38, 0xc00583cd50, 
0xc00583cd68, 0x3, 0xc00444d470}, ...)
	github.com/evanw/esbuild/internal/bundler/bundler.go:1154 +0x36a fp=0xc0037af690 sp=0xc0037af220 pc=0x7ff656f80e0a
github.com/evanw/esbuild/pkg/api.loadPlugins.func2({0xc002984c40, 0x6f}, {{0xc002430290, 0x10}, {0x0, 0x0}, {0x0, 
0x0}, {0xc0026533c0, 0x36}, ...})
	github.com/evanw/esbuild/pkg/api/api_impl.go:2114 +0x4be fp=0xc0037afd18 sp=0xc0037af690 pc=0x7ff65703809e
main.(*serviceType).convertPlugins.func2.1(0x132, 0xc002831350)
	github.com/evanw/esbuild/cmd/esbuild/service.go:944 +0x665 fp=0xc0037aff50 sp=0xc0037afd18 pc=0x7ff65707a885
main.(*serviceType).handleIncomingPacket.func4()
	github.com/evanw/esbuild/cmd/esbuild/service.go:262 +0xa4 fp=0xc0037affe0 sp=0xc0037aff50 pc=0x7ff6570740a4
runtime.goexit({})
	runtime/asm_amd64.s:1693 +0x1 fp=0xc0037affe8 sp=0xc0037affe0 pc=0x7ff656bcf221
created by main.(*serviceType).handleIncomingPacket in goroutine 1
	github.com/evanw/esbuild/cmd/esbuild/service.go:257 +0x156e

goroutine 1571 gp=0xc0016ec380 m=nil [chan send]:
runtime.gopark(0xc003290600?, 0xe?, 0xf0?, 0x43?, 0xc0000ca080?)
	runtime/proc.go:460 +0xce fp=0xc003dd43b0 sp=0xc003dd4390 pc=0x7ff656bc72ce
runtime.chansend(0xc000136000, 0x7ff6572b1690, 0x1, 0x7ff656c41ef0?)
	runtime/chan.go:283 +0x3cb fp=0xc003dd4420 sp=0xc003dd43b0 pc=0x7ff656b5d58b
runtime.chansend1(0xc0000ca080?, 0x7ff656c47445?)
	runtime/chan.go:161 +0x17 fp=0xc003dd4450 sp=0xc003dd4420 pc=0x7ff656b5d1b7
github.com/evanw/esbuild/internal/fs.BeforeFileOpen(...)
	github.com/evanw/esbuild/internal/fs/fs.go:245
github.com/evanw/esbuild/internal/fs.(*realFS).kind(0xc0000da080, {0xc005e895e0?, 0xc003dd4570?}, {0xc001b74060?, 
0x7ff65714de40?})
	github.com/evanw/esbuild/internal/fs/fs_real.go:413 +0xb3 fp=0xc003dd44f0 sp=0xc003dd4450 pc=0x7ff656c9c793
github.com/evanw/esbuild/internal/fs.(*zipFS).kind(0xd?, {0xc005e895e0?, 0x64?}, {0xc001b74060?, 0xc001b74690?})
	github.com/evanw/esbuild/internal/fs/fs_zip.go:330 +0x28 fp=0xc003dd4528 sp=0xc003dd44f0 pc=0x7ff656c9fa08
github.com/evanw/esbuild/internal/fs.(*Entry).Kind(0xc0029e7b80, {0x7ff6572bce40?, 0xc0000a6120?})
	github.com/evanw/esbuild/internal/fs/fs.go:37 +0xc3 fp=0xc003dd4580 sp=0xc003dd4528 pc=0x7ff656c97f83
github.com/evanw/esbuild/internal/resolver.resolverQuery.loadAsFile.func1({0xc000b1ace5, 0xd})
	github.com/evanw/esbuild/internal/resolver/resolver.go:1759 +0x267 fp=0xc003dd4670 sp=0xc003dd4580 pc=0x7ff656f5ae67
github.com/evanw/esbuild/internal/resolver.resolverQuery.loadAsFile({0xc001d80908?, 0xc0053ff310?, 0x0?, 0x6b?}, 
{0xc000b1ac80, 0x72}, {0xc0032da730, 0x5, 0x1b656c9c852?})
	github.com/evanw/esbuild/internal/resolver/resolver.go:1817 +0x8bc fp=0xc003dd48e0 sp=0xc003dd4670 pc=0x7ff656f5a5dc
github.com/evanw/esbuild/internal/resolver.resolverQuery.loadAsFileOrDirectory({0xc001d80908?, 0xc0053ff310?, 0x0?, 
0x72?}, {0xc000b1ac80, 0x72})
	github.com/evanw/esbuild/internal/resolver/resolver.go:1930 +0x173 fp=0xc003dd4a88 sp=0xc003dd48e0 pc=0x7ff656f5c1f3
github.com/evanw/esbuild/internal/resolver.resolverQuery.resolveWithoutSymlinks({0xc001d80908?, 0xc0053ff310?, 0x0?, 
0x0?}, {0xc002653400, 0x36}, 0xc00690a280, {0xc000b1ac80, 0x72})
	github.com/evanw/esbuild/internal/resolver/resolver.go:981 +0x4f1 fp=0xc003dd4e50 sp=0xc003dd4a88 pc=0x7ff656f52651
github.com/evanw/esbuild/internal/resolver.(*Resolver).Resolve(0xc001d80908, {0xc002653400, 0x36}, {0xc000b1ac80, 
0x72}, 0x1)
	github.com/evanw/esbuild/internal/resolver/resolver.go:548 +0x16f9 fp=0xc003dd5220 sp=0xc003dd4e50 pc=0x7ff656f4c779
github.com/evanw/esbuild/internal/bundler.RunOnResolvePlugins({_, _, _}, _, {0xc0032e8390, 0xc0032ec0d8, 0xc0032ec0f0, 
0xc0032ec108, 0x3, 0xc0032e8360}, ...)
	github.com/evanw/esbuild/internal/bundler/bundler.go:1154 +0x36a fp=0xc003dd5690 sp=0xc003dd5220 pc=0x7ff656f80e0a
github.com/evanw/esbuild/pkg/api.loadPlugins.func2({0xc000b1ac80, 0x72}, {{0xc0024303e0, 0x10}, {0x0, 0x0}, {0x0, 
0x0}, {0xc002653400, 0x36}, ...})
	github.com/evanw/esbuild/pkg/api/api_impl.go:2114 +0x4be fp=0xc003dd5d18 sp=0xc003dd5690 pc=0x7ff65703809e
main.(*serviceType).convertPlugins.func2.1(0x133, 0xc002831380)
	github.com/evanw/esbuild/cmd/esbuild/service.go:944 +0x665 fp=0xc003dd5f50 sp=0xc003dd5d18 pc=0x7ff65707a885
main.(*serviceType).handleIncomingPacket.func4()
	github.com/evanw/esbuild/cmd/esbuild/service.go:262 +0xa4 fp=0xc003dd5fe0 sp=0xc003dd5f50 pc=0x7ff6570740a4
runtime.goexit({})
	runtime/asm_amd64.s:1693 +0x1 fp=0xc003dd5fe8 sp=0xc003dd5fe0 pc=0x7ff656bcf221
created by main.(*serviceType).handleIncomingPacket in goroutine 1
	github.com/evanw/esbuild/cmd/esbuild/service.go:257 +0x156e

goroutine 1572 gp=0xc0016ec540 m=nil [chan send]:
runtime.gopark(0xc005e89b20?, 0xe?, 0xab?, 0xb8?, 0xc0000ca080?)
	runtime/proc.go:460 +0xce fp=0xc0008843b0 sp=0xc000884390 pc=0x7ff656bc72ce
runtime.chansend(0xc000136000, 0x7ff6572b1690, 0x1, 0xc001b0adc0?)
	runtime/chan.go:283 +0x3cb fp=0xc000884420 sp=0xc0008843b0 pc=0x7ff656b5d58b
runtime.chansend1(0xc0000ca080?, 0x10000000?)
	runtime/chan.go:161 +0x17 fp=0xc000884450 sp=0xc000884420 pc=0x7ff656b5d1b7
github.com/evanw/esbuild/internal/fs.BeforeFileOpen(...)
	github.com/evanw/esbuild/internal/fs/fs.go:245
github.com/evanw/esbuild/internal/fs.(*realFS).kind(0xc0000da080, {0xc0067a5960?, 0xc000884570?}, {0xc002aae9d0?, 
0x7ff65714de40?})
	github.com/evanw/esbuild/internal/fs/fs_real.go:413 +0xb3 fp=0xc0008844f0 sp=0xc000884450 pc=0x7ff656c9c793
github.com/evanw/esbuild/internal/fs.(*zipFS).kind(0x9?, {0xc0067a5960?, 0x64?}, {0xc002aae9d0?, 0xc002984d15?})
	github.com/evanw/esbuild/internal/fs/fs_zip.go:330 +0x28 fp=0xc000884528 sp=0xc0008844f0 pc=0x7ff656c9fa08
github.com/evanw/esbuild/internal/fs.(*Entry).Kind(0xc000ee3880, {0x7ff6572bce40?, 0xc0000a6120?})
	github.com/evanw/esbuild/internal/fs/fs.go:37 +0xc3 fp=0xc000884580 sp=0xc000884528 pc=0x7ff656c97f83
github.com/evanw/esbuild/internal/resolver.resolverQuery.loadAsFile.func1({0xc002984d15, 0x9})
	github.com/evanw/esbuild/internal/resolver/resolver.go:1759 +0x267 fp=0xc000884670 sp=0xc000884580 pc=0x7ff656f5ae67
github.com/evanw/esbuild/internal/resolver.resolverQuery.loadAsFile({0xc003351688?, 0xc005cfb860?, 0x0?, 0x1?}, 
{0xc002984cb0, 0x6e}, {0xc00353acd0, 0x5, 0x20b51b7aae0?})
	github.com/evanw/esbuild/internal/resolver/resolver.go:1817 +0x8bc fp=0xc0008848e0 sp=0xc000884670 pc=0x7ff656f5a5dc
github.com/evanw/esbuild/internal/resolver.resolverQuery.loadAsFileOrDirectory({0xc003351688?, 0xc005cfb860?, 0x0?, 
0x6e?}, {0xc002984cb0, 0x6e})
	github.com/evanw/esbuild/internal/resolver/resolver.go:1930 +0x173 fp=0xc000884a88 sp=0xc0008848e0 pc=0x7ff656f5c1f3
github.com/evanw/esbuild/internal/resolver.resolverQuery.resolveWithoutSymlinks({0xc003351688?, 0xc005cfb860?, 0x0?, 
0x0?}, {0xc002653440, 0x36}, 0xc00690a400, {0xc002984cb0, 0x6e})
	github.com/evanw/esbuild/internal/resolver/resolver.go:981 +0x4f1 fp=0xc000884e50 sp=0xc000884a88 pc=0x7ff656f52651
github.com/evanw/esbuild/internal/resolver.(*Resolver).Resolve(0xc003351688, {0xc002653440, 0x36}, {0xc002984cb0, 
0x6e}, 0x1)
	github.com/evanw/esbuild/internal/resolver/resolver.go:548 +0x16f9 fp=0xc000885220 sp=0xc000884e50 pc=0x7ff656f4c779
github.com/evanw/esbuild/internal/bundler.RunOnResolvePlugins({_, _, _}, _, {0xc003388210, 0xc0036df500, 0xc0036df518, 
0xc0036df530, 0x3, 0xc0033881e0}, ...)
	github.com/evanw/esbuild/internal/bundler/bundler.go:1154 +0x36a fp=0xc000885690 sp=0xc000885220 pc=0x7ff656f80e0a
github.com/evanw/esbuild/pkg/api.loadPlugins.func2({0xc002984cb0, 0x6e}, {{0xc002430580, 0x10}, {0x0, 0x0}, {0x0, 
0x0}, {0xc002653440, 0x36}, ...})
	github.com/evanw/esbuild/pkg/api/api_impl.go:2114 +0x4be fp=0xc000885d18 sp=0xc000885690 pc=0x7ff65703809e
main.(*serviceType).convertPlugins.func2.1(0x134, 0xc0028313e0)
	github.com/evanw/esbuild/cmd/esbuild/service.go:944 +0x665 fp=0xc000885f50 sp=0xc000885d18 pc=0x7ff65707a885
main.(*serviceType).handleIncomingPacket.func4()
	github.com/evanw/esbuild/cmd/esbuild/service.go:262 +0xa4 fp=0xc000885fe0 sp=0xc000885f50 pc=0x7ff6570740a4
runtime.goexit({})
	runtime/asm_amd64.s:1693 +0x1 fp=0xc000885fe8 sp=0xc000885fe0 pc=0x7ff656bcf221
created by main.(*serviceType).handleIncomingPacket in goroutine 1
	github.com/evanw/esbuild/cmd/esbuild/service.go:257 +0x156e

goroutine 1573 gp=0xc0016ec700 m=nil [chan send]:
runtime.gopark(0xc006513420?, 0xe?, 0xf0?, 0x63?, 0xc0000ca080?)
	runtime/proc.go:460 +0xce fp=0xc005a063b0 sp=0xc005a06390 pc=0x7ff656bc72ce
runtime.chansend(0xc000136000, 0x7ff6572b1690, 0x1, 0x7ff656c41ef0?)
	runtime/chan.go:283 +0x3cb fp=0xc005a06420 sp=0xc005a063b0 pc=0x7ff656b5d58b
runtime.chansend1(0xc0000ca080?, 0x7ff656c47445?)
	runtime/chan.go:161 +0x17 fp=0xc005a06450 sp=0xc005a06420 pc=0x7ff656b5d1b7
github.com/evanw/esbuild/internal/fs.BeforeFileOpen(...)
	github.com/evanw/esbuild/internal/fs/fs.go:245
github.com/evanw/esbuild/internal/fs.(*realFS).kind(0xc0000da080, {0xc0059ed5e0?, 0xc005a06570?}, {0xc002a936a0?, 
0x7ff65714de40?})
	github.com/evanw/esbuild/internal/fs/fs_real.go:413 +0xb3 fp=0xc005a064f0 sp=0xc005a06450 pc=0x7ff656c9c793
github.com/evanw/esbuild/internal/fs.(*zipFS).kind(0x9?, {0xc0059ed5e0?, 0x64?}, {0xc002a936a0?, 0xc002a93cc0?})
	github.com/evanw/esbuild/internal/fs/fs_zip.go:330 +0x28 fp=0xc005a06528 sp=0xc005a064f0 pc=0x7ff656c9fa08
github.com/evanw/esbuild/internal/fs.(*Entry).Kind(0xc0039f47c0, {0x7ff6572bce40?, 0xc0000a6120?})
	github.com/evanw/esbuild/internal/fs/fs.go:37 +0xc3 fp=0xc005a06580 sp=0xc005a06528 pc=0x7ff656c97f83
github.com/evanw/esbuild/internal/resolver.resolverQuery.loadAsFile.func1({0xc002984d85, 0x9})
	github.com/evanw/esbuild/internal/resolver/resolver.go:1759 +0x267 fp=0xc005a06670 sp=0xc005a06580 pc=0x7ff656f5ae67
github.com/evanw/esbuild/internal/resolver.resolverQuery.loadAsFile({0xc004e74008?, 0xc005d67e00?, 0x0?, 0x6b?}, 
{0xc002984d20, 0x6e}, {0xc0053feb40, 0x5, 0x1b656c9c852?})
	github.com/evanw/esbuild/internal/resolver/resolver.go:1817 +0x8bc fp=0xc005a068e0 sp=0xc005a06670 pc=0x7ff656f5a5dc
github.com/evanw/esbuild/internal/resolver.resolverQuery.loadAsFileOrDirectory({0xc004e74008?, 0xc005d67e00?, 0x0?, 
0x6e?}, {0xc002984d20, 0x6e})
	github.com/evanw/esbuild/internal/resolver/resolver.go:1930 +0x173 fp=0xc005a06a88 sp=0xc005a068e0 pc=0x7ff656f5c1f3
github.com/evanw/esbuild/internal/resolver.resolverQuery.resolveWithoutSymlinks({0xc004e74008?, 0xc005d67e00?, 0x0?, 
0x0?}, {0xc002653480, 0x36}, 0xc006813600, {0xc002984d20, 0x6e})
	github.com/evanw/esbuild/internal/resolver/resolver.go:981 +0x4f1 fp=0xc005a06e50 sp=0xc005a06a88 pc=0x7ff656f52651
github.com/evanw/esbuild/internal/resolver.(*Resolver).Resolve(0xc004e74008, {0xc002653480, 0x36}, {0xc002984d20, 
0x6e}, 0x1)
	github.com/evanw/esbuild/internal/resolver/resolver.go:548 +0x16f9 fp=0xc005a07220 sp=0xc005a06e50 pc=0x7ff656f4c779
github.com/evanw/esbuild/internal/bundler.RunOnResolvePlugins({_, _, _}, _, {0xc0038fe5d0, 0xc0049e99b0, 0xc0049e99c8, 
0xc0049e99e0, 0x3, 0xc0038fe5a0}, ...)
	github.com/evanw/esbuild/internal/bundler/bundler.go:1154 +0x36a fp=0xc005a07690 sp=0xc005a07220 pc=0x7ff656f80e0a
github.com/evanw/esbuild/pkg/api.loadPlugins.func2({0xc002984d20, 0x6e}, {{0xc002430650, 0x10}, {0x0, 0x0}, {0x0, 
0x0}, {0xc002653480, 0x36}, ...})
	github.com/evanw/esbuild/pkg/api/api_impl.go:2114 +0x4be fp=0xc005a07d18 sp=0xc005a07690 pc=0x7ff65703809e
main.(*serviceType).convertPlugins.func2.1(0x135, 0xc002831560)
	github.com/evanw/esbuild/cmd/esbuild/service.go:944 +0x665 fp=0xc005a07f50 sp=0xc005a07d18 pc=0x7ff65707a885
main.(*serviceType).handleIncomingPacket.func4()
	github.com/evanw/esbuild/cmd/esbuild/service.go:262 +0xa4 fp=0xc005a07fe0 sp=0xc005a07f50 pc=0x7ff6570740a4
runtime.goexit({})
	runtime/asm_amd64.s:1693 +0x1 fp=0xc005a07fe8 sp=0xc005a07fe0 pc=0x7ff656bcf221
created by main.(*serviceType).handleIncomingPacket in goroutine 1
	github.com/evanw/esbuild/cmd/esbuild/service.go:257 +0x156e

goroutine 1574 gp=0xc0016ec8c0 m=nil [chan send]:
runtime.gopark(0xc00123c680?, 0xe?, 0xf0?, 0x43?, 0xc0000ca080?)
	runtime/proc.go:460 +0xce fp=0xc003db43b0 sp=0xc003db4390 pc=0x7ff656bc72ce
runtime.chansend(0xc000136000, 0x7ff6572b1690, 0x1, 0x7ff656c41ef0?)
	runtime/chan.go:283 +0x3cb fp=0xc003db4420 sp=0xc003db43b0 pc=0x7ff656b5d58b
runtime.chansend1(0xc0000ca080?, 0x7ff656c47445?)
	runtime/chan.go:161 +0x17 fp=0xc003db4450 sp=0xc003db4420 pc=0x7ff656b5d1b7
github.com/evanw/esbuild/internal/fs.BeforeFileOpen(...)
	github.com/evanw/esbuild/internal/fs/fs.go:245
github.com/evanw/esbuild/internal/fs.(*realFS).kind(0xc0000da080, {0xc005e89650?, 0xc003db4570?}, {0xc003df03a8?, 
0x7ff65714de40?})
	github.com/evanw/esbuild/internal/fs/fs_real.go:413 +0xb3 fp=0xc003db44f0 sp=0xc003db4450 pc=0x7ff656c9c793
github.com/evanw/esbuild/internal/fs.(*zipFS).kind(0x11?, {0xc005e89650?, 0x64?}, {0xc003df03a8?, 0xc0059a8258?})
	github.com/evanw/esbuild/internal/fs/fs_zip.go:330 +0x28 fp=0xc003db4528 sp=0xc003db44f0 pc=0x7ff656c9fa08
github.com/evanw/esbuild/internal/fs.(*Entry).Kind(0xc0038cab80, {0x7ff6572bce40?, 0xc0000a6120?})
	github.com/evanw/esbuild/internal/fs/fs.go:37 +0xc3 fp=0xc003db4580 sp=0xc003db4528 pc=0x7ff656c97f83
github.com/evanw/esbuild/internal/resolver.resolverQuery.loadAsFile.func1({0xc000b1afe5, 0x11})
	github.com/evanw/esbuild/internal/resolver/resolver.go:1759 +0x267 fp=0xc003db4670 sp=0xc003db4580 pc=0x7ff656f5ae67
github.com/evanw/esbuild/internal/resolver.resolverQuery.loadAsFile({0xc004e74488?, 0xc005d67ea0?, 0x0?, 0x6b?}, 
{0xc000b1af80, 0x76}, {0xc0053fec30, 0x5, 0x1b656c9c852?})
	github.com/evanw/esbuild/internal/resolver/resolver.go:1817 +0x8bc fp=0xc003db48e0 sp=0xc003db4670 pc=0x7ff656f5a5dc
github.com/evanw/esbuild/internal/resolver.resolverQuery.loadAsFileOrDirectory({0xc004e74488?, 0xc005d67ea0?, 0x0?, 
0x76?}, {0xc000b1af80, 0x76})
	github.com/evanw/esbuild/internal/resolver/resolver.go:1930 +0x173 fp=0xc003db4a88 sp=0xc003db48e0 pc=0x7ff656f5c1f3
github.com/evanw/esbuild/internal/resolver.resolverQuery.resolveWithoutSymlinks({0xc004e74488?, 0xc005d67ea0?, 0x0?, 
0x0?}, {0xc0026534c0, 0x36}, 0xc0060e0280, {0xc000b1af80, 0x76})
	github.com/evanw/esbuild/internal/resolver/resolver.go:981 +0x4f1 fp=0xc003db4e50 sp=0xc003db4a88 pc=0x7ff656f52651
github.com/evanw/esbuild/internal/resolver.(*Resolver).Resolve(0xc004e74488, {0xc0026534c0, 0x36}, {0xc000b1af80, 
0x76}, 0x1)
	github.com/evanw/esbuild/internal/resolver/resolver.go:548 +0x16f9 fp=0xc003db5220 sp=0xc003db4e50 pc=0x7ff656f4c779
github.com/evanw/esbuild/internal/bundler.RunOnResolvePlugins({_, _, _}, _, {0xc0038fe6f0, 0xc0049e9a10, 0xc0049e9a28, 
0xc0049e9a40, 0x3, 0xc0038fe6c0}, ...)
	github.com/evanw/esbuild/internal/bundler/bundler.go:1154 +0x36a fp=0xc003db5690 sp=0xc003db5220 pc=0x7ff656f80e0a
github.com/evanw/esbuild/pkg/api.loadPlugins.func2({0xc000b1af80, 0x76}, {{0xc002430750, 0x10}, {0x0, 0x0}, {0x0, 
0x0}, {0xc0026534c0, 0x36}, ...})
	github.com/evanw/esbuild/pkg/api/api_impl.go:2114 +0x4be fp=0xc003db5d18 sp=0xc003db5690 pc=0x7ff65703809e
main.(*serviceType).convertPlugins.func2.1(0x136, 0xc0028318f0)
	github.com/evanw/esbuild/cmd/esbuild/service.go:944 +0x665 fp=0xc003db5f50 sp=0xc003db5d18 pc=0x7ff65707a885
main.(*serviceType).handleIncomingPacket.func4()
	github.com/evanw/esbuild/cmd/esbuild/service.go:262 +0xa4 fp=0xc003db5fe0 sp=0xc003db5f50 pc=0x7ff6570740a4
runtime.goexit({})
	runtime/asm_amd64.s:1693 +0x1 fp=0xc003db5fe8 sp=0xc003db5fe0 pc=0x7ff656bcf221
created by main.(*serviceType).handleIncomingPacket in goroutine 1
	github.com/evanw/esbuild/cmd/esbuild/service.go:257 +0x156e

goroutine 1575 gp=0xc0016eca80 m=nil [chan send]:
runtime.gopark(0xc005274780?, 0xe?, 0xd8?, 0xc6?, 0xc0000ca080?)
	runtime/proc.go:460 +0xce fp=0xc005b8c3b0 sp=0xc005b8c390 pc=0x7ff656bc72ce
runtime.chansend(0xc000136000, 0x7ff6572b1690, 0x1, 0xc003f1cf80?)
	runtime/chan.go:283 +0x3cb fp=0xc005b8c420 sp=0xc005b8c3b0 pc=0x7ff656b5d58b
runtime.chansend1(0xc0000ca080?, 0x10000000?)
	runtime/chan.go:161 +0x17 fp=0xc005b8c450 sp=0xc005b8c420 pc=0x7ff656b5d1b7
github.com/evanw/esbuild/internal/fs.BeforeFileOpen(...)
	github.com/evanw/esbuild/internal/fs/fs.go:245
github.com/evanw/esbuild/internal/fs.(*realFS).kind(0xc0000da080, {0xc005e896c0?, 0xc005b8c570?}, {0xc0045349b0?, 
0x7ff65714de40?})
	github.com/evanw/esbuild/internal/fs/fs_real.go:413 +0xb3 fp=0xc005b8c4f0 sp=0xc005b8c450 pc=0x7ff656c9c793
github.com/evanw/esbuild/internal/fs.(*zipFS).kind(0xc?, {0xc005e896c0?, 0x64?}, {0xc0045349b0?, 0xc000b1b165?})
	github.com/evanw/esbuild/internal/fs/fs_zip.go:330 +0x28 fp=0xc005b8c528 sp=0xc005b8c4f0 pc=0x7ff656c9fa08
github.com/evanw/esbuild/internal/fs.(*Entry).Kind(0xc0039f7440, {0x7ff6572bce40?, 0xc0000a6120?})
	github.com/evanw/esbuild/internal/fs/fs.go:37 +0xc3 fp=0xc005b8c580 sp=0xc005b8c528 pc=0x7ff656c97f83
github.com/evanw/esbuild/internal/resolver.resolverQuery.loadAsFile.func1({0xc000b1b165, 0xc})
	github.com/evanw/esbuild/internal/resolver/resolver.go:1759 +0x267 fp=0xc005b8c670 sp=0xc005b8c580 pc=0x7ff656f5ae67
github.com/evanw/esbuild/internal/resolver.resolverQuery.loadAsFile({0xc004e74908?, 0xc0053ff360?, 0x0?, 0x6b?}, 
{0xc000b1b100, 0x71}, {0xc0053fed20, 0x5, 0x1b656c9c852?})
	github.com/evanw/esbuild/internal/resolver/resolver.go:1817 +0x8bc fp=0xc005b8c8e0 sp=0xc005b8c670 pc=0x7ff656f5a5dc
github.com/evanw/esbuild/internal/resolver.resolverQuery.loadAsFileOrDirectory({0xc004e74908?, 0xc0053ff360?, 0x0?, 
0x60?}, {0xc000b1b100, 0x71})
	github.com/evanw/esbuild/internal/resolver/resolver.go:1930 +0x173 fp=0xc005b8ca88 sp=0xc005b8c8e0 pc=0x7ff656f5c1f3
github.com/evanw/esbuild/internal/resolver.resolverQuery.resolveWithoutSymlinks({0xc004e74908?, 0xc0053ff360?, 0x0?, 
0x0?}, {0xc002653500, 0x36}, 0xc006898180, {0xc000b1b100, 0x71})
	github.com/evanw/esbuild/internal/resolver/resolver.go:981 +0x4f1 fp=0xc005b8ce50 sp=0xc005b8ca88 pc=0x7ff656f52651
github.com/evanw/esbuild/internal/resolver.(*Resolver).Resolve(0xc004e74908, {0xc002653500, 0x36}, {0xc000b1b100, 
0x71}, 0x1)
	github.com/evanw/esbuild/internal/resolver/resolver.go:548 +0x16f9 fp=0xc005b8d220 sp=0xc005b8ce50 pc=0x7ff656f4c779
github.com/evanw/esbuild/internal/bundler.RunOnResolvePlugins({_, _, _}, _, {0xc0038fe810, 0xc0049e9a70, 0xc0049e9a88, 
0xc0049e9aa0, 0x3, 0xc0038fe7e0}, ...)
	github.com/evanw/esbuild/internal/bundler/bundler.go:1154 +0x36a fp=0xc005b8d690 sp=0xc005b8d220 pc=0x7ff656f80e0a
github.com/evanw/esbuild/pkg/api.loadPlugins.func2({0xc000b1b100, 0x71}, {{0xc002430800, 0x10}, {0x0, 0x0}, {0x0, 
0x0}, {0xc002653500, 0x36}, ...})
	github.com/evanw/esbuild/pkg/api/api_impl.go:2114 +0x4be fp=0xc005b8dd18 sp=0xc005b8d690 pc=0x7ff65703809e
main.(*serviceType).convertPlugins.func2.1(0x137, 0xc002831950)
	github.com/evanw/esbuild/cmd/esbuild/service.go:944 +0x665 fp=0xc005b8df50 sp=0xc005b8dd18 pc=0x7ff65707a885
main.(*serviceType).handleIncomingPacket.func4()
	github.com/evanw/esbuild/cmd/esbuild/service.go:262 +0xa4 fp=0xc005b8dfe0 sp=0xc005b8df50 pc=0x7ff6570740a4
runtime.goexit({})
	runtime/asm_amd64.s:1693 +0x1 fp=0xc005b8dfe8 sp=0xc005b8dfe0 pc=0x7ff656bcf221
created by main.(*serviceType).handleIncomingPacket in goroutine 1
	github.com/evanw/esbuild/cmd/esbuild/service.go:257 +0x156e

goroutine 1576 gp=0xc0016ecc40 m=nil [chan send]:
runtime.gopark(0xc0067a5ea0?, 0xe?, 0xd8?, 0x66?, 0xc0000ca080?)
	runtime/proc.go:460 +0xce fp=0xc0059963b0 sp=0xc005996390 pc=0x7ff656bc72ce
runtime.chansend(0xc000136000, 0x7ff6572b1690, 0x1, 0xc00406c840?)
	runtime/chan.go:283 +0x3cb fp=0xc005996420 sp=0xc0059963b0 pc=0x7ff656b5d58b
runtime.chansend1(0xc0000ca080?, 0x10000000?)
	runtime/chan.go:161 +0x17 fp=0xc005996450 sp=0xc005996420 pc=0x7ff656b5d1b7
github.com/evanw/esbuild/internal/fs.BeforeFileOpen(...)
	github.com/evanw/esbuild/internal/fs/fs.go:245
github.com/evanw/esbuild/internal/fs.(*realFS).kind(0xc0000da080, {0xc0067a5880?, 0xc005996570?}, {0xc00451c5f0?, 
0x7ff65714de40?})
	github.com/evanw/esbuild/internal/fs/fs_real.go:413 +0xb3 fp=0xc0059964f0 sp=0xc005996450 pc=0x7ff656c9c793
github.com/evanw/esbuild/internal/fs.(*zipFS).kind(0x8?, {0xc0067a5880?, 0x64?}, {0xc00451c5f0?, 0xc002984df5?})
	github.com/evanw/esbuild/internal/fs/fs_zip.go:330 +0x28 fp=0xc005996528 sp=0xc0059964f0 pc=0x7ff656c9fa08
github.com/evanw/esbuild/internal/fs.(*Entry).Kind(0xc00406a680, {0x7ff6572bce40?, 0xc0000a6120?})
	github.com/evanw/esbuild/internal/fs/fs.go:37 +0xc3 fp=0xc005996580 sp=0xc005996528 pc=0x7ff656c97f83
github.com/evanw/esbuild/internal/resolver.resolverQuery.loadAsFile.func1({0xc002984df5, 0x8})
	github.com/evanw/esbuild/internal/resolver/resolver.go:1759 +0x267 fp=0xc005996670 sp=0xc005996580 pc=0x7ff656f5ae67
github.com/evanw/esbuild/internal/resolver.resolverQuery.loadAsFile({0xc004e74d88?, 0xc006422d70?, 0x0?, 0x6b?}, 
{0xc002984d90, 0x6d}, {0xc0053fee10, 0x5, 0x1b656c9c852?})
	github.com/evanw/esbuild/internal/resolver/resolver.go:1817 +0x8bc fp=0xc0059968e0 sp=0xc005996670 pc=0x7ff656f5a5dc
github.com/evanw/esbuild/internal/resolver.resolverQuery.loadAsFileOrDirectory({0xc004e74d88?, 0xc006422d70?, 0x0?, 
0x6d?}, {0xc002984d90, 0x6d})
	github.com/evanw/esbuild/internal/resolver/resolver.go:1930 +0x173 fp=0xc005996a88 sp=0xc0059968e0 pc=0x7ff656f5c1f3
github.com/evanw/esbuild/internal/resolver.resolverQuery.resolveWithoutSymlinks({0xc004e74d88?, 0xc006422d70?, 0x0?, 
0x0?}, {0xc002653540, 0x36}, 0xc006568680, {0xc002984d90, 0x6d})
	github.com/evanw/esbuild/internal/resolver/resolver.go:981 +0x4f1 fp=0xc005996e50 sp=0xc005996a88 pc=0x7ff656f52651
github.com/evanw/esbuild/internal/resolver.(*Resolver).Resolve(0xc004e74d88, {0xc002653540, 0x36}, {0xc002984d90, 
0x6d}, 0x1)
	github.com/evanw/esbuild/internal/resolver/resolver.go:548 +0x16f9 fp=0xc005997220 sp=0xc005996e50 pc=0x7ff656f4c779
github.com/evanw/esbuild/internal/bundler.RunOnResolvePlugins({_, _, _}, _, {0xc0038fe930, 0xc0049e9ad0, 0xc0049e9ae8, 
0xc0049e9b00, 0x3, 0xc0038fe900}, ...)
	github.com/evanw/esbuild/internal/bundler/bundler.go:1154 +0x36a fp=0xc005997690 sp=0xc005997220 pc=0x7ff656f80e0a
github.com/evanw/esbuild/pkg/api.loadPlugins.func2({0xc002984d90, 0x6d}, {{0xc002430900, 0x10}, {0x0, 0x0}, {0x0, 
0x0}, {0xc002653540, 0x36}, ...})
	github.com/evanw/esbuild/pkg/api/api_impl.go:2114 +0x4be fp=0xc005997d18 sp=0xc005997690 pc=0x7ff65703809e
main.(*serviceType).convertPlugins.func2.1(0x138, 0xc0028319b0)
	github.com/evanw/esbuild/cmd/esbuild/service.go:944 +0x665 fp=0xc005997f50 sp=0xc005997d18 pc=0x7ff65707a885
main.(*serviceType).handleIncomingPacket.func4()
	github.com/evanw/esbuild/cmd/esbuild/service.go:262 +0xa4 fp=0xc005997fe0 sp=0xc005997f50 pc=0x7ff6570740a4
runtime.goexit({})
	runtime/asm_amd64.s:1693 +0x1 fp=0xc005997fe8 sp=0xc005997fe0 pc=0x7ff656bcf221
created by main.(*serviceType).handleIncomingPacket in goroutine 1
	github.com/evanw/esbuild/cmd/esbuild/service.go:257 +0x156e

goroutine 1577 gp=0xc0016ece00 m=nil [chan send]:
runtime.gopark(0xc006513730?, 0xe?, 0xd8?, 0x6?, 0xc0000ca080?)
	runtime/proc.go:460 +0xce fp=0xc005b203b0 sp=0xc005b20390 pc=0x7ff656bc72ce
runtime.chansend(0xc000136000, 0x7ff6572b1690, 0x1, 0xc001531640?)
	runtime/chan.go:283 +0x3cb fp=0xc005b20420 sp=0xc005b203b0 pc=0x7ff656b5d58b
runtime.chansend1(0xc0000ca080?, 0x10000000?)
	runtime/chan.go:161 +0x17 fp=0xc005b20450 sp=0xc005b20420 pc=0x7ff656b5d1b7
github.com/evanw/esbuild/internal/fs.BeforeFileOpen(...)
	github.com/evanw/esbuild/internal/fs/fs.go:245
github.com/evanw/esbuild/internal/fs.(*realFS).kind(0xc0000da080, {0xc005e89810?, 0xc005b20570?}, {0xc001d1fc38?, 
0x7ff65714de40?})
	github.com/evanw/esbuild/internal/fs/fs_real.go:413 +0xb3 fp=0xc005b204f0 sp=0xc005b20450 pc=0x7ff656c9c793
github.com/evanw/esbuild/internal/fs.(*zipFS).kind(0x7?, {0xc005e89810?, 0x64?}, {0xc001d1fc38?, 0xc002984e65?})
	github.com/evanw/esbuild/internal/fs/fs_zip.go:330 +0x28 fp=0xc005b20528 sp=0xc005b204f0 pc=0x7ff656c9fa08
github.com/evanw/esbuild/internal/fs.(*Entry).Kind(0xc000d9fe00, {0x7ff6572bce40?, 0xc0000a6120?})
	github.com/evanw/esbuild/internal/fs/fs.go:37 +0xc3 fp=0xc005b20580 sp=0xc005b20528 pc=0x7ff656c97f83
github.com/evanw/esbuild/internal/resolver.resolverQuery.loadAsFile.func1({0xc002984e65, 0x7})
	github.com/evanw/esbuild/internal/resolver/resolver.go:1759 +0x267 fp=0xc005b20670 sp=0xc005b20580 pc=0x7ff656f5ae67
github.com/evanw/esbuild/internal/resolver.resolverQuery.loadAsFile({0xc005b18488?, 0xc002a9fbd0?, 0x0?, 0x6b?}, 
{0xc002984e00, 0x6c}, {0xc002a9f450, 0x5, 0x1b656c9c852?})
	github.com/evanw/esbuild/internal/resolver/resolver.go:1817 +0x8bc fp=0xc005b208e0 sp=0xc005b20670 pc=0x7ff656f5a5dc
github.com/evanw/esbuild/internal/resolver.resolverQuery.loadAsFileOrDirectory({0xc005b18488?, 0xc002a9fbd0?, 0x0?, 
0x6c?}, {0xc002984e00, 0x6c})
	github.com/evanw/esbuild/internal/resolver/resolver.go:1930 +0x173 fp=0xc005b20a88 sp=0xc005b208e0 pc=0x7ff656f5c1f3
github.com/evanw/esbuild/internal/resolver.resolverQuery.resolveWithoutSymlinks({0xc005b18488?, 0xc002a9fbd0?, 0x0?, 
0x0?}, {0xc002653580, 0x36}, 0xc006898700, {0xc002984e00, 0x6c})
	github.com/evanw/esbuild/internal/resolver/resolver.go:981 +0x4f1 fp=0xc005b20e50 sp=0xc005b20a88 pc=0x7ff656f52651
github.com/evanw/esbuild/internal/resolver.(*Resolver).Resolve(0xc005b18488, {0xc002653580, 0x36}, {0xc002984e00, 
0x6c}, 0x1)
	github.com/evanw/esbuild/internal/resolver/resolver.go:548 +0x16f9 fp=0xc005b21220 sp=0xc005b20e50 pc=0x7ff656f4c779
github.com/evanw/esbuild/internal/bundler.RunOnResolvePlugins({_, _, _}, _, {0xc005b0e1b0, 0xc00586f230, 0xc00586f248, 
0xc00586f260, 0x3, 0xc005b0e180}, ...)
	github.com/evanw/esbuild/internal/bundler/bundler.go:1154 +0x36a fp=0xc005b21690 sp=0xc005b21220 pc=0x7ff656f80e0a
github.com/evanw/esbuild/pkg/api.loadPlugins.func2({0xc002984e00, 0x6c}, {{0xc002430a10, 0x10}, {0x0, 0x0}, {0x0, 
0x0}, {0xc002653580, 0x36}, ...})
	github.com/evanw/esbuild/pkg/api/api_impl.go:2114 +0x4be fp=0xc005b21d18 sp=0xc005b21690 pc=0x7ff65703809e
main.(*serviceType).convertPlugins.func2.1(0x139, 0xc002831ad0)
	github.com/evanw/esbuild/cmd/esbuild/service.go:944 +0x665 fp=0xc005b21f50 sp=0xc005b21d18 pc=0x7ff65707a885
main.(*serviceType).handleIncomingPacket.func4()
	github.com/evanw/esbuild/cmd/esbuild/service.go:262 +0xa4 fp=0xc005b21fe0 sp=0xc005b21f50 pc=0x7ff6570740a4
runtime.goexit({})
	runtime/asm_amd64.s:1693 +0x1 fp=0xc005b21fe8 sp=0xc005b21fe0 pc=0x7ff656bcf221
created by main.(*serviceType).handleIncomingPacket in goroutine 1
	github.com/evanw/esbuild/cmd/esbuild/service.go:257 +0x156e

goroutine 1578 gp=0xc0016ecfc0 m=nil [chan send]:
runtime.gopark(0xc0033ec700?, 0xe?, 0xf0?, 0x83?, 0xc0000ca080?)
	runtime/proc.go:460 +0xce fp=0xc0010283b0 sp=0xc001028390 pc=0x7ff656bc72ce
runtime.chansend(0xc000136000, 0x7ff6572b1690, 0x1, 0x7ff656c41ef0?)
	runtime/chan.go:283 +0x3cb fp=0xc001028420 sp=0xc0010283b0 pc=0x7ff656b5d58b
runtime.chansend1(0xc0000ca080?, 0x7ff656c47445?)
	runtime/chan.go:161 +0x17 fp=0xc001028450 sp=0xc001028420 pc=0x7ff656b5d1b7
github.com/evanw/esbuild/internal/fs.BeforeFileOpen(...)
	github.com/evanw/esbuild/internal/fs/fs.go:245
github.com/evanw/esbuild/internal/fs.(*realFS).kind(0xc0000da080, {0xc0067a5810?, 0xc001028570?}, {0xc0043200d0?, 
0x7ff65714de40?})
	github.com/evanw/esbuild/internal/fs/fs_real.go:413 +0xb3 fp=0xc0010284f0 sp=0xc001028450 pc=0x7ff656c9c793
github.com/evanw/esbuild/internal/fs.(*zipFS).kind(0x10?, {0xc0067a5810?, 0x64?}, {0xc0043200d0?, 0xc004321370?})
	github.com/evanw/esbuild/internal/fs/fs_zip.go:330 +0x28 fp=0xc001028528 sp=0xc0010284f0 pc=0x7ff656c9fa08
github.com/evanw/esbuild/internal/fs.(*Entry).Kind(0xc003c97780, {0x7ff6572bce40?, 0xc0000a6120?})
	github.com/evanw/esbuild/internal/fs/fs.go:37 +0xc3 fp=0xc001028580 sp=0xc001028528 pc=0x7ff656c97f83
github.com/evanw/esbuild/internal/resolver.resolverQuery.loadAsFile.func1({0xc000b1b765, 0x10})
	github.com/evanw/esbuild/internal/resolver/resolver.go:1759 +0x267 fp=0xc001028670 sp=0xc001028580 pc=0x7ff656f5ae67
github.com/evanw/esbuild/internal/resolver.resolverQuery.loadAsFile({0xc003992008?, 0xc0060400f0?, 0x0?, 0x6b?}, 
{0xc000b1b700, 0x75}, {0xc00353b8b0, 0x5, 0x1b656c9c852?})
	github.com/evanw/esbuild/internal/resolver/resolver.go:1817 +0x8bc fp=0xc0010288e0 sp=0xc001028670 pc=0x7ff656f5a5dc
github.com/evanw/esbuild/internal/resolver.resolverQuery.loadAsFileOrDirectory({0xc003992008?, 0xc0060400f0?, 0x0?, 
0x75?}, {0xc000b1b700, 0x75})
	github.com/evanw/esbuild/internal/resolver/resolver.go:1930 +0x173 fp=0xc001028a88 sp=0xc0010288e0 pc=0x7ff656f5c1f3
github.com/evanw/esbuild/internal/resolver.resolverQuery.resolveWithoutSymlinks({0xc003992008?, 0xc0060400f0?, 0x0?, 
0x0?}, {0xc0026535c0, 0x36}, 0xc005e6e400, {0xc000b1b700, 0x75})
	github.com/evanw/esbuild/internal/resolver/resolver.go:981 +0x4f1 fp=0xc001028e50 sp=0xc001028a88 pc=0x7ff656f52651
github.com/evanw/esbuild/internal/resolver.(*Resolver).Resolve(0xc003992008, {0xc0026535c0, 0x36}, {0xc000b1b700, 
0x75}, 0x1)
	github.com/evanw/esbuild/internal/resolver/resolver.go:548 +0x16f9 fp=0xc001029220 sp=0xc001028e50 pc=0x7ff656f4c779
github.com/evanw/esbuild/internal/bundler.RunOnResolvePlugins({_, _, _}, _, {0xc003388450, 0xc0036df668, 0xc0036df680, 
0xc0036df698, 0x3, 0xc003388420}, ...)
	github.com/evanw/esbuild/internal/bundler/bundler.go:1154 +0x36a fp=0xc001029690 sp=0xc001029220 pc=0x7ff656f80e0a
github.com/evanw/esbuild/pkg/api.loadPlugins.func2({0xc000b1b700, 0x75}, {{0xc002430c40, 0x10}, {0x0, 0x0}, {0x0, 
0x0}, {0xc0026535c0, 0x36}, ...})
	github.com/evanw/esbuild/pkg/api/api_impl.go:2114 +0x4be fp=0xc001029d18 sp=0xc001029690 pc=0x7ff65703809e
main.(*serviceType).convertPlugins.func2.1(0x13a, 0xc002831bf0)
	github.com/evanw/esbuild/cmd/esbuild/service.go:944 +0x665 fp=0xc001029f50 sp=0xc001029d18 pc=0x7ff65707a885
main.(*serviceType).handleIncomingPacket.func4()
	github.com/evanw/esbuild/cmd/esbuild/service.go:262 +0xa4 fp=0xc001029fe0 sp=0xc001029f50 pc=0x7ff6570740a4
runtime.goexit({})
	runtime/asm_amd64.s:1693 +0x1 fp=0xc001029fe8 sp=0xc001029fe0 pc=0x7ff656bcf221
created by main.(*serviceType).handleIncomingPacket in goroutine 1
	github.com/evanw/esbuild/cmd/esbuild/service.go:257 +0x156e

goroutine 1579 gp=0xc0016ed180 m=nil [chan send]:
runtime.gopark(0xc0065137a0?, 0xe?, 0xab?, 0xb8?, 0xc0000ca080?)
	runtime/proc.go:460 +0xce fp=0xc001e4e3b0 sp=0xc001e4e390 pc=0x7ff656bc72ce
runtime.chansend(0xc000136000, 0x7ff6572b1690, 0x1, 0xc001a31240?)
	runtime/chan.go:283 +0x3cb fp=0xc001e4e420 sp=0xc001e4e3b0 pc=0x7ff656b5d58b
runtime.chansend1(0xc0000ca080?, 0x10000000?)
	runtime/chan.go:161 +0x17 fp=0xc001e4e450 sp=0xc001e4e420 pc=0x7ff656b5d1b7
github.com/evanw/esbuild/internal/fs.BeforeFileOpen(...)
	github.com/evanw/esbuild/internal/fs/fs.go:245
github.com/evanw/esbuild/internal/fs.(*realFS).kind(0xc0000da080, {0xc0067a58f0?, 0xc001e4e570?}, {0xc003ca8a20?, 
0x7ff65714de40?})
	github.com/evanw/esbuild/internal/fs/fs_real.go:413 +0xb3 fp=0xc001e4e4f0 sp=0xc001e4e450 pc=0x7ff656c9c793
github.com/evanw/esbuild/internal/fs.(*zipFS).kind(0x8?, {0xc0067a58f0?, 0x64?}, {0xc003ca8a20?, 0xc002984f45?})
	github.com/evanw/esbuild/internal/fs/fs_zip.go:330 +0x28 fp=0xc001e4e528 sp=0xc001e4e4f0 pc=0x7ff656c9fa08
github.com/evanw/esbuild/internal/fs.(*Entry).Kind(0xc001a30100, {0x7ff6572bce40?, 0xc0000a6120?})
	github.com/evanw/esbuild/internal/fs/fs.go:37 +0xc3 fp=0xc001e4e580 sp=0xc001e4e528 pc=0x7ff656c97f83
github.com/evanw/esbuild/internal/resolver.resolverQuery.loadAsFile.func1({0xc002984f45, 0x8})
	github.com/evanw/esbuild/internal/resolver/resolver.go:1759 +0x267 fp=0xc001e4e670 sp=0xc001e4e580 pc=0x7ff656f5ae67
github.com/evanw/esbuild/internal/resolver.resolverQuery.loadAsFile({0xc004e75208?, 0xc0035b54a0?, 0x0?, 0x1?}, 
{0xc002984ee0, 0x6d}, {0xc0053fef00, 0x5, 0x20b5193c998?})
	github.com/evanw/esbuild/internal/resolver/resolver.go:1817 +0x8bc fp=0xc001e4e8e0 sp=0xc001e4e670 pc=0x7ff656f5a5dc
github.com/evanw/esbuild/internal/resolver.resolverQuery.loadAsFileOrDirectory({0xc004e75208?, 0xc0035b54a0?, 0x0?, 
0x6d?}, {0xc002984ee0, 0x6d})
	github.com/evanw/esbuild/internal/resolver/resolver.go:1930 +0x173 fp=0xc001e4ea88 sp=0xc001e4e8e0 pc=0x7ff656f5c1f3
github.com/evanw/esbuild/internal/resolver.resolverQuery.resolveWithoutSymlinks({0xc004e75208?, 0xc0035b54a0?, 0x0?, 
0x0?}, {0xc002653600, 0x36}, 0xc006622700, {0xc002984ee0, 0x6d})
	github.com/evanw/esbuild/internal/resolver/resolver.go:981 +0x4f1 fp=0xc001e4ee50 sp=0xc001e4ea88 pc=0x7ff656f52651
github.com/evanw/esbuild/internal/resolver.(*Resolver).Resolve(0xc004e75208, {0xc002653600, 0x36}, {0xc002984ee0, 
0x6d}, 0x1)
	github.com/evanw/esbuild/internal/resolver/resolver.go:548 +0x16f9 fp=0xc001e4f220 sp=0xc001e4ee50 pc=0x7ff656f4c779
github.com/evanw/esbuild/internal/bundler.RunOnResolvePlugins({_, _, _}, _, {0xc0038fea50, 0xc0049e9b30, 0xc0049e9b48, 
0xc0049e9b60, 0x3, 0xc0038fea20}, ...)
	github.com/evanw/esbuild/internal/bundler/bundler.go:1154 +0x36a fp=0xc001e4f690 sp=0xc001e4f220 pc=0x7ff656f80e0a
github.com/evanw/esbuild/pkg/api.loadPlugins.func2({0xc002984ee0, 0x6d}, {{0xc002430d70, 0x10}, {0x0, 0x0}, {0x0, 
0x0}, {0xc002653600, 0x36}, ...})
	github.com/evanw/esbuild/pkg/api/api_impl.go:2114 +0x4be fp=0xc001e4fd18 sp=0xc001e4f690 pc=0x7ff65703809e
main.(*serviceType).convertPlugins.func2.1(0x13b, 0xc002831cb0)
	github.com/evanw/esbuild/cmd/esbuild/service.go:944 +0x665 fp=0xc001e4ff50 sp=0xc001e4fd18 pc=0x7ff65707a885
main.(*serviceType).handleIncomingPacket.func4()
	github.com/evanw/esbuild/cmd/esbuild/service.go:262 +0xa4 fp=0xc001e4ffe0 sp=0xc001e4ff50 pc=0x7ff6570740a4
runtime.goexit({})
	runtime/asm_amd64.s:1693 +0x1 fp=0xc001e4ffe8 sp=0xc001e4ffe0 pc=0x7ff656bcf221
created by main.(*serviceType).handleIncomingPacket in goroutine 1
	github.com/evanw/esbuild/cmd/esbuild/service.go:257 +0x156e

goroutine 1580 gp=0xc0016ed340 m=nil [chan send]:
runtime.gopark(0xc005274800?, 0xe?, 0xf0?, 0xc3?, 0xc0000ca080?)
	runtime/proc.go:460 +0xce fp=0xc005b1c3b0 sp=0xc005b1c390 pc=0x7ff656bc72ce
runtime.chansend(0xc000136000, 0x7ff6572b1690, 0x1, 0x7ff656c41ef0?)
	runtime/chan.go:283 +0x3cb fp=0xc005b1c420 sp=0xc005b1c3b0 pc=0x7ff656b5d58b
runtime.chansend1(0xc0000ca080?, 0x7ff656c47445?)
	runtime/chan.go:161 +0x17 fp=0xc005b1c450 sp=0xc005b1c420 pc=0x7ff656b5d1b7
github.com/evanw/esbuild/internal/fs.BeforeFileOpen(...)
	github.com/evanw/esbuild/internal/fs/fs.go:245
github.com/evanw/esbuild/internal/fs.(*realFS).kind(0xc0000da080, {0xc0035af2d0?, 0xc005b1c570?}, {0xc004535f50?, 
0x7ff65714de40?})
	github.com/evanw/esbuild/internal/fs/fs_real.go:413 +0xb3 fp=0xc005b1c4f0 sp=0xc005b1c450 pc=0x7ff656c9c793
github.com/evanw/esbuild/internal/fs.(*zipFS).kind(0xe?, {0xc0035af2d0?, 0x64?}, {0xc004535f50?, 0xc001d1f610?})
	github.com/evanw/esbuild/internal/fs/fs_zip.go:330 +0x28 fp=0xc005b1c528 sp=0xc005b1c4f0 pc=0x7ff656c9fa08
github.com/evanw/esbuild/internal/fs.(*Entry).Kind(0xc0043b2ac0, {0x7ff6572bce40?, 0xc0000a6120?})
	github.com/evanw/esbuild/internal/fs/fs.go:37 +0xc3 fp=0xc005b1c580 sp=0xc005b1c528 pc=0x7ff656c97f83
github.com/evanw/esbuild/internal/resolver.resolverQuery.loadAsFile.func1({0xc000b1b965, 0xe})
	github.com/evanw/esbuild/internal/resolver/resolver.go:1759 +0x267 fp=0xc005b1c670 sp=0xc005b1c580 pc=0x7ff656f5ae67
github.com/evanw/esbuild/internal/resolver.resolverQuery.loadAsFile({0xc004a7c908?, 0xc0035b5450?, 0x0?, 0x6b?}, 
{0xc000b1b900, 0x73}, {0xc004a5a820, 0x5, 0x1b656c9c852?})
	github.com/evanw/esbuild/internal/resolver/resolver.go:1817 +0x8bc fp=0xc005b1c8e0 sp=0xc005b1c670 pc=0x7ff656f5a5dc
github.com/evanw/esbuild/internal/resolver.resolverQuery.loadAsFileOrDirectory({0xc004a7c908?, 0xc0035b5450?, 0x0?, 
0x73?}, {0xc000b1b900, 0x73})
	github.com/evanw/esbuild/internal/resolver/resolver.go:1930 +0x173 fp=0xc005b1ca88 sp=0xc005b1c8e0 pc=0x7ff656f5c1f3
github.com/evanw/esbuild/internal/resolver.resolverQuery.resolveWithoutSymlinks({0xc004a7c908?, 0xc0035b5450?, 0x0?, 
0x0?}, {0xc002653640, 0x36}, 0xc006812400, {0xc000b1b900, 0x73})
	github.com/evanw/esbuild/internal/resolver/resolver.go:981 +0x4f1 fp=0xc005b1ce50 sp=0xc005b1ca88 pc=0x7ff656f52651
github.com/evanw/esbuild/internal/resolver.(*Resolver).Resolve(0xc004a7c908, {0xc002653640, 0x36}, {0xc000b1b900, 
0x73}, 0x1)
	github.com/evanw/esbuild/internal/resolver/resolver.go:548 +0x16f9 fp=0xc005b1d220 sp=0xc005b1ce50 pc=0x7ff656f4c779
github.com/evanw/esbuild/internal/bundler.RunOnResolvePlugins({_, _, _}, _, {0xc005982750, 0xc004a60d98, 0xc004a60db0, 
0xc004a60dc8, 0x3, 0xc005982720}, ...)
	github.com/evanw/esbuild/internal/bundler/bundler.go:1154 +0x36a fp=0xc005b1d690 sp=0xc005b1d220 pc=0x7ff656f80e0a
github.com/evanw/esbuild/pkg/api.loadPlugins.func2({0xc000b1b900, 0x73}, {{0xc002430e10, 0x10}, {0x0, 0x0}, {0x0, 
0x0}, {0xc002653640, 0x36}, ...})
	github.com/evanw/esbuild/pkg/api/api_impl.go:2114 +0x4be fp=0xc005b1dd18 sp=0xc005b1d690 pc=0x7ff65703809e
main.(*serviceType).convertPlugins.func2.1(0x13c, 0xc002831d10)
	github.com/evanw/esbuild/cmd/esbuild/service.go:944 +0x665 fp=0xc005b1df50 sp=0xc005b1dd18 pc=0x7ff65707a885
main.(*serviceType).handleIncomingPacket.func4()
	github.com/evanw/esbuild/cmd/esbuild/service.go:262 +0xa4 fp=0xc005b1dfe0 sp=0xc005b1df50 pc=0x7ff6570740a4
runtime.goexit({})
	runtime/asm_amd64.s:1693 +0x1 fp=0xc005b1dfe8 sp=0xc005b1dfe0 pc=0x7ff656bcf221
created by main.(*serviceType).handleIncomingPacket in goroutine 1
	github.com/evanw/esbuild/cmd/esbuild/service.go:257 +0x156e

goroutine 1581 gp=0xc0016ed500 m=nil [chan send]:
runtime.gopark(0x100000000000002?, 0x7ff656c44e45?, 0x32?, 0x89?, 0x5c?)
	runtime/proc.go:460 +0xce fp=0xc00649d128 sp=0xc00649d108 pc=0x7ff656bc72ce
runtime.chansend(0xc000136000, 0x7ff6572b1690, 0x1, 0xc005e888c0?)
	runtime/chan.go:283 +0x3cb fp=0xc00649d198 sp=0xc00649d128 pc=0x7ff656b5d58b
runtime.chansend1(0xc005aecee0?, 0x18?)
	runtime/chan.go:161 +0x17 fp=0xc00649d1c8 sp=0xc00649d198 pc=0x7ff656b5d1b7
github.com/evanw/esbuild/internal/fs.BeforeFileOpen(...)
	github.com/evanw/esbuild/internal/fs/fs.go:245
github.com/evanw/esbuild/internal/fs.(*realFS).readdir(0xc0000da080, {0xc000846280, 0x43})
	github.com/evanw/esbuild/internal/fs/fs_real.go:351 +0x6c fp=0xc00649d260 sp=0xc00649d1c8 pc=0x7ff656c9c32c
github.com/evanw/esbuild/internal/fs.(*realFS).ReadDirectory(0xc0000da080, {0xc000846280, 0x43})
	github.com/evanw/esbuild/internal/fs/fs_real.go:146 +0x177 fp=0xc00649d3f0 sp=0xc00649d260 pc=0x7ff656c9a637
github.com/evanw/esbuild/internal/fs.(*zipFS).ReadDirectory(0xc0000a6120, {0xc000846280, 0x43})
	github.com/evanw/esbuild/internal/fs/fs_zip.go:188 +0xbf fp=0xc00649d530 sp=0xc00649d3f0 pc=0x7ff656c9e7df
github.com/evanw/esbuild/internal/resolver.resolverQuery.dirInfoUncached({0xc003b3b208?, 0xc005cfb7c0?, 0x0?, 0x43?}, 
{0xc000846280, 0x43})
	github.com/evanw/esbuild/internal/resolver/resolver.go:1547 +0x11b fp=0xc00649d810 sp=0xc00649d530 pc=0x7ff656f5841b
github.com/evanw/esbuild/internal/resolver.resolverQuery.dirInfoCached({0xc003b3b208?, 0xc005cfb7c0?, 0x0?, 0x9e?}, 
{0xc000846280, 0x43})
	github.com/evanw/esbuild/internal/resolver/resolver.go:1174 +0xee fp=0xc00649d918 sp=0xc00649d810 pc=0x7ff656f5420e
github.com/evanw/esbuild/internal/resolver.resolverQuery.dirInfoUncached({0xc003b3b208?, 0xc005cfb7c0?, 0x0?, 0x48?}, 
{0xc000846230, 0x48})
	github.com/evanw/esbuild/internal/resolver/resolver.go:1538 +0xe5 fp=0xc00649dbf8 sp=0xc00649d918 pc=0x7ff656f583e5
github.com/evanw/esbuild/internal/resolver.resolverQuery.dirInfoCached({0xc003b3b208?, 0xc005cfb7c0?, 0x0?, 0x9e?}, 
{0xc000846230, 0x48})
	github.com/evanw/esbuild/internal/resolver/resolver.go:1174 +0xee fp=0xc00649dd00 sp=0xc00649dbf8 pc=0x7ff656f5420e
github.com/evanw/esbuild/internal/resolver.resolverQuery.dirInfoUncached({0xc003b3b208?, 0xc005cfb7c0?, 0x0?, 0x4d?}, 
{0xc0008461e0, 0x4d})
	github.com/evanw/esbuild/internal/resolver/resolver.go:1538 +0xe5 fp=0xc00649dfe0 sp=0xc00649dd00 pc=0x7ff656f583e5
github.com/evanw/esbuild/internal/resolver.resolverQuery.dirInfoCached({0xc003b3b208?, 0xc005cfb7c0?, 0x0?, 0x2f?}, 
{0xc0008461e0, 0x4d})
	github.com/evanw/esbuild/internal/resolver/resolver.go:1174 +0xee fp=0xc00649e0e8 sp=0xc00649dfe0 pc=0x7ff656f5420e
github.com/evanw/esbuild/internal/resolver.resolverQuery.dirInfoUncached({0xc003b3b208?, 0xc005cfb7c0?, 0x0?, 0x51?}, 
{0xc006902c00, 0x51})
	github.com/evanw/esbuild/internal/resolver/resolver.go:1538 +0xe5 fp=0xc00649e3c8 sp=0xc00649e0e8 pc=0x7ff656f583e5
github.com/evanw/esbuild/internal/resolver.resolverQuery.dirInfoCached({0xc003b3b208?, 0xc005cfb7c0?, 0x0?, 0x0?}, 
{0xc006902c00, 0x51})
	github.com/evanw/esbuild/internal/resolver/resolver.go:1174 +0xee fp=0xc00649e4d0 sp=0xc00649e3c8 pc=0x7ff656f5420e
github.com/evanw/esbuild/internal/resolver.resolverQuery.dirInfoUncached({0xc003b3b208?, 0xc005cfb7c0?, 0x0?, 0x5a?}, 
{0xc006902ba0, 0x5a})
	github.com/evanw/esbuild/internal/resolver/resolver.go:1538 +0xe5 fp=0xc00649e7b0 sp=0xc00649e4d0 pc=0x7ff656f583e5
github.com/evanw/esbuild/internal/resolver.resolverQuery.dirInfoCached({0xc003b3b208?, 0xc005cfb7c0?, 0x0?, 0x78?}, 
{0xc006902ba0, 0x5a})
	github.com/evanw/esbuild/internal/resolver/resolver.go:1174 +0xee fp=0xc00649e8b8 sp=0xc00649e7b0 pc=0x7ff656f5420e
github.com/evanw/esbuild/internal/resolver.resolverQuery.dirInfoUncached({0xc003b3b208?, 0xc005cfb7c0?, 0x0?, 0x64?}, 
{0xc002a140e0, 0x64})
	github.com/evanw/esbuild/internal/resolver/resolver.go:1538 +0xe5 fp=0xc00649eb98 sp=0xc00649e8b8 pc=0x7ff656f583e5
github.com/evanw/esbuild/internal/resolver.resolverQuery.dirInfoCached({0xc003b3b208?, 0xc005cfb7c0?, 0x0?, 0xc0?}, 
{0xc002a140e0, 0x64})
	github.com/evanw/esbuild/internal/resolver/resolver.go:1174 +0xee fp=0xc00649eca0 sp=0xc00649eb98 pc=0x7ff656f5420e
github.com/evanw/esbuild/internal/resolver.resolverQuery.finalizeResolve({0xc003b3b208?, 0xc005cfb7c0?, 0x0?, 0x0?}, 
0xc003c1ec60)
	github.com/evanw/esbuild/internal/resolver/resolver.go:842 +0x6f1 fp=0xc00649ee50 sp=0xc00649eca0 pc=0x7ff656f510d1
github.com/evanw/esbuild/internal/resolver.(*Resolver).Resolve(0xc003b3b208, {0xc002653680, 0x36}, {0xc000b1b980, 
0x74}, 0x1)
	github.com/evanw/esbuild/internal/resolver/resolver.go:572 +0x1a1a fp=0xc00649f220 sp=0xc00649ee50 pc=0x7ff656f4ca9a
github.com/evanw/esbuild/internal/bundler.RunOnResolvePlugins({_, _, _}, _, {0xc0038fe270, 0xc0049e9890, 0xc0049e98a8, 
0xc0049e98c0, 0x3, 0xc0038fe240}, ...)
	github.com/evanw/esbuild/internal/bundler/bundler.go:1154 +0x36a fp=0xc00649f690 sp=0xc00649f220 pc=0x7ff656f80e0a
github.com/evanw/esbuild/pkg/api.loadPlugins.func2({0xc000b1b980, 0x74}, {{0xc002430fd0, 0x10}, {0x0, 0x0}, {0x0, 
0x0}, {0xc002653680, 0x36}, ...})
	github.com/evanw/esbuild/pkg/api/api_impl.go:2114 +0x4be fp=0xc00649fd18 sp=0xc00649f690 pc=0x7ff65703809e
main.(*serviceType).convertPlugins.func2.1(0x13d, 0xc002831d70)
	github.com/evanw/esbuild/cmd/esbuild/service.go:944 +0x665 fp=0xc00649ff50 sp=0xc00649fd18 pc=0x7ff65707a885
main.(*serviceType).handleIncomingPacket.func4()
	github.com/evanw/esbuild/cmd/esbuild/service.go:262 +0xa4 fp=0xc00649ffe0 sp=0xc00649ff50 pc=0x7ff6570740a4
runtime.goexit({})
	runtime/asm_amd64.s:1693 +0x1 fp=0xc00649ffe8 sp=0xc00649ffe0 pc=0x7ff656bcf221
created by main.(*serviceType).handleIncomingPacket in goroutine 1
	github.com/evanw/esbuild/cmd/esbuild/service.go:257 +0x156e

goroutine 1582 gp=0xc0016ed6c0 m=nil [chan send]:
runtime.gopark(0xc006513490?, 0x4?, 0xf0?, 0x23?, 0xc0000ca080?)
	runtime/proc.go:460 +0xce fp=0xc004ef23b0 sp=0xc004ef2390 pc=0x7ff656bc72ce
runtime.chansend(0xc000136000, 0x7ff6572b1690, 0x1, 0x7ff656c41ef0?)
	runtime/chan.go:283 +0x3cb fp=0xc004ef2420 sp=0xc004ef23b0 pc=0x7ff656b5d58b
runtime.chansend1(0xc0000ca080?, 0x7ff656c47445?)
	runtime/chan.go:161 +0x17 fp=0xc004ef2450 sp=0xc004ef2420 pc=0x7ff656b5d1b7
github.com/evanw/esbuild/internal/fs.BeforeFileOpen(...)
	github.com/evanw/esbuild/internal/fs/fs.go:245
github.com/evanw/esbuild/internal/fs.(*realFS).kind(0xc0000da080, {0xc0065a8f00?, 0xc004ef2570?}, {0xc002a93d40?, 
0x7ff65714de40?})
	github.com/evanw/esbuild/internal/fs/fs_real.go:413 +0xb3 fp=0xc004ef24f0 sp=0xc004ef2450 pc=0x7ff656c9c793
github.com/evanw/esbuild/internal/fs.(*zipFS).kind(0xd?, {0xc0065a8f00?, 0x5a?}, {0xc002a93d40?, 0xc002a93f30?})
	github.com/evanw/esbuild/internal/fs/fs_zip.go:330 +0x28 fp=0xc004ef2528 sp=0xc004ef24f0 pc=0x7ff656c9fa08
github.com/evanw/esbuild/internal/fs.(*Entry).Kind(0xc0039f4dc0, {0x7ff6572bce40?, 0xc0000a6120?})
	github.com/evanw/esbuild/internal/fs/fs.go:37 +0xc3 fp=0xc004ef2580 sp=0xc004ef2528 pc=0x7ff656c97f83
github.com/evanw/esbuild/internal/resolver.resolverQuery.loadAsFile.func1({0xc002984fab, 0xd})
	github.com/evanw/esbuild/internal/resolver/resolver.go:1759 +0x267 fp=0xc004ef2670 sp=0xc004ef2580 pc=0x7ff656f5ae67
github.com/evanw/esbuild/internal/resolver.resolverQuery.loadAsFile({0xc00325d688?, 0xc003dc0cd0?, 0x0?, 0x6b?}, 
{0xc002984f50, 0x68}, {0xc001d08e60, 0x5, 0x1b656c9c852?})
	github.com/evanw/esbuild/internal/resolver/resolver.go:1817 +0x8bc fp=0xc004ef28e0 sp=0xc004ef2670 pc=0x7ff656f5a5dc
github.com/evanw/esbuild/internal/resolver.resolverQuery.loadAsFileOrDirectory({0xc00325d688?, 0xc003dc0cd0?, 0x0?, 
0x68?}, {0xc002984f50, 0x68})
	github.com/evanw/esbuild/internal/resolver/resolver.go:1930 +0x173 fp=0xc004ef2a88 sp=0xc004ef28e0 pc=0x7ff656f5c1f3
github.com/evanw/esbuild/internal/resolver.resolverQuery.resolveWithoutSymlinks({0xc00325d688?, 0xc003dc0cd0?, 0x0?, 
0x0?}, {0xc0026536c0, 0x36}, 0xc0066a0200, {0xc002984f50, 0x68})
	github.com/evanw/esbuild/internal/resolver/resolver.go:981 +0x4f1 fp=0xc004ef2e50 sp=0xc004ef2a88 pc=0x7ff656f52651
github.com/evanw/esbuild/internal/resolver.(*Resolver).Resolve(0xc00325d688, {0xc0026536c0, 0x36}, {0xc002984f50, 
0x68}, 0x1)
	github.com/evanw/esbuild/internal/resolver/resolver.go:548 +0x16f9 fp=0xc004ef3220 sp=0xc004ef2e50 pc=0x7ff656f4c779
github.com/evanw/esbuild/internal/bundler.RunOnResolvePlugins({_, _, _}, _, {0xc00325a5d0, 0xc00428f710, 0xc00428f758, 
0xc00428f7a0, 0x3, 0xc00325a5a0}, ...)
	github.com/evanw/esbuild/internal/bundler/bundler.go:1154 +0x36a fp=0xc004ef3690 sp=0xc004ef3220 pc=0x7ff656f80e0a
github.com/evanw/esbuild/pkg/api.loadPlugins.func2({0xc002984f50, 0x68}, {{0xc002431130, 0x10}, {0x0, 0x0}, {0x0, 
0x0}, {0xc0026536c0, 0x36}, ...})
	github.com/evanw/esbuild/pkg/api/api_impl.go:2114 +0x4be fp=0xc004ef3d18 sp=0xc004ef3690 pc=0x7ff65703809e
main.(*serviceType).convertPlugins.func2.1(0x13e, 0xc002831ef0)
	github.com/evanw/esbuild/cmd/esbuild/service.go:944 +0x665 fp=0xc004ef3f50 sp=0xc004ef3d18 pc=0x7ff65707a885
main.(*serviceType).handleIncomingPacket.func4()
	github.com/evanw/esbuild/cmd/esbuild/service.go:262 +0xa4 fp=0xc004ef3fe0 sp=0xc004ef3f50 pc=0x7ff6570740a4
runtime.goexit({})
	runtime/asm_amd64.s:1693 +0x1 fp=0xc004ef3fe8 sp=0xc004ef3fe0 pc=0x7ff656bcf221
created by main.(*serviceType).handleIncomingPacket in goroutine 1
	github.com/evanw/esbuild/cmd/esbuild/service.go:257 +0x156e

goroutine 1583 gp=0xc0016ed880 m=nil [chan send]:
runtime.gopark(0xc0000cd680?, 0xa?, 0xf0?, 0x23?, 0xc0000ca080?)
	runtime/proc.go:460 +0xce fp=0xc005a023b0 sp=0xc005a02390 pc=0x7ff656bc72ce
runtime.chansend(0xc000136000, 0x7ff6572b1690, 0x1, 0x7ff656c41ef0?)
	runtime/chan.go:283 +0x3cb fp=0xc005a02420 sp=0xc005a023b0 pc=0x7ff656b5d58b
runtime.chansend1(0xc0000ca080?, 0x7ff656c47445?)
	runtime/chan.go:161 +0x17 fp=0xc005a02450 sp=0xc005a02420 pc=0x7ff656b5d1b7
github.com/evanw/esbuild/internal/fs.BeforeFileOpen(...)
	github.com/evanw/esbuild/internal/fs/fs.go:245
github.com/evanw/esbuild/internal/fs.(*realFS).kind(0xc0000da080, {0xc006513180?, 0xc005a02570?}, {0xc005b2edc8?, 
0x7ff65714de40?})
	github.com/evanw/esbuild/internal/fs/fs_real.go:413 +0xb3 fp=0xc005a024f0 sp=0xc005a02450 pc=0x7ff656c9c793
github.com/evanw/esbuild/internal/fs.(*zipFS).kind(0x18?, {0xc006513180?, 0x65?}, {0xc005b2edc8?, 0xc005b2fcf8?})
	github.com/evanw/esbuild/internal/fs/fs_zip.go:330 +0x28 fp=0xc005a02528 sp=0xc005a024f0 pc=0x7ff656c9fa08
github.com/evanw/esbuild/internal/fs.(*Entry).Kind(0xc0033751c0, {0x7ff6572bce40?, 0xc0000a6120?})
	github.com/evanw/esbuild/internal/fs/fs.go:37 +0xc3 fp=0xc005a02580 sp=0xc005a02528 pc=0x7ff656c97f83
github.com/evanw/esbuild/internal/resolver.resolverQuery.loadAsFile.func1({0xc000b1ba66, 0x18})
	github.com/evanw/esbuild/internal/resolver/resolver.go:1759 +0x267 fp=0xc005a02670 sp=0xc005a02580 pc=0x7ff656f5ae67
github.com/evanw/esbuild/internal/resolver.resolverQuery.loadAsFile({0xc00325db08?, 0xc0035b53b0?, 0x0?, 0x6b?}, 
{0xc000b1ba00, 0x7e}, {0xc001d08fa0, 0x5, 0x1b656c9c852?})
	github.com/evanw/esbuild/internal/resolver/resolver.go:1817 +0x8bc fp=0xc005a028e0 sp=0xc005a02670 pc=0x7ff656f5a5dc
github.com/evanw/esbuild/internal/resolver.resolverQuery.loadAsFileOrDirectory({0xc00325db08?, 0xc0035b53b0?, 0x0?, 
0x7e?}, {0xc000b1ba00, 0x7e})
	github.com/evanw/esbuild/internal/resolver/resolver.go:1930 +0x173 fp=0xc005a02a88 sp=0xc005a028e0 pc=0x7ff656f5c1f3
github.com/evanw/esbuild/internal/resolver.resolverQuery.resolveWithoutSymlinks({0xc00325db08?, 0xc0035b53b0?, 0x0?, 
0x0?}, {0xc002653700, 0x36}, 0xc006568480, {0xc000b1ba00, 0x7e})
	github.com/evanw/esbuild/internal/resolver/resolver.go:981 +0x4f1 fp=0xc005a02e50 sp=0xc005a02a88 pc=0x7ff656f52651
github.com/evanw/esbuild/internal/resolver.(*Resolver).Resolve(0xc00325db08, {0xc002653700, 0x36}, {0xc000b1ba00, 
0x7e}, 0x1)
	github.com/evanw/esbuild/internal/resolver/resolver.go:548 +0x16f9 fp=0xc005a03220 sp=0xc005a02e50 pc=0x7ff656f4c779
github.com/evanw/esbuild/internal/bundler.RunOnResolvePlugins({_, _, _}, _, {0xc00325a720, 0xc00428f800, 0xc00428f818, 
0xc00428f848, 0x3, 0xc00325a6f0}, ...)
	github.com/evanw/esbuild/internal/bundler/bundler.go:1154 +0x36a fp=0xc005a03690 sp=0xc005a03220 pc=0x7ff656f80e0a
github.com/evanw/esbuild/pkg/api.loadPlugins.func2({0xc000b1ba00, 0x7e}, {{0xc002431310, 0x10}, {0x0, 0x0}, {0x0, 
0x0}, {0xc002653700, 0x36}, ...})
	github.com/evanw/esbuild/pkg/api/api_impl.go:2114 +0x4be fp=0xc005a03d18 sp=0xc005a03690 pc=0x7ff65703809e
main.(*serviceType).convertPlugins.func2.1(0x13f, 0xc0028a60f0)
	github.com/evanw/esbuild/cmd/esbuild/service.go:944 +0x665 fp=0xc005a03f50 sp=0xc005a03d18 pc=0x7ff65707a885
main.(*serviceType).handleIncomingPacket.func4()
	github.com/evanw/esbuild/cmd/esbuild/service.go:262 +0xa4 fp=0xc005a03fe0 sp=0xc005a03f50 pc=0x7ff6570740a4
runtime.goexit({})
	runtime/asm_amd64.s:1693 +0x1 fp=0xc005a03fe8 sp=0xc005a03fe0 pc=0x7ff656bcf221
created by main.(*serviceType).handleIncomingPacket in goroutine 1
	github.com/evanw/esbuild/cmd/esbuild/service.go:257 +0x156e

goroutine 1584 gp=0xc0016eda40 m=nil [chan send]:
runtime.gopark(0xc0067a5ce0?, 0x11?, 0xff?, 0xff?, 0xc0000ca080?)
	runtime/proc.go:460 +0xce fp=0xc003db03b0 sp=0xc003db0390 pc=0x7ff656bc72ce
runtime.chansend(0xc000136000, 0x7ff6572b1690, 0x1, 0xc00365cc80?)
	runtime/chan.go:283 +0x3cb fp=0xc003db0420 sp=0xc003db03b0 pc=0x7ff656b5d58b
runtime.chansend1(0xc0000ca080?, 0x18?)
	runtime/chan.go:161 +0x17 fp=0xc003db0450 sp=0xc003db0420 pc=0x7ff656b5d1b7
github.com/evanw/esbuild/internal/fs.BeforeFileOpen(...)
	github.com/evanw/esbuild/internal/fs/fs.go:245
github.com/evanw/esbuild/internal/fs.(*realFS).kind(0xc0000da080, {0xc0067a56c0?, 0xc003db0570?}, {0xc0041f3050?, 
0xc002985022?})
	github.com/evanw/esbuild/internal/fs/fs_real.go:413 +0xb3 fp=0xc003db04f0 sp=0xc003db0450 pc=0x7ff656c9c793
github.com/evanw/esbuild/internal/fs.(*zipFS).kind(0x7ff656c9e7df?, {0xc0067a56c0?, 0x61?}, {0xc0041f3050?, 
0xc002985022?})
	github.com/evanw/esbuild/internal/fs/fs_zip.go:330 +0x28 fp=0xc003db0528 sp=0xc003db04f0 pc=0x7ff656c9fa08
github.com/evanw/esbuild/internal/fs.(*Entry).Kind(0xc00365cc40, {0x7ff6572bce40?, 0xc0000a6120?})
	github.com/evanw/esbuild/internal/fs/fs.go:37 +0xc3 fp=0xc003db0580 sp=0xc003db0528 pc=0x7ff656c97f83
github.com/evanw/esbuild/internal/resolver.resolverQuery.loadAsFile.func1({0xc002985022, 0xd})
	github.com/evanw/esbuild/internal/resolver/resolver.go:1759 +0x267 fp=0xc003db0670 sp=0xc003db0580 pc=0x7ff656f5ae67
github.com/evanw/esbuild/internal/resolver.resolverQuery.loadAsFile({0xc004ee2008?, 0xc0061b79a0?, 0x0?, 0x6b?}, 
{0xc002984fc0, 0x6f}, {0xc001d09090, 0x5, 0x1b656c9c852?})
	github.com/evanw/esbuild/internal/resolver/resolver.go:1817 +0x8bc fp=0xc003db08e0 sp=0xc003db0670 pc=0x7ff656f5a5dc
github.com/evanw/esbuild/internal/resolver.resolverQuery.loadAsFileOrDirectory({0xc004ee2008?, 0xc0061b79a0?, 0x0?, 
0x6f?}, {0xc002984fc0, 0x6f})
	github.com/evanw/esbuild/internal/resolver/resolver.go:1930 +0x173 fp=0xc003db0a88 sp=0xc003db08e0 pc=0x7ff656f5c1f3
github.com/evanw/esbuild/internal/resolver.resolverQuery.resolveWithoutSymlinks({0xc004ee2008?, 0xc0061b79a0?, 0x0?, 
0x0?}, {0xc002653740, 0x36}, 0xc004e86400, {0xc002984fc0, 0x6f})
	github.com/evanw/esbuild/internal/resolver/resolver.go:981 +0x4f1 fp=0xc003db0e50 sp=0xc003db0a88 pc=0x7ff656f52651
github.com/evanw/esbuild/internal/resolver.(*Resolver).Resolve(0xc004ee2008, {0xc002653740, 0x36}, {0xc002984fc0, 
0x6f}, 0x1)
	github.com/evanw/esbuild/internal/resolver/resolver.go:548 +0x16f9 fp=0xc003db1220 sp=0xc003db0e50 pc=0x7ff656f4c779
github.com/evanw/esbuild/internal/bundler.RunOnResolvePlugins({_, _, _}, _, {0xc00325a840, 0xc00428f890, 0xc00428f8d8, 
0xc00428f950, 0x3, 0xc00325a810}, ...)
	github.com/evanw/esbuild/internal/bundler/bundler.go:1154 +0x36a fp=0xc003db1690 sp=0xc003db1220 pc=0x7ff656f80e0a
github.com/evanw/esbuild/pkg/api.loadPlugins.func2({0xc002984fc0, 0x6f}, {{0xc002431410, 0x10}, {0x0, 0x0}, {0x0, 
0x0}, {0xc002653740, 0x36}, ...})
	github.com/evanw/esbuild/pkg/api/api_impl.go:2114 +0x4be fp=0xc003db1d18 sp=0xc003db1690 pc=0x7ff65703809e
main.(*serviceType).convertPlugins.func2.1(0x140, 0xc0028a6480)
	github.com/evanw/esbuild/cmd/esbuild/service.go:944 +0x665 fp=0xc003db1f50 sp=0xc003db1d18 pc=0x7ff65707a885
main.(*serviceType).handleIncomingPacket.func4()
	github.com/evanw/esbuild/cmd/esbuild/service.go:262 +0xa4 fp=0xc003db1fe0 sp=0xc003db1f50 pc=0x7ff6570740a4
runtime.goexit({})
	runtime/asm_amd64.s:1693 +0x1 fp=0xc003db1fe8 sp=0xc003db1fe0 pc=0x7ff656bcf221
created by main.(*serviceType).handleIncomingPacket in goroutine 1
	github.com/evanw/esbuild/cmd/esbuild/service.go:257 +0x156e

goroutine 1585 gp=0xc0016edc00 m=nil [chan send]:
runtime.gopark(0xc0000cd500?, 0x17?, 0xf0?, 0xe3?, 0xc0000ca080?)
	runtime/proc.go:460 +0xce fp=0xc003e6e3b0 sp=0xc003e6e390 pc=0x7ff656bc72ce
runtime.chansend(0xc000136000, 0x7ff6572b1690, 0x1, 0x7ff656c41ef0?)
	runtime/chan.go:283 +0x3cb fp=0xc003e6e420 sp=0xc003e6e3b0 pc=0x7ff656b5d58b
runtime.chansend1(0xc0000ca080?, 0x18?)
	runtime/chan.go:161 +0x17 fp=0xc003e6e450 sp=0xc003e6e420 pc=0x7ff656b5d1b7
github.com/evanw/esbuild/internal/fs.BeforeFileOpen(...)
	github.com/evanw/esbuild/internal/fs/fs.go:245
github.com/evanw/esbuild/internal/fs.(*realFS).kind(0xc0000da080, {0xc0067a5730?, 0xc003e6e570?}, {0xc005b2eb10?, 
0xc000b1baea?})
	github.com/evanw/esbuild/internal/fs/fs_real.go:413 +0xb3 fp=0xc003e6e4f0 sp=0xc003e6e450 pc=0x7ff656c9c793
github.com/evanw/esbuild/internal/fs.(*zipFS).kind(0x7ff656c9e7df?, {0xc0067a5730?, 0x69?}, {0xc005b2eb10?, 
0xc005b2ecc0?})
	github.com/evanw/esbuild/internal/fs/fs_zip.go:330 +0x28 fp=0xc003e6e528 sp=0xc003e6e4f0 pc=0x7ff656c9fa08
github.com/evanw/esbuild/internal/fs.(*Entry).Kind(0xc0033744c0, {0x7ff6572bce40?, 0xc0000a6120?})
	github.com/evanw/esbuild/internal/fs/fs.go:37 +0xc3 fp=0xc003e6e580 sp=0xc003e6e528 pc=0x7ff656c97f83
github.com/evanw/esbuild/internal/resolver.resolverQuery.loadAsFile.func1({0xc000b1baea, 0x12})
	github.com/evanw/esbuild/internal/resolver/resolver.go:1759 +0x267 fp=0xc003e6e670 sp=0xc003e6e580 pc=0x7ff656f5ae67
github.com/evanw/esbuild/internal/resolver.resolverQuery.loadAsFile({0xc004ee2488?, 0xc005f961e0?, 0x0?, 0x6b?}, 
{0xc000b1ba80, 0x7c}, {0xc001d09180, 0x5, 0x1b656c9c852?})
	github.com/evanw/esbuild/internal/resolver/resolver.go:1817 +0x8bc fp=0xc003e6e8e0 sp=0xc003e6e670 pc=0x7ff656f5a5dc
github.com/evanw/esbuild/internal/resolver.resolverQuery.loadAsFileOrDirectory({0xc004ee2488?, 0xc005f961e0?, 0x0?, 
0x7c?}, {0xc000b1ba80, 0x7c})
	github.com/evanw/esbuild/internal/resolver/resolver.go:1930 +0x173 fp=0xc003e6ea88 sp=0xc003e6e8e0 pc=0x7ff656f5c1f3
github.com/evanw/esbuild/internal/resolver.resolverQuery.resolveWithoutSymlinks({0xc004ee2488?, 0xc005f961e0?, 0x0?, 
0x0?}, {0xc002653780, 0x36}, 0xc006898100, {0xc000b1ba80, 0x7c})
	github.com/evanw/esbuild/internal/resolver/resolver.go:981 +0x4f1 fp=0xc003e6ee50 sp=0xc003e6ea88 pc=0x7ff656f52651
github.com/evanw/esbuild/internal/resolver.(*Resolver).Resolve(0xc004ee2488, {0xc002653780, 0x36}, {0xc000b1ba80, 
0x7c}, 0x1)
	github.com/evanw/esbuild/internal/resolver/resolver.go:548 +0x16f9 fp=0xc003e6f220 sp=0xc003e6ee50 pc=0x7ff656f4c779
github.com/evanw/esbuild/internal/bundler.RunOnResolvePlugins({_, _, _}, _, {0xc00325a960, 0xc00428fa28, 0xc00428fa40, 
0xc00428fa70, 0x3, 0xc00325a930}, ...)
	github.com/evanw/esbuild/internal/bundler/bundler.go:1154 +0x36a fp=0xc003e6f690 sp=0xc003e6f220 pc=0x7ff656f80e0a
github.com/evanw/esbuild/pkg/api.loadPlugins.func2({0xc000b1ba80, 0x7c}, {{0xc002431520, 0x10}, {0x0, 0x0}, {0x0, 
0x0}, {0xc002653780, 0x36}, ...})
	github.com/evanw/esbuild/pkg/api/api_impl.go:2114 +0x4be fp=0xc003e6fd18 sp=0xc003e6f690 pc=0x7ff65703809e
main.(*serviceType).convertPlugins.func2.1(0x141, 0xc0028a6510)
	github.com/evanw/esbuild/cmd/esbuild/service.go:944 +0x665 fp=0xc003e6ff50 sp=0xc003e6fd18 pc=0x7ff65707a885
main.(*serviceType).handleIncomingPacket.func4()
	github.com/evanw/esbuild/cmd/esbuild/service.go:262 +0xa4 fp=0xc003e6ffe0 sp=0xc003e6ff50 pc=0x7ff6570740a4
runtime.goexit({})
	runtime/asm_amd64.s:1693 +0x1 fp=0xc003e6ffe8 sp=0xc003e6ffe0 pc=0x7ff656bcf221
created by main.(*serviceType).handleIncomingPacket in goroutine 1
	github.com/evanw/esbuild/cmd/esbuild/service.go:257 +0x156e

goroutine 1586 gp=0xc0016eddc0 m=nil [chan send]:
runtime.gopark(0xc0059edea0?, 0x4?, 0xf0?, 0xc3?, 0xc0000ca080?)
	runtime/proc.go:460 +0xce fp=0xc00102c3b0 sp=0xc00102c390 pc=0x7ff656bc72ce
runtime.chansend(0xc000136000, 0x7ff6572b1690, 0x1, 0x7ff656c41ef0?)
	runtime/chan.go:283 +0x3cb fp=0xc00102c420 sp=0xc00102c3b0 pc=0x7ff656b5d58b
runtime.chansend1(0xc0000ca080?, 0x7ff656c47445?)
	runtime/chan.go:161 +0x17 fp=0xc00102c450 sp=0xc00102c420 pc=0x7ff656b5d1b7
github.com/evanw/esbuild/internal/fs.BeforeFileOpen(...)
	github.com/evanw/esbuild/internal/fs/fs.go:245
github.com/evanw/esbuild/internal/fs.(*realFS).kind(0xc0000da080, {0xc001a61560?, 0xc00102c570?}, {0xc002b8b120?, 
0x7ff65714de40?})
	github.com/evanw/esbuild/internal/fs/fs_real.go:413 +0xb3 fp=0xc00102c4f0 sp=0xc00102c450 pc=0x7ff656c9c793
github.com/evanw/esbuild/internal/fs.(*zipFS).kind(0xa?, {0xc001a61560?, 0x5a?}, {0xc002b8b120?, 0xc002b8b280?})
	github.com/evanw/esbuild/internal/fs/fs_zip.go:330 +0x28 fp=0xc00102c528 sp=0xc00102c4f0 pc=0x7ff656c9fa08
github.com/evanw/esbuild/internal/fs.(*Entry).Kind(0xc00478e5c0, {0x7ff6572bce40?, 0xc0000a6120?})
	github.com/evanw/esbuild/internal/fs/fs.go:37 +0xc3 fp=0xc00102c580 sp=0xc00102c528 pc=0x7ff656c97f83
github.com/evanw/esbuild/internal/resolver.resolverQuery.loadAsFile.func1({0xc00298508b, 0xa})
	github.com/evanw/esbuild/internal/resolver/resolver.go:1759 +0x267 fp=0xc00102c670 sp=0xc00102c580 pc=0x7ff656f5ae67
github.com/evanw/esbuild/internal/resolver.resolverQuery.loadAsFile({0xc005870d88?, 0xc005cfb8b0?, 0x0?, 0x6b?}, 
{0xc002985030, 0x65}, {0xc004d373b0, 0x5, 0x1b656c9c852?})
	github.com/evanw/esbuild/internal/resolver/resolver.go:1817 +0x8bc fp=0xc00102c8e0 sp=0xc00102c670 pc=0x7ff656f5a5dc
github.com/evanw/esbuild/internal/resolver.resolverQuery.loadAsFileOrDirectory({0xc005870d88?, 0xc005cfb8b0?, 0x0?, 
0x65?}, {0xc002985030, 0x65})
	github.com/evanw/esbuild/internal/resolver/resolver.go:1930 +0x173 fp=0xc00102ca88 sp=0xc00102c8e0 pc=0x7ff656f5c1f3
github.com/evanw/esbuild/internal/resolver.resolverQuery.resolveWithoutSymlinks({0xc005870d88?, 0xc005cfb8b0?, 0x0?, 
0x0?}, {0xc0026537c0, 0x36}, 0xc0066a0700, {0xc002985030, 0x65})
	github.com/evanw/esbuild/internal/resolver/resolver.go:981 +0x4f1 fp=0xc00102ce50 sp=0xc00102ca88 pc=0x7ff656f52651
github.com/evanw/esbuild/internal/resolver.(*Resolver).Resolve(0xc005870d88, {0xc0026537c0, 0x36}, {0xc002985030, 
0x65}, 0x1)
	github.com/evanw/esbuild/internal/resolver/resolver.go:548 +0x16f9 fp=0xc00102d220 sp=0xc00102ce50 pc=0x7ff656f4c779
github.com/evanw/esbuild/internal/bundler.RunOnResolvePlugins({_, _, _}, _, {0xc00444d800, 0xc00583ce58, 0xc00583ce70, 
0xc00583ce88, 0x3, 0xc00444d7d0}, ...)
	github.com/evanw/esbuild/internal/bundler/bundler.go:1154 +0x36a fp=0xc00102d690 sp=0xc00102d220 pc=0x7ff656f80e0a
github.com/evanw/esbuild/pkg/api.loadPlugins.func2({0xc002985030, 0x65}, {{0xc002431cc0, 0x10}, {0x0, 0x0}, {0x0, 
0x0}, {0xc0026537c0, 0x36}, ...})
	github.com/evanw/esbuild/pkg/api/api_impl.go:2114 +0x4be fp=0xc00102dd18 sp=0xc00102d690 pc=0x7ff65703809e
main.(*serviceType).convertPlugins.func2.1(0x142, 0xc0028a6570)
	github.com/evanw/esbuild/cmd/esbuild/service.go:944 +0x665 fp=0xc00102df50 sp=0xc00102dd18 pc=0x7ff65707a885
main.(*serviceType).handleIncomingPacket.func4()
	github.com/evanw/esbuild/cmd/esbuild/service.go:262 +0xa4 fp=0xc00102dfe0 sp=0xc00102df50 pc=0x7ff6570740a4
runtime.goexit({})
	runtime/asm_amd64.s:1693 +0x1 fp=0xc00102dfe8 sp=0xc00102dfe0 pc=0x7ff656bcf221
created by main.(*serviceType).handleIncomingPacket in goroutine 1
	github.com/evanw/esbuild/cmd/esbuild/service.go:257 +0x156e

goroutine 1587 gp=0xc0017b2000 m=nil [chan send]:
runtime.gopark(0xc0065136c0?, 0x4?, 0xf0?, 0x83?, 0xc0000ca080?)
	runtime/proc.go:460 +0xce fp=0xc0024f83b0 sp=0xc0024f8390 pc=0x7ff656bc72ce
runtime.chansend(0xc000136000, 0x7ff6572b1690, 0x1, 0x7ff656c41ef0?)
	runtime/chan.go:283 +0x3cb fp=0xc0024f8420 sp=0xc0024f83b0 pc=0x7ff656b5d58b
runtime.chansend1(0xc0000ca080?, 0x7ff656c47445?)
	runtime/chan.go:161 +0x17 fp=0xc0024f8450 sp=0xc0024f8420 pc=0x7ff656b5d1b7
github.com/evanw/esbuild/internal/fs.BeforeFileOpen(...)
	github.com/evanw/esbuild/internal/fs/fs.go:245
github.com/evanw/esbuild/internal/fs.(*realFS).kind(0xc0000da080, {0xc00668cc60?, 0xc0024f8570?}, {0xc005f1df38?, 
0x7ff65714de40?})
	github.com/evanw/esbuild/internal/fs/fs_real.go:413 +0xb3 fp=0xc0024f84f0 sp=0xc0024f8450 pc=0x7ff656c9c793
github.com/evanw/esbuild/internal/fs.(*zipFS).kind(0x12?, {0xc00668cc60?, 0x5a?}, {0xc005f1df38?, 0xc005f567f8?})
	github.com/evanw/esbuild/internal/fs/fs_zip.go:330 +0x28 fp=0xc0024f8528 sp=0xc0024f84f0 pc=0x7ff656c9fa08
github.com/evanw/esbuild/internal/fs.(*Entry).Kind(0xc003f1d180, {0x7ff6572bce40?, 0xc0000a6120?})
	github.com/evanw/esbuild/internal/fs/fs.go:37 +0xc3 fp=0xc0024f8580 sp=0xc0024f8528 pc=0x7ff656c97f83
github.com/evanw/esbuild/internal/resolver.resolverQuery.loadAsFile.func1({0xc0029850fb, 0x12})
	github.com/evanw/esbuild/internal/resolver/resolver.go:1759 +0x267 fp=0xc0024f8670 sp=0xc0024f8580 pc=0x7ff656f5ae67
github.com/evanw/esbuild/internal/resolver.resolverQuery.loadAsFile({0xc001d81208?, 0xc006040140?, 0x0?, 0x6b?}, 
{0xc0029850a0, 0x6d}, {0xc0032daa00, 0x5, 0x1b656c9c852?})
	github.com/evanw/esbuild/internal/resolver/resolver.go:1817 +0x8bc fp=0xc0024f88e0 sp=0xc0024f8670 pc=0x7ff656f5a5dc
github.com/evanw/esbuild/internal/resolver.resolverQuery.loadAsFileOrDirectory({0xc001d81208?, 0xc006040140?, 0x0?, 
0x6d?}, {0xc0029850a0, 0x6d})
	github.com/evanw/esbuild/internal/resolver/resolver.go:1930 +0x173 fp=0xc0024f8a88 sp=0xc0024f88e0 pc=0x7ff656f5c1f3
github.com/evanw/esbuild/internal/resolver.resolverQuery.resolveWithoutSymlinks({0xc001d81208?, 0xc006040140?, 0x0?, 
0x0?}, {0xc002653800, 0x36}, 0xc00698a480, {0xc0029850a0, 0x6d})
	github.com/evanw/esbuild/internal/resolver/resolver.go:981 +0x4f1 fp=0xc0024f8e50 sp=0xc0024f8a88 pc=0x7ff656f52651
github.com/evanw/esbuild/internal/resolver.(*Resolver).Resolve(0xc001d81208, {0xc002653800, 0x36}, {0xc0029850a0, 
0x6d}, 0x1)
	github.com/evanw/esbuild/internal/resolver/resolver.go:548 +0x16f9 fp=0xc0024f9220 sp=0xc0024f8e50 pc=0x7ff656f4c779
github.com/evanw/esbuild/internal/bundler.RunOnResolvePlugins({_, _, _}, _, {0xc0032e85d0, 0xc0032ec198, 0xc0032ec1b0, 
0xc0032ec1c8, 0x3, 0xc0032e85a0}, ...)
	github.com/evanw/esbuild/internal/bundler/bundler.go:1154 +0x36a fp=0xc0024f9690 sp=0xc0024f9220 pc=0x7ff656f80e0a
github.com/evanw/esbuild/pkg/api.loadPlugins.func2({0xc0029850a0, 0x6d}, {{0xc002431d50, 0x10}, {0x0, 0x0}, {0x0, 
0x0}, {0xc002653800, 0x36}, ...})
	github.com/evanw/esbuild/pkg/api/api_impl.go:2114 +0x4be fp=0xc0024f9d18 sp=0xc0024f9690 pc=0x7ff65703809e
main.(*serviceType).convertPlugins.func2.1(0x143, 0xc0028a6720)
	github.com/evanw/esbuild/cmd/esbuild/service.go:944 +0x665 fp=0xc0024f9f50 sp=0xc0024f9d18 pc=0x7ff65707a885
main.(*serviceType).handleIncomingPacket.func4()
	github.com/evanw/esbuild/cmd/esbuild/service.go:262 +0xa4 fp=0xc0024f9fe0 sp=0xc0024f9f50 pc=0x7ff6570740a4
runtime.goexit({})
	runtime/asm_amd64.s:1693 +0x1 fp=0xc0024f9fe8 sp=0xc0024f9fe0 pc=0x7ff656bcf221
created by main.(*serviceType).handleIncomingPacket in goroutine 1
	github.com/evanw/esbuild/cmd/esbuild/service.go:257 +0x156e

goroutine 1588 gp=0xc0017b21c0 m=nil [runnable]:
runtime.cgocall(0x7ff656bd0a40, 0xc00192db58)
	runtime/cgocall.go:167 +0x3e fp=0xc005e864c0 sp=0xc005e86458 pc=0x7ff656bc467e
runtime.syscall_syscalln(0x20b515bd328?, 0x43?, {0xc005e86508?, 0x0?, 0x0?})
	runtime/syscall_windows.go:521 +0x4e fp=0xc005e864e0 sp=0xc005e864c0 pc=0x7ff656bb0bee
syscall.Syscall(0x43?, 0xc0059af680?, 0xffffffffffffffff?, 0x380?, 0xc003f53008?)
	runtime/syscall_windows.go:457 +0x29 fp=0xc005e86530 sp=0xc005e864e0 pc=0x7ff656bcafe9
syscall.GetFileAttributesEx(0xc004d9e690?, 0x0, 0xc005e865b8?)
	syscall/zsyscall_windows.go:750 +0x65 fp=0xc005e86580 sp=0xc005e86530 pc=0x7ff656c0aee5
os.stat({0x7ff6571cda4d, 0x5}, {0xc004d9e690, 0x43}, 0x0)
	os/stat_windows.go:37 +0x1c6 fp=0xc005e868e0 sp=0xc005e86580 pc=0x7ff656c2f3c6
os.lstatNolog({0xc004d9e690?, 0x7ff656c9e7df?})
	os/stat_windows.go:141 +0x4c fp=0xc005e86918 sp=0xc005e868e0 pc=0x7ff656c3000c
os.Lstat({0xc004d9e690, 0x43})
	os/stat.go:26 +0x2c fp=0xc005e86938 sp=0xc005e86918 pc=0x7ff656c2f16c
github.com/evanw/esbuild/internal/fs.(*realFS).kind(0xc0000da080, {0xc0000ca080?, 0xc005e86a58?}, {0xc004214340?, 
0x7ff65714de40?})
	github.com/evanw/esbuild/internal/fs/fs_real.go:415 +0xd6 fp=0xc005e869d8 sp=0xc005e86938 pc=0x7ff656c9c7b6
github.com/evanw/esbuild/internal/fs.(*zipFS).kind(0xc?, {0xc0000ca080?, 0x36?}, {0xc004214340?, 0x7ff6571d2c8d?})
	github.com/evanw/esbuild/internal/fs/fs_zip.go:330 +0x28 fp=0xc005e86a10 sp=0xc005e869d8 pc=0x7ff656c9fa08
github.com/evanw/esbuild/internal/fs.(*Entry).Kind(0xc0055fa8c0, {0x7ff6572bce40?, 0xc0000a6120?})
	github.com/evanw/esbuild/internal/fs/fs.go:37 +0xc3 fp=0xc005e86a68 sp=0xc005e86a10 pc=0x7ff656c97f83
github.com/evanw/esbuild/internal/resolver.resolverQuery.dirInfoUncached({0xc005871208?, 0xc0061b7b80?, 0x0?, 0x36?}, 
{0xc0000ca080, 0x36})
	github.com/evanw/esbuild/internal/resolver/resolver.go:1586 +0x897 fp=0xc005e86d48 sp=0xc005e86a68 pc=0x7ff656f58b97
github.com/evanw/esbuild/internal/resolver.resolverQuery.dirInfoCached({0xc005871208?, 0xc0061b7b80?, 0x0?, 0x0?}, 
{0xc0000ca080, 0x36})
	github.com/evanw/esbuild/internal/resolver/resolver.go:1174 +0xee fp=0xc005e86e50 sp=0xc005e86d48 pc=0x7ff656f5420e
github.com/evanw/esbuild/internal/resolver.(*Resolver).Resolve(0xc005871208, {0xc002653840, 0x36}, {0xc002985110, 
0x6b}, 0x1)
	github.com/evanw/esbuild/internal/resolver/resolver.go:523 +0x102f fp=0xc005e87220 sp=0xc005e86e50 pc=0x7ff656f4c0af
github.com/evanw/esbuild/internal/bundler.RunOnResolvePlugins({_, _, _}, _, {0xc00444d920, 0xc00583ceb8, 0xc00583ced0, 
0xc00583cee8, 0x3, 0xc00444d8f0}, ...)
	github.com/evanw/esbuild/internal/bundler/bundler.go:1154 +0x36a fp=0xc005e87690 sp=0xc005e87220 pc=0x7ff656f80e0a
github.com/evanw/esbuild/pkg/api.loadPlugins.func2({0xc002985110, 0x6b}, {{0xc002431dd0, 0x10}, {0x0, 0x0}, {0x0, 
0x0}, {0xc002653840, 0x36}, ...})
	github.com/evanw/esbuild/pkg/api/api_impl.go:2114 +0x4be fp=0xc005e87d18 sp=0xc005e87690 pc=0x7ff65703809e
main.(*serviceType).convertPlugins.func2.1(0x144, 0xc0028a6990)
	github.com/evanw/esbuild/cmd/esbuild/service.go:944 +0x665 fp=0xc005e87f50 sp=0xc005e87d18 pc=0x7ff65707a885
main.(*serviceType).handleIncomingPacket.func4()
	github.com/evanw/esbuild/cmd/esbuild/service.go:262 +0xa4 fp=0xc005e87fe0 sp=0xc005e87f50 pc=0x7ff6570740a4
runtime.goexit({})
	runtime/asm_amd64.s:1693 +0x1 fp=0xc005e87fe8 sp=0xc005e87fe0 pc=0x7ff656bcf221
created by main.(*serviceType).handleIncomingPacket in goroutine 1
	github.com/evanw/esbuild/cmd/esbuild/service.go:257 +0x156e

goroutine 1589 gp=0xc0017b2380 m=nil [chan send]:
runtime.gopark(0xc002a142a0?, 0x4?, 0xf0?, 0xc3?, 0xc0000ca080?)
	runtime/proc.go:460 +0xce fp=0xc0024fc3b0 sp=0xc0024fc390 pc=0x7ff656bc72ce
runtime.chansend(0xc000136000, 0x7ff6572b1690, 0x1, 0x7ff656c41ef0?)
	runtime/chan.go:283 +0x3cb fp=0xc0024fc420 sp=0xc0024fc3b0 pc=0x7ff656b5d58b
runtime.chansend1(0xc0000ca080?, 0x7ff656c47445?)
	runtime/chan.go:161 +0x17 fp=0xc0024fc450 sp=0xc0024fc420 pc=0x7ff656b5d1b7
github.com/evanw/esbuild/internal/fs.BeforeFileOpen(...)
	github.com/evanw/esbuild/internal/fs/fs.go:245
github.com/evanw/esbuild/internal/fs.(*realFS).kind(0xc0000da080, {0xc001a61680?, 0xc0024fc570?}, {0xc003572f20?, 
0x7ff65714de40?})
	github.com/evanw/esbuild/internal/fs/fs_real.go:413 +0xb3 fp=0xc0024fc4f0 sp=0xc0024fc450 pc=0x7ff656c9c793
github.com/evanw/esbuild/internal/fs.(*zipFS).kind(0xf?, {0xc001a61680?, 0x5a?}, {0xc003572f20?, 0xc003573160?})
	github.com/evanw/esbuild/internal/fs/fs_zip.go:330 +0x28 fp=0xc0024fc528 sp=0xc0024fc4f0 pc=0x7ff656c9fa08
github.com/evanw/esbuild/internal/fs.(*Entry).Kind(0xc002d24c00, {0x7ff6572bce40?, 0xc0000a6120?})
	github.com/evanw/esbuild/internal/fs/fs.go:37 +0xc3 fp=0xc0024fc580 sp=0xc0024fc528 pc=0x7ff656c97f83
github.com/evanw/esbuild/internal/resolver.resolverQuery.loadAsFile.func1({0xc00298524b, 0xf})
	github.com/evanw/esbuild/internal/resolver/resolver.go:1759 +0x267 fp=0xc0024fc670 sp=0xc0024fc580 pc=0x7ff656f5ae67
github.com/evanw/esbuild/internal/resolver.resolverQuery.loadAsFile({0xc003dcd688?, 0xc0035b54f0?, 0x0?, 0x6b?}, 
{0xc0029851f0, 0x6a}, {0xc003dc0960, 0x5, 0x1b656c9c852?})
	github.com/evanw/esbuild/internal/resolver/resolver.go:1817 +0x8bc fp=0xc0024fc8e0 sp=0xc0024fc670 pc=0x7ff656f5a5dc
github.com/evanw/esbuild/internal/resolver.resolverQuery.loadAsFileOrDirectory({0xc003dcd688?, 0xc0035b54f0?, 0x0?, 
0x6a?}, {0xc0029851f0, 0x6a})
	github.com/evanw/esbuild/internal/resolver/resolver.go:1930 +0x173 fp=0xc0024fca88 sp=0xc0024fc8e0 pc=0x7ff656f5c1f3
github.com/evanw/esbuild/internal/resolver.resolverQuery.resolveWithoutSymlinks({0xc003dcd688?, 0xc0035b54f0?, 0x0?, 
0x0?}, {0xc002653880, 0x36}, 0xc0067b7480, {0xc0029851f0, 0x6a})
	github.com/evanw/esbuild/internal/resolver/resolver.go:981 +0x4f1 fp=0xc0024fce50 sp=0xc0024fca88 pc=0x7ff656f52651
github.com/evanw/esbuild/internal/resolver.(*Resolver).Resolve(0xc003dcd688, {0xc002653880, 0x36}, {0xc0029851f0, 
0x6a}, 0x1)
	github.com/evanw/esbuild/internal/resolver/resolver.go:548 +0x16f9 fp=0xc0024fd220 sp=0xc0024fce50 pc=0x7ff656f4c779
github.com/evanw/esbuild/internal/bundler.RunOnResolvePlugins({_, _, _}, _, {0xc003dc37a0, 0xc003dc8690, 0xc003dc86a8, 
0xc003dc86c0, 0x3, 0xc003dc3770}, ...)
	github.com/evanw/esbuild/internal/bundler/bundler.go:1154 +0x36a fp=0xc0024fd690 sp=0xc0024fd220 pc=0x7ff656f80e0a
github.com/evanw/esbuild/pkg/api.loadPlugins.func2({0xc0029851f0, 0x6a}, {{0xc002431e30, 0x10}, {0x0, 0x0}, {0x0, 
0x0}, {0xc002653880, 0x36}, ...})
	github.com/evanw/esbuild/pkg/api/api_impl.go:2114 +0x4be fp=0xc0024fdd18 sp=0xc0024fd690 pc=0x7ff65703809e
main.(*serviceType).convertPlugins.func2.1(0x145, 0xc0028a6e40)
	github.com/evanw/esbuild/cmd/esbuild/service.go:944 +0x665 fp=0xc0024fdf50 sp=0xc0024fdd18 pc=0x7ff65707a885
main.(*serviceType).handleIncomingPacket.func4()
	github.com/evanw/esbuild/cmd/esbuild/service.go:262 +0xa4 fp=0xc0024fdfe0 sp=0xc0024fdf50 pc=0x7ff6570740a4
runtime.goexit({})
	runtime/asm_amd64.s:1693 +0x1 fp=0xc0024fdfe8 sp=0xc0024fdfe0 pc=0x7ff656bcf221
created by main.(*serviceType).handleIncomingPacket in goroutine 1
	github.com/evanw/esbuild/cmd/esbuild/service.go:257 +0x156e

goroutine 1590 gp=0xc0017b2540 m=nil [runnable]:
runtime.cgocall(0x7ff656bd0a40, 0xc003a26358)
	runtime/cgocall.go:167 +0x3e fp=0xc0030200f0 sp=0xc003020088 pc=0x7ff656bc467e
runtime.syscall_syscalln(0xc003a26008?, 0xc002a5e800?, {0xc003020138?, 0x7ff656bc5065?, 0x7ff656bc504c?})
	runtime/syscall_windows.go:521 +0x4e fp=0xc003020110 sp=0xc0030200f0 pc=0x7ff656bb0bee
syscall.Syscall6(0xc0030201c8?, 0x7ff656c0760f?, 0xc002fb9890?, 0x1b?, 0x47?, 0xc002a5e800?, 0x7ff656b66b25?, 0x21?)
	runtime/syscall_windows.go:463 +0x38 fp=0xc003020178 sp=0xc003020110 pc=0x7ff656bcb038
internal/syscall/windows.GetFileInformationByHandleEx(0x126c, 0xa, 0x1b?, 0x10000)
	internal/syscall/windows/zsyscall_windows.go:323 +0x73 fp=0xc0030201d8 sp=0xc003020178 pc=0x7ff656c216f3
os.(*File).readdir(0xc002e6e3c0, 0xffffffffffffffff, 0x0)
	os/dir_windows.go:125 +0x2bf fp=0xc0030202d0 sp=0xc0030201d8 pc=0x7ff656c2ad1f
os.(*File).Readdirnames(0xc0035af650?, 0x0?)
	os/dir.go:73 +0x1a fp=0xc003020308 sp=0xc0030202d0 pc=0x7ff656c2a8da
github.com/evanw/esbuild/internal/fs.(*realFS).readdir(0xc0000da080, {0xc0035af650, 0x64})
	github.com/evanw/esbuild/internal/fs/fs_real.go:362 +0xfd fp=0xc0030203a0 sp=0xc003020308 pc=0x7ff656c9c3bd
github.com/evanw/esbuild/internal/fs.(*realFS).ReadDirectory(0xc0000da080, {0xc0035af650, 0x64})
	github.com/evanw/esbuild/internal/fs/fs_real.go:146 +0x177 fp=0xc003020530 sp=0xc0030203a0 pc=0x7ff656c9a637
github.com/evanw/esbuild/internal/fs.(*zipFS).ReadDirectory(0xc0000a6120, {0xc0035af650, 0x64})
	github.com/evanw/esbuild/internal/fs/fs_zip.go:188 +0xbf fp=0xc003020670 sp=0xc003020530 pc=0x7ff656c9e7df
github.com/evanw/esbuild/internal/resolver.resolverQuery.loadAsFile({0xc004df0008?, 0xc0061b7b30?, 0x0?, 0x6b?}, 
{0xc002985260, 0x6c}, {0xc003210eb0, 0x5, 0x1b656c9c852?})
	github.com/evanw/esbuild/internal/resolver/resolver.go:1741 +0x31e fp=0xc0030208e0 sp=0xc003020670 pc=0x7ff656f5a03e
github.com/evanw/esbuild/internal/resolver.resolverQuery.loadAsFileOrDirectory({0xc004df0008?, 0xc0061b7b30?, 0x0?, 
0x6c?}, {0xc002985260, 0x6c})
	github.com/evanw/esbuild/internal/resolver/resolver.go:1930 +0x173 fp=0xc003020a88 sp=0xc0030208e0 pc=0x7ff656f5c1f3
github.com/evanw/esbuild/internal/resolver.resolverQuery.resolveWithoutSymlinks({0xc004df0008?, 0xc0061b7b30?, 0x0?, 
0x0?}, {0xc0026538c0, 0x36}, 0xc006568a00, {0xc002985260, 0x6c})
	github.com/evanw/esbuild/internal/resolver/resolver.go:981 +0x4f1 fp=0xc003020e50 sp=0xc003020a88 pc=0x7ff656f52651
github.com/evanw/esbuild/internal/resolver.(*Resolver).Resolve(0xc004df0008, {0xc0026538c0, 0x36}, {0xc002985260, 
0x6c}, 0x1)
	github.com/evanw/esbuild/internal/resolver/resolver.go:548 +0x16f9 fp=0xc003021220 sp=0xc003020e50 pc=0x7ff656f4c779
github.com/evanw/esbuild/internal/bundler.RunOnResolvePlugins({_, _, _}, _, {0xc0033bf440, 0xc00452af18, 0xc00452af30, 
0xc00452af60, 0x3, 0xc0033bf410}, ...)
	github.com/evanw/esbuild/internal/bundler/bundler.go:1154 +0x36a fp=0xc003021690 sp=0xc003021220 pc=0x7ff656f80e0a
github.com/evanw/esbuild/pkg/api.loadPlugins.func2({0xc002985260, 0x6c}, {{0xc002431ea0, 0x10}, {0x0, 0x0}, {0x0, 
0x0}, {0xc0026538c0, 0x36}, ...})
	github.com/evanw/esbuild/pkg/api/api_impl.go:2114 +0x4be fp=0xc003021d18 sp=0xc003021690 pc=0x7ff65703809e
main.(*serviceType).convertPlugins.func2.1(0x146, 0xc0028a6f90)
	github.com/evanw/esbuild/cmd/esbuild/service.go:944 +0x665 fp=0xc003021f50 sp=0xc003021d18 pc=0x7ff65707a885
main.(*serviceType).handleIncomingPacket.func4()
	github.com/evanw/esbuild/cmd/esbuild/service.go:262 +0xa4 fp=0xc003021fe0 sp=0xc003021f50 pc=0x7ff6570740a4
runtime.goexit({})
	runtime/asm_amd64.s:1693 +0x1 fp=0xc003021fe8 sp=0xc003021fe0 pc=0x7ff656bcf221
created by main.(*serviceType).handleIncomingPacket in goroutine 1
	github.com/evanw/esbuild/cmd/esbuild/service.go:257 +0x156e

goroutine 1591 gp=0xc0017b2700 m=nil [chan send]:
runtime.gopark(0xc005f93f80?, 0x2a?, 0xff?, 0xff?, 0xc0000ca080?)
	runtime/proc.go:460 +0xce fp=0xc00036a3b0 sp=0xc00036a390 pc=0x7ff656bc72ce
runtime.chansend(0xc000136000, 0x7ff6572b1690, 0x1, 0xc004224580?)
	runtime/chan.go:283 +0x3cb fp=0xc00036a420 sp=0xc00036a3b0 pc=0x7ff656b5d58b
runtime.chansend1(0xc0000ca080?, 0x10000000?)
	runtime/chan.go:161 +0x17 fp=0xc00036a450 sp=0xc00036a420 pc=0x7ff656b5d1b7
github.com/evanw/esbuild/internal/fs.BeforeFileOpen(...)
	github.com/evanw/esbuild/internal/fs/fs.go:245
github.com/evanw/esbuild/internal/fs.(*realFS).kind(0xc0000da080, {0xc0060dc7e0?, 0xc00036a570?}, {0xc003dee590?, 
0x7ff65714de40?})
	github.com/evanw/esbuild/internal/fs/fs_real.go:413 +0xb3 fp=0xc00036a4f0 sp=0xc00036a450 pc=0x7ff656c9c793
github.com/evanw/esbuild/internal/fs.(*zipFS).kind(0xd?, {0xc0060dc7e0?, 0x59?}, {0xc003dee590?, 0xc00298532a?})
	github.com/evanw/esbuild/internal/fs/fs_zip.go:330 +0x28 fp=0xc00036a528 sp=0xc00036a4f0 pc=0x7ff656c9fa08
github.com/evanw/esbuild/internal/fs.(*Entry).Kind(0xc0042173c0, {0x7ff6572bce40?, 0xc0000a6120?})
	github.com/evanw/esbuild/internal/fs/fs.go:37 +0xc3 fp=0xc00036a580 sp=0xc00036a528 pc=0x7ff656c97f83
github.com/evanw/esbuild/internal/resolver.resolverQuery.loadAsFile.func1({0xc00298532a, 0xd})
	github.com/evanw/esbuild/internal/resolver/resolver.go:1759 +0x267 fp=0xc00036a670 sp=0xc00036a580 pc=0x7ff656f5ae67
github.com/evanw/esbuild/internal/resolver.resolverQuery.loadAsFile({0xc005a26908?, 0xc002a9fc20?, 0x0?, 0x6b?}, 
{0xc0029852d0, 0x67}, {0xc005a1c8c0, 0x5, 0x1b656c9c852?})
	github.com/evanw/esbuild/internal/resolver/resolver.go:1817 +0x8bc fp=0xc00036a8e0 sp=0xc00036a670 pc=0x7ff656f5a5dc
github.com/evanw/esbuild/internal/resolver.resolverQuery.loadAsFileOrDirectory({0xc005a26908?, 0xc002a9fc20?, 0x0?, 
0x67?}, {0xc0029852d0, 0x67})
	github.com/evanw/esbuild/internal/resolver/resolver.go:1930 +0x173 fp=0xc00036aa88 sp=0xc00036a8e0 pc=0x7ff656f5c1f3
github.com/evanw/esbuild/internal/resolver.resolverQuery.resolveWithoutSymlinks({0xc005a26908?, 0xc002a9fc20?, 0x0?, 
0x0?}, {0xc002653900, 0x36}, 0xc0066a0300, {0xc0029852d0, 0x67})
	github.com/evanw/esbuild/internal/resolver/resolver.go:981 +0x4f1 fp=0xc00036ae50 sp=0xc00036aa88 pc=0x7ff656f52651
github.com/evanw/esbuild/internal/resolver.(*Resolver).Resolve(0xc005a26908, {0xc002653900, 0x36}, {0xc0029852d0, 
0x67}, 0x1)
	github.com/evanw/esbuild/internal/resolver/resolver.go:548 +0x16f9 fp=0xc00036b220 sp=0xc00036ae50 pc=0x7ff656f4c779
github.com/evanw/esbuild/internal/bundler.RunOnResolvePlugins({_, _, _}, _, {0xc005a1eb40, 0xc0010c3398, 0xc0010c33b0, 
0xc0010c33c8, 0x3, 0xc005a1eb10}, ...)
	github.com/evanw/esbuild/internal/bundler/bundler.go:1154 +0x36a fp=0xc00036b690 sp=0xc00036b220 pc=0x7ff656f80e0a
github.com/evanw/esbuild/pkg/api.loadPlugins.func2({0xc0029852d0, 0x67}, {{0xc001b86300, 0x10}, {0x0, 0x0}, {0x0, 
0x0}, {0xc002653900, 0x36}, ...})
	github.com/evanw/esbuild/pkg/api/api_impl.go:2114 +0x4be fp=0xc00036bd18 sp=0xc00036b690 pc=0x7ff65703809e
main.(*serviceType).convertPlugins.func2.1(0x147, 0xc0028a7200)
	github.com/evanw/esbuild/cmd/esbuild/service.go:944 +0x665 fp=0xc00036bf50 sp=0xc00036bd18 pc=0x7ff65707a885
main.(*serviceType).handleIncomingPacket.func4()
	github.com/evanw/esbuild/cmd/esbuild/service.go:262 +0xa4 fp=0xc00036bfe0 sp=0xc00036bf50 pc=0x7ff6570740a4
runtime.goexit({})
	runtime/asm_amd64.s:1693 +0x1 fp=0xc00036bfe8 sp=0xc00036bfe0 pc=0x7ff656bcf221
created by main.(*serviceType).handleIncomingPacket in goroutine 1
	github.com/evanw/esbuild/cmd/esbuild/service.go:257 +0x156e

goroutine 1592 gp=0xc0017b28c0 m=nil [chan send]:
runtime.gopark(0xc0033ec600?, 0x16?, 0xff?, 0xff?, 0xc0000ca080?)
	runtime/proc.go:460 +0xce fp=0xc0058783b0 sp=0xc005878390 pc=0x7ff656bc72ce
runtime.chansend(0xc000136000, 0x7ff6572b1690, 0x1, 0xc003c96e80?)
	runtime/chan.go:283 +0x3cb fp=0xc005878420 sp=0xc0058783b0 pc=0x7ff656b5d58b
runtime.chansend1(0xc0000ca080?, 0x10000000?)
	runtime/chan.go:161 +0x17 fp=0xc005878450 sp=0xc005878420 pc=0x7ff656b5d1b7
github.com/evanw/esbuild/internal/fs.BeforeFileOpen(...)
	github.com/evanw/esbuild/internal/fs/fs.go:245
github.com/evanw/esbuild/internal/fs.(*realFS).kind(0xc0000da080, {0xc0065a8f60?, 0xc005878570?}, {0xc0048bbee0?, 
0x7ff65714de40?})
	github.com/evanw/esbuild/internal/fs/fs_real.go:413 +0xb3 fp=0xc0058784f0 sp=0xc005878450 pc=0x7ff656c9c793
github.com/evanw/esbuild/internal/fs.(*zipFS).kind(0x1f?, {0xc0065a8f60?, 0x5e?}, {0xc0048bbee0?, 0xc000b1bb5f?})
	github.com/evanw/esbuild/internal/fs/fs_zip.go:330 +0x28 fp=0xc005878528 sp=0xc0058784f0 pc=0x7ff656c9fa08
github.com/evanw/esbuild/internal/fs.(*Entry).Kind(0xc003c967c0, {0x7ff6572bce40?, 0xc0000a6120?})
	github.com/evanw/esbuild/internal/fs/fs.go:37 +0xc3 fp=0xc005878580 sp=0xc005878528 pc=0x7ff656c97f83
github.com/evanw/esbuild/internal/resolver.resolverQuery.loadAsFile.func1({0xc000b1bb5f, 0x1f})
	github.com/evanw/esbuild/internal/resolver/resolver.go:1759 +0x267 fp=0xc005878670 sp=0xc005878580 pc=0x7ff656f5ae67
github.com/evanw/esbuild/internal/resolver.resolverQuery.loadAsFile({0xc005870908?, 0xc006040000?, 0x0?, 0x6b?}, 
{0xc000b1bb00, 0x7e}, {0xc004d372c0, 0x5, 0x1b656c9c852?})
	github.com/evanw/esbuild/internal/resolver/resolver.go:1817 +0x8bc fp=0xc0058788e0 sp=0xc005878670 pc=0x7ff656f5a5dc
github.com/evanw/esbuild/internal/resolver.resolverQuery.loadAsFileOrDirectory({0xc005870908?, 0xc006040000?, 0x0?, 
0x7e?}, {0xc000b1bb00, 0x7e})
	github.com/evanw/esbuild/internal/resolver/resolver.go:1930 +0x173 fp=0xc005878a88 sp=0xc0058788e0 pc=0x7ff656f5c1f3
github.com/evanw/esbuild/internal/resolver.resolverQuery.resolveWithoutSymlinks({0xc005870908?, 0xc006040000?, 0x0?, 
0x0?}, {0xc002653940, 0x36}, 0xc004e86580, {0xc000b1bb00, 0x7e})
	github.com/evanw/esbuild/internal/resolver/resolver.go:981 +0x4f1 fp=0xc005878e50 sp=0xc005878a88 pc=0x7ff656f52651
github.com/evanw/esbuild/internal/resolver.(*Resolver).Resolve(0xc005870908, {0xc002653940, 0x36}, {0xc000b1bb00, 
0x7e}, 0x1)
	github.com/evanw/esbuild/internal/resolver/resolver.go:548 +0x16f9 fp=0xc005879220 sp=0xc005878e50 pc=0x7ff656f4c779
github.com/evanw/esbuild/internal/bundler.RunOnResolvePlugins({_, _, _}, _, {0xc00444d6e0, 0xc00583cdf8, 0xc00583ce10, 
0xc00583ce28, 0x3, 0xc00444d6b0}, ...)
	github.com/evanw/esbuild/internal/bundler/bundler.go:1154 +0x36a fp=0xc005879690 sp=0xc005879220 pc=0x7ff656f80e0a
github.com/evanw/esbuild/pkg/api.loadPlugins.func2({0xc000b1bb00, 0x7e}, {{0xc001b863b0, 0x10}, {0x0, 0x0}, {0x0, 
0x0}, {0xc002653940, 0x36}, ...})
	github.com/evanw/esbuild/pkg/api/api_impl.go:2114 +0x4be fp=0xc005879d18 sp=0xc005879690 pc=0x7ff65703809e
main.(*serviceType).convertPlugins.func2.1(0x148, 0xc0028a7290)
	github.com/evanw/esbuild/cmd/esbuild/service.go:944 +0x665 fp=0xc005879f50 sp=0xc005879d18 pc=0x7ff65707a885
main.(*serviceType).handleIncomingPacket.func4()
	github.com/evanw/esbuild/cmd/esbuild/service.go:262 +0xa4 fp=0xc005879fe0 sp=0xc005879f50 pc=0x7ff6570740a4
runtime.goexit({})
	runtime/asm_amd64.s:1693 +0x1 fp=0xc005879fe8 sp=0xc005879fe0 pc=0x7ff656bcf221
created by main.(*serviceType).handleIncomingPacket in goroutine 1
	github.com/evanw/esbuild/cmd/esbuild/service.go:257 +0x156e

goroutine 1593 gp=0xc0017b2a80 m=nil [chan send]:
runtime.gopark(0xc003a0a150?, 0x2a?, 0xff?, 0xff?, 0xc0000ca080?)
	runtime/proc.go:460 +0xce fp=0xc0058743b0 sp=0xc005874390 pc=0x7ff656bc72ce
runtime.chansend(0xc000136000, 0x7ff6572b1690, 0x1, 0xc000ccc540?)
	runtime/chan.go:283 +0x3cb fp=0xc005874420 sp=0xc0058743b0 pc=0x7ff656b5d58b
runtime.chansend1(0xc0000ca080?, 0x10000000?)
	runtime/chan.go:161 +0x17 fp=0xc005874450 sp=0xc005874420 pc=0x7ff656b5d1b7
github.com/evanw/esbuild/internal/fs.BeforeFileOpen(...)
	github.com/evanw/esbuild/internal/fs/fs.go:245
github.com/evanw/esbuild/internal/fs.(*realFS).kind(0xc0000da080, {0xc00668cd20?, 0xc005874570?}, {0xc002b8b4d0?, 
0x7ff65714de40?})
	github.com/evanw/esbuild/internal/fs/fs_real.go:413 +0xb3 fp=0xc0058744f0 sp=0xc005874450 pc=0x7ff656c9c793
github.com/evanw/esbuild/internal/fs.(*zipFS).kind(0xe?, {0xc00668cd20?, 0x59?}, {0xc002b8b4d0?, 0xc00298539a?})
	github.com/evanw/esbuild/internal/fs/fs_zip.go:330 +0x28 fp=0xc005874528 sp=0xc0058744f0 pc=0x7ff656c9fa08
github.com/evanw/esbuild/internal/fs.(*Entry).Kind(0xc00478f680, {0x7ff6572bce40?, 0xc0000a6120?})
	github.com/evanw/esbuild/internal/fs/fs.go:37 +0xc3 fp=0xc005874580 sp=0xc005874528 pc=0x7ff656c97f83
github.com/evanw/esbuild/internal/resolver.resolverQuery.loadAsFile.func1({0xc00298539a, 0xe})
	github.com/evanw/esbuild/internal/resolver/resolver.go:1759 +0x267 fp=0xc005874670 sp=0xc005874580 pc=0x7ff656f5ae67
github.com/evanw/esbuild/internal/resolver.resolverQuery.loadAsFile({0xc004ee2908?, 0xc0060400a0?, 0x0?, 0x6b?}, 
{0xc002985340, 0x68}, {0xc001d09270, 0x5, 0x1b656c9c852?})
	github.com/evanw/esbuild/internal/resolver/resolver.go:1817 +0x8bc fp=0xc0058748e0 sp=0xc005874670 pc=0x7ff656f5a5dc
github.com/evanw/esbuild/internal/resolver.resolverQuery.loadAsFileOrDirectory({0xc004ee2908?, 0xc0060400a0?, 0x0?, 
0x68?}, {0xc002985340, 0x68})
	github.com/evanw/esbuild/internal/resolver/resolver.go:1930 +0x173 fp=0xc005874a88 sp=0xc0058748e0 pc=0x7ff656f5c1f3
github.com/evanw/esbuild/internal/resolver.resolverQuery.resolveWithoutSymlinks({0xc004ee2908?, 0xc0060400a0?, 0x0?, 
0x0?}, {0xc002653980, 0x36}, 0xc0067b7080, {0xc002985340, 0x68})
	github.com/evanw/esbuild/internal/resolver/resolver.go:981 +0x4f1 fp=0xc005874e50 sp=0xc005874a88 pc=0x7ff656f52651
github.com/evanw/esbuild/internal/resolver.(*Resolver).Resolve(0xc004ee2908, {0xc002653980, 0x36}, {0xc002985340, 
0x68}, 0x1)
	github.com/evanw/esbuild/internal/resolver/resolver.go:548 +0x16f9 fp=0xc005875220 sp=0xc005874e50 pc=0x7ff656f4c779
github.com/evanw/esbuild/internal/bundler.RunOnResolvePlugins({_, _, _}, _, {0xc00325aa80, 0xc00428fab8, 0xc00428fb30, 
0xc00428fb48, 0x3, 0xc00325aa50}, ...)
	github.com/evanw/esbuild/internal/bundler/bundler.go:1154 +0x36a fp=0xc005875690 sp=0xc005875220 pc=0x7ff656f80e0a
github.com/evanw/esbuild/pkg/api.loadPlugins.func2({0xc002985340, 0x68}, {{0xc001b86420, 0x10}, {0x0, 0x0}, {0x0, 
0x0}, {0xc002653980, 0x36}, ...})
	github.com/evanw/esbuild/pkg/api/api_impl.go:2114 +0x4be fp=0xc005875d18 sp=0xc005875690 pc=0x7ff65703809e
main.(*serviceType).convertPlugins.func2.1(0x149, 0xc0028a7920)
	github.com/evanw/esbuild/cmd/esbuild/service.go:944 +0x665 fp=0xc005875f50 sp=0xc005875d18 pc=0x7ff65707a885
main.(*serviceType).handleIncomingPacket.func4()
	github.com/evanw/esbuild/cmd/esbuild/service.go:262 +0xa4 fp=0xc005875fe0 sp=0xc005875f50 pc=0x7ff6570740a4
runtime.goexit({})
	runtime/asm_amd64.s:1693 +0x1 fp=0xc005875fe8 sp=0xc005875fe0 pc=0x7ff656bcf221
created by main.(*serviceType).handleIncomingPacket in goroutine 1
	github.com/evanw/esbuild/cmd/esbuild/service.go:257 +0x156e

goroutine 1594 gp=0xc0017b2c40 m=nil [chan send]:
runtime.gopark(0xc005274880?, 0x16?, 0xff?, 0xff?, 0xc0000ca080?)
	runtime/proc.go:460 +0xce fp=0xc005c0e3b0 sp=0xc005c0e390 pc=0x7ff656bc72ce
runtime.chansend(0xc000136000, 0x7ff6572b1690, 0x1, 0xc002068440?)
	runtime/chan.go:283 +0x3cb fp=0xc005c0e420 sp=0xc005c0e3b0 pc=0x7ff656b5d58b
runtime.chansend1(0xc0000ca080?, 0x10000000?)
	runtime/chan.go:161 +0x17 fp=0xc005c0e450 sp=0xc005c0e420 pc=0x7ff656b5d1b7
github.com/evanw/esbuild/internal/fs.BeforeFileOpen(...)
	github.com/evanw/esbuild/internal/fs/fs.go:245
github.com/evanw/esbuild/internal/fs.(*realFS).kind(0xc0000da080, {0xc00668ce40?, 0xc005c0e570?}, {0xc002044138?, 
0x7ff65714de40?})
	github.com/evanw/esbuild/internal/fs/fs_real.go:413 +0xb3 fp=0xc005c0e4f0 sp=0xc005c0e450 pc=0x7ff656c9c793
github.com/evanw/esbuild/internal/fs.(*zipFS).kind(0x15?, {0xc00668ce40?, 0x5e?}, {0xc002044138?, 0xc000b1bbdf?})
	github.com/evanw/esbuild/internal/fs/fs_zip.go:330 +0x28 fp=0xc005c0e528 sp=0xc005c0e4f0 pc=0x7ff656c9fa08
github.com/evanw/esbuild/internal/fs.(*Entry).Kind(0xc002047b00, {0x7ff6572bce40?, 0xc0000a6120?})
	github.com/evanw/esbuild/internal/fs/fs.go:37 +0xc3 fp=0xc005c0e580 sp=0xc005c0e528 pc=0x7ff656c97f83
github.com/evanw/esbuild/internal/resolver.resolverQuery.loadAsFile.func1({0xc000b1bbdf, 0x15})
	github.com/evanw/esbuild/internal/resolver/resolver.go:1759 +0x267 fp=0xc005c0e670 sp=0xc005c0e580 pc=0x7ff656f5ae67
github.com/evanw/esbuild/internal/resolver.resolverQuery.loadAsFile({0xc004ee2d88?, 0xc005f96230?, 0x0?, 0x6b?}, 
{0xc000b1bb80, 0x74}, {0xc001d09360, 0x5, 0x1b656c9c852?})
	github.com/evanw/esbuild/internal/resolver/resolver.go:1817 +0x8bc fp=0xc005c0e8e0 sp=0xc005c0e670 pc=0x7ff656f5a5dc
github.com/evanw/esbuild/internal/resolver.resolverQuery.loadAsFileOrDirectory({0xc004ee2d88?, 0xc005f96230?, 0x0?, 
0x74?}, {0xc000b1bb80, 0x74})
	github.com/evanw/esbuild/internal/resolver/resolver.go:1930 +0x173 fp=0xc005c0ea88 sp=0xc005c0e8e0 pc=0x7ff656f5c1f3
github.com/evanw/esbuild/internal/resolver.resolverQuery.resolveWithoutSymlinks({0xc004ee2d88?, 0xc005f96230?, 0x0?, 
0x0?}, {0xc0026539c0, 0x36}, 0xc006568900, {0xc000b1bb80, 0x74})
	github.com/evanw/esbuild/internal/resolver/resolver.go:981 +0x4f1 fp=0xc005c0ee50 sp=0xc005c0ea88 pc=0x7ff656f52651
github.com/evanw/esbuild/internal/resolver.(*Resolver).Resolve(0xc004ee2d88, {0xc0026539c0, 0x36}, {0xc000b1bb80, 
0x74}, 0x1)
	github.com/evanw/esbuild/internal/resolver/resolver.go:548 +0x16f9 fp=0xc005c0f220 sp=0xc005c0ee50 pc=0x7ff656f4c779
github.com/evanw/esbuild/internal/bundler.RunOnResolvePlugins({_, _, _}, _, {0xc00325aba0, 0xc00428fc08, 0xc00428fc20, 
0xc00428fc68, 0x3, 0xc00325ab70}, ...)
	github.com/evanw/esbuild/internal/bundler/bundler.go:1154 +0x36a fp=0xc005c0f690 sp=0xc005c0f220 pc=0x7ff656f80e0a
github.com/evanw/esbuild/pkg/api.loadPlugins.func2({0xc000b1bb80, 0x74}, {{0xc001b86510, 0x10}, {0x0, 0x0}, {0x0, 
0x0}, {0xc0026539c0, 0x36}, ...})
	github.com/evanw/esbuild/pkg/api/api_impl.go:2114 +0x4be fp=0xc005c0fd18 sp=0xc005c0f690 pc=0x7ff65703809e
main.(*serviceType).convertPlugins.func2.1(0x14a, 0xc0028a7c80)
	github.com/evanw/esbuild/cmd/esbuild/service.go:944 +0x665 fp=0xc005c0ff50 sp=0xc005c0fd18 pc=0x7ff65707a885
main.(*serviceType).handleIncomingPacket.func4()
	github.com/evanw/esbuild/cmd/esbuild/service.go:262 +0xa4 fp=0xc005c0ffe0 sp=0xc005c0ff50 pc=0x7ff6570740a4
runtime.goexit({})
	runtime/asm_amd64.s:1693 +0x1 fp=0xc005c0ffe8 sp=0xc005c0ffe0 pc=0x7ff656bcf221
created by main.(*serviceType).handleIncomingPacket in goroutine 1
	github.com/evanw/esbuild/cmd/esbuild/service.go:257 +0x156e

goroutine 1595 gp=0xc0017b2e00 m=nil [chan send]:
runtime.gopark(0xc002a12680?, 0x16?, 0xff?, 0xff?, 0xc0000ca080?)
	runtime/proc.go:460 +0xce fp=0xc0025883b0 sp=0xc002588390 pc=0x7ff656bc72ce
runtime.chansend(0xc000136000, 0x7ff6572b1690, 0x1, 0xc004561a80?)
	runtime/chan.go:283 +0x3cb fp=0xc002588420 sp=0xc0025883b0 pc=0x7ff656b5d58b
runtime.chansend1(0xc0000ca080?, 0x10000000?)
	runtime/chan.go:161 +0x17 fp=0xc002588450 sp=0xc002588420 pc=0x7ff656b5d1b7
github.com/evanw/esbuild/internal/fs.BeforeFileOpen(...)
	github.com/evanw/esbuild/internal/fs/fs.go:245
github.com/evanw/esbuild/internal/fs.(*realFS).kind(0xc0000da080, {0xc00668cd80?, 0xc002588570?}, {0xc003b6d650?, 
0x7ff65714de40?})
	github.com/evanw/esbuild/internal/fs/fs_real.go:413 +0xb3 fp=0xc0025884f0 sp=0xc002588450 pc=0x7ff656c9c793
github.com/evanw/esbuild/internal/fs.(*zipFS).kind(0x12?, {0xc00668cd80?, 0x5e?}, {0xc003b6d650?, 0xc000b1bc5f?})
	github.com/evanw/esbuild/internal/fs/fs_zip.go:330 +0x28 fp=0xc002588528 sp=0xc0025884f0 pc=0x7ff656c9fa08
github.com/evanw/esbuild/internal/fs.(*Entry).Kind(0xc004561a40, {0x7ff6572bce40?, 0xc0000a6120?})
	github.com/evanw/esbuild/internal/fs/fs.go:37 +0xc3 fp=0xc002588580 sp=0xc002588528 pc=0x7ff656c97f83
github.com/evanw/esbuild/internal/resolver.resolverQuery.loadAsFile.func1({0xc000b1bc5f, 0x12})
	github.com/evanw/esbuild/internal/resolver/resolver.go:1759 +0x267 fp=0xc002588670 sp=0xc002588580 pc=0x7ff656f5ae67
github.com/evanw/esbuild/internal/resolver.resolverQuery.loadAsFile({0xc00338fb08?, 0xc002a9fb80?, 0x0?, 0x1?}, 
{0xc000b1bc00, 0x71}, {0xc003210c80, 0x5, 0x20b518ac298?})
	github.com/evanw/esbuild/internal/resolver/resolver.go:1817 +0x8bc fp=0xc0025888e0 sp=0xc002588670 pc=0x7ff656f5a5dc
github.com/evanw/esbuild/internal/resolver.resolverQuery.loadAsFileOrDirectory({0xc00338fb08?, 0xc002a9fb80?, 0x0?, 
0x71?}, {0xc000b1bc00, 0x71})
	github.com/evanw/esbuild/internal/resolver/resolver.go:1930 +0x173 fp=0xc002588a88 sp=0xc0025888e0 pc=0x7ff656f5c1f3
github.com/evanw/esbuild/internal/resolver.resolverQuery.resolveWithoutSymlinks({0xc00338fb08?, 0xc002a9fb80?, 0x0?, 
0x0?}, {0xc002653a00, 0x36}, 0xc005e6e580, {0xc000b1bc00, 0x71})
	github.com/evanw/esbuild/internal/resolver/resolver.go:981 +0x4f1 fp=0xc002588e50 sp=0xc002588a88 pc=0x7ff656f52651
github.com/evanw/esbuild/internal/resolver.(*Resolver).Resolve(0xc00338fb08, {0xc002653a00, 0x36}, {0xc000b1bc00, 
0x71}, 0x1)
	github.com/evanw/esbuild/internal/resolver/resolver.go:548 +0x16f9 fp=0xc002589220 sp=0xc002588e50 pc=0x7ff656f4c779
github.com/evanw/esbuild/internal/bundler.RunOnResolvePlugins({_, _, _}, _, {0xc0033bea80, 0xc00452ab58, 0xc00452ab70, 
0xc00452ab88, 0x3, 0xc0033bea50}, ...)
	github.com/evanw/esbuild/internal/bundler/bundler.go:1154 +0x36a fp=0xc002589690 sp=0xc002589220 pc=0x7ff656f80e0a
github.com/evanw/esbuild/pkg/api.loadPlugins.func2({0xc000b1bc00, 0x71}, {{0xc001b866c0, 0x10}, {0x0, 0x0}, {0x0, 
0x0}, {0xc002653a00, 0x36}, ...})
	github.com/evanw/esbuild/pkg/api/api_impl.go:2114 +0x4be fp=0xc002589d18 sp=0xc002589690 pc=0x7ff65703809e
main.(*serviceType).convertPlugins.func2.1(0x14b, 0xc0028a7e90)
	github.com/evanw/esbuild/cmd/esbuild/service.go:944 +0x665 fp=0xc002589f50 sp=0xc002589d18 pc=0x7ff65707a885
main.(*serviceType).handleIncomingPacket.func4()
	github.com/evanw/esbuild/cmd/esbuild/service.go:262 +0xa4 fp=0xc002589fe0 sp=0xc002589f50 pc=0x7ff6570740a4
runtime.goexit({})
	runtime/asm_amd64.s:1693 +0x1 fp=0xc002589fe8 sp=0xc002589fe0 pc=0x7ff656bcf221
created by main.(*serviceType).handleIncomingPacket in goroutine 1
	github.com/evanw/esbuild/cmd/esbuild/service.go:257 +0x156e

goroutine 1596 gp=0xc0017b2fc0 m=nil [chan send]:
runtime.gopark(0xc0067a5f10?, 0x2a?, 0xff?, 0xff?, 0xc0000ca080?)
	runtime/proc.go:460 +0xce fp=0xc00599a3b0 sp=0xc00599a390 pc=0x7ff656bc72ce
runtime.chansend(0xc000136000, 0x7ff6572b1690, 0x1, 0xc004074880?)
	runtime/chan.go:283 +0x3cb fp=0xc00599a420 sp=0xc00599a3b0 pc=0x7ff656b5d58b
runtime.chansend1(0xc0000ca080?, 0x10000000?)
	runtime/chan.go:161 +0x17 fp=0xc00599a450 sp=0xc00599a420 pc=0x7ff656b5d1b7
github.com/evanw/esbuild/internal/fs.BeforeFileOpen(...)
	github.com/evanw/esbuild/internal/fs/fs.go:245
github.com/evanw/esbuild/internal/fs.(*realFS).kind(0xc0000da080, {0xc001a615c0?, 0xc00599a570?}, {0xc0040585b8?, 
0x7ff65714de40?})
	github.com/evanw/esbuild/internal/fs/fs_real.go:413 +0xb3 fp=0xc00599a4f0 sp=0xc00599a450 pc=0x7ff656c9c793
github.com/evanw/esbuild/internal/fs.(*zipFS).kind(0x15?, {0xc001a615c0?, 0x59?}, {0xc0040585b8?, 0xc00298540a?})
	github.com/evanw/esbuild/internal/fs/fs_zip.go:330 +0x28 fp=0xc00599a528 sp=0xc00599a4f0 pc=0x7ff656c9fa08
github.com/evanw/esbuild/internal/fs.(*Entry).Kind(0xc00406d3c0, {0x7ff6572bce40?, 0xc0000a6120?})
	github.com/evanw/esbuild/internal/fs/fs.go:37 +0xc3 fp=0xc00599a580 sp=0xc00599a528 pc=0x7ff656c97f83
github.com/evanw/esbuild/internal/resolver.resolverQuery.loadAsFile.func1({0xc00298540a, 0x15})
	github.com/evanw/esbuild/internal/resolver/resolver.go:1759 +0x267 fp=0xc00599a670 sp=0xc00599a580 pc=0x7ff656f5ae67
github.com/evanw/esbuild/internal/resolver.resolverQuery.loadAsFile({0xc004a7c488?, 0xc0061b7ae0?, 0x0?, 0x6b?}, 
{0xc0029853b0, 0x6f}, {0xc004a5a730, 0x5, 0x1b656c9c852?})
	github.com/evanw/esbuild/internal/resolver/resolver.go:1817 +0x8bc fp=0xc00599a8e0 sp=0xc00599a670 pc=0x7ff656f5a5dc
github.com/evanw/esbuild/internal/resolver.resolverQuery.loadAsFileOrDirectory({0xc004a7c488?, 0xc0061b7ae0?, 0x0?, 
0x6f?}, {0xc0029853b0, 0x6f})
	github.com/evanw/esbuild/internal/resolver/resolver.go:1930 +0x173 fp=0xc00599aa88 sp=0xc00599a8e0 pc=0x7ff656f5c1f3
github.com/evanw/esbuild/internal/resolver.resolverQuery.resolveWithoutSymlinks({0xc004a7c488?, 0xc0061b7ae0?, 0x0?, 
0x0?}, {0xc002653a80, 0x36}, 0xc00698a900, {0xc0029853b0, 0x6f})
	github.com/evanw/esbuild/internal/resolver/resolver.go:981 +0x4f1 fp=0xc00599ae50 sp=0xc00599aa88 pc=0x7ff656f52651
github.com/evanw/esbuild/internal/resolver.(*Resolver).Resolve(0xc004a7c488, {0xc002653a80, 0x36}, {0xc0029853b0, 
0x6f}, 0x1)
	github.com/evanw/esbuild/internal/resolver/resolver.go:548 +0x16f9 fp=0xc00599b220 sp=0xc00599ae50 pc=0x7ff656f4c779
github.com/evanw/esbuild/internal/bundler.RunOnResolvePlugins({_, _, _}, _, {0xc005982630, 0xc004a60d38, 0xc004a60d50, 
0xc004a60d68, 0x3, 0xc005982600}, ...)
	github.com/evanw/esbuild/internal/bundler/bundler.go:1154 +0x36a fp=0xc00599b690 sp=0xc00599b220 pc=0x7ff656f80e0a
github.com/evanw/esbuild/pkg/api.loadPlugins.func2({0xc0029853b0, 0x6f}, {{0xc001b86770, 0x10}, {0x0, 0x0}, {0x0, 
0x0}, {0xc002653a80, 0x36}, ...})
	github.com/evanw/esbuild/pkg/api/api_impl.go:2114 +0x4be fp=0xc00599bd18 sp=0xc00599b690 pc=0x7ff65703809e
main.(*serviceType).convertPlugins.func2.1(0x14c, 0xc002862240)
	github.com/evanw/esbuild/cmd/esbuild/service.go:944 +0x665 fp=0xc00599bf50 sp=0xc00599bd18 pc=0x7ff65707a885
main.(*serviceType).handleIncomingPacket.func4()
	github.com/evanw/esbuild/cmd/esbuild/service.go:262 +0xa4 fp=0xc00599bfe0 sp=0xc00599bf50 pc=0x7ff6570740a4
runtime.goexit({})
	runtime/asm_amd64.s:1693 +0x1 fp=0xc00599bfe8 sp=0xc00599bfe0 pc=0x7ff656bcf221
created by main.(*serviceType).handleIncomingPacket in goroutine 1
	github.com/evanw/esbuild/cmd/esbuild/service.go:257 +0x156e

goroutine 1196 gp=0xc000a52a80 m=nil [chan send]:
runtime.gopark(0xc005f93ea0?, 0x2a?, 0xff?, 0xff?, 0xc0000ca080?)
	runtime/proc.go:460 +0xce fp=0xc0042da3b0 sp=0xc0042da390 pc=0x7ff656bc72ce
runtime.chansend(0xc000136000, 0x7ff6572b1690, 0x1, 0xc003b66d00?)
	runtime/chan.go:283 +0x3cb fp=0xc0042da420 sp=0xc0042da3b0 pc=0x7ff656b5d58b
runtime.chansend1(0xc0000ca080?, 0x10000000?)
	runtime/chan.go:161 +0x17 fp=0xc0042da450 sp=0xc0042da420 pc=0x7ff656b5d1b7
github.com/evanw/esbuild/internal/fs.BeforeFileOpen(...)
	github.com/evanw/esbuild/internal/fs/fs.go:245
github.com/evanw/esbuild/internal/fs.(*realFS).kind(0xc0000da080, {0xc0065a8fc0?, 0xc0042da570?}, {0xc00601fb60?, 
0x7ff65714de40?})
	github.com/evanw/esbuild/internal/fs/fs_real.go:413 +0xb3 fp=0xc0042da4f0 sp=0xc0042da450 pc=0x7ff656c9c793
github.com/evanw/esbuild/internal/fs.(*zipFS).kind(0x16?, {0xc0065a8fc0?, 0x59?}, {0xc00601fb60?, 0xc0040134ea?})
	github.com/evanw/esbuild/internal/fs/fs_zip.go:330 +0x28 fp=0xc0042da528 sp=0xc0042da4f0 pc=0x7ff656c9fa08
github.com/evanw/esbuild/internal/fs.(*Entry).Kind(0xc003b66240, {0x7ff6572bce40?, 0xc0000a6120?})
	github.com/evanw/esbuild/internal/fs/fs.go:37 +0xc3 fp=0xc0042da580 sp=0xc0042da528 pc=0x7ff656c97f83
github.com/evanw/esbuild/internal/resolver.resolverQuery.loadAsFile.func1({0xc0040134ea, 0x16})
	github.com/evanw/esbuild/internal/resolver/resolver.go:1759 +0x267 fp=0xc0042da670 sp=0xc0042da580 pc=0x7ff656f5ae67
github.com/evanw/esbuild/internal/resolver.resolverQuery.loadAsFile({0xc001d80d88?, 0xc0061b79f0?, 0x0?, 0x6b?}, 
{0xc004013490, 0x70}, {0xc0032da820, 0x5, 0x1b656c9c852?})
	github.com/evanw/esbuild/internal/resolver/resolver.go:1817 +0x8bc fp=0xc0042da8e0 sp=0xc0042da670 pc=0x7ff656f5a5dc
github.com/evanw/esbuild/internal/resolver.resolverQuery.loadAsFileOrDirectory({0xc001d80d88?, 0xc0061b79f0?, 0x0?, 
0x70?}, {0xc004013490, 0x70})
	github.com/evanw/esbuild/internal/resolver/resolver.go:1930 +0x173 fp=0xc0042daa88 sp=0xc0042da8e0 pc=0x7ff656f5c1f3
github.com/evanw/esbuild/internal/resolver.resolverQuery.resolveWithoutSymlinks({0xc001d80d88?, 0xc0061b79f0?, 0x0?, 
0x0?}, {0xc0001abd40, 0x36}, 0xc006622500, {0xc004013490, 0x70})
	github.com/evanw/esbuild/internal/resolver/resolver.go:981 +0x4f1 fp=0xc0042dae50 sp=0xc0042daa88 pc=0x7ff656f52651
github.com/evanw/esbuild/internal/resolver.(*Resolver).Resolve(0xc001d80d88, {0xc0001abd40, 0x36}, {0xc004013490, 
0x70}, 0x1)
	github.com/evanw/esbuild/internal/resolver/resolver.go:548 +0x16f9 fp=0xc0042db220 sp=0xc0042dae50 pc=0x7ff656f4c779
github.com/evanw/esbuild/internal/bundler.RunOnResolvePlugins({_, _, _}, _, {0xc0032e84b0, 0xc0032ec138, 0xc0032ec150, 
0xc0032ec168, 0x3, 0xc0032e8480}, ...)
	github.com/evanw/esbuild/internal/bundler/bundler.go:1154 +0x36a fp=0xc0042db690 sp=0xc0042db220 pc=0x7ff656f80e0a
github.com/evanw/esbuild/pkg/api.loadPlugins.func2({0xc004013490, 0x70}, {{0xc002dc54b0, 0x10}, {0x0, 0x0}, {0x0, 
0x0}, {0xc0001abd40, 0x36}, ...})
	github.com/evanw/esbuild/pkg/api/api_impl.go:2114 +0x4be fp=0xc0042dbd18 sp=0xc0042db690 pc=0x7ff65703809e
main.(*serviceType).convertPlugins.func2.1(0x14f, 0xc00448c1e0)
	github.com/evanw/esbuild/cmd/esbuild/service.go:944 +0x665 fp=0xc0042dbf50 sp=0xc0042dbd18 pc=0x7ff65707a885
main.(*serviceType).handleIncomingPacket.func4()
	github.com/evanw/esbuild/cmd/esbuild/service.go:262 +0xa4 fp=0xc0042dbfe0 sp=0xc0042dbf50 pc=0x7ff6570740a4
runtime.goexit({})
	runtime/asm_amd64.s:1693 +0x1 fp=0xc0042dbfe8 sp=0xc0042dbfe0 pc=0x7ff656bcf221
created by main.(*serviceType).handleIncomingPacket in goroutine 1
	github.com/evanw/esbuild/cmd/esbuild/service.go:257 +0x156e

goroutine 1197 gp=0xc000a52c40 m=nil [chan send]:
runtime.gopark(0xc0000cd400?, 0x2a?, 0xff?, 0xff?, 0xc0000ca080?)
	runtime/proc.go:460 +0xce fp=0xc0016e63b0 sp=0xc0016e6390 pc=0x7ff656bc72ce
runtime.chansend(0xc000136000, 0x7ff6572b1690, 0x1, 0xc003374400?)
	runtime/chan.go:283 +0x3cb fp=0xc0016e6420 sp=0xc0016e63b0 pc=0x7ff656b5d58b
runtime.chansend1(0xc0000ca080?, 0x10000000?)
	runtime/chan.go:161 +0x17 fp=0xc0016e6450 sp=0xc0016e6420 pc=0x7ff656b5d1b7
github.com/evanw/esbuild/internal/fs.BeforeFileOpen(...)
	github.com/evanw/esbuild/internal/fs/fs.go:245
github.com/evanw/esbuild/internal/fs.(*realFS).kind(0xc0000da080, {0xc00608d920?, 0xc0016e6570?}, {0xc0023e8da0?, 
0x7ff65714de40?})
	github.com/evanw/esbuild/internal/fs/fs_real.go:413 +0xb3 fp=0xc0016e64f0 sp=0xc0016e6450 pc=0x7ff656c9c793
github.com/evanw/esbuild/internal/fs.(*zipFS).kind(0x19?, {0xc00608d920?, 0x59?}, {0xc0023e8da0?, 0xc000cb05da?})
	github.com/evanw/esbuild/internal/fs/fs_zip.go:330 +0x28 fp=0xc0016e6528 sp=0xc0016e64f0 pc=0x7ff656c9fa08
github.com/evanw/esbuild/internal/fs.(*Entry).Kind(0xc003373dc0, {0x7ff6572bce40?, 0xc0000a6120?})
	github.com/evanw/esbuild/internal/fs/fs.go:37 +0xc3 fp=0xc0016e6580 sp=0xc0016e6528 pc=0x7ff656c97f83
github.com/evanw/esbuild/internal/resolver.resolverQuery.loadAsFile.func1({0xc000cb05da, 0x19})
	github.com/evanw/esbuild/internal/resolver/resolver.go:1759 +0x267 fp=0xc0016e6670 sp=0xc0016e6580 pc=0x7ff656f5ae67
github.com/evanw/esbuild/internal/resolver.resolverQuery.loadAsFile({0xc002398008?, 0xc002a9fa40?, 0x0?, 0x1?}, 
{0xc000cb0580, 0x73}, {0xc0035da320, 0x5, 0x20b5180a530?})
	github.com/evanw/esbuild/internal/resolver/resolver.go:1817 +0x8bc fp=0xc0016e68e0 sp=0xc0016e6670 pc=0x7ff656f5a5dc
github.com/evanw/esbuild/internal/resolver.resolverQuery.loadAsFileOrDirectory({0xc002398008?, 0xc002a9fa40?, 0x0?, 
0x73?}, {0xc000cb0580, 0x73})
	github.com/evanw/esbuild/internal/resolver/resolver.go:1930 +0x173 fp=0xc0016e6a88 sp=0xc0016e68e0 pc=0x7ff656f5c1f3
github.com/evanw/esbuild/internal/resolver.resolverQuery.resolveWithoutSymlinks({0xc002398008?, 0xc002a9fa40?, 0x0?, 
0x0?}, {0xc0001abd80, 0x36}, 0xc006568080, {0xc000cb0580, 0x73})
	github.com/evanw/esbuild/internal/resolver/resolver.go:981 +0x4f1 fp=0xc0016e6e50 sp=0xc0016e6a88 pc=0x7ff656f52651
github.com/evanw/esbuild/internal/resolver.(*Resolver).Resolve(0xc002398008, {0xc0001abd80, 0x36}, {0xc000cb0580, 
0x73}, 0x1)
	github.com/evanw/esbuild/internal/resolver/resolver.go:548 +0x16f9 fp=0xc0016e7220 sp=0xc0016e6e50 pc=0x7ff656f4c779
github.com/evanw/esbuild/internal/bundler.RunOnResolvePlugins({_, _, _}, _, {0xc003b7dbf0, 0xc00448e888, 0xc00448e8a0, 
0xc00448e8e8, 0x3, 0xc003b7dbc0}, ...)
	github.com/evanw/esbuild/internal/bundler/bundler.go:1154 +0x36a fp=0xc0016e7690 sp=0xc0016e7220 pc=0x7ff656f80e0a
github.com/evanw/esbuild/pkg/api.loadPlugins.func2({0xc000cb0580, 0x73}, {{0xc002dc5510, 0x10}, {0x0, 0x0}, {0x0, 
0x0}, {0xc0001abd80, 0x36}, ...})
	github.com/evanw/esbuild/pkg/api/api_impl.go:2114 +0x4be fp=0xc0016e7d18 sp=0xc0016e7690 pc=0x7ff65703809e
main.(*serviceType).convertPlugins.func2.1(0x150, 0xc00448c210)
	github.com/evanw/esbuild/cmd/esbuild/service.go:944 +0x665 fp=0xc0016e7f50 sp=0xc0016e7d18 pc=0x7ff65707a885
main.(*serviceType).handleIncomingPacket.func4()
	github.com/evanw/esbuild/cmd/esbuild/service.go:262 +0xa4 fp=0xc0016e7fe0 sp=0xc0016e7f50 pc=0x7ff6570740a4
runtime.goexit({})
	runtime/asm_amd64.s:1693 +0x1 fp=0xc0016e7fe8 sp=0xc0016e7fe0 pc=0x7ff656bcf221
created by main.(*serviceType).handleIncomingPacket in goroutine 1
	github.com/evanw/esbuild/cmd/esbuild/service.go:257 +0x156e

goroutine 1198 gp=0xc000a52e00 m=nil [chan send]:
runtime.gopark(0xc0050feb40?, 0x2a?, 0xff?, 0xff?, 0xc0000ca080?)
	runtime/proc.go:460 +0xce fp=0xc001cc43b0 sp=0xc001cc4390 pc=0x7ff656bc72ce
runtime.chansend(0xc000136000, 0x7ff6572b1690, 0x1, 0xc003d7b980?)
	runtime/chan.go:283 +0x3cb fp=0xc001cc4420 sp=0xc001cc43b0 pc=0x7ff656b5d58b
runtime.chansend1(0xc0000ca080?, 0x10000000?)
	runtime/chan.go:161 +0x17 fp=0xc001cc4450 sp=0xc001cc4420 pc=0x7ff656b5d1b7
github.com/evanw/esbuild/internal/fs.BeforeFileOpen(...)
	github.com/evanw/esbuild/internal/fs/fs.go:245
github.com/evanw/esbuild/internal/fs.(*realFS).kind(0xc0000da080, {0xc006902840?, 0xc001cc4570?}, {0xc002048330?, 
0x7ff65714de40?})
	github.com/evanw/esbuild/internal/fs/fs_real.go:413 +0xb3 fp=0xc001cc44f0 sp=0xc001cc4450 pc=0x7ff656c9c793
github.com/evanw/esbuild/internal/fs.(*zipFS).kind(0x29?, {0xc006902840?, 0x59?}, {0xc002048330?, 0xc0044c832a?})
	github.com/evanw/esbuild/internal/fs/fs_zip.go:330 +0x28 fp=0xc001cc4528 sp=0xc001cc44f0 pc=0x7ff656c9fa08
github.com/evanw/esbuild/internal/fs.(*Entry).Kind(0xc003d7b540, {0x7ff6572bce40?, 0xc0000a6120?})
	github.com/evanw/esbuild/internal/fs/fs.go:37 +0xc3 fp=0xc001cc4580 sp=0xc001cc4528 pc=0x7ff656c97f83
github.com/evanw/esbuild/internal/resolver.resolverQuery.loadAsFile.func1({0xc0044c832a, 0x29})
	github.com/evanw/esbuild/internal/resolver/resolver.go:1759 +0x267 fp=0xc001cc4670 sp=0xc001cc4580 pc=0x7ff656f5ae67
github.com/evanw/esbuild/internal/resolver.resolverQuery.loadAsFile({0xc0058e5b08?, 0xc0035b5400?, 0x0?, 0x6b?}, 
{0xc0044c82d0, 0x83}, {0xc002a9f270, 0x5, 0x1b656c9c852?})
	github.com/evanw/esbuild/internal/resolver/resolver.go:1817 +0x8bc fp=0xc001cc48e0 sp=0xc001cc4670 pc=0x7ff656f5a5dc
github.com/evanw/esbuild/internal/resolver.resolverQuery.loadAsFileOrDirectory({0xc0058e5b08?, 0xc0035b5400?, 0x0?, 
0x83?}, {0xc0044c82d0, 0x83})
	github.com/evanw/esbuild/internal/resolver/resolver.go:1930 +0x173 fp=0xc001cc4a88 sp=0xc001cc48e0 pc=0x7ff656f5c1f3
github.com/evanw/esbuild/internal/resolver.resolverQuery.resolveWithoutSymlinks({0xc0058e5b08?, 0xc0035b5400?, 0x0?, 
0x0?}, {0xc0001abdc0, 0x36}, 0xc0060e0380, {0xc0044c82d0, 0x83})
	github.com/evanw/esbuild/internal/resolver/resolver.go:981 +0x4f1 fp=0xc001cc4e50 sp=0xc001cc4a88 pc=0x7ff656f52651
github.com/evanw/esbuild/internal/resolver.(*Resolver).Resolve(0xc0058e5b08, {0xc0001abdc0, 0x36}, {0xc0044c82d0, 
0x83}, 0x1)
	github.com/evanw/esbuild/internal/resolver/resolver.go:548 +0x16f9 fp=0xc001cc5220 sp=0xc001cc4e50 pc=0x7ff656f4c779
github.com/evanw/esbuild/internal/bundler.RunOnResolvePlugins({_, _, _}, _, {0xc0010edef0, 0xc00586f170, 0xc00586f188, 
0xc00586f1a0, 0x3, 0xc0010edec0}, ...)
	github.com/evanw/esbuild/internal/bundler/bundler.go:1154 +0x36a fp=0xc001cc5690 sp=0xc001cc5220 pc=0x7ff656f80e0a
github.com/evanw/esbuild/pkg/api.loadPlugins.func2({0xc0044c82d0, 0x83}, {{0xc002dc5570, 0x10}, {0x0, 0x0}, {0x0, 
0x0}, {0xc0001abdc0, 0x36}, ...})
	github.com/evanw/esbuild/pkg/api/api_impl.go:2114 +0x4be fp=0xc001cc5d18 sp=0xc001cc5690 pc=0x7ff65703809e
main.(*serviceType).convertPlugins.func2.1(0x151, 0xc00448c240)
	github.com/evanw/esbuild/cmd/esbuild/service.go:944 +0x665 fp=0xc001cc5f50 sp=0xc001cc5d18 pc=0x7ff65707a885
main.(*serviceType).handleIncomingPacket.func4()
	github.com/evanw/esbuild/cmd/esbuild/service.go:262 +0xa4 fp=0xc001cc5fe0 sp=0xc001cc5f50 pc=0x7ff6570740a4
runtime.goexit({})
	runtime/asm_amd64.s:1693 +0x1 fp=0xc001cc5fe8 sp=0xc001cc5fe0 pc=0x7ff656bcf221
created by main.(*serviceType).handleIncomingPacket in goroutine 1
	github.com/evanw/esbuild/cmd/esbuild/service.go:257 +0x156e

goroutine 1199 gp=0xc000a52fc0 m=nil [chan send]:
runtime.gopark(0xc002b421c0?, 0x2a?, 0xff?, 0xff?, 0xc0000ca080?)
	runtime/proc.go:460 +0xce fp=0xc005b163b0 sp=0xc005b16390 pc=0x7ff656bc72ce
runtime.chansend(0xc000136000, 0x7ff6572b1690, 0x1, 0xc002cf98c0?)
	runtime/chan.go:283 +0x3cb fp=0xc005b16420 sp=0xc005b163b0 pc=0x7ff656b5d58b
runtime.chansend1(0xc0000ca080?, 0x10000000?)
	runtime/chan.go:161 +0x17 fp=0xc005b16450 sp=0xc005b16420 pc=0x7ff656b5d1b7
github.com/evanw/esbuild/internal/fs.BeforeFileOpen(...)
	github.com/evanw/esbuild/internal/fs/fs.go:245
github.com/evanw/esbuild/internal/fs.(*realFS).kind(0xc0000da080, {0xc0065a9080?, 0xc005b16570?}, {0xc0040055d0?, 
0x7ff65714de40?})
	github.com/evanw/esbuild/internal/fs/fs_real.go:413 +0xb3 fp=0xc005b164f0 sp=0xc005b16450 pc=0x7ff656c9c793
github.com/evanw/esbuild/internal/fs.(*zipFS).kind(0xa?, {0xc0065a9080?, 0x59?}, {0xc0040055d0?, 0xc0040135ca?})
	github.com/evanw/esbuild/internal/fs/fs_zip.go:330 +0x28 fp=0xc005b16528 sp=0xc005b164f0 pc=0x7ff656c9fa08
github.com/evanw/esbuild/internal/fs.(*Entry).Kind(0xc002cf8180, {0x7ff6572bce40?, 0xc0000a6120?})
	github.com/evanw/esbuild/internal/fs/fs.go:37 +0xc3 fp=0xc005b16580 sp=0xc005b16528 pc=0x7ff656c97f83
github.com/evanw/esbuild/internal/resolver.resolverQuery.loadAsFile.func1({0xc0040135ca, 0xa})
	github.com/evanw/esbuild/internal/resolver/resolver.go:1759 +0x267 fp=0xc005b16670 sp=0xc005b16580 pc=0x7ff656f5ae67
github.com/evanw/esbuild/internal/resolver.resolverQuery.loadAsFile({0xc005b18008?, 0xc003dc0d70?, 0x0?, 0x1?}, 
{0xc004013570, 0x64}, {0xc002a9f360, 0x5, 0x20b51730288?})
	github.com/evanw/esbuild/internal/resolver/resolver.go:1817 +0x8bc fp=0xc005b168e0 sp=0xc005b16670 pc=0x7ff656f5a5dc
github.com/evanw/esbuild/internal/resolver.resolverQuery.loadAsFileOrDirectory({0xc005b18008?, 0xc003dc0d70?, 0x0?, 
0x64?}, {0xc004013570, 0x64})
	github.com/evanw/esbuild/internal/resolver/resolver.go:1930 +0x173 fp=0xc005b16a88 sp=0xc005b168e0 pc=0x7ff656f5c1f3
github.com/evanw/esbuild/internal/resolver.resolverQuery.resolveWithoutSymlinks({0xc005b18008?, 0xc003dc0d70?, 0x0?, 
0x0?}, {0xc0001abe00, 0x36}, 0xc00698ad80, {0xc004013570, 0x64})
	github.com/evanw/esbuild/internal/resolver/resolver.go:981 +0x4f1 fp=0xc005b16e50 sp=0xc005b16a88 pc=0x7ff656f52651
github.com/evanw/esbuild/internal/resolver.(*Resolver).Resolve(0xc005b18008, {0xc0001abe00, 0x36}, {0xc004013570, 
0x64}, 0x1)
	github.com/evanw/esbuild/internal/resolver/resolver.go:548 +0x16f9 fp=0xc005b17220 sp=0xc005b16e50 pc=0x7ff656f4c779
github.com/evanw/esbuild/internal/bundler.RunOnResolvePlugins({_, _, _}, _, {0xc005b0e090, 0xc00586f1d0, 0xc00586f1e8, 
0xc00586f200, 0x3, 0xc005b0e060}, ...)
	github.com/evanw/esbuild/internal/bundler/bundler.go:1154 +0x36a fp=0xc005b17690 sp=0xc005b17220 pc=0x7ff656f80e0a
github.com/evanw/esbuild/pkg/api.loadPlugins.func2({0xc004013570, 0x64}, {{0xc002dc55d0, 0x10}, {0x0, 0x0}, {0x0, 
0x0}, {0xc0001abe00, 0x36}, ...})
	github.com/evanw/esbuild/pkg/api/api_impl.go:2114 +0x4be fp=0xc005b17d18 sp=0xc005b17690 pc=0x7ff65703809e
main.(*serviceType).convertPlugins.func2.1(0x152, 0xc00448c270)
	github.com/evanw/esbuild/cmd/esbuild/service.go:944 +0x665 fp=0xc005b17f50 sp=0xc005b17d18 pc=0x7ff65707a885
main.(*serviceType).handleIncomingPacket.func4()
	github.com/evanw/esbuild/cmd/esbuild/service.go:262 +0xa4 fp=0xc005b17fe0 sp=0xc005b17f50 pc=0x7ff6570740a4
runtime.goexit({})
	runtime/asm_amd64.s:1693 +0x1 fp=0xc005b17fe8 sp=0xc005b17fe0 pc=0x7ff656bcf221
created by main.(*serviceType).handleIncomingPacket in goroutine 1
	github.com/evanw/esbuild/cmd/esbuild/service.go:257 +0x156e
[31m├ù[39m Building... [31m[FAILED: The service was stopped: write EOF][39m
[1m[31mAn unhandled exception occurred: The service was stopped: write EOF
See "C:\Users\083884~1\AppData\Local\Temp\ng-iDDz1A\angular-errors.log" for further details.[39m[22m
C:\Users\083884131104\Desktop\refatora-o-gerenciamento\node_modules\rxjs\dist\cjs\internal\util\reportUnhandledError.js
:13
            throw err;
            ^

Error: The service was stopped: write EOF
    at C:\Users\083884131104\Desktop\refatora-o-gerenciamento\node_modules\esbuild\lib\main.js:949:34
    at responseCallbacks.<computed> 
(C:\Users\083884131104\Desktop\refatora-o-gerenciamento\node_modules\esbuild\lib\main.js:603:9)
    at afterClose (C:\Users\083884131104\Desktop\refatora-o-gerenciamento\node_modules\esbuild\lib\main.js:594:28)
    at C:\Users\083884131104\Desktop\refatora-o-gerenciamento\node_modules\esbuild\lib\main.js:1986:18
    at onwriteError (node:internal/streams/writable:603:3)
    at onwrite (node:internal/streams/writable:647:7)
    at WritableState.onwrite [as callback] (node:internal/streams/writable:350:26)
    at WriteWrap.onWriteComplete [as oncomplete] (node:internal/stream_base_commons:89:19)

Node.js v24.15.0
